2025-10-07 22:51:53,534 - orthoroute.shared.configuration.config_manager - INFO - Found existing config file: C:\Users\Benchoff\Documents\GitHub\OrthoRoute\orthoroute.json
2025-10-07 22:51:53,534 - orthoroute.shared.configuration.config_manager - INFO - Configuration loaded from: C:\Users\Benchoff\Documents\GitHub\OrthoRoute\orthoroute.json
2025-10-07 22:51:53 - root - INFO - [LOG] Debug file handler added: orthoroute_debug.log
2025-10-07 22:51:53 - root - INFO - [LOG] Console logging set to INFO level for clean demo output
2025-10-07 22:51:53 - root - INFO - OrthoRoute logging initialized
Starting automated Manhattan routing test...
2025-10-07 22:51:53 - root - INFO - Starting automated Manhattan routing test...
2025-10-07 22:51:53 - orthoroute.presentation.plugin.kicad_plugin - INFO - CUDA GPU provider initialized for plugin
2025-10-07 22:51:53 - orthoroute.presentation.plugin.kicad_plugin - INFO - IPC adapter available
2025-10-07 22:51:53 - orthoroute.presentation.plugin.kicad_plugin - INFO - SWIG adapter available
2025-10-07 22:51:53 - orthoroute.presentation.plugin.kicad_plugin - INFO - File parser available
2025-10-07 22:51:53 - orthoroute.presentation.plugin.kicad_plugin - INFO - [ROUTER SELECTION] Selected router: unified_pathfinder
2025-10-07 22:51:53 - orthoroute.presentation.plugin.kicad_plugin - INFO - [ROUTER SELECTION] Loading UnifiedPathFinder (improved coordinate handling)
2025-10-07 22:51:53 - orthoroute.algorithms.manhattan.unified_pathfinder - INFO - PathFinder (GPU=True, Portals=True)
2025-10-07 22:51:53 - orthoroute.presentation.plugin.kicad_plugin - INFO - [ROUTER SELECTION] Selected router: unified_pathfinder (instance=PF-13538)
2025-10-07 22:51:53 - orthoroute.presentation.plugin.kicad_plugin - INFO - [PIPELINE] UnifiedPathFinder created with instance_tag=PF-13538
2025-10-07 22:51:53 - orthoroute.presentation.plugin.kicad_plugin - INFO - [ROUTER SELECTION] Active routing engine: unified_pathfinder
2025-10-07 22:51:53 - orthoroute.presentation.plugin.kicad_plugin - INFO - OrthoRoute KiCad Plugin initialized
Loading board from KiCad and starting GUI...
Auto-starting routing process...
2025-10-07 22:51:53 - orthoroute.presentation.plugin.kicad_plugin - INFO - Loading board from KiCad using rich interface for GUI with autostart
2025-10-07 22:51:53 - orthoroute.presentation.plugin.kicad_plugin - INFO - Connecting to KiCad to get rich board data...
2025-10-07 22:51:53 - pynng.nng - DEBUG - Pipe callback event 0
2025-10-07 22:51:53 - pynng.nng - DEBUG - Pipe callback event 1
2025-10-07 22:51:53 - orthoroute.infrastructure.kicad.rich_kicad_interface - INFO - Connected to KiCad IPC API and retrieved board
2025-10-07 22:51:53 - orthoroute.presentation.plugin.kicad_plugin - INFO - Connected to KiCad via rich IPC API
2025-10-07 22:51:53 - orthoroute.infrastructure.kicad.rich_kicad_interface - INFO - Extracting comprehensive board data from KiCad...
2025-10-07 22:51:53 - orthoroute.infrastructure.kicad.rich_kicad_interface - INFO - Board filename: MainController.kicad_pcb
2025-10-07 22:51:53 - orthoroute.infrastructure.kicad.rich_kicad_interface - INFO - Extracting pads with detailed geometry...
2025-10-07 22:51:53 - orthoroute.infrastructure.kicad.rich_kicad_interface - INFO - Found 17649 pads using KiCad API
2025-10-07 22:51:53 - orthoroute.infrastructure.kicad.rich_kicad_interface - INFO - Found 17649 pads - extracting with polygon shapes
2025-10-07 22:51:53 - orthoroute.infrastructure.kicad.rich_kicad_interface - INFO - Extracting components...
2025-10-07 22:51:54 - orthoroute.infrastructure.kicad.rich_kicad_interface - INFO - Found 25 footprints using KiCad API
2025-10-07 22:51:54 - orthoroute.infrastructure.kicad.rich_kicad_interface - INFO - Extracting existing tracks...
2025-10-07 22:51:54 - orthoroute.infrastructure.kicad.rich_kicad_interface - INFO - Found 0 tracks using KiCad API
2025-10-07 22:51:54 - orthoroute.infrastructure.kicad.rich_kicad_interface - INFO - Loaded 0 existing tracks from KiCad
2025-10-07 22:51:54 - orthoroute.infrastructure.kicad.rich_kicad_interface - INFO - Extracting zones...
2025-10-07 22:51:54 - orthoroute.infrastructure.kicad.rich_kicad_interface - INFO - Found 0 zones
2025-10-07 22:51:54 - orthoroute.infrastructure.kicad.rich_kicad_interface - INFO - Extracting nets with connectivity...
2025-10-07 22:51:54 - orthoroute.infrastructure.kicad.rich_kicad_interface - INFO - Found 9417 nets with pads
2025-10-07 22:51:54 - orthoroute.infrastructure.kicad.rich_kicad_interface - INFO - Created 8192 routable nets (excluding 0 plane-connected nets)
2025-10-07 22:51:54 - orthoroute.infrastructure.kicad.rich_kicad_interface - INFO - Calculating board dimensions...
2025-10-07 22:51:54 - orthoroute.infrastructure.kicad.rich_kicad_interface - INFO - Calculated bounds from pad positions: (34.1, 29.2) to (278.1, 255.7)
2025-10-07 22:51:54 - orthoroute.infrastructure.kicad.rich_kicad_interface - INFO - Board dimensions calculated from geometry: 244.0 x 226.5 mm
2025-10-07 22:51:54 - orthoroute.infrastructure.kicad.rich_kicad_interface - INFO - Generating airwires...
2025-10-07 22:51:54 - orthoroute.infrastructure.kicad.rich_kicad_interface - INFO - Generated 8192 airwires from 8192 nets
2025-10-07 22:51:54 - orthoroute.infrastructure.kicad.rich_kicad_interface - INFO -   Including 0 partially routed nets
2025-10-07 22:51:54 - orthoroute.infrastructure.kicad.rich_kicad_interface - INFO -   Filtered out 0 nets with copper pours
2025-10-07 22:51:54 - orthoroute.infrastructure.kicad.rich_kicad_interface - INFO - Extracting DRC rules...
2025-10-07 22:51:54 - orthoroute.infrastructure.kicad.rich_kicad_interface - INFO - Extracting DRC rules using IPC API...
2025-10-07 22:51:54 - orthoroute.infrastructure.kicad.rich_kicad_interface - WARNING - IPC-based DRC extraction failed: No module named 'kicad'
2025-10-07 22:51:54 - orthoroute.infrastructure.kicad.rich_kicad_interface - INFO - Using fallback DRC defaults
2025-10-07 22:51:54 - orthoroute.infrastructure.kicad.rich_kicad_interface - INFO - Extracted DRC rules: 1 netclasses
2025-10-07 22:51:54 - orthoroute.infrastructure.kicad.rich_kicad_interface - INFO - Got layer count from BoardStackup.material_name: 12 copper layers
2025-10-07 22:51:54 - orthoroute.infrastructure.kicad.rich_kicad_interface - INFO - Copper layers: ['F.Cu', 'In1.Cu', 'In2.Cu', 'In3.Cu', 'In4.Cu', 'In5.Cu', 'In6.Cu', 'In7.Cu', 'In8.Cu', 'In9.Cu', 'In10.Cu', 'B.Cu']
2025-10-07 22:51:54 - orthoroute.infrastructure.kicad.rich_kicad_interface - INFO - Large backplane detected (17649 pads), using 12 copper layers
2025-10-07 22:51:54 - orthoroute.infrastructure.kicad.rich_kicad_interface - INFO - Extracted board data: MainController.kicad_pcb (244.0x226.5mm, 12 copper layers)
2025-10-07 22:51:54 - orthoroute.infrastructure.kicad.rich_kicad_interface - INFO -   8192 routable nets, 25 components, 0 tracks, 0 zones
2025-10-07 22:51:54 - orthoroute.infrastructure.kicad.rich_kicad_interface - INFO -   Generated 8192 airwires for visualization
2025-10-07 22:51:54 - orthoroute.infrastructure.kicad.rich_kicad_interface - INFO -   Extracted 1 netclasses with design rules
2025-10-07 22:51:54 - orthoroute.presentation.plugin.kicad_plugin - INFO - Loaded rich board data from KiCad: 17649 pads, 9417 nets
2025-10-07 22:51:54 - orthoroute.presentation.plugin.kicad_plugin - INFO - Board layer stack: 12 copper layers detected
2025-10-07 22:51:54 - orthoroute.presentation.gui.main_window - INFO - GPU detected and available for routing
2025-10-07 22:51:54 - orthoroute.presentation.gui.main_window - INFO - All algorithms will use GPU acceleration with CPU fallback
2025-10-07 22:51:54 - orthoroute.presentation.gui.main_window - INFO - Board data loaded into GUI: 25 components, 0 tracks - starting progressive net processing
2025-10-07 22:51:54 - orthoroute.presentation.gui.main_window - INFO - Using 8192 airwires from KiCad interface (no regeneration needed)
2025-10-07 22:51:54 - orthoroute.presentation.gui.main_window - INFO - Displaying ALL 9417 nets (no performance limits)
2025-10-07 22:51:54 - orthoroute.presentation.plugin.kicad_plugin - INFO - OrthoRoute rich GUI launched successfully!
2025-10-07 22:51:54 - orthoroute.presentation.gui.main_window - INFO - _draw_tracks called: board_data has 0 tracks
2025-10-07 22:51:54 - orthoroute.presentation.gui.main_window - INFO - No tracks to draw - returning early
2025-10-07 22:51:54 - orthoroute.presentation.gui.main_window - INFO - _draw_vias: No vias to draw
2025-10-07 22:51:54 - orthoroute.presentation.gui.main_window - INFO - _draw_tracks called: board_data has 0 tracks
2025-10-07 22:51:54 - orthoroute.presentation.gui.main_window - INFO - No tracks to draw - returning early
2025-10-07 22:51:54 - orthoroute.presentation.gui.main_window - INFO - _draw_vias: No vias to draw
2025-10-07 22:51:56 - orthoroute.presentation.plugin.kicad_plugin - INFO - AUTO-START: Triggering routing process...
2025-10-07 22:51:56 - orthoroute.presentation.gui.main_window - INFO - Begin autorouting with Manhattan RRG
2025-10-07 22:51:56 - orthoroute.presentation.gui.main_window - INFO - _draw_tracks called: board_data has 0 tracks
2025-10-07 22:51:56 - orthoroute.presentation.gui.main_window - INFO - No tracks to draw - returning early
2025-10-07 22:51:56 - orthoroute.presentation.gui.main_window - INFO - _draw_vias: No vias to draw
2025-10-07 22:51:57 - orthoroute.presentation.gui.main_window - INFO - _draw_tracks called: board_data has 0 tracks
2025-10-07 22:51:57 - orthoroute.presentation.gui.main_window - INFO - No tracks to draw - returning early
2025-10-07 22:51:57 - orthoroute.presentation.gui.main_window - INFO - _draw_vias: No vias to draw
DEBUG: Screenshot saved to debug_output/run_20251007_225156/01_board_with_airwires_20251007_225156_821.png (scale=8x)
2025-10-07 22:51:59 - orthoroute.presentation.gui.main_window - INFO - _draw_tracks called: board_data has 0 tracks
2025-10-07 22:51:59 - orthoroute.presentation.gui.main_window - INFO - No tracks to draw - returning early
2025-10-07 22:52:00 - orthoroute.presentation.gui.main_window - INFO - _draw_vias: No vias to draw
2025-10-07 22:52:00 - orthoroute.presentation.gui.main_window - INFO - _draw_tracks called: board_data has 0 tracks
2025-10-07 22:52:00 - orthoroute.presentation.gui.main_window - INFO - No tracks to draw - returning early
2025-10-07 22:52:00 - orthoroute.presentation.gui.main_window - INFO - _draw_vias: No vias to draw
DEBUG: Screenshot saved to debug_output/run_20251007_225156/02_board_no_airwires_20251007_225200_122.png (scale=8x)
2025-10-07 22:52:01 - orthoroute.presentation.gui.main_window - INFO - DEBUG: board_data keys: ['filename', 'pads', 'components', 'tracks', 'zones', 'nets', 'airwires', 'bounds', 'width', 'height', 'layers', 'drc_rules', 'vias']
2025-10-07 22:52:01 - orthoroute.presentation.gui.main_window - INFO - DEBUG: board_data['bounds'] = (34.1, 29.21, 278.1, 255.74)
2025-10-07 22:52:01 - orthoroute.presentation.gui.main_window - INFO - DEBUG: Creating Board object with layer_count=12
2025-10-07 22:52:01 - orthoroute.presentation.gui.main_window - INFO - DEBUG: Found 25 components in board_data
2025-10-07 22:52:01 - orthoroute.presentation.gui.main_window - INFO - DEBUG: Processing 9417 nets from board_data
2025-10-07 22:52:01 - orthoroute.presentation.gui.main_window - INFO - DEBUG: pad_ref keys: ['component', 'name', 'net_name', 'net_code', 'x', 'y', 'width', 'height', 'drill', 'layers', 'type']
2025-10-07 22:52:01 - orthoroute.presentation.gui.main_window - INFO - DEBUG: pad_ref.get('name') = '1'
2025-10-07 22:52:01 - orthoroute.presentation.gui.main_window - INFO - DEBUG: pad_ref.get('component') = ''
2025-10-07 22:52:01 - orthoroute.presentation.gui.main_window - INFO - DEBUG: extracted component_id = ''
2025-10-07 22:52:01 - orthoroute.presentation.gui.main_window - INFO - DEBUG: Creating pad '1' at (254.365051, 226.2575) from pad_ref x=254.365051, y=226.2575
2025-10-07 22:52:01 - orthoroute.presentation.gui.main_window - INFO - DEBUG: pad_ref keys: ['component', 'name', 'net_name', 'net_code', 'x', 'y', 'width', 'height', 'drill', 'layers', 'type']
2025-10-07 22:52:01 - orthoroute.presentation.gui.main_window - INFO - DEBUG: pad_ref.get('name') = '769'
2025-10-07 22:52:01 - orthoroute.presentation.gui.main_window - INFO - DEBUG: pad_ref.get('component') = ''
2025-10-07 22:52:01 - orthoroute.presentation.gui.main_window - INFO - DEBUG: extracted component_id = ''
2025-10-07 22:52:01 - orthoroute.presentation.gui.main_window - INFO - DEBUG: Creating pad '769' at (140.445031, 124.6575) from pad_ref x=140.445031, y=124.6575
2025-10-07 22:52:01 - orthoroute.presentation.gui.main_window - INFO - DEBUG: pad_ref keys: ['component', 'name', 'net_name', 'net_code', 'x', 'y', 'width', 'height', 'drill', 'layers', 'type']
2025-10-07 22:52:01 - orthoroute.presentation.gui.main_window - INFO - DEBUG: pad_ref.get('name') = '2'
2025-10-07 22:52:01 - orthoroute.presentation.gui.main_window - INFO - DEBUG: pad_ref.get('component') = ''
2025-10-07 22:52:01 - orthoroute.presentation.gui.main_window - INFO - DEBUG: extracted component_id = ''
2025-10-07 22:52:01 - orthoroute.presentation.gui.main_window - INFO - DEBUG: Creating pad '2' at (254.365051, 229.6075) from pad_ref x=254.365051, y=229.6075
2025-10-07 22:52:01 - orthoroute.presentation.gui.main_window - INFO - DEBUG: pad_ref keys: ['component', 'name', 'net_name', 'net_code', 'x', 'y', 'width', 'height', 'drill', 'layers', 'type']
2025-10-07 22:52:01 - orthoroute.presentation.gui.main_window - INFO - DEBUG: pad_ref.get('name') = '770'
2025-10-07 22:52:01 - orthoroute.presentation.gui.main_window - INFO - DEBUG: pad_ref.get('component') = ''
2025-10-07 22:52:01 - orthoroute.presentation.gui.main_window - INFO - DEBUG: extracted component_id = ''
2025-10-07 22:52:01 - orthoroute.presentation.gui.main_window - INFO - DEBUG: Creating pad '770' at (140.445031, 128.0075) from pad_ref x=140.445031, y=128.0075
2025-10-07 22:52:01 - orthoroute.presentation.gui.main_window - INFO - DEBUG: pad_ref keys: ['component', 'name', 'net_name', 'net_code', 'x', 'y', 'width', 'height', 'drill', 'layers', 'type']
2025-10-07 22:52:01 - orthoroute.presentation.gui.main_window - INFO - DEBUG: pad_ref.get('name') = '3'
2025-10-07 22:52:01 - orthoroute.presentation.gui.main_window - INFO - DEBUG: pad_ref.get('component') = ''
2025-10-07 22:52:01 - orthoroute.presentation.gui.main_window - INFO - DEBUG: extracted component_id = ''
2025-10-07 22:52:01 - orthoroute.presentation.gui.main_window - INFO - DEBUG: Creating pad '3' at (254.365051, 231.2575) from pad_ref x=254.365051, y=231.2575
2025-10-07 22:52:01 - orthoroute.presentation.gui.main_window - WARNING - DEBUG: Orphaned pad '1' with component_id '' - not found in components_dict
2025-10-07 22:52:01 - orthoroute.presentation.gui.main_window - WARNING - DEBUG: Orphaned pad '769' with component_id '' - not found in components_dict
2025-10-07 22:52:01 - orthoroute.presentation.gui.main_window - WARNING - DEBUG: Orphaned pad '2' with component_id '' - not found in components_dict
2025-10-07 22:52:01 - orthoroute.presentation.gui.main_window - WARNING - DEBUG: Orphaned pad '770' with component_id '' - not found in components_dict
2025-10-07 22:52:01 - orthoroute.presentation.gui.main_window - WARNING - DEBUG: Orphaned pad '3' with component_id '' - not found in components_dict
2025-10-07 22:52:01 - orthoroute.presentation.gui.main_window - INFO - DEBUG: Creating generic component for 17609 orphaned pads
2025-10-07 22:52:01 - orthoroute.presentation.gui.main_window - INFO - DEBUG: Component pad counts: [('GENERIC_COMPONENT', 17609)]...
2025-10-07 22:52:01 - orthoroute.presentation.gui.main_window - INFO - Created board with 8192 routable nets, 1 components, 17609 total pads
2025-10-07 22:52:01 - orthoroute.presentation.gui.main_window - INFO - DEBUG: Pad assignment: 17609 assigned, 0 orphaned
2025-10-07 22:52:01 - orthoroute.presentation.gui.main_window - INFO - DEBUG: Setting board._kicad_bounds = (34.1, 29.21, 278.1, 255.74)
2025-10-07 22:52:01 - orthoroute.presentation.gui.main_window - INFO - DEBUG: After setting, hasattr(board, '_kicad_bounds') = True
2025-10-07 22:52:01 - orthoroute.presentation.gui.main_window - INFO - DEBUG: board._kicad_bounds = (34.1, 29.21, 278.1, 255.74)
2025-10-07 22:52:01 - orthoroute.algorithms.manhattan.unified_pathfinder - INFO - ================================================================================
2025-10-07 22:52:01 - orthoroute.algorithms.manhattan.unified_pathfinder - INFO - PATHFINDER NEGOTIATED CONGESTION ROUTER - RUNTIME CONFIGURATION
2025-10-07 22:52:01 - orthoroute.algorithms.manhattan.unified_pathfinder - INFO - ================================================================================
2025-10-07 22:52:01 - orthoroute.algorithms.manhattan.unified_pathfinder - INFO - [CONFIG] pres_fac_init    = 1.0
2025-10-07 22:52:01 - orthoroute.algorithms.manhattan.unified_pathfinder - INFO - [CONFIG] pres_fac_mult    = 1.8
2025-10-07 22:52:01 - orthoroute.algorithms.manhattan.unified_pathfinder - INFO - [CONFIG] pres_fac_max     = 1000.0
2025-10-07 22:52:01 - orthoroute.algorithms.manhattan.unified_pathfinder - INFO - [CONFIG] hist_gain        = 2.5
2025-10-07 22:52:01 - orthoroute.algorithms.manhattan.unified_pathfinder - INFO - [CONFIG] via_cost         = 3.0
2025-10-07 22:52:01 - orthoroute.algorithms.manhattan.unified_pathfinder - INFO - [CONFIG] grid_pitch       = 0.4 mm
2025-10-07 22:52:01 - orthoroute.algorithms.manhattan.unified_pathfinder - INFO - [CONFIG] max_iterations   = 10
2025-10-07 22:52:01 - orthoroute.algorithms.manhattan.unified_pathfinder - INFO - [CONFIG] stagnation_patience = 5
2025-10-07 22:52:01 - orthoroute.algorithms.manhattan.unified_pathfinder - INFO - ================================================================================
2025-10-07 22:52:01 - orthoroute.algorithms.manhattan.unified_pathfinder - INFO - Using 12 layers from board
2025-10-07 22:52:01 - orthoroute.algorithms.manhattan.unified_pathfinder - INFO - Lattice: 611×567×12 = 4,157,244 nodes
2025-10-07 22:52:01 - orthoroute.algorithms.manhattan.unified_pathfinder - INFO - Pre-allocating for 54,030,036 edges
2025-10-07 22:52:19 - orthoroute.algorithms.manhattan.unified_pathfinder - INFO - Vias: 45,729,684 edges (22864842 bidirectional pairs)
2025-10-07 22:52:19 - orthoroute.algorithms.manhattan.unified_pathfinder - INFO - Via policy: all layer pairs allowed (full blind/buried)
2025-10-07 22:53:11 - orthoroute.algorithms.manhattan.unified_pathfinder - INFO - CSR: 4157244 nodes, 54030036 edges
2025-10-07 22:53:11 - orthoroute.algorithms.manhattan.unified_pathfinder - INFO - [GPU-INIT] config.use_gpu=True, GPU_AVAILABLE=True, CUDA_DIJKSTRA_AVAILABLE=True
2025-10-07 22:53:11 - orthoroute.algorithms.manhattan.unified_pathfinder - INFO - [GPU-INIT] use_gpu_solver=True
2025-10-07 22:53:11 - orthoroute.algorithms.manhattan.pathfinder.cuda_dijkstra - INFO - [CUDA] Compiled parallel edge relaxation kernel
2025-10-07 22:53:11 - orthoroute.algorithms.manhattan.unified_pathfinder - INFO - [GPU] CUDA Near-Far Dijkstra enabled (ROI > 5K nodes)
2025-10-07 22:53:11 - orthoroute.algorithms.manhattan.unified_pathfinder - INFO - [GPU] GPU Compute Capability: 120
2025-10-07 22:53:11 - orthoroute.algorithms.manhattan.unified_pathfinder - INFO - [GPU] GPU Memory: 14.5 GB free / 17.1 GB total
2025-10-07 22:53:19 - orthoroute.algorithms.manhattan.unified_pathfinder - INFO - Identified 45729684 via edges
2025-10-07 22:53:19 - orthoroute.algorithms.manhattan.unified_pathfinder - INFO - Mapped 17609 pads (from ~17609)
2025-10-07 22:53:19 - orthoroute.algorithms.manhattan.unified_pathfinder - INFO - [VERIFY] Sample pad IDs: ['GENERIC_COMPONENT_1@254365,226258', 'GENERIC_COMPONENT_769@140445,124658', 'GENERIC_COMPONENT_2@254365,229608', 'GENERIC_COMPONENT_770@140445,128008', 'GENERIC_COMPONENT_3@254365,231258']
2025-10-07 22:53:19 - orthoroute.algorithms.manhattan.unified_pathfinder - INFO - Planned 17609 portals (skipped 0 THT pads)
2025-10-07 22:53:19 - orthoroute.algorithms.manhattan.unified_pathfinder - INFO - === Init complete ===
2025-10-07 22:53:19 - orthoroute.algorithms.manhattan.unified_pathfinder - INFO - map_all_pads: Already mapped 17609 pads
2025-10-07 22:53:19 - orthoroute.presentation.gui.main_window - INFO - [PORTAL] terminals: with_portal=0 missing=0
2025-10-07 22:53:19 - orthoroute.presentation.gui.main_window - INFO - Attached 17649 GUI pads to board for DRC
2025-10-07 22:54:23 - orthoroute.algorithms.manhattan.pad_escape_planner - INFO - Mapped 17609 pad geometries from GUI data
2025-10-07 22:54:23 - orthoroute.algorithms.manhattan.pad_escape_planner - INFO - Planning escapes for 8192 nets
2025-10-07 22:54:23 - orthoroute.algorithms.manhattan.pad_escape_planner - INFO - Found 16384 pads attached to 8192 routable nets
2025-10-07 22:54:23 - orthoroute.algorithms.manhattan.pad_escape_planner - INFO - Collected 16384 pads for escape planning
2025-10-07 22:55:57 - orthoroute.algorithms.manhattan.pad_escape_planner - INFO - Planned 16384 portals using column-based approach
2025-10-07 22:55:57 - orthoroute.algorithms.manhattan.pad_escape_planner - INFO - Generated 16384 escape geometries
2025-10-07 22:55:57 - orthoroute.algorithms.manhattan.pad_escape_planner - INFO - Final: 32768 escape stubs and 16384 portal vias
2025-10-07 22:55:57 - orthoroute.algorithms.manhattan.unified_pathfinder - INFO - Copied 16384 portals from escape planner to pathfinder
2025-10-07 22:55:57 - orthoroute.presentation.gui.main_window - INFO - _draw_tracks called: board_data has 32768 tracks
2025-10-07 22:55:57 - orthoroute.presentation.gui.main_window - INFO - First track: {'net': 'B00B01_000', 'layer': 'F.Cu', 'x1': 254.350031, 'y1': 35.79, 'x2': 254.350031, 'y2': 37.150031, 'width': 0.24}
2025-10-07 22:55:57 - orthoroute.presentation.gui.main_window - INFO - VIEWPORT DEBUG: visible_rect = (-66.0, -27.7) -> (378.2, 312.7)
2025-10-07 22:55:57 - orthoroute.presentation.gui.main_window - INFO - VIEWPORT DEBUG: zoom_level = 2.733
2025-10-07 22:55:57 - orthoroute.presentation.gui.main_window - INFO - COORD VERIFY: Track (254.4,35.8)->(254.4,37.2) in_bounds=(True,True)
2025-10-07 22:55:57 - orthoroute.presentation.gui.main_window - INFO - COORD VERIFY: Board bounds (34.1,29.2)->(278.1,255.7)
2025-10-07 22:55:57 - orthoroute.presentation.gui.main_window - INFO - TRACK COORDS #1: (254.4,35.8)->(254.4,37.2) layer=F.Cu
2025-10-07 22:55:57 - orthoroute.presentation.gui.main_window - INFO - TRACK DRAWN #1: (254.350,35.790) -> (254.350,37.150) width=0.24 layer=F.Cu
2025-10-07 22:55:57 - orthoroute.presentation.gui.main_window - INFO - TRACK COORDS #2: (254.4,37.2)->(254.4,37.2) layer=F.Cu
2025-10-07 22:55:57 - orthoroute.presentation.gui.main_window - INFO - TRACK DRAWN #2: (254.350,37.150) -> (254.400,37.200) width=0.24 layer=F.Cu
2025-10-07 22:55:57 - orthoroute.presentation.gui.main_window - INFO - TRACK COORDS #3: (254.4,39.1)->(254.4,38.0) layer=F.Cu
2025-10-07 22:55:57 - orthoroute.presentation.gui.main_window - INFO - TRACK DRAWN #3: (254.350,39.140) -> (254.350,38.050) width=0.24 layer=F.Cu
2025-10-07 22:55:57 - orthoroute.presentation.gui.main_window - INFO - TRACK COORDS #4: (254.4,38.0)->(254.4,38.0) layer=F.Cu
2025-10-07 22:55:57 - orthoroute.presentation.gui.main_window - INFO - TRACK COORDS #5: (254.4,40.8)->(254.4,42.4) layer=F.Cu
2025-10-07 22:55:58 - orthoroute.presentation.gui.main_window - INFO - _draw_tracks completed: drew 32768 tracks, culled 0 (viewport + limit), total 32768 available
2025-10-07 22:55:58 - orthoroute.presentation.gui.main_window - INFO - _draw_vias called: board_data has 16384 vias
2025-10-07 22:55:58 - orthoroute.presentation.gui.main_window - INFO - _draw_vias completed: drew 16384 vias out of 16384 available
2025-10-07 22:55:58 - orthoroute.presentation.gui.main_window - INFO - _draw_tracks called: board_data has 32768 tracks
2025-10-07 22:55:58 - orthoroute.presentation.gui.main_window - INFO - First track: {'net': 'B00B01_000', 'layer': 'F.Cu', 'x1': 254.350031, 'y1': 35.79, 'x2': 254.350031, 'y2': 37.150031, 'width': 0.24}
2025-10-07 22:55:58 - orthoroute.presentation.gui.main_window - INFO - VIEWPORT DEBUG: visible_rect = (-66.0, -27.7) -> (378.2, 312.7)
2025-10-07 22:55:58 - orthoroute.presentation.gui.main_window - INFO - VIEWPORT DEBUG: zoom_level = 2.733
2025-10-07 22:55:58 - orthoroute.presentation.gui.main_window - INFO - COORD VERIFY: Track (254.4,35.8)->(254.4,37.2) in_bounds=(True,True)
2025-10-07 22:55:58 - orthoroute.presentation.gui.main_window - INFO - COORD VERIFY: Board bounds (34.1,29.2)->(278.1,255.7)
2025-10-07 22:55:58 - orthoroute.presentation.gui.main_window - INFO - TRACK COORDS #1: (254.4,35.8)->(254.4,37.2) layer=F.Cu
2025-10-07 22:55:58 - orthoroute.presentation.gui.main_window - INFO - TRACK DRAWN #1: (254.350,35.790) -> (254.350,37.150) width=0.24 layer=F.Cu
2025-10-07 22:55:58 - orthoroute.presentation.gui.main_window - INFO - TRACK COORDS #2: (254.4,37.2)->(254.4,37.2) layer=F.Cu
2025-10-07 22:55:58 - orthoroute.presentation.gui.main_window - INFO - TRACK DRAWN #2: (254.350,37.150) -> (254.400,37.200) width=0.24 layer=F.Cu
2025-10-07 22:55:58 - orthoroute.presentation.gui.main_window - INFO - TRACK COORDS #3: (254.4,39.1)->(254.4,38.0) layer=F.Cu
2025-10-07 22:55:58 - orthoroute.presentation.gui.main_window - INFO - TRACK DRAWN #3: (254.350,39.140) -> (254.350,38.050) width=0.24 layer=F.Cu
2025-10-07 22:55:58 - orthoroute.presentation.gui.main_window - INFO - TRACK COORDS #4: (254.4,38.0)->(254.4,38.0) layer=F.Cu
2025-10-07 22:55:58 - orthoroute.presentation.gui.main_window - INFO - TRACK COORDS #5: (254.4,40.8)->(254.4,42.4) layer=F.Cu
2025-10-07 22:55:58 - orthoroute.presentation.gui.main_window - INFO - _draw_tracks completed: drew 32768 tracks, culled 0 (viewport + limit), total 32768 available
2025-10-07 22:55:59 - orthoroute.presentation.gui.main_window - INFO - _draw_vias called: board_data has 16384 vias
2025-10-07 22:55:59 - orthoroute.presentation.gui.main_window - INFO - _draw_vias completed: drew 16384 vias out of 16384 available
DEBUG: Screenshot saved to debug_output/run_20251007_225156/03_board_with_escapes_20251007_225558_525.png (scale=8x)
2025-10-07 22:56:01 - orthoroute.algorithms.manhattan.unified_pathfinder - INFO - prepare_routing_runtime: Ready
2025-10-07 22:56:01 - orthoroute.algorithms.manhattan.unified_pathfinder - INFO - === Route 8192 nets ===
2025-10-07 22:56:01 - orthoroute.algorithms.manhattan.unified_pathfinder - INFO - [VERIFY] Parsed 8192 tasks from 8192 requests
2025-10-07 22:56:01 - orthoroute.algorithms.manhattan.unified_pathfinder - INFO - [VERIFY]   routable=8192, trivial=0, unmapped=0, total_handled=8192
2025-10-07 22:56:01 - orthoroute.algorithms.manhattan.unified_pathfinder - INFO - [NEGOTIATE] 8192 nets, 10 iters
2025-10-07 22:56:01 - orthoroute.algorithms.manhattan.unified_pathfinder - INFO - [ITER 1] pres_fac=1.00
2025-10-07 22:56:01 - orthoroute.algorithms.manhattan.unified_pathfinder - INFO - [GPU-BATCH] Routing 8192 nets with batch_size=32
2025-10-07 22:56:01 - orthoroute.algorithms.manhattan.unified_pathfinder - INFO -   Routing nets 1-32/8192 (batch of 32)
2025-10-07 22:56:01 - orthoroute.algorithms.manhattan.unified_pathfinder - INFO - [DEBUG] Extracting ROI for net B01B09_250
2025-10-07 22:56:01 - orthoroute.algorithms.manhattan.unified_pathfinder - INFO - [DEBUG] ROI extracted for net B01B09_250: 1557010 nodes
2025-10-07 22:56:11 - orthoroute.algorithms.manhattan.pathfinder.cuda_dijkstra - DEBUG - [CSR-EXTRACT] ROI size=1557010, edges=17119210, edge_density=0.000
2025-10-07 22:56:11 - orthoroute.algorithms.manhattan.unified_pathfinder - INFO - [DEBUG] Extracting ROI for net B01B09_254
2025-10-07 22:56:12 - orthoroute.algorithms.manhattan.unified_pathfinder - INFO - [DEBUG] ROI extracted for net B01B09_254: 1564550 nodes
2025-10-07 22:56:20 - orthoroute.algorithms.manhattan.pathfinder.cuda_dijkstra - DEBUG - [CSR-EXTRACT] ROI size=1564550, edges=17202130, edge_density=0.000
2025-10-07 22:56:20 - orthoroute.algorithms.manhattan.unified_pathfinder - INFO - [DEBUG] Extracting ROI for net B06B14_254
2025-10-07 22:56:21 - orthoroute.algorithms.manhattan.unified_pathfinder - INFO - [DEBUG] ROI extracted for net B06B14_254: 1907340 nodes
2025-10-07 22:56:32 - orthoroute.algorithms.manhattan.pathfinder.cuda_dijkstra - DEBUG - [CSR-EXTRACT] ROI size=1907340, edges=24785844, edge_density=0.000
2025-10-07 22:56:33 - orthoroute.algorithms.manhattan.unified_pathfinder - INFO - [DEBUG] Extracting ROI for net B02B10_250
2025-10-07 22:56:33 - orthoroute.algorithms.manhattan.unified_pathfinder - INFO - [DEBUG] ROI extracted for net B02B10_250: 968898 nodes
2025-10-07 22:56:37 - orthoroute.algorithms.manhattan.pathfinder.cuda_dijkstra - DEBUG - [CSR-EXTRACT] ROI size=968898, edges=6777462, edge_density=0.000
2025-10-07 22:56:37 - orthoroute.algorithms.manhattan.unified_pathfinder - INFO - [DEBUG] Extracting ROI for net B06B14_246
2025-10-07 22:56:37 - orthoroute.algorithms.manhattan.unified_pathfinder - INFO - [DEBUG] ROI extracted for net B06B14_246: 1893192 nodes
2025-10-07 22:56:49 - orthoroute.algorithms.manhattan.pathfinder.cuda_dijkstra - DEBUG - [CSR-EXTRACT] ROI size=1893192, edges=24601956, edge_density=0.000
2025-10-07 22:56:49 - orthoroute.algorithms.manhattan.unified_pathfinder - INFO - [DEBUG] Extracting ROI for net B05B13_254
2025-10-07 22:56:50 - orthoroute.algorithms.manhattan.unified_pathfinder - INFO - [DEBUG] ROI extracted for net B05B13_254: 1902360 nodes
2025-10-07 22:57:01 - orthoroute.algorithms.manhattan.pathfinder.cuda_dijkstra - DEBUG - [CSR-EXTRACT] ROI size=1902360, edges=24721116, edge_density=0.000
2025-10-07 22:57:02 - orthoroute.algorithms.manhattan.unified_pathfinder - INFO - [DEBUG] Extracting ROI for net B06B14_250
2025-10-07 22:57:02 - orthoroute.algorithms.manhattan.unified_pathfinder - INFO - [DEBUG] ROI extracted for net B06B14_250: 1423332 nodes
2025-10-07 22:57:09 - orthoroute.algorithms.manhattan.pathfinder.cuda_dijkstra - DEBUG - [CSR-EXTRACT] ROI size=1423332, edges=14226188, edge_density=0.000
2025-10-07 22:57:10 - orthoroute.algorithms.manhattan.unified_pathfinder - INFO - [DEBUG] Extracting ROI for net B03B11_250
2025-10-07 22:57:10 - orthoroute.algorithms.manhattan.unified_pathfinder - INFO - [DEBUG] ROI extracted for net B03B11_250: 1735074 nodes
2025-10-07 22:57:20 - orthoroute.algorithms.manhattan.pathfinder.cuda_dijkstra - DEBUG - [CSR-EXTRACT] ROI size=1735074, edges=20812176, edge_density=0.000
2025-10-07 22:57:20 - orthoroute.algorithms.manhattan.unified_pathfinder - INFO - [DEBUG] Extracting ROI for net B03B11_246
2025-10-07 22:57:21 - orthoroute.algorithms.manhattan.unified_pathfinder - INFO - [DEBUG] ROI extracted for net B03B11_246: 1893192 nodes
2025-10-07 22:57:32 - orthoroute.algorithms.manhattan.pathfinder.cuda_dijkstra - DEBUG - [CSR-EXTRACT] ROI size=1893192, edges=24601956, edge_density=0.000
2025-10-07 22:57:33 - orthoroute.algorithms.manhattan.unified_pathfinder - INFO - [DEBUG] Extracting ROI for net B05B13_246
2025-10-07 22:57:33 - orthoroute.algorithms.manhattan.unified_pathfinder - INFO - [DEBUG] ROI extracted for net B05B13_246: 1577660 nodes
2025-10-07 22:57:41 - orthoroute.algorithms.manhattan.pathfinder.cuda_dijkstra - DEBUG - [CSR-EXTRACT] ROI size=1577660, edges=17346310, edge_density=0.000
2025-10-07 22:57:42 - orthoroute.algorithms.manhattan.unified_pathfinder - INFO - [DEBUG] Extracting ROI for net B03B11_254
2025-10-07 22:57:42 - orthoroute.algorithms.manhattan.unified_pathfinder - INFO - [DEBUG] ROI extracted for net B03B11_254: 1271560 nodes
2025-10-07 22:57:48 - orthoroute.algorithms.manhattan.pathfinder.cuda_dijkstra - DEBUG - [CSR-EXTRACT] ROI size=1271560, edges=11437656, edge_density=0.000
2025-10-07 22:57:48 - orthoroute.algorithms.manhattan.unified_pathfinder - INFO - [DEBUG] Extracting ROI for net B05B13_250
2025-10-07 22:57:48 - orthoroute.algorithms.manhattan.unified_pathfinder - INFO - [DEBUG] ROI extracted for net B05B13_250: 1107036 nodes
2025-10-07 22:57:54 - orthoroute.algorithms.manhattan.pathfinder.cuda_dijkstra - DEBUG - [CSR-EXTRACT] ROI size=1107036, edges=8850684, edge_density=0.000
2025-10-07 22:57:54 - orthoroute.algorithms.manhattan.unified_pathfinder - INFO - [DEBUG] Extracting ROI for net B07B15_084
2025-10-07 22:57:54 - orthoroute.algorithms.manhattan.unified_pathfinder - INFO - [DEBUG] ROI extracted for net B07B15_084: 1838676 nodes
2025-10-07 22:58:05 - orthoroute.algorithms.manhattan.pathfinder.cuda_dijkstra - DEBUG - [CSR-EXTRACT] ROI size=1838676, edges=23893380, edge_density=0.000
2025-10-07 22:58:06 - orthoroute.algorithms.manhattan.unified_pathfinder - INFO - [DEBUG] Extracting ROI for net B07B15_248
2025-10-07 22:58:06 - orthoroute.algorithms.manhattan.unified_pathfinder - INFO - [DEBUG] ROI extracted for net B07B15_248: 1828764 nodes
2025-10-07 22:58:17 - orthoroute.algorithms.manhattan.pathfinder.cuda_dijkstra - DEBUG - [CSR-EXTRACT] ROI size=1828764, edges=23764548, edge_density=0.000
2025-10-07 22:58:18 - orthoroute.algorithms.manhattan.unified_pathfinder - INFO - [DEBUG] Extracting ROI for net B07B15_244
2025-10-07 22:58:18 - orthoroute.algorithms.manhattan.unified_pathfinder - INFO - [DEBUG] ROI extracted for net B07B15_244: 1833720 nodes
2025-10-07 22:58:29 - orthoroute.algorithms.manhattan.pathfinder.cuda_dijkstra - DEBUG - [CSR-EXTRACT] ROI size=1833720, edges=23828964, edge_density=0.000
2025-10-07 22:58:30 - orthoroute.algorithms.manhattan.unified_pathfinder - INFO - [DEBUG] Extracting ROI for net B07B15_082
2025-10-07 22:58:30 - orthoroute.algorithms.manhattan.unified_pathfinder - INFO - [DEBUG] ROI extracted for net B07B15_082: 1833720 nodes
2025-10-07 22:58:41 - orthoroute.algorithms.manhattan.pathfinder.cuda_dijkstra - DEBUG - [CSR-EXTRACT] ROI size=1833720, edges=23828964, edge_density=0.000
2025-10-07 22:58:42 - orthoroute.algorithms.manhattan.unified_pathfinder - INFO - [DEBUG] Extracting ROI for net B07B15_246
2025-10-07 22:58:42 - orthoroute.algorithms.manhattan.unified_pathfinder - INFO - [DEBUG] ROI extracted for net B07B15_246: 1828764 nodes
2025-10-07 22:58:53 - orthoroute.algorithms.manhattan.pathfinder.cuda_dijkstra - DEBUG - [CSR-EXTRACT] ROI size=1828764, edges=23764548, edge_density=0.000
2025-10-07 22:58:54 - orthoroute.algorithms.manhattan.unified_pathfinder - INFO - [DEBUG] Extracting ROI for net B07B15_237
2025-10-07 22:58:54 - orthoroute.algorithms.manhattan.unified_pathfinder - INFO - [DEBUG] ROI extracted for net B07B15_237: 1828764 nodes
2025-10-07 22:59:05 - orthoroute.algorithms.manhattan.pathfinder.cuda_dijkstra - DEBUG - [CSR-EXTRACT] ROI size=1828764, edges=23764548, edge_density=0.000
2025-10-07 22:59:06 - orthoroute.algorithms.manhattan.unified_pathfinder - INFO - [DEBUG] Extracting ROI for net B07B15_188
2025-10-07 22:59:06 - orthoroute.algorithms.manhattan.unified_pathfinder - INFO - [DEBUG] ROI extracted for net B07B15_188: 1833720 nodes
2025-10-07 22:59:17 - orthoroute.algorithms.manhattan.pathfinder.cuda_dijkstra - DEBUG - [CSR-EXTRACT] ROI size=1833720, edges=23828964, edge_density=0.000
2025-10-07 22:59:18 - orthoroute.algorithms.manhattan.unified_pathfinder - INFO - [DEBUG] Extracting ROI for net B07B15_160
2025-10-07 22:59:18 - orthoroute.algorithms.manhattan.unified_pathfinder - INFO - [DEBUG] ROI extracted for net B07B15_160: 1685453 nodes
2025-10-07 22:59:28 - orthoroute.algorithms.manhattan.pathfinder.cuda_dijkstra - DEBUG - [CSR-EXTRACT] ROI size=1685453, edges=20216854, edge_density=0.000
2025-10-07 22:59:28 - orthoroute.algorithms.manhattan.unified_pathfinder - INFO - [DEBUG] Extracting ROI for net B07B15_085
2025-10-07 22:59:29 - orthoroute.algorithms.manhattan.unified_pathfinder - INFO - [DEBUG] ROI extracted for net B07B15_085: 1828764 nodes
2025-10-07 22:59:40 - orthoroute.algorithms.manhattan.pathfinder.cuda_dijkstra - DEBUG - [CSR-EXTRACT] ROI size=1828764, edges=23764548, edge_density=0.000
2025-10-07 22:59:40 - orthoroute.algorithms.manhattan.unified_pathfinder - INFO - [DEBUG] Extracting ROI for net B07B15_040
2025-10-07 22:59:41 - orthoroute.algorithms.manhattan.unified_pathfinder - INFO - [DEBUG] ROI extracted for net B07B15_040: 1833720 nodes
2025-10-07 22:59:52 - orthoroute.algorithms.manhattan.pathfinder.cuda_dijkstra - DEBUG - [CSR-EXTRACT] ROI size=1833720, edges=23828964, edge_density=0.000
2025-10-07 22:59:53 - orthoroute.algorithms.manhattan.unified_pathfinder - INFO - [DEBUG] Extracting ROI for net B07B15_250
2025-10-07 22:59:53 - orthoroute.algorithms.manhattan.unified_pathfinder - INFO - [DEBUG] ROI extracted for net B07B15_250: 1823808 nodes
2025-10-07 23:00:04 - orthoroute.algorithms.manhattan.pathfinder.cuda_dijkstra - DEBUG - [CSR-EXTRACT] ROI size=1823808, edges=23700132, edge_density=0.000
2025-10-07 23:00:05 - orthoroute.algorithms.manhattan.unified_pathfinder - INFO - [DEBUG] Extracting ROI for net B07B15_245
2025-10-07 23:00:05 - orthoroute.algorithms.manhattan.unified_pathfinder - INFO - [DEBUG] ROI extracted for net B07B15_245: 1828764 nodes
2025-10-07 23:00:16 - orthoroute.algorithms.manhattan.pathfinder.cuda_dijkstra - DEBUG - [CSR-EXTRACT] ROI size=1828764, edges=23764548, edge_density=0.000
2025-10-07 23:00:17 - orthoroute.algorithms.manhattan.unified_pathfinder - INFO - [DEBUG] Extracting ROI for net B07B15_236
2025-10-07 23:00:17 - orthoroute.algorithms.manhattan.unified_pathfinder - INFO - [DEBUG] ROI extracted for net B07B15_236: 1828764 nodes
2025-10-07 23:00:28 - orthoroute.algorithms.manhattan.pathfinder.cuda_dijkstra - DEBUG - [CSR-EXTRACT] ROI size=1828764, edges=23764548, edge_density=0.000
2025-10-07 23:00:29 - orthoroute.algorithms.manhattan.unified_pathfinder - INFO - [DEBUG] Extracting ROI for net B07B15_232
2025-10-07 23:00:29 - orthoroute.algorithms.manhattan.unified_pathfinder - INFO - [DEBUG] ROI extracted for net B07B15_232: 1838676 nodes
2025-10-07 23:00:40 - orthoroute.algorithms.manhattan.pathfinder.cuda_dijkstra - DEBUG - [CSR-EXTRACT] ROI size=1838676, edges=23893380, edge_density=0.000
2025-10-07 23:00:41 - orthoroute.algorithms.manhattan.unified_pathfinder - INFO - [DEBUG] Extracting ROI for net B07B15_189
2025-10-07 23:00:41 - orthoroute.algorithms.manhattan.unified_pathfinder - INFO - [DEBUG] ROI extracted for net B07B15_189: 1828764 nodes
2025-10-07 23:00:52 - orthoroute.algorithms.manhattan.pathfinder.cuda_dijkstra - DEBUG - [CSR-EXTRACT] ROI size=1828764, edges=23764548, edge_density=0.000
2025-10-07 23:00:53 - orthoroute.algorithms.manhattan.unified_pathfinder - INFO - [DEBUG] Extracting ROI for net B07B15_178
2025-10-07 23:00:53 - orthoroute.algorithms.manhattan.unified_pathfinder - INFO - [DEBUG] ROI extracted for net B07B15_178: 1680910 nodes
2025-10-07 23:01:03 - orthoroute.algorithms.manhattan.pathfinder.cuda_dijkstra - DEBUG - [CSR-EXTRACT] ROI size=1680910, edges=20162350, edge_density=0.000
2025-10-07 23:01:03 - orthoroute.algorithms.manhattan.unified_pathfinder - INFO - [DEBUG] Extracting ROI for net B07B15_177
2025-10-07 23:01:03 - orthoroute.algorithms.manhattan.unified_pathfinder - INFO - [DEBUG] ROI extracted for net B07B15_177: 1833720 nodes
2025-10-07 23:01:15 - orthoroute.algorithms.manhattan.pathfinder.cuda_dijkstra - DEBUG - [CSR-EXTRACT] ROI size=1833720, edges=23828964, edge_density=0.000
2025-10-07 23:01:15 - orthoroute.algorithms.manhattan.unified_pathfinder - INFO - [DEBUG] Extracting ROI for net B07B15_073
2025-10-07 23:01:16 - orthoroute.algorithms.manhattan.unified_pathfinder - INFO - [DEBUG] ROI extracted for net B07B15_073: 1833720 nodes
2025-10-07 23:01:27 - orthoroute.algorithms.manhattan.pathfinder.cuda_dijkstra - DEBUG - [CSR-EXTRACT] ROI size=1833720, edges=23828964, edge_density=0.000
2025-10-07 23:01:28 - orthoroute.algorithms.manhattan.unified_pathfinder - INFO - [DEBUG] Extracting ROI for net B07B15_049
2025-10-07 23:01:28 - orthoroute.algorithms.manhattan.unified_pathfinder - INFO - [DEBUG] ROI extracted for net B07B15_049: 1680910 nodes
2025-10-07 23:01:37 - orthoroute.algorithms.manhattan.pathfinder.cuda_dijkstra - DEBUG - [CSR-EXTRACT] ROI size=1680910, edges=20162350, edge_density=0.000
2025-10-07 23:01:38 - orthoroute.algorithms.manhattan.unified_pathfinder - INFO - [DEBUG] Extracting ROI for net B07B15_038
2025-10-07 23:01:38 - orthoroute.algorithms.manhattan.unified_pathfinder - INFO - [DEBUG] ROI extracted for net B07B15_038: 1833720 nodes
2025-10-07 23:01:50 - orthoroute.algorithms.manhattan.pathfinder.cuda_dijkstra - DEBUG - [CSR-EXTRACT] ROI size=1833720, edges=23828964, edge_density=0.000
2025-10-07 23:01:50 - orthoroute.algorithms.manhattan.unified_pathfinder - INFO - [DEBUG] Starting GPU solve for batch of 32 nets
2025-10-07 23:01:50 - orthoroute.algorithms.manhattan.pathfinder.cuda_dijkstra - INFO - [CUDA-ROI] Processing 32 ROI subgraphs using GPU Near-Far algorithm
2025-10-07 23:01:50 - orthoroute.algorithms.manhattan.pathfinder.cuda_dijkstra - INFO - [DEBUG-GPU] Preparing batch data for 32 ROIs
2025-10-07 23:01:51 - orthoroute.algorithms.manhattan.pathfinder.cuda_dijkstra - INFO - [DEBUG-GPU] Batch data prepared, starting Near-Far algorithm
2025-10-07 23:01:51 - orthoroute.algorithms.manhattan.pathfinder.cuda_dijkstra - INFO - [DEBUG-GPU] _run_near_far started for 32 ROIs
2025-10-07 23:01:51 - orthoroute.algorithms.manhattan.pathfinder.cuda_dijkstra - INFO - [DEBUG-GPU] Validating ROI sources and destinations
2025-10-07 23:01:51 - orthoroute.algorithms.manhattan.pathfinder.cuda_dijkstra - INFO - [DEBUG-GPU] Starting Near-Far iteration loop (max 10000)
2025-10-07 23:01:51 - orthoroute.algorithms.manhattan.pathfinder.cuda_dijkstra - INFO - [DEBUG-GPU] Near-Far iteration 0
2025-10-07 23:01:52 - orthoroute.algorithms.manhattan.pathfinder.cuda_dijkstra - INFO - [DEBUG-GPU] Near-Far iteration 10
2025-10-07 23:01:52 - orthoroute.algorithms.manhattan.pathfinder.cuda_dijkstra - INFO - [DEBUG-GPU] Near-Far iteration 20
2025-10-07 23:01:52 - orthoroute.algorithms.manhattan.pathfinder.cuda_dijkstra - INFO - [DEBUG-GPU] Near-Far iteration 30
2025-10-07 23:01:53 - orthoroute.algorithms.manhattan.pathfinder.cuda_dijkstra - INFO - [DEBUG-GPU] Near-Far iteration 40
2025-10-07 23:01:53 - orthoroute.algorithms.manhattan.pathfinder.cuda_dijkstra - INFO - [DEBUG-GPU] Near-Far iteration 50
2025-10-07 23:01:53 - orthoroute.algorithms.manhattan.pathfinder.cuda_dijkstra - INFO - [DEBUG-GPU] Near-Far iteration 60
2025-10-07 23:01:53 - orthoroute.algorithms.manhattan.pathfinder.cuda_dijkstra - INFO - [DEBUG-GPU] Near-Far iteration 70
2025-10-07 23:01:54 - orthoroute.algorithms.manhattan.pathfinder.cuda_dijkstra - INFO - [DEBUG-GPU] Near-Far iteration 80
2025-10-07 23:01:54 - orthoroute.algorithms.manhattan.pathfinder.cuda_dijkstra - INFO - [DEBUG-GPU] Near-Far iteration 90
2025-10-07 23:01:54 - orthoroute.algorithms.manhattan.pathfinder.cuda_dijkstra - INFO - [DEBUG-GPU] Near-Far iteration 100
2025-10-07 23:01:54 - orthoroute.algorithms.manhattan.pathfinder.cuda_dijkstra - WARNING - [CUDA-NF] Iteration 100: 32/32 ROIs active, Near nodes=33, Far nodes=17884
2025-10-07 23:01:54 - orthoroute.algorithms.manhattan.pathfinder.cuda_dijkstra - WARNING -   ROI 0: Near=1, Far=663, Thresh=5.1, Sink_dist=inf
2025-10-07 23:01:54 - orthoroute.algorithms.manhattan.pathfinder.cuda_dijkstra - WARNING -   ROI 1: Near=1, Far=421, Thresh=4.6, Sink_dist=inf
2025-10-07 23:01:54 - orthoroute.algorithms.manhattan.pathfinder.cuda_dijkstra - WARNING -   ROI 2: Near=1, Far=532, Thresh=4.6, Sink_dist=inf
2025-10-07 23:01:54 - orthoroute.algorithms.manhattan.pathfinder.cuda_dijkstra - WARNING -   ROI 3: Near=1, Far=247, Thresh=4.6, Sink_dist=inf
2025-10-07 23:01:54 - orthoroute.algorithms.manhattan.pathfinder.cuda_dijkstra - WARNING -   ROI 4: Near=1, Far=572, Thresh=4.6, Sink_dist=inf
2025-10-07 23:01:54 - orthoroute.algorithms.manhattan.pathfinder.cuda_dijkstra - WARNING -   ROI 5: Near=1, Far=551, Thresh=4.6, Sink_dist=inf
2025-10-07 23:01:54 - orthoroute.algorithms.manhattan.pathfinder.cuda_dijkstra - WARNING -   ROI 6: Near=1, Far=588, Thresh=5.1, Sink_dist=inf
2025-10-07 23:01:54 - orthoroute.algorithms.manhattan.pathfinder.cuda_dijkstra - WARNING -   ROI 7: Near=2, Far=525, Thresh=4.6, Sink_dist=inf
2025-10-07 23:01:54 - orthoroute.algorithms.manhattan.pathfinder.cuda_dijkstra - WARNING -   ROI 8: Near=1, Far=532, Thresh=4.6, Sink_dist=inf
2025-10-07 23:01:54 - orthoroute.algorithms.manhattan.pathfinder.cuda_dijkstra - WARNING -   ROI 9: Near=1, Far=471, Thresh=4.6, Sink_dist=inf
2025-10-07 23:01:54 - orthoroute.algorithms.manhattan.pathfinder.cuda_dijkstra - WARNING -   ROI 10: Near=1, Far=299, Thresh=4.6, Sink_dist=inf
2025-10-07 23:01:54 - orthoroute.algorithms.manhattan.pathfinder.cuda_dijkstra - WARNING -   ROI 11: Near=1, Far=253, Thresh=4.6, Sink_dist=inf
2025-10-07 23:01:54 - orthoroute.algorithms.manhattan.pathfinder.cuda_dijkstra - WARNING -   ROI 12: Near=1, Far=581, Thresh=4.6, Sink_dist=inf
2025-10-07 23:01:54 - orthoroute.algorithms.manhattan.pathfinder.cuda_dijkstra - WARNING -   ROI 13: Near=1, Far=811, Thresh=5.1, Sink_dist=inf
2025-10-07 23:01:54 - orthoroute.algorithms.manhattan.pathfinder.cuda_dijkstra - WARNING -   ROI 14: Near=1, Far=812, Thresh=5.1, Sink_dist=inf
2025-10-07 23:01:54 - orthoroute.algorithms.manhattan.pathfinder.cuda_dijkstra - WARNING -   ROI 15: Near=1, Far=812, Thresh=5.1, Sink_dist=inf
2025-10-07 23:01:54 - orthoroute.algorithms.manhattan.pathfinder.cuda_dijkstra - WARNING -   ROI 16: Near=1, Far=581, Thresh=4.6, Sink_dist=inf
2025-10-07 23:01:54 - orthoroute.algorithms.manhattan.pathfinder.cuda_dijkstra - WARNING -   ROI 17: Near=1, Far=527, Thresh=4.6, Sink_dist=inf
2025-10-07 23:01:54 - orthoroute.algorithms.manhattan.pathfinder.cuda_dijkstra - WARNING -   ROI 18: Near=1, Far=566, Thresh=4.6, Sink_dist=inf
2025-10-07 23:01:54 - orthoroute.algorithms.manhattan.pathfinder.cuda_dijkstra - WARNING -   ROI 19: Near=1, Far=736, Thresh=5.1, Sink_dist=inf
2025-10-07 23:01:54 - orthoroute.algorithms.manhattan.pathfinder.cuda_dijkstra - WARNING -   ROI 20: Near=1, Far=567, Thresh=4.6, Sink_dist=inf
2025-10-07 23:01:54 - orthoroute.algorithms.manhattan.pathfinder.cuda_dijkstra - WARNING -   ROI 21: Near=1, Far=512, Thresh=4.6, Sink_dist=inf
2025-10-07 23:01:54 - orthoroute.algorithms.manhattan.pathfinder.cuda_dijkstra - WARNING -   ROI 22: Near=1, Far=527, Thresh=4.6, Sink_dist=inf
2025-10-07 23:01:54 - orthoroute.algorithms.manhattan.pathfinder.cuda_dijkstra - WARNING -   ROI 23: Near=1, Far=497, Thresh=4.6, Sink_dist=inf
2025-10-07 23:01:54 - orthoroute.algorithms.manhattan.pathfinder.cuda_dijkstra - WARNING -   ROI 24: Near=1, Far=813, Thresh=5.1, Sink_dist=inf
2025-10-07 23:01:54 - orthoroute.algorithms.manhattan.pathfinder.cuda_dijkstra - WARNING -   ROI 25: Near=1, Far=481, Thresh=4.6, Sink_dist=inf
2025-10-07 23:01:54 - orthoroute.algorithms.manhattan.pathfinder.cuda_dijkstra - WARNING -   ROI 26: Near=1, Far=580, Thresh=4.7, Sink_dist=inf
2025-10-07 23:01:54 - orthoroute.algorithms.manhattan.pathfinder.cuda_dijkstra - WARNING -   ROI 27: Near=1, Far=435, Thresh=4.6, Sink_dist=inf
2025-10-07 23:01:54 - orthoroute.algorithms.manhattan.pathfinder.cuda_dijkstra - WARNING -   ROI 28: Near=1, Far=581, Thresh=4.6, Sink_dist=inf
2025-10-07 23:01:54 - orthoroute.algorithms.manhattan.pathfinder.cuda_dijkstra - WARNING -   ROI 29: Near=1, Far=507, Thresh=4.6, Sink_dist=inf
2025-10-07 23:01:54 - orthoroute.algorithms.manhattan.pathfinder.cuda_dijkstra - WARNING -   ROI 30: Near=1, Far=738, Thresh=5.1, Sink_dist=inf
2025-10-07 23:01:54 - orthoroute.algorithms.manhattan.pathfinder.cuda_dijkstra - WARNING -   ROI 31: Near=1, Far=566, Thresh=4.6, Sink_dist=inf
2025-10-07 23:01:57 - orthoroute.algorithms.manhattan.pathfinder.cuda_dijkstra - INFO - [DEBUG-GPU] Near-Far iteration 200
2025-10-07 23:01:57 - orthoroute.algorithms.manhattan.pathfinder.cuda_dijkstra - WARNING - [CUDA-NF] Iteration 200: 32/32 ROIs active, Near nodes=32, Far nodes=28169
2025-10-07 23:01:57 - orthoroute.algorithms.manhattan.pathfinder.cuda_dijkstra - WARNING -   ROI 0: Near=1, Far=1074, Thresh=5.8, Sink_dist=inf
2025-10-07 23:01:57 - orthoroute.algorithms.manhattan.pathfinder.cuda_dijkstra - WARNING -   ROI 1: Near=1, Far=573, Thresh=5.2, Sink_dist=inf
2025-10-07 23:01:57 - orthoroute.algorithms.manhattan.pathfinder.cuda_dijkstra - WARNING -   ROI 2: Near=1, Far=796, Thresh=5.4, Sink_dist=inf
2025-10-07 23:01:57 - orthoroute.algorithms.manhattan.pathfinder.cuda_dijkstra - WARNING -   ROI 3: Near=1, Far=407, Thresh=5.4, Sink_dist=inf
2025-10-07 23:01:57 - orthoroute.algorithms.manhattan.pathfinder.cuda_dijkstra - WARNING -   ROI 4: Near=1, Far=906, Thresh=5.4, Sink_dist=inf
2025-10-07 23:01:57 - orthoroute.algorithms.manhattan.pathfinder.cuda_dijkstra - WARNING -   ROI 5: Near=1, Far=720, Thresh=5.3, Sink_dist=inf
2025-10-07 23:01:57 - orthoroute.algorithms.manhattan.pathfinder.cuda_dijkstra - WARNING -   ROI 6: Near=1, Far=956, Thresh=5.9, Sink_dist=inf
2025-10-07 23:01:57 - orthoroute.algorithms.manhattan.pathfinder.cuda_dijkstra - WARNING -   ROI 7: Near=1, Far=855, Thresh=5.4, Sink_dist=inf
2025-10-07 23:01:57 - orthoroute.algorithms.manhattan.pathfinder.cuda_dijkstra - WARNING -   ROI 8: Near=1, Far=776, Thresh=5.4, Sink_dist=inf
2025-10-07 23:01:57 - orthoroute.algorithms.manhattan.pathfinder.cuda_dijkstra - WARNING -   ROI 9: Near=1, Far=752, Thresh=5.4, Sink_dist=inf
2025-10-07 23:01:57 - orthoroute.algorithms.manhattan.pathfinder.cuda_dijkstra - WARNING -   ROI 10: Near=1, Far=437, Thresh=5.1, Sink_dist=inf
2025-10-07 23:01:57 - orthoroute.algorithms.manhattan.pathfinder.cuda_dijkstra - WARNING -   ROI 11: Near=1, Far=361, Thresh=5.1, Sink_dist=inf
2025-10-07 23:01:57 - orthoroute.algorithms.manhattan.pathfinder.cuda_dijkstra - WARNING -   ROI 12: Near=1, Far=937, Thresh=5.4, Sink_dist=inf
2025-10-07 23:01:57 - orthoroute.algorithms.manhattan.pathfinder.cuda_dijkstra - WARNING -   ROI 13: Near=1, Far=1337, Thresh=5.9, Sink_dist=inf
2025-10-07 23:01:57 - orthoroute.algorithms.manhattan.pathfinder.cuda_dijkstra - WARNING -   ROI 14: Near=1, Far=1336, Thresh=5.9, Sink_dist=inf
2025-10-07 23:01:57 - orthoroute.algorithms.manhattan.pathfinder.cuda_dijkstra - WARNING -   ROI 15: Near=1, Far=1336, Thresh=5.9, Sink_dist=inf
2025-10-07 23:01:57 - orthoroute.algorithms.manhattan.pathfinder.cuda_dijkstra - WARNING -   ROI 16: Near=1, Far=939, Thresh=5.4, Sink_dist=inf
2025-10-07 23:01:57 - orthoroute.algorithms.manhattan.pathfinder.cuda_dijkstra - WARNING -   ROI 17: Near=1, Far=855, Thresh=5.4, Sink_dist=inf
2025-10-07 23:01:57 - orthoroute.algorithms.manhattan.pathfinder.cuda_dijkstra - WARNING -   ROI 18: Near=1, Far=910, Thresh=5.4, Sink_dist=inf
2025-10-07 23:01:57 - orthoroute.algorithms.manhattan.pathfinder.cuda_dijkstra - WARNING -   ROI 19: Near=1, Far=1206, Thresh=5.9, Sink_dist=inf
2025-10-07 23:01:57 - orthoroute.algorithms.manhattan.pathfinder.cuda_dijkstra - WARNING -   ROI 20: Near=1, Far=865, Thresh=5.4, Sink_dist=inf
2025-10-07 23:01:57 - orthoroute.algorithms.manhattan.pathfinder.cuda_dijkstra - WARNING -   ROI 21: Near=1, Far=806, Thresh=5.4, Sink_dist=inf
2025-10-07 23:01:57 - orthoroute.algorithms.manhattan.pathfinder.cuda_dijkstra - WARNING -   ROI 22: Near=1, Far=855, Thresh=5.4, Sink_dist=inf
2025-10-07 23:01:57 - orthoroute.algorithms.manhattan.pathfinder.cuda_dijkstra - WARNING -   ROI 23: Near=1, Far=734, Thresh=5.1, Sink_dist=inf
2025-10-07 23:01:57 - orthoroute.algorithms.manhattan.pathfinder.cuda_dijkstra - WARNING -   ROI 24: Near=1, Far=1336, Thresh=5.9, Sink_dist=inf
2025-10-07 23:01:57 - orthoroute.algorithms.manhattan.pathfinder.cuda_dijkstra - WARNING -   ROI 25: Near=1, Far=734, Thresh=5.1, Sink_dist=inf
2025-10-07 23:01:57 - orthoroute.algorithms.manhattan.pathfinder.cuda_dijkstra - WARNING -   ROI 26: Near=1, Far=959, Thresh=5.4, Sink_dist=inf
2025-10-07 23:01:57 - orthoroute.algorithms.manhattan.pathfinder.cuda_dijkstra - WARNING -   ROI 27: Near=1, Far=659, Thresh=5.1, Sink_dist=inf
2025-10-07 23:01:57 - orthoroute.algorithms.manhattan.pathfinder.cuda_dijkstra - WARNING -   ROI 28: Near=1, Far=937, Thresh=5.4, Sink_dist=inf
2025-10-07 23:01:57 - orthoroute.algorithms.manhattan.pathfinder.cuda_dijkstra - WARNING -   ROI 29: Near=1, Far=736, Thresh=5.1, Sink_dist=inf
2025-10-07 23:01:57 - orthoroute.algorithms.manhattan.pathfinder.cuda_dijkstra - WARNING -   ROI 30: Near=1, Far=1209, Thresh=5.9, Sink_dist=inf
2025-10-07 23:01:57 - orthoroute.algorithms.manhattan.pathfinder.cuda_dijkstra - WARNING -   ROI 31: Near=1, Far=870, Thresh=5.4, Sink_dist=inf
2025-10-07 23:01:59 - orthoroute.algorithms.manhattan.pathfinder.cuda_dijkstra - INFO - [DEBUG-GPU] Near-Far iteration 300
2025-10-07 23:01:59 - orthoroute.algorithms.manhattan.pathfinder.cuda_dijkstra - WARNING - [CUDA-NF] Iteration 300: 32/32 ROIs active, Near nodes=33, Far nodes=36343
2025-10-07 23:01:59 - orthoroute.algorithms.manhattan.pathfinder.cuda_dijkstra - WARNING -   ROI 0: Near=1, Far=1303, Thresh=6.4, Sink_dist=inf
2025-10-07 23:01:59 - orthoroute.algorithms.manhattan.pathfinder.cuda_dijkstra - WARNING -   ROI 1: Near=1, Far=737, Thresh=5.8, Sink_dist=inf
2025-10-07 23:01:59 - orthoroute.algorithms.manhattan.pathfinder.cuda_dijkstra - WARNING -   ROI 2: Near=1, Far=1119, Thresh=5.8, Sink_dist=inf
2025-10-07 23:01:59 - orthoroute.algorithms.manhattan.pathfinder.cuda_dijkstra - WARNING -   ROI 3: Near=1, Far=491, Thresh=5.9, Sink_dist=inf
2025-10-07 23:01:59 - orthoroute.algorithms.manhattan.pathfinder.cuda_dijkstra - WARNING -   ROI 4: Near=1, Far=1219, Thresh=5.8, Sink_dist=inf
2025-10-07 23:01:59 - orthoroute.algorithms.manhattan.pathfinder.cuda_dijkstra - WARNING -   ROI 5: Near=1, Far=958, Thresh=5.8, Sink_dist=inf
2025-10-07 23:01:59 - orthoroute.algorithms.manhattan.pathfinder.cuda_dijkstra - WARNING -   ROI 6: Near=1, Far=1142, Thresh=6.4, Sink_dist=inf
2025-10-07 23:01:59 - orthoroute.algorithms.manhattan.pathfinder.cuda_dijkstra - WARNING -   ROI 7: Near=1, Far=1124, Thresh=5.9, Sink_dist=inf
2025-10-07 23:01:59 - orthoroute.algorithms.manhattan.pathfinder.cuda_dijkstra - WARNING -   ROI 8: Near=1, Far=1119, Thresh=5.8, Sink_dist=inf
2025-10-07 23:01:59 - orthoroute.algorithms.manhattan.pathfinder.cuda_dijkstra - WARNING -   ROI 9: Near=1, Far=998, Thresh=5.9, Sink_dist=inf
2025-10-07 23:01:59 - orthoroute.algorithms.manhattan.pathfinder.cuda_dijkstra - WARNING -   ROI 10: Near=1, Far=551, Thresh=5.8, Sink_dist=inf
2025-10-07 23:01:59 - orthoroute.algorithms.manhattan.pathfinder.cuda_dijkstra - WARNING -   ROI 11: Near=1, Far=487, Thresh=5.8, Sink_dist=inf
2025-10-07 23:01:59 - orthoroute.algorithms.manhattan.pathfinder.cuda_dijkstra - WARNING -   ROI 12: Near=1, Far=1253, Thresh=5.9, Sink_dist=inf
2025-10-07 23:01:59 - orthoroute.algorithms.manhattan.pathfinder.cuda_dijkstra - WARNING -   ROI 13: Near=1, Far=1619, Thresh=6.4, Sink_dist=inf
2025-10-07 23:01:59 - orthoroute.algorithms.manhattan.pathfinder.cuda_dijkstra - WARNING -   ROI 14: Near=1, Far=1618, Thresh=6.4, Sink_dist=inf
2025-10-07 23:01:59 - orthoroute.algorithms.manhattan.pathfinder.cuda_dijkstra - WARNING -   ROI 15: Near=1, Far=1618, Thresh=6.4, Sink_dist=inf
2025-10-07 23:01:59 - orthoroute.algorithms.manhattan.pathfinder.cuda_dijkstra - WARNING -   ROI 16: Near=2, Far=1247, Thresh=5.9, Sink_dist=inf
2025-10-07 23:01:59 - orthoroute.algorithms.manhattan.pathfinder.cuda_dijkstra - WARNING -   ROI 17: Near=1, Far=1170, Thresh=5.8, Sink_dist=inf
2025-10-07 23:01:59 - orthoroute.algorithms.manhattan.pathfinder.cuda_dijkstra - WARNING -   ROI 18: Near=1, Far=1213, Thresh=5.8, Sink_dist=inf
2025-10-07 23:01:59 - orthoroute.algorithms.manhattan.pathfinder.cuda_dijkstra - WARNING -   ROI 19: Near=1, Far=1455, Thresh=6.4, Sink_dist=inf
2025-10-07 23:01:59 - orthoroute.algorithms.manhattan.pathfinder.cuda_dijkstra - WARNING -   ROI 20: Near=1, Far=1210, Thresh=5.8, Sink_dist=inf
2025-10-07 23:01:59 - orthoroute.algorithms.manhattan.pathfinder.cuda_dijkstra - WARNING -   ROI 21: Near=1, Far=1151, Thresh=5.8, Sink_dist=inf
2025-10-07 23:01:59 - orthoroute.algorithms.manhattan.pathfinder.cuda_dijkstra - WARNING -   ROI 22: Near=1, Far=1170, Thresh=5.8, Sink_dist=inf
2025-10-07 23:01:59 - orthoroute.algorithms.manhattan.pathfinder.cuda_dijkstra - WARNING -   ROI 23: Near=1, Far=927, Thresh=5.6, Sink_dist=inf
2025-10-07 23:01:59 - orthoroute.algorithms.manhattan.pathfinder.cuda_dijkstra - WARNING -   ROI 24: Near=1, Far=1617, Thresh=6.4, Sink_dist=inf
2025-10-07 23:01:59 - orthoroute.algorithms.manhattan.pathfinder.cuda_dijkstra - WARNING -   ROI 25: Near=1, Far=928, Thresh=5.6, Sink_dist=inf
2025-10-07 23:01:59 - orthoroute.algorithms.manhattan.pathfinder.cuda_dijkstra - WARNING -   ROI 26: Near=1, Far=1249, Thresh=5.9, Sink_dist=inf
2025-10-07 23:01:59 - orthoroute.algorithms.manhattan.pathfinder.cuda_dijkstra - WARNING -   ROI 27: Near=1, Far=826, Thresh=5.6, Sink_dist=inf
2025-10-07 23:01:59 - orthoroute.algorithms.manhattan.pathfinder.cuda_dijkstra - WARNING -   ROI 28: Near=1, Far=1254, Thresh=5.9, Sink_dist=inf
2025-10-07 23:01:59 - orthoroute.algorithms.manhattan.pathfinder.cuda_dijkstra - WARNING -   ROI 29: Near=1, Far=929, Thresh=5.6, Sink_dist=inf
2025-10-07 23:01:59 - orthoroute.algorithms.manhattan.pathfinder.cuda_dijkstra - WARNING -   ROI 30: Near=1, Far=1458, Thresh=6.4, Sink_dist=inf
2025-10-07 23:01:59 - orthoroute.algorithms.manhattan.pathfinder.cuda_dijkstra - WARNING -   ROI 31: Near=1, Far=1183, Thresh=5.8, Sink_dist=inf
2025-10-07 23:02:01 - orthoroute.algorithms.manhattan.pathfinder.cuda_dijkstra - INFO - [DEBUG-GPU] Near-Far iteration 400
2025-10-07 23:02:01 - orthoroute.algorithms.manhattan.pathfinder.cuda_dijkstra - WARNING - [CUDA-NF] Iteration 400: 32/32 ROIs active, Near nodes=36, Far nodes=44124
2025-10-07 23:02:01 - orthoroute.algorithms.manhattan.pathfinder.cuda_dijkstra - WARNING -   ROI 0: Near=2, Far=1558, Thresh=6.8, Sink_dist=inf
2025-10-07 23:02:01 - orthoroute.algorithms.manhattan.pathfinder.cuda_dijkstra - WARNING -   ROI 1: Near=1, Far=899, Thresh=6.0, Sink_dist=inf
2025-10-07 23:02:01 - orthoroute.algorithms.manhattan.pathfinder.cuda_dijkstra - WARNING -   ROI 2: Near=1, Far=1360, Thresh=6.2, Sink_dist=inf
2025-10-07 23:02:01 - orthoroute.algorithms.manhattan.pathfinder.cuda_dijkstra - WARNING -   ROI 3: Near=1, Far=585, Thresh=6.4, Sink_dist=inf
2025-10-07 23:02:01 - orthoroute.algorithms.manhattan.pathfinder.cuda_dijkstra - WARNING -   ROI 4: Near=2, Far=1469, Thresh=6.3, Sink_dist=inf
2025-10-07 23:02:01 - orthoroute.algorithms.manhattan.pathfinder.cuda_dijkstra - WARNING -   ROI 5: Near=1, Far=1150, Thresh=6.0, Sink_dist=inf
2025-10-07 23:02:01 - orthoroute.algorithms.manhattan.pathfinder.cuda_dijkstra - WARNING -   ROI 6: Near=1, Far=1363, Thresh=6.8, Sink_dist=inf
2025-10-07 23:02:01 - orthoroute.algorithms.manhattan.pathfinder.cuda_dijkstra - WARNING -   ROI 7: Near=1, Far=1378, Thresh=6.3, Sink_dist=inf
2025-10-07 23:02:01 - orthoroute.algorithms.manhattan.pathfinder.cuda_dijkstra - WARNING -   ROI 8: Near=1, Far=1360, Thresh=6.2, Sink_dist=inf
2025-10-07 23:02:01 - orthoroute.algorithms.manhattan.pathfinder.cuda_dijkstra - WARNING -   ROI 9: Near=1, Far=1211, Thresh=6.3, Sink_dist=inf
2025-10-07 23:02:01 - orthoroute.algorithms.manhattan.pathfinder.cuda_dijkstra - WARNING -   ROI 10: Near=1, Far=665, Thresh=6.1, Sink_dist=inf
2025-10-07 23:02:01 - orthoroute.algorithms.manhattan.pathfinder.cuda_dijkstra - WARNING -   ROI 11: Near=1, Far=599, Thresh=6.3, Sink_dist=inf
2025-10-07 23:02:01 - orthoroute.algorithms.manhattan.pathfinder.cuda_dijkstra - WARNING -   ROI 12: Near=1, Far=1527, Thresh=6.3, Sink_dist=inf
2025-10-07 23:02:01 - orthoroute.algorithms.manhattan.pathfinder.cuda_dijkstra - WARNING -   ROI 13: Near=1, Far=1950, Thresh=6.8, Sink_dist=inf
2025-10-07 23:02:01 - orthoroute.algorithms.manhattan.pathfinder.cuda_dijkstra - WARNING -   ROI 14: Near=1, Far=1947, Thresh=6.8, Sink_dist=inf
2025-10-07 23:02:01 - orthoroute.algorithms.manhattan.pathfinder.cuda_dijkstra - WARNING -   ROI 15: Near=1, Far=1948, Thresh=6.8, Sink_dist=inf
2025-10-07 23:02:01 - orthoroute.algorithms.manhattan.pathfinder.cuda_dijkstra - WARNING -   ROI 16: Near=1, Far=1535, Thresh=6.3, Sink_dist=inf
2025-10-07 23:02:01 - orthoroute.algorithms.manhattan.pathfinder.cuda_dijkstra - WARNING -   ROI 17: Near=1, Far=1423, Thresh=6.2, Sink_dist=inf
2025-10-07 23:02:01 - orthoroute.algorithms.manhattan.pathfinder.cuda_dijkstra - WARNING -   ROI 18: Near=1, Far=1464, Thresh=6.2, Sink_dist=inf
2025-10-07 23:02:01 - orthoroute.algorithms.manhattan.pathfinder.cuda_dijkstra - WARNING -   ROI 19: Near=2, Far=1747, Thresh=6.8, Sink_dist=inf
2025-10-07 23:02:01 - orthoroute.algorithms.manhattan.pathfinder.cuda_dijkstra - WARNING -   ROI 20: Near=1, Far=1453, Thresh=6.3, Sink_dist=inf
2025-10-07 23:02:01 - orthoroute.algorithms.manhattan.pathfinder.cuda_dijkstra - WARNING -   ROI 21: Near=1, Far=1362, Thresh=6.2, Sink_dist=inf
2025-10-07 23:02:01 - orthoroute.algorithms.manhattan.pathfinder.cuda_dijkstra - WARNING -   ROI 22: Near=1, Far=1423, Thresh=6.2, Sink_dist=inf
2025-10-07 23:02:01 - orthoroute.algorithms.manhattan.pathfinder.cuda_dijkstra - WARNING -   ROI 23: Near=1, Far=1167, Thresh=5.9, Sink_dist=inf
2025-10-07 23:02:01 - orthoroute.algorithms.manhattan.pathfinder.cuda_dijkstra - WARNING -   ROI 24: Near=1, Far=1949, Thresh=6.8, Sink_dist=inf
2025-10-07 23:02:01 - orthoroute.algorithms.manhattan.pathfinder.cuda_dijkstra - WARNING -   ROI 25: Near=1, Far=1169, Thresh=5.9, Sink_dist=inf
2025-10-07 23:02:01 - orthoroute.algorithms.manhattan.pathfinder.cuda_dijkstra - WARNING -   ROI 26: Near=1, Far=1536, Thresh=6.3, Sink_dist=inf
2025-10-07 23:02:01 - orthoroute.algorithms.manhattan.pathfinder.cuda_dijkstra - WARNING -   ROI 27: Near=1, Far=1035, Thresh=5.9, Sink_dist=inf
2025-10-07 23:02:01 - orthoroute.algorithms.manhattan.pathfinder.cuda_dijkstra - WARNING -   ROI 28: Near=1, Far=1537, Thresh=6.3, Sink_dist=inf
2025-10-07 23:02:01 - orthoroute.algorithms.manhattan.pathfinder.cuda_dijkstra - WARNING -   ROI 29: Near=1, Far=1168, Thresh=5.9, Sink_dist=inf
2025-10-07 23:02:01 - orthoroute.algorithms.manhattan.pathfinder.cuda_dijkstra - WARNING -   ROI 30: Near=2, Far=1753, Thresh=6.8, Sink_dist=inf
2025-10-07 23:02:01 - orthoroute.algorithms.manhattan.pathfinder.cuda_dijkstra - WARNING -   ROI 31: Near=1, Far=1434, Thresh=6.2, Sink_dist=inf
2025-10-07 23:02:04 - orthoroute.algorithms.manhattan.pathfinder.cuda_dijkstra - INFO - [DEBUG-GPU] Near-Far iteration 500
2025-10-07 23:02:04 - orthoroute.algorithms.manhattan.pathfinder.cuda_dijkstra - WARNING - [CUDA-NF] Iteration 500: 32/32 ROIs active, Near nodes=33, Far nodes=51318
2025-10-07 23:02:04 - orthoroute.algorithms.manhattan.pathfinder.cuda_dijkstra - WARNING -   ROI 0: Near=1, Far=1855, Thresh=7.1, Sink_dist=inf
2025-10-07 23:02:04 - orthoroute.algorithms.manhattan.pathfinder.cuda_dijkstra - WARNING -   ROI 1: Near=1, Far=1120, Thresh=6.3, Sink_dist=inf
2025-10-07 23:02:04 - orthoroute.algorithms.manhattan.pathfinder.cuda_dijkstra - WARNING -   ROI 2: Near=1, Far=1491, Thresh=6.6, Sink_dist=inf
2025-10-07 23:02:04 - orthoroute.algorithms.manhattan.pathfinder.cuda_dijkstra - WARNING -   ROI 3: Near=1, Far=707, Thresh=6.7, Sink_dist=inf
2025-10-07 23:02:04 - orthoroute.algorithms.manhattan.pathfinder.cuda_dijkstra - WARNING -   ROI 4: Near=1, Far=1621, Thresh=6.7, Sink_dist=inf
2025-10-07 23:02:04 - orthoroute.algorithms.manhattan.pathfinder.cuda_dijkstra - WARNING -   ROI 5: Near=1, Far=1435, Thresh=6.3, Sink_dist=inf
2025-10-07 23:02:04 - orthoroute.algorithms.manhattan.pathfinder.cuda_dijkstra - WARNING -   ROI 6: Near=1, Far=1624, Thresh=7.2, Sink_dist=inf
2025-10-07 23:02:04 - orthoroute.algorithms.manhattan.pathfinder.cuda_dijkstra - WARNING -   ROI 7: Near=1, Far=1528, Thresh=6.6, Sink_dist=inf
2025-10-07 23:02:04 - orthoroute.algorithms.manhattan.pathfinder.cuda_dijkstra - WARNING -   ROI 8: Near=1, Far=1489, Thresh=6.5, Sink_dist=inf
2025-10-07 23:02:04 - orthoroute.algorithms.manhattan.pathfinder.cuda_dijkstra - WARNING -   ROI 9: Near=1, Far=1347, Thresh=6.6, Sink_dist=inf
2025-10-07 23:02:04 - orthoroute.algorithms.manhattan.pathfinder.cuda_dijkstra - WARNING -   ROI 10: Near=1, Far=828, Thresh=6.4, Sink_dist=inf
2025-10-07 23:02:04 - orthoroute.algorithms.manhattan.pathfinder.cuda_dijkstra - WARNING -   ROI 11: Near=1, Far=667, Thresh=6.4, Sink_dist=inf
2025-10-07 23:02:04 - orthoroute.algorithms.manhattan.pathfinder.cuda_dijkstra - WARNING -   ROI 12: Near=1, Far=1730, Thresh=6.7, Sink_dist=inf
2025-10-07 23:02:04 - orthoroute.algorithms.manhattan.pathfinder.cuda_dijkstra - WARNING -   ROI 13: Near=1, Far=2325, Thresh=7.1, Sink_dist=inf
2025-10-07 23:02:04 - orthoroute.algorithms.manhattan.pathfinder.cuda_dijkstra - WARNING -   ROI 14: Near=1, Far=2328, Thresh=7.1, Sink_dist=inf
2025-10-07 23:02:04 - orthoroute.algorithms.manhattan.pathfinder.cuda_dijkstra - WARNING -   ROI 15: Near=1, Far=2328, Thresh=7.1, Sink_dist=inf
2025-10-07 23:02:04 - orthoroute.algorithms.manhattan.pathfinder.cuda_dijkstra - WARNING -   ROI 16: Near=1, Far=1722, Thresh=6.6, Sink_dist=inf
2025-10-07 23:02:04 - orthoroute.algorithms.manhattan.pathfinder.cuda_dijkstra - WARNING -   ROI 17: Near=1, Far=1588, Thresh=6.7, Sink_dist=inf
2025-10-07 23:02:04 - orthoroute.algorithms.manhattan.pathfinder.cuda_dijkstra - WARNING -   ROI 18: Near=1, Far=1625, Thresh=6.6, Sink_dist=inf
2025-10-07 23:02:04 - orthoroute.algorithms.manhattan.pathfinder.cuda_dijkstra - WARNING -   ROI 19: Near=1, Far=2088, Thresh=7.2, Sink_dist=inf
2025-10-07 23:02:04 - orthoroute.algorithms.manhattan.pathfinder.cuda_dijkstra - WARNING -   ROI 20: Near=1, Far=1618, Thresh=6.7, Sink_dist=inf
2025-10-07 23:02:04 - orthoroute.algorithms.manhattan.pathfinder.cuda_dijkstra - WARNING -   ROI 21: Near=1, Far=1511, Thresh=6.6, Sink_dist=inf
2025-10-07 23:02:04 - orthoroute.algorithms.manhattan.pathfinder.cuda_dijkstra - WARNING -   ROI 22: Near=1, Far=1588, Thresh=6.6, Sink_dist=inf
2025-10-07 23:02:04 - orthoroute.algorithms.manhattan.pathfinder.cuda_dijkstra - WARNING -   ROI 23: Near=1, Far=1456, Thresh=6.3, Sink_dist=inf
2025-10-07 23:02:04 - orthoroute.algorithms.manhattan.pathfinder.cuda_dijkstra - WARNING -   ROI 24: Near=1, Far=2327, Thresh=7.1, Sink_dist=inf
2025-10-07 23:02:04 - orthoroute.algorithms.manhattan.pathfinder.cuda_dijkstra - WARNING -   ROI 25: Near=1, Far=1458, Thresh=6.3, Sink_dist=inf
2025-10-07 23:02:04 - orthoroute.algorithms.manhattan.pathfinder.cuda_dijkstra - WARNING -   ROI 26: Near=1, Far=1740, Thresh=6.7, Sink_dist=inf
2025-10-07 23:02:04 - orthoroute.algorithms.manhattan.pathfinder.cuda_dijkstra - WARNING -   ROI 27: Near=1, Far=1291, Thresh=6.3, Sink_dist=inf
2025-10-07 23:02:04 - orthoroute.algorithms.manhattan.pathfinder.cuda_dijkstra - WARNING -   ROI 28: Near=2, Far=1721, Thresh=6.7, Sink_dist=inf
2025-10-07 23:02:04 - orthoroute.algorithms.manhattan.pathfinder.cuda_dijkstra - WARNING -   ROI 29: Near=1, Far=1457, Thresh=6.3, Sink_dist=inf
2025-10-07 23:02:04 - orthoroute.algorithms.manhattan.pathfinder.cuda_dijkstra - WARNING -   ROI 30: Near=1, Far=2090, Thresh=7.1, Sink_dist=inf
2025-10-07 23:02:04 - orthoroute.algorithms.manhattan.pathfinder.cuda_dijkstra - WARNING -   ROI 31: Near=1, Far=1615, Thresh=6.6, Sink_dist=inf
2025-10-07 23:02:06 - orthoroute.algorithms.manhattan.pathfinder.cuda_dijkstra - INFO - [DEBUG-GPU] Near-Far iteration 600
2025-10-07 23:02:06 - orthoroute.algorithms.manhattan.pathfinder.cuda_dijkstra - WARNING - [CUDA-NF] Iteration 600: 32/32 ROIs active, Near nodes=34, Far nodes=54959
2025-10-07 23:02:06 - orthoroute.algorithms.manhattan.pathfinder.cuda_dijkstra - WARNING -   ROI 0: Near=1, Far=1864, Thresh=7.4, Sink_dist=inf
2025-10-07 23:02:06 - orthoroute.algorithms.manhattan.pathfinder.cuda_dijkstra - WARNING -   ROI 1: Near=1, Far=1319, Thresh=6.7, Sink_dist=inf
2025-10-07 23:02:06 - orthoroute.algorithms.manhattan.pathfinder.cuda_dijkstra - WARNING -   ROI 2: Near=1, Far=1794, Thresh=6.8, Sink_dist=inf
2025-10-07 23:02:06 - orthoroute.algorithms.manhattan.pathfinder.cuda_dijkstra - WARNING -   ROI 3: Near=1, Far=847, Thresh=7.1, Sink_dist=inf
2025-10-07 23:02:06 - orthoroute.algorithms.manhattan.pathfinder.cuda_dijkstra - WARNING -   ROI 4: Near=1, Far=1770, Thresh=6.8, Sink_dist=inf
2025-10-07 23:02:06 - orthoroute.algorithms.manhattan.pathfinder.cuda_dijkstra - WARNING -   ROI 5: Near=2, Far=1628, Thresh=6.6, Sink_dist=inf
2025-10-07 23:02:06 - orthoroute.algorithms.manhattan.pathfinder.cuda_dijkstra - WARNING -   ROI 6: Near=1, Far=1733, Thresh=7.5, Sink_dist=inf
2025-10-07 23:02:06 - orthoroute.algorithms.manhattan.pathfinder.cuda_dijkstra - WARNING -   ROI 7: Near=1, Far=1596, Thresh=6.9, Sink_dist=inf
2025-10-07 23:02:06 - orthoroute.algorithms.manhattan.pathfinder.cuda_dijkstra - WARNING -   ROI 8: Near=1, Far=1804, Thresh=6.7, Sink_dist=inf
2025-10-07 23:02:06 - orthoroute.algorithms.manhattan.pathfinder.cuda_dijkstra - WARNING -   ROI 9: Near=1, Far=1396, Thresh=6.9, Sink_dist=inf
2025-10-07 23:02:06 - orthoroute.algorithms.manhattan.pathfinder.cuda_dijkstra - WARNING -   ROI 10: Near=1, Far=1021, Thresh=6.7, Sink_dist=inf
2025-10-07 23:02:06 - orthoroute.algorithms.manhattan.pathfinder.cuda_dijkstra - WARNING -   ROI 11: Near=1, Far=827, Thresh=6.8, Sink_dist=inf
2025-10-07 23:02:06 - orthoroute.algorithms.manhattan.pathfinder.cuda_dijkstra - WARNING -   ROI 12: Near=1, Far=1791, Thresh=6.9, Sink_dist=inf
2025-10-07 23:02:06 - orthoroute.algorithms.manhattan.pathfinder.cuda_dijkstra - WARNING -   ROI 13: Near=1, Far=2344, Thresh=7.4, Sink_dist=inf
2025-10-07 23:02:06 - orthoroute.algorithms.manhattan.pathfinder.cuda_dijkstra - WARNING -   ROI 14: Near=1, Far=2311, Thresh=7.4, Sink_dist=inf
2025-10-07 23:02:06 - orthoroute.algorithms.manhattan.pathfinder.cuda_dijkstra - WARNING -   ROI 15: Near=1, Far=2300, Thresh=7.4, Sink_dist=inf
2025-10-07 23:02:06 - orthoroute.algorithms.manhattan.pathfinder.cuda_dijkstra - WARNING -   ROI 16: Near=1, Far=1791, Thresh=6.9, Sink_dist=inf
2025-10-07 23:02:06 - orthoroute.algorithms.manhattan.pathfinder.cuda_dijkstra - WARNING -   ROI 17: Near=1, Far=1805, Thresh=6.8, Sink_dist=inf
2025-10-07 23:02:06 - orthoroute.algorithms.manhattan.pathfinder.cuda_dijkstra - WARNING -   ROI 18: Near=1, Far=1770, Thresh=6.8, Sink_dist=inf
2025-10-07 23:02:06 - orthoroute.algorithms.manhattan.pathfinder.cuda_dijkstra - WARNING -   ROI 19: Near=1, Far=2103, Thresh=7.5, Sink_dist=inf
2025-10-07 23:02:06 - orthoroute.algorithms.manhattan.pathfinder.cuda_dijkstra - WARNING -   ROI 20: Near=1, Far=1799, Thresh=6.8, Sink_dist=inf
2025-10-07 23:02:06 - orthoroute.algorithms.manhattan.pathfinder.cuda_dijkstra - WARNING -   ROI 21: Near=1, Far=1792, Thresh=6.8, Sink_dist=inf
2025-10-07 23:02:06 - orthoroute.algorithms.manhattan.pathfinder.cuda_dijkstra - WARNING -   ROI 22: Near=1, Far=1805, Thresh=6.8, Sink_dist=inf
2025-10-07 23:02:06 - orthoroute.algorithms.manhattan.pathfinder.cuda_dijkstra - WARNING -   ROI 23: Near=1, Far=1537, Thresh=6.7, Sink_dist=inf
2025-10-07 23:02:06 - orthoroute.algorithms.manhattan.pathfinder.cuda_dijkstra - WARNING -   ROI 24: Near=2, Far=2310, Thresh=7.4, Sink_dist=inf
2025-10-07 23:02:06 - orthoroute.algorithms.manhattan.pathfinder.cuda_dijkstra - WARNING -   ROI 25: Near=1, Far=1501, Thresh=6.6, Sink_dist=inf
2025-10-07 23:02:06 - orthoroute.algorithms.manhattan.pathfinder.cuda_dijkstra - WARNING -   ROI 26: Near=1, Far=1785, Thresh=7.0, Sink_dist=inf
2025-10-07 23:02:06 - orthoroute.algorithms.manhattan.pathfinder.cuda_dijkstra - WARNING -   ROI 27: Near=1, Far=1378, Thresh=6.6, Sink_dist=inf
2025-10-07 23:02:06 - orthoroute.algorithms.manhattan.pathfinder.cuda_dijkstra - WARNING -   ROI 28: Near=1, Far=1792, Thresh=6.9, Sink_dist=inf
2025-10-07 23:02:06 - orthoroute.algorithms.manhattan.pathfinder.cuda_dijkstra - WARNING -   ROI 29: Near=1, Far=1557, Thresh=6.7, Sink_dist=inf
2025-10-07 23:02:06 - orthoroute.algorithms.manhattan.pathfinder.cuda_dijkstra - WARNING -   ROI 30: Near=1, Far=2119, Thresh=7.5, Sink_dist=inf
2025-10-07 23:02:06 - orthoroute.algorithms.manhattan.pathfinder.cuda_dijkstra - WARNING -   ROI 31: Near=1, Far=1770, Thresh=6.8, Sink_dist=inf
2025-10-07 23:02:08 - orthoroute.algorithms.manhattan.pathfinder.cuda_dijkstra - INFO - [DEBUG-GPU] Near-Far iteration 700
2025-10-07 23:02:08 - orthoroute.algorithms.manhattan.pathfinder.cuda_dijkstra - WARNING - [CUDA-NF] Iteration 700: 32/32 ROIs active, Near nodes=33, Far nodes=62401
2025-10-07 23:02:08 - orthoroute.algorithms.manhattan.pathfinder.cuda_dijkstra - WARNING -   ROI 0: Near=1, Far=2088, Thresh=7.6, Sink_dist=inf
2025-10-07 23:02:08 - orthoroute.algorithms.manhattan.pathfinder.cuda_dijkstra - WARNING -   ROI 1: Near=1, Far=1281, Thresh=6.8, Sink_dist=inf
2025-10-07 23:02:08 - orthoroute.algorithms.manhattan.pathfinder.cuda_dijkstra - WARNING -   ROI 2: Near=1, Far=1987, Thresh=7.1, Sink_dist=inf
2025-10-07 23:02:08 - orthoroute.algorithms.manhattan.pathfinder.cuda_dijkstra - WARNING -   ROI 3: Near=1, Far=915, Thresh=7.5, Sink_dist=inf
2025-10-07 23:02:08 - orthoroute.algorithms.manhattan.pathfinder.cuda_dijkstra - WARNING -   ROI 4: Near=1, Far=2125, Thresh=7.1, Sink_dist=inf
2025-10-07 23:02:08 - orthoroute.algorithms.manhattan.pathfinder.cuda_dijkstra - WARNING -   ROI 5: Near=1, Far=1665, Thresh=6.8, Sink_dist=inf
2025-10-07 23:02:08 - orthoroute.algorithms.manhattan.pathfinder.cuda_dijkstra - WARNING -   ROI 6: Near=1, Far=1810, Thresh=7.7, Sink_dist=inf
2025-10-07 23:02:08 - orthoroute.algorithms.manhattan.pathfinder.cuda_dijkstra - WARNING -   ROI 7: Near=1, Far=1919, Thresh=7.1, Sink_dist=inf
2025-10-07 23:02:08 - orthoroute.algorithms.manhattan.pathfinder.cuda_dijkstra - WARNING -   ROI 8: Near=1, Far=1955, Thresh=7.0, Sink_dist=inf
2025-10-07 23:02:08 - orthoroute.algorithms.manhattan.pathfinder.cuda_dijkstra - WARNING -   ROI 9: Near=1, Far=1692, Thresh=7.1, Sink_dist=inf
2025-10-07 23:02:08 - orthoroute.algorithms.manhattan.pathfinder.cuda_dijkstra - WARNING -   ROI 10: Near=1, Far=1029, Thresh=7.1, Sink_dist=inf
2025-10-07 23:02:08 - orthoroute.algorithms.manhattan.pathfinder.cuda_dijkstra - WARNING -   ROI 11: Near=1, Far=879, Thresh=7.1, Sink_dist=inf
2025-10-07 23:02:08 - orthoroute.algorithms.manhattan.pathfinder.cuda_dijkstra - WARNING -   ROI 12: Near=1, Far=2152, Thresh=7.1, Sink_dist=inf
2025-10-07 23:02:08 - orthoroute.algorithms.manhattan.pathfinder.cuda_dijkstra - WARNING -   ROI 13: Near=1, Far=2649, Thresh=7.6, Sink_dist=inf
2025-10-07 23:02:08 - orthoroute.algorithms.manhattan.pathfinder.cuda_dijkstra - WARNING -   ROI 14: Near=1, Far=2649, Thresh=7.6, Sink_dist=inf
2025-10-07 23:02:08 - orthoroute.algorithms.manhattan.pathfinder.cuda_dijkstra - WARNING -   ROI 15: Near=2, Far=2650, Thresh=7.6, Sink_dist=inf
2025-10-07 23:02:08 - orthoroute.algorithms.manhattan.pathfinder.cuda_dijkstra - WARNING -   ROI 16: Near=1, Far=2153, Thresh=7.1, Sink_dist=inf
2025-10-07 23:02:08 - orthoroute.algorithms.manhattan.pathfinder.cuda_dijkstra - WARNING -   ROI 17: Near=1, Far=2109, Thresh=7.1, Sink_dist=inf
2025-10-07 23:02:08 - orthoroute.algorithms.manhattan.pathfinder.cuda_dijkstra - WARNING -   ROI 18: Near=1, Far=2129, Thresh=7.1, Sink_dist=inf
2025-10-07 23:02:08 - orthoroute.algorithms.manhattan.pathfinder.cuda_dijkstra - WARNING -   ROI 19: Near=1, Far=2364, Thresh=7.6, Sink_dist=inf
2025-10-07 23:02:08 - orthoroute.algorithms.manhattan.pathfinder.cuda_dijkstra - WARNING -   ROI 20: Near=1, Far=2119, Thresh=7.1, Sink_dist=inf
2025-10-07 23:02:08 - orthoroute.algorithms.manhattan.pathfinder.cuda_dijkstra - WARNING -   ROI 21: Near=1, Far=1989, Thresh=7.0, Sink_dist=inf
2025-10-07 23:02:08 - orthoroute.algorithms.manhattan.pathfinder.cuda_dijkstra - WARNING -   ROI 22: Near=1, Far=2099, Thresh=7.1, Sink_dist=inf
2025-10-07 23:02:08 - orthoroute.algorithms.manhattan.pathfinder.cuda_dijkstra - WARNING -   ROI 23: Near=1, Far=1689, Thresh=6.8, Sink_dist=inf
2025-10-07 23:02:08 - orthoroute.algorithms.manhattan.pathfinder.cuda_dijkstra - WARNING -   ROI 24: Near=1, Far=2650, Thresh=7.6, Sink_dist=inf
2025-10-07 23:02:08 - orthoroute.algorithms.manhattan.pathfinder.cuda_dijkstra - WARNING -   ROI 25: Near=1, Far=1692, Thresh=6.7, Sink_dist=inf
2025-10-07 23:02:08 - orthoroute.algorithms.manhattan.pathfinder.cuda_dijkstra - WARNING -   ROI 26: Near=1, Far=2146, Thresh=7.1, Sink_dist=inf
2025-10-07 23:02:08 - orthoroute.algorithms.manhattan.pathfinder.cuda_dijkstra - WARNING -   ROI 27: Near=1, Far=1488, Thresh=6.8, Sink_dist=inf
2025-10-07 23:02:08 - orthoroute.algorithms.manhattan.pathfinder.cuda_dijkstra - WARNING -   ROI 28: Near=1, Far=2151, Thresh=7.1, Sink_dist=inf
2025-10-07 23:02:08 - orthoroute.algorithms.manhattan.pathfinder.cuda_dijkstra - WARNING -   ROI 29: Near=1, Far=1690, Thresh=6.7, Sink_dist=inf
2025-10-07 23:02:08 - orthoroute.algorithms.manhattan.pathfinder.cuda_dijkstra - WARNING -   ROI 30: Near=1, Far=2369, Thresh=7.6, Sink_dist=inf
2025-10-07 23:02:08 - orthoroute.algorithms.manhattan.pathfinder.cuda_dijkstra - WARNING -   ROI 31: Near=1, Far=2119, Thresh=7.1, Sink_dist=inf
2025-10-07 23:02:11 - orthoroute.algorithms.manhattan.pathfinder.cuda_dijkstra - INFO - [DEBUG-GPU] Near-Far iteration 800
2025-10-07 23:02:11 - orthoroute.algorithms.manhattan.pathfinder.cuda_dijkstra - WARNING - [CUDA-NF] Iteration 800: 32/32 ROIs active, Near nodes=32, Far nodes=65832
2025-10-07 23:02:11 - orthoroute.algorithms.manhattan.pathfinder.cuda_dijkstra - WARNING -   ROI 0: Near=1, Far=2340, Thresh=7.9, Sink_dist=inf
2025-10-07 23:02:11 - orthoroute.algorithms.manhattan.pathfinder.cuda_dijkstra - WARNING -   ROI 1: Near=1, Far=1586, Thresh=7.1, Sink_dist=inf
2025-10-07 23:02:11 - orthoroute.algorithms.manhattan.pathfinder.cuda_dijkstra - WARNING -   ROI 2: Near=1, Far=2076, Thresh=7.2, Sink_dist=inf
2025-10-07 23:02:11 - orthoroute.algorithms.manhattan.pathfinder.cuda_dijkstra - WARNING -   ROI 3: Near=1, Far=907, Thresh=7.6, Sink_dist=inf
2025-10-07 23:02:11 - orthoroute.algorithms.manhattan.pathfinder.cuda_dijkstra - WARNING -   ROI 4: Near=1, Far=2046, Thresh=7.3, Sink_dist=inf
2025-10-07 23:02:11 - orthoroute.algorithms.manhattan.pathfinder.cuda_dijkstra - WARNING -   ROI 5: Near=1, Far=1981, Thresh=7.1, Sink_dist=inf
2025-10-07 23:02:11 - orthoroute.algorithms.manhattan.pathfinder.cuda_dijkstra - WARNING -   ROI 6: Near=1, Far=2141, Thresh=8.0, Sink_dist=inf
2025-10-07 23:02:11 - orthoroute.algorithms.manhattan.pathfinder.cuda_dijkstra - WARNING -   ROI 7: Near=1, Far=1884, Thresh=7.4, Sink_dist=inf
2025-10-07 23:02:11 - orthoroute.algorithms.manhattan.pathfinder.cuda_dijkstra - WARNING -   ROI 8: Near=1, Far=2087, Thresh=7.2, Sink_dist=inf
2025-10-07 23:02:11 - orthoroute.algorithms.manhattan.pathfinder.cuda_dijkstra - WARNING -   ROI 9: Near=1, Far=1647, Thresh=7.4, Sink_dist=inf
2025-10-07 23:02:11 - orthoroute.algorithms.manhattan.pathfinder.cuda_dijkstra - WARNING -   ROI 10: Near=1, Far=1147, Thresh=7.2, Sink_dist=inf
2025-10-07 23:02:11 - orthoroute.algorithms.manhattan.pathfinder.cuda_dijkstra - WARNING -   ROI 11: Near=1, Far=910, Thresh=7.2, Sink_dist=inf
2025-10-07 23:02:11 - orthoroute.algorithms.manhattan.pathfinder.cuda_dijkstra - WARNING -   ROI 12: Near=1, Far=2115, Thresh=7.4, Sink_dist=inf
2025-10-07 23:02:11 - orthoroute.algorithms.manhattan.pathfinder.cuda_dijkstra - WARNING -   ROI 13: Near=1, Far=2942, Thresh=7.9, Sink_dist=inf
2025-10-07 23:02:11 - orthoroute.algorithms.manhattan.pathfinder.cuda_dijkstra - WARNING -   ROI 14: Near=1, Far=2942, Thresh=7.8, Sink_dist=inf
2025-10-07 23:02:11 - orthoroute.algorithms.manhattan.pathfinder.cuda_dijkstra - WARNING -   ROI 15: Near=1, Far=2931, Thresh=7.9, Sink_dist=inf
2025-10-07 23:02:11 - orthoroute.algorithms.manhattan.pathfinder.cuda_dijkstra - WARNING -   ROI 16: Near=1, Far=2085, Thresh=7.4, Sink_dist=inf
2025-10-07 23:02:11 - orthoroute.algorithms.manhattan.pathfinder.cuda_dijkstra - WARNING -   ROI 17: Near=1, Far=2084, Thresh=7.2, Sink_dist=inf
2025-10-07 23:02:11 - orthoroute.algorithms.manhattan.pathfinder.cuda_dijkstra - WARNING -   ROI 18: Near=1, Far=2049, Thresh=7.2, Sink_dist=inf
2025-10-07 23:02:11 - orthoroute.algorithms.manhattan.pathfinder.cuda_dijkstra - WARNING -   ROI 19: Near=1, Far=2635, Thresh=7.9, Sink_dist=inf
2025-10-07 23:02:11 - orthoroute.algorithms.manhattan.pathfinder.cuda_dijkstra - WARNING -   ROI 20: Near=1, Far=2083, Thresh=7.3, Sink_dist=inf
2025-10-07 23:02:11 - orthoroute.algorithms.manhattan.pathfinder.cuda_dijkstra - WARNING -   ROI 21: Near=1, Far=2075, Thresh=7.2, Sink_dist=inf
2025-10-07 23:02:11 - orthoroute.algorithms.manhattan.pathfinder.cuda_dijkstra - WARNING -   ROI 22: Near=1, Far=2086, Thresh=7.2, Sink_dist=inf
2025-10-07 23:02:11 - orthoroute.algorithms.manhattan.pathfinder.cuda_dijkstra - WARNING -   ROI 23: Near=1, Far=1857, Thresh=7.1, Sink_dist=inf
2025-10-07 23:02:11 - orthoroute.algorithms.manhattan.pathfinder.cuda_dijkstra - WARNING -   ROI 24: Near=1, Far=2876, Thresh=7.9, Sink_dist=inf
2025-10-07 23:02:11 - orthoroute.algorithms.manhattan.pathfinder.cuda_dijkstra - WARNING -   ROI 25: Near=1, Far=1821, Thresh=7.0, Sink_dist=inf
2025-10-07 23:02:11 - orthoroute.algorithms.manhattan.pathfinder.cuda_dijkstra - WARNING -   ROI 26: Near=1, Far=2135, Thresh=7.4, Sink_dist=inf
2025-10-07 23:02:11 - orthoroute.algorithms.manhattan.pathfinder.cuda_dijkstra - WARNING -   ROI 27: Near=1, Far=1693, Thresh=7.1, Sink_dist=inf
2025-10-07 23:02:11 - orthoroute.algorithms.manhattan.pathfinder.cuda_dijkstra - WARNING -   ROI 28: Near=1, Far=2115, Thresh=7.4, Sink_dist=inf
2025-10-07 23:02:11 - orthoroute.algorithms.manhattan.pathfinder.cuda_dijkstra - WARNING -   ROI 29: Near=1, Far=1917, Thresh=7.1, Sink_dist=inf
2025-10-07 23:02:11 - orthoroute.algorithms.manhattan.pathfinder.cuda_dijkstra - WARNING -   ROI 30: Near=1, Far=2589, Thresh=7.9, Sink_dist=inf
2025-10-07 23:02:11 - orthoroute.algorithms.manhattan.pathfinder.cuda_dijkstra - WARNING -   ROI 31: Near=1, Far=2050, Thresh=7.2, Sink_dist=inf
2025-10-07 23:02:13 - orthoroute.algorithms.manhattan.pathfinder.cuda_dijkstra - INFO - [DEBUG-GPU] Near-Far iteration 900
2025-10-07 23:02:13 - orthoroute.algorithms.manhattan.pathfinder.cuda_dijkstra - WARNING - [CUDA-NF] Iteration 900: 32/32 ROIs active, Near nodes=33, Far nodes=71771
2025-10-07 23:02:13 - orthoroute.algorithms.manhattan.pathfinder.cuda_dijkstra - WARNING -   ROI 0: Near=1, Far=2362, Thresh=8.0, Sink_dist=inf
2025-10-07 23:02:13 - orthoroute.algorithms.manhattan.pathfinder.cuda_dijkstra - WARNING -   ROI 1: Near=1, Far=1483, Thresh=7.2, Sink_dist=inf
2025-10-07 23:02:13 - orthoroute.algorithms.manhattan.pathfinder.cuda_dijkstra - WARNING -   ROI 2: Near=1, Far=2273, Thresh=7.5, Sink_dist=inf
2025-10-07 23:02:13 - orthoroute.algorithms.manhattan.pathfinder.cuda_dijkstra - WARNING -   ROI 3: Near=1, Far=1079, Thresh=7.9, Sink_dist=inf
2025-10-07 23:02:13 - orthoroute.algorithms.manhattan.pathfinder.cuda_dijkstra - WARNING -   ROI 4: Near=1, Far=2429, Thresh=7.5, Sink_dist=inf
2025-10-07 23:02:13 - orthoroute.algorithms.manhattan.pathfinder.cuda_dijkstra - WARNING -   ROI 5: Near=1, Far=1944, Thresh=7.2, Sink_dist=inf
2025-10-07 23:02:13 - orthoroute.algorithms.manhattan.pathfinder.cuda_dijkstra - WARNING -   ROI 6: Near=1, Far=2036, Thresh=8.1, Sink_dist=inf
2025-10-07 23:02:13 - orthoroute.algorithms.manhattan.pathfinder.cuda_dijkstra - WARNING -   ROI 7: Near=1, Far=2200, Thresh=7.5, Sink_dist=inf
2025-10-07 23:02:13 - orthoroute.algorithms.manhattan.pathfinder.cuda_dijkstra - WARNING -   ROI 8: Near=1, Far=2241, Thresh=7.5, Sink_dist=inf
2025-10-07 23:02:13 - orthoroute.algorithms.manhattan.pathfinder.cuda_dijkstra - WARNING -   ROI 9: Near=1, Far=1933, Thresh=7.5, Sink_dist=inf
2025-10-07 23:02:13 - orthoroute.algorithms.manhattan.pathfinder.cuda_dijkstra - WARNING -   ROI 10: Near=1, Far=1233, Thresh=7.5, Sink_dist=inf
2025-10-07 23:02:13 - orthoroute.algorithms.manhattan.pathfinder.cuda_dijkstra - WARNING -   ROI 11: Near=1, Far=1042, Thresh=7.5, Sink_dist=inf
2025-10-07 23:02:13 - orthoroute.algorithms.manhattan.pathfinder.cuda_dijkstra - WARNING -   ROI 12: Near=2, Far=2476, Thresh=7.6, Sink_dist=inf
2025-10-07 23:02:13 - orthoroute.algorithms.manhattan.pathfinder.cuda_dijkstra - WARNING -   ROI 13: Near=1, Far=3017, Thresh=8.0, Sink_dist=inf
2025-10-07 23:02:13 - orthoroute.algorithms.manhattan.pathfinder.cuda_dijkstra - WARNING -   ROI 14: Near=1, Far=3030, Thresh=8.0, Sink_dist=inf
2025-10-07 23:02:13 - orthoroute.algorithms.manhattan.pathfinder.cuda_dijkstra - WARNING -   ROI 15: Near=1, Far=3030, Thresh=8.0, Sink_dist=inf
2025-10-07 23:02:13 - orthoroute.algorithms.manhattan.pathfinder.cuda_dijkstra - WARNING -   ROI 16: Near=1, Far=2481, Thresh=7.5, Sink_dist=inf
2025-10-07 23:02:13 - orthoroute.algorithms.manhattan.pathfinder.cuda_dijkstra - WARNING -   ROI 17: Near=1, Far=2453, Thresh=7.5, Sink_dist=inf
2025-10-07 23:02:13 - orthoroute.algorithms.manhattan.pathfinder.cuda_dijkstra - WARNING -   ROI 18: Near=1, Far=2433, Thresh=7.5, Sink_dist=inf
2025-10-07 23:02:13 - orthoroute.algorithms.manhattan.pathfinder.cuda_dijkstra - WARNING -   ROI 19: Near=1, Far=2685, Thresh=8.1, Sink_dist=inf
2025-10-07 23:02:13 - orthoroute.algorithms.manhattan.pathfinder.cuda_dijkstra - WARNING -   ROI 20: Near=1, Far=2463, Thresh=7.5, Sink_dist=inf
2025-10-07 23:02:13 - orthoroute.algorithms.manhattan.pathfinder.cuda_dijkstra - WARNING -   ROI 21: Near=1, Far=2283, Thresh=7.5, Sink_dist=inf
2025-10-07 23:02:13 - orthoroute.algorithms.manhattan.pathfinder.cuda_dijkstra - WARNING -   ROI 22: Near=1, Far=2453, Thresh=7.5, Sink_dist=inf
2025-10-07 23:02:13 - orthoroute.algorithms.manhattan.pathfinder.cuda_dijkstra - WARNING -   ROI 23: Near=1, Far=1970, Thresh=7.2, Sink_dist=inf
2025-10-07 23:02:13 - orthoroute.algorithms.manhattan.pathfinder.cuda_dijkstra - WARNING -   ROI 24: Near=1, Far=3022, Thresh=8.0, Sink_dist=inf
2025-10-07 23:02:13 - orthoroute.algorithms.manhattan.pathfinder.cuda_dijkstra - WARNING -   ROI 25: Near=1, Far=1974, Thresh=7.1, Sink_dist=inf
2025-10-07 23:02:13 - orthoroute.algorithms.manhattan.pathfinder.cuda_dijkstra - WARNING -   ROI 26: Near=1, Far=2472, Thresh=7.6, Sink_dist=inf
2025-10-07 23:02:13 - orthoroute.algorithms.manhattan.pathfinder.cuda_dijkstra - WARNING -   ROI 27: Near=1, Far=1729, Thresh=7.2, Sink_dist=inf
2025-10-07 23:02:13 - orthoroute.algorithms.manhattan.pathfinder.cuda_dijkstra - WARNING -   ROI 28: Near=1, Far=2480, Thresh=7.5, Sink_dist=inf
2025-10-07 23:02:13 - orthoroute.algorithms.manhattan.pathfinder.cuda_dijkstra - WARNING -   ROI 29: Near=1, Far=1971, Thresh=7.2, Sink_dist=inf
2025-10-07 23:02:13 - orthoroute.algorithms.manhattan.pathfinder.cuda_dijkstra - WARNING -   ROI 30: Near=1, Far=2691, Thresh=8.0, Sink_dist=inf
2025-10-07 23:02:13 - orthoroute.algorithms.manhattan.pathfinder.cuda_dijkstra - WARNING -   ROI 31: Near=1, Far=2403, Thresh=7.5, Sink_dist=inf
2025-10-07 23:02:15 - orthoroute.algorithms.manhattan.pathfinder.cuda_dijkstra - INFO - [DEBUG-GPU] Near-Far iteration 1000
2025-10-07 23:02:15 - orthoroute.algorithms.manhattan.pathfinder.cuda_dijkstra - WARNING - [CUDA-NF] Iteration 1000: 32/32 ROIs active, Near nodes=32, Far nodes=73385
2025-10-07 23:02:15 - orthoroute.algorithms.manhattan.pathfinder.cuda_dijkstra - WARNING -   ROI 0: Near=1, Far=2525, Thresh=8.2, Sink_dist=inf
2025-10-07 23:02:15 - orthoroute.algorithms.manhattan.pathfinder.cuda_dijkstra - WARNING -   ROI 1: Near=1, Far=1789, Thresh=7.5, Sink_dist=inf
2025-10-07 23:02:15 - orthoroute.algorithms.manhattan.pathfinder.cuda_dijkstra - WARNING -   ROI 2: Near=1, Far=2405, Thresh=7.6, Sink_dist=inf
2025-10-07 23:02:15 - orthoroute.algorithms.manhattan.pathfinder.cuda_dijkstra - WARNING -   ROI 3: Near=1, Far=990, Thresh=8.0, Sink_dist=inf
2025-10-07 23:02:15 - orthoroute.algorithms.manhattan.pathfinder.cuda_dijkstra - WARNING -   ROI 4: Near=1, Far=2370, Thresh=7.6, Sink_dist=inf
2025-10-07 23:02:15 - orthoroute.algorithms.manhattan.pathfinder.cuda_dijkstra - WARNING -   ROI 5: Near=1, Far=2121, Thresh=7.5, Sink_dist=inf
2025-10-07 23:02:15 - orthoroute.algorithms.manhattan.pathfinder.cuda_dijkstra - WARNING -   ROI 6: Near=1, Far=2404, Thresh=8.4, Sink_dist=inf
2025-10-07 23:02:15 - orthoroute.algorithms.manhattan.pathfinder.cuda_dijkstra - WARNING -   ROI 7: Near=1, Far=2119, Thresh=7.7, Sink_dist=inf
2025-10-07 23:02:15 - orthoroute.algorithms.manhattan.pathfinder.cuda_dijkstra - WARNING -   ROI 8: Near=1, Far=2417, Thresh=7.6, Sink_dist=inf
2025-10-07 23:02:15 - orthoroute.algorithms.manhattan.pathfinder.cuda_dijkstra - WARNING -   ROI 9: Near=1, Far=1851, Thresh=7.7, Sink_dist=inf
2025-10-07 23:02:15 - orthoroute.algorithms.manhattan.pathfinder.cuda_dijkstra - WARNING -   ROI 10: Near=1, Far=1304, Thresh=7.6, Sink_dist=inf
2025-10-07 23:02:15 - orthoroute.algorithms.manhattan.pathfinder.cuda_dijkstra - WARNING -   ROI 11: Near=1, Far=1024, Thresh=7.6, Sink_dist=inf
2025-10-07 23:02:15 - orthoroute.algorithms.manhattan.pathfinder.cuda_dijkstra - WARNING -   ROI 12: Near=1, Far=2393, Thresh=7.8, Sink_dist=inf
2025-10-07 23:02:15 - orthoroute.algorithms.manhattan.pathfinder.cuda_dijkstra - WARNING -   ROI 13: Near=1, Far=3155, Thresh=8.3, Sink_dist=inf
2025-10-07 23:02:15 - orthoroute.algorithms.manhattan.pathfinder.cuda_dijkstra - WARNING -   ROI 14: Near=1, Far=3133, Thresh=8.2, Sink_dist=inf
2025-10-07 23:02:15 - orthoroute.algorithms.manhattan.pathfinder.cuda_dijkstra - WARNING -   ROI 15: Near=1, Far=3133, Thresh=8.2, Sink_dist=inf
2025-10-07 23:02:15 - orthoroute.algorithms.manhattan.pathfinder.cuda_dijkstra - WARNING -   ROI 16: Near=1, Far=2403, Thresh=7.7, Sink_dist=inf
2025-10-07 23:02:15 - orthoroute.algorithms.manhattan.pathfinder.cuda_dijkstra - WARNING -   ROI 17: Near=1, Far=2414, Thresh=7.6, Sink_dist=inf
2025-10-07 23:02:15 - orthoroute.algorithms.manhattan.pathfinder.cuda_dijkstra - WARNING -   ROI 18: Near=1, Far=2377, Thresh=7.6, Sink_dist=inf
2025-10-07 23:02:15 - orthoroute.algorithms.manhattan.pathfinder.cuda_dijkstra - WARNING -   ROI 19: Near=1, Far=2857, Thresh=8.3, Sink_dist=inf
2025-10-07 23:02:15 - orthoroute.algorithms.manhattan.pathfinder.cuda_dijkstra - WARNING -   ROI 20: Near=1, Far=2414, Thresh=7.6, Sink_dist=inf
2025-10-07 23:02:15 - orthoroute.algorithms.manhattan.pathfinder.cuda_dijkstra - WARNING -   ROI 21: Near=1, Far=2405, Thresh=7.6, Sink_dist=inf
2025-10-07 23:02:15 - orthoroute.algorithms.manhattan.pathfinder.cuda_dijkstra - WARNING -   ROI 22: Near=1, Far=2417, Thresh=7.6, Sink_dist=inf
2025-10-07 23:02:15 - orthoroute.algorithms.manhattan.pathfinder.cuda_dijkstra - WARNING -   ROI 23: Near=1, Far=2027, Thresh=7.5, Sink_dist=inf
2025-10-07 23:02:15 - orthoroute.algorithms.manhattan.pathfinder.cuda_dijkstra - WARNING -   ROI 24: Near=1, Far=3089, Thresh=8.3, Sink_dist=inf
2025-10-07 23:02:15 - orthoroute.algorithms.manhattan.pathfinder.cuda_dijkstra - WARNING -   ROI 25: Near=1, Far=1981, Thresh=7.4, Sink_dist=inf
2025-10-07 23:02:15 - orthoroute.algorithms.manhattan.pathfinder.cuda_dijkstra - WARNING -   ROI 26: Near=1, Far=2392, Thresh=7.8, Sink_dist=inf
2025-10-07 23:02:15 - orthoroute.algorithms.manhattan.pathfinder.cuda_dijkstra - WARNING -   ROI 27: Near=1, Far=1821, Thresh=7.5, Sink_dist=inf
2025-10-07 23:02:15 - orthoroute.algorithms.manhattan.pathfinder.cuda_dijkstra - WARNING -   ROI 28: Near=1, Far=2399, Thresh=7.7, Sink_dist=inf
2025-10-07 23:02:15 - orthoroute.algorithms.manhattan.pathfinder.cuda_dijkstra - WARNING -   ROI 29: Near=1, Far=2057, Thresh=7.5, Sink_dist=inf
2025-10-07 23:02:15 - orthoroute.algorithms.manhattan.pathfinder.cuda_dijkstra - WARNING -   ROI 30: Near=1, Far=2821, Thresh=8.3, Sink_dist=inf
2025-10-07 23:02:15 - orthoroute.algorithms.manhattan.pathfinder.cuda_dijkstra - WARNING -   ROI 31: Near=1, Far=2378, Thresh=7.6, Sink_dist=inf
2025-10-07 23:02:17 - orthoroute.algorithms.manhattan.pathfinder.cuda_dijkstra - INFO - [DEBUG-GPU] Near-Far iteration 1100
2025-10-07 23:02:17 - orthoroute.algorithms.manhattan.pathfinder.cuda_dijkstra - WARNING - [CUDA-NF] Iteration 1100: 32/32 ROIs active, Near nodes=34, Far nodes=80177
2025-10-07 23:02:17 - orthoroute.algorithms.manhattan.pathfinder.cuda_dijkstra - WARNING -   ROI 0: Near=1, Far=2681, Thresh=8.4, Sink_dist=inf
2025-10-07 23:02:17 - orthoroute.algorithms.manhattan.pathfinder.cuda_dijkstra - WARNING -   ROI 1: Near=1, Far=1723, Thresh=7.6, Sink_dist=inf
2025-10-07 23:02:17 - orthoroute.algorithms.manhattan.pathfinder.cuda_dijkstra - WARNING -   ROI 2: Near=1, Far=2381, Thresh=7.8, Sink_dist=inf
2025-10-07 23:02:17 - orthoroute.algorithms.manhattan.pathfinder.cuda_dijkstra - WARNING -   ROI 3: Near=1, Far=1195, Thresh=8.3, Sink_dist=inf
2025-10-07 23:02:17 - orthoroute.algorithms.manhattan.pathfinder.cuda_dijkstra - WARNING -   ROI 4: Near=1, Far=2591, Thresh=7.9, Sink_dist=inf
2025-10-07 23:02:17 - orthoroute.algorithms.manhattan.pathfinder.cuda_dijkstra - WARNING -   ROI 5: Near=1, Far=2276, Thresh=7.6, Sink_dist=inf
2025-10-07 23:02:17 - orthoroute.algorithms.manhattan.pathfinder.cuda_dijkstra - WARNING -   ROI 6: Near=1, Far=2300, Thresh=8.5, Sink_dist=inf
2025-10-07 23:02:17 - orthoroute.algorithms.manhattan.pathfinder.cuda_dijkstra - WARNING -   ROI 7: Near=1, Far=2503, Thresh=7.9, Sink_dist=inf
2025-10-07 23:02:17 - orthoroute.algorithms.manhattan.pathfinder.cuda_dijkstra - WARNING -   ROI 8: Near=2, Far=2360, Thresh=7.8, Sink_dist=inf
2025-10-07 23:02:17 - orthoroute.algorithms.manhattan.pathfinder.cuda_dijkstra - WARNING -   ROI 9: Near=1, Far=2213, Thresh=7.9, Sink_dist=inf
2025-10-07 23:02:17 - orthoroute.algorithms.manhattan.pathfinder.cuda_dijkstra - WARNING -   ROI 10: Near=1, Far=1347, Thresh=7.9, Sink_dist=inf
2025-10-07 23:02:17 - orthoroute.algorithms.manhattan.pathfinder.cuda_dijkstra - WARNING -   ROI 11: Near=1, Far=1135, Thresh=7.9, Sink_dist=inf
2025-10-07 23:02:17 - orthoroute.algorithms.manhattan.pathfinder.cuda_dijkstra - WARNING -   ROI 12: Near=1, Far=2833, Thresh=7.9, Sink_dist=inf
2025-10-07 23:02:17 - orthoroute.algorithms.manhattan.pathfinder.cuda_dijkstra - WARNING -   ROI 13: Near=1, Far=3437, Thresh=8.4, Sink_dist=inf
2025-10-07 23:02:17 - orthoroute.algorithms.manhattan.pathfinder.cuda_dijkstra - WARNING -   ROI 14: Near=1, Far=3438, Thresh=8.4, Sink_dist=inf
2025-10-07 23:02:18 - orthoroute.algorithms.manhattan.pathfinder.cuda_dijkstra - WARNING -   ROI 15: Near=1, Far=3439, Thresh=8.4, Sink_dist=inf
2025-10-07 23:02:18 - orthoroute.algorithms.manhattan.pathfinder.cuda_dijkstra - WARNING -   ROI 16: Near=1, Far=2803, Thresh=7.9, Sink_dist=inf
2025-10-07 23:02:18 - orthoroute.algorithms.manhattan.pathfinder.cuda_dijkstra - WARNING -   ROI 17: Near=1, Far=2689, Thresh=7.9, Sink_dist=inf
2025-10-07 23:02:18 - orthoroute.algorithms.manhattan.pathfinder.cuda_dijkstra - WARNING -   ROI 18: Near=1, Far=2505, Thresh=7.8, Sink_dist=inf
2025-10-07 23:02:18 - orthoroute.algorithms.manhattan.pathfinder.cuda_dijkstra - WARNING -   ROI 19: Near=1, Far=3050, Thresh=8.5, Sink_dist=inf
2025-10-07 23:02:18 - orthoroute.algorithms.manhattan.pathfinder.cuda_dijkstra - WARNING -   ROI 20: Near=1, Far=2669, Thresh=7.9, Sink_dist=inf
2025-10-07 23:02:18 - orthoroute.algorithms.manhattan.pathfinder.cuda_dijkstra - WARNING -   ROI 21: Near=1, Far=2371, Thresh=7.8, Sink_dist=inf
2025-10-07 23:02:18 - orthoroute.algorithms.manhattan.pathfinder.cuda_dijkstra - WARNING -   ROI 22: Near=1, Far=2689, Thresh=7.9, Sink_dist=inf
2025-10-07 23:02:18 - orthoroute.algorithms.manhattan.pathfinder.cuda_dijkstra - WARNING -   ROI 23: Near=1, Far=2302, Thresh=7.6, Sink_dist=inf
2025-10-07 23:02:18 - orthoroute.algorithms.manhattan.pathfinder.cuda_dijkstra - WARNING -   ROI 24: Near=2, Far=3441, Thresh=8.4, Sink_dist=inf
2025-10-07 23:02:18 - orthoroute.algorithms.manhattan.pathfinder.cuda_dijkstra - WARNING -   ROI 25: Near=1, Far=2304, Thresh=7.5, Sink_dist=inf
2025-10-07 23:02:18 - orthoroute.algorithms.manhattan.pathfinder.cuda_dijkstra - WARNING -   ROI 26: Near=1, Far=2821, Thresh=7.9, Sink_dist=inf
2025-10-07 23:02:18 - orthoroute.algorithms.manhattan.pathfinder.cuda_dijkstra - WARNING -   ROI 27: Near=1, Far=2013, Thresh=7.6, Sink_dist=inf
2025-10-07 23:02:18 - orthoroute.algorithms.manhattan.pathfinder.cuda_dijkstra - WARNING -   ROI 28: Near=1, Far=2803, Thresh=7.9, Sink_dist=inf
2025-10-07 23:02:18 - orthoroute.algorithms.manhattan.pathfinder.cuda_dijkstra - WARNING -   ROI 29: Near=1, Far=2302, Thresh=7.6, Sink_dist=inf
2025-10-07 23:02:18 - orthoroute.algorithms.manhattan.pathfinder.cuda_dijkstra - WARNING -   ROI 30: Near=1, Far=3058, Thresh=8.4, Sink_dist=inf
2025-10-07 23:02:18 - orthoroute.algorithms.manhattan.pathfinder.cuda_dijkstra - WARNING -   ROI 31: Near=1, Far=2505, Thresh=7.8, Sink_dist=inf
2025-10-07 23:02:20 - orthoroute.algorithms.manhattan.pathfinder.cuda_dijkstra - INFO - [DEBUG-GPU] Near-Far iteration 1200
2025-10-07 23:02:20 - orthoroute.algorithms.manhattan.pathfinder.cuda_dijkstra - WARNING - [CUDA-NF] Iteration 1200: 32/32 ROIs active, Near nodes=32, Far nodes=81410
2025-10-07 23:02:20 - orthoroute.algorithms.manhattan.pathfinder.cuda_dijkstra - WARNING -   ROI 0: Near=1, Far=2592, Thresh=8.6, Sink_dist=inf
2025-10-07 23:02:20 - orthoroute.algorithms.manhattan.pathfinder.cuda_dijkstra - WARNING -   ROI 1: Near=1, Far=1859, Thresh=7.9, Sink_dist=inf
2025-10-07 23:02:20 - orthoroute.algorithms.manhattan.pathfinder.cuda_dijkstra - WARNING -   ROI 2: Near=1, Far=2782, Thresh=8.0, Sink_dist=inf
2025-10-07 23:02:20 - orthoroute.algorithms.manhattan.pathfinder.cuda_dijkstra - WARNING -   ROI 3: Near=1, Far=1094, Thresh=8.4, Sink_dist=inf
2025-10-07 23:02:20 - orthoroute.algorithms.manhattan.pathfinder.cuda_dijkstra - WARNING -   ROI 4: Near=1, Far=2750, Thresh=8.0, Sink_dist=inf
2025-10-07 23:02:20 - orthoroute.algorithms.manhattan.pathfinder.cuda_dijkstra - WARNING -   ROI 5: Near=1, Far=2194, Thresh=7.7, Sink_dist=inf
2025-10-07 23:02:20 - orthoroute.algorithms.manhattan.pathfinder.cuda_dijkstra - WARNING -   ROI 6: Near=1, Far=2593, Thresh=8.7, Sink_dist=inf
2025-10-07 23:02:20 - orthoroute.algorithms.manhattan.pathfinder.cuda_dijkstra - WARNING -   ROI 7: Near=1, Far=2427, Thresh=8.0, Sink_dist=inf
2025-10-07 23:02:20 - orthoroute.algorithms.manhattan.pathfinder.cuda_dijkstra - WARNING -   ROI 8: Near=1, Far=2792, Thresh=7.9, Sink_dist=inf
2025-10-07 23:02:20 - orthoroute.algorithms.manhattan.pathfinder.cuda_dijkstra - WARNING -   ROI 9: Near=1, Far=2111, Thresh=8.1, Sink_dist=inf
2025-10-07 23:02:20 - orthoroute.algorithms.manhattan.pathfinder.cuda_dijkstra - WARNING -   ROI 10: Near=1, Far=1491, Thresh=8.0, Sink_dist=inf
2025-10-07 23:02:20 - orthoroute.algorithms.manhattan.pathfinder.cuda_dijkstra - WARNING -   ROI 11: Near=1, Far=1166, Thresh=8.0, Sink_dist=inf
2025-10-07 23:02:20 - orthoroute.algorithms.manhattan.pathfinder.cuda_dijkstra - WARNING -   ROI 12: Near=1, Far=2743, Thresh=8.1, Sink_dist=inf
2025-10-07 23:02:20 - orthoroute.algorithms.manhattan.pathfinder.cuda_dijkstra - WARNING -   ROI 13: Near=1, Far=3359, Thresh=8.5, Sink_dist=inf
2025-10-07 23:02:20 - orthoroute.algorithms.manhattan.pathfinder.cuda_dijkstra - WARNING -   ROI 14: Near=1, Far=3358, Thresh=8.5, Sink_dist=inf
2025-10-07 23:02:20 - orthoroute.algorithms.manhattan.pathfinder.cuda_dijkstra - WARNING -   ROI 15: Near=1, Far=3359, Thresh=8.5, Sink_dist=inf
2025-10-07 23:02:20 - orthoroute.algorithms.manhattan.pathfinder.cuda_dijkstra - WARNING -   ROI 16: Near=1, Far=2755, Thresh=8.0, Sink_dist=inf
2025-10-07 23:02:20 - orthoroute.algorithms.manhattan.pathfinder.cuda_dijkstra - WARNING -   ROI 17: Near=1, Far=2793, Thresh=8.0, Sink_dist=inf
2025-10-07 23:02:20 - orthoroute.algorithms.manhattan.pathfinder.cuda_dijkstra - WARNING -   ROI 18: Near=1, Far=2756, Thresh=7.9, Sink_dist=inf
2025-10-07 23:02:20 - orthoroute.algorithms.manhattan.pathfinder.cuda_dijkstra - WARNING -   ROI 19: Near=1, Far=2967, Thresh=8.6, Sink_dist=inf
2025-10-07 23:02:20 - orthoroute.algorithms.manhattan.pathfinder.cuda_dijkstra - WARNING -   ROI 20: Near=1, Far=2790, Thresh=8.0, Sink_dist=inf
2025-10-07 23:02:20 - orthoroute.algorithms.manhattan.pathfinder.cuda_dijkstra - WARNING -   ROI 21: Near=1, Far=2784, Thresh=7.9, Sink_dist=inf
2025-10-07 23:02:20 - orthoroute.algorithms.manhattan.pathfinder.cuda_dijkstra - WARNING -   ROI 22: Near=1, Far=2797, Thresh=8.0, Sink_dist=inf
2025-10-07 23:02:20 - orthoroute.algorithms.manhattan.pathfinder.cuda_dijkstra - WARNING -   ROI 23: Near=1, Far=2198, Thresh=7.6, Sink_dist=inf
2025-10-07 23:02:20 - orthoroute.algorithms.manhattan.pathfinder.cuda_dijkstra - WARNING -   ROI 24: Near=1, Far=3357, Thresh=8.5, Sink_dist=inf
2025-10-07 23:02:20 - orthoroute.algorithms.manhattan.pathfinder.cuda_dijkstra - WARNING -   ROI 25: Near=1, Far=2202, Thresh=7.6, Sink_dist=inf
2025-10-07 23:02:20 - orthoroute.algorithms.manhattan.pathfinder.cuda_dijkstra - WARNING -   ROI 26: Near=1, Far=2744, Thresh=8.0, Sink_dist=inf
2025-10-07 23:02:20 - orthoroute.algorithms.manhattan.pathfinder.cuda_dijkstra - WARNING -   ROI 27: Near=1, Far=1911, Thresh=7.7, Sink_dist=inf
2025-10-07 23:02:20 - orthoroute.algorithms.manhattan.pathfinder.cuda_dijkstra - WARNING -   ROI 28: Near=1, Far=2755, Thresh=8.0, Sink_dist=inf
2025-10-07 23:02:20 - orthoroute.algorithms.manhattan.pathfinder.cuda_dijkstra - WARNING -   ROI 29: Near=1, Far=2198, Thresh=7.6, Sink_dist=inf
2025-10-07 23:02:20 - orthoroute.algorithms.manhattan.pathfinder.cuda_dijkstra - WARNING -   ROI 30: Near=1, Far=2975, Thresh=8.6, Sink_dist=inf
2025-10-07 23:02:20 - orthoroute.algorithms.manhattan.pathfinder.cuda_dijkstra - WARNING -   ROI 31: Near=1, Far=2758, Thresh=7.9, Sink_dist=inf
2025-10-07 23:02:22 - orthoroute.algorithms.manhattan.pathfinder.cuda_dijkstra - INFO - [DEBUG-GPU] Near-Far iteration 1300
2025-10-07 23:02:22 - orthoroute.algorithms.manhattan.pathfinder.cuda_dijkstra - WARNING - [CUDA-NF] Iteration 1300: 32/32 ROIs active, Near nodes=32, Far nodes=86887
2025-10-07 23:02:22 - orthoroute.algorithms.manhattan.pathfinder.cuda_dijkstra - WARNING -   ROI 0: Near=1, Far=3034, Thresh=8.8, Sink_dist=inf
2025-10-07 23:02:22 - orthoroute.algorithms.manhattan.pathfinder.cuda_dijkstra - WARNING -   ROI 1: Near=1, Far=2006, Thresh=8.0, Sink_dist=inf
2025-10-07 23:02:22 - orthoroute.algorithms.manhattan.pathfinder.cuda_dijkstra - WARNING -   ROI 2: Near=1, Far=2680, Thresh=8.1, Sink_dist=inf
2025-10-07 23:02:22 - orthoroute.algorithms.manhattan.pathfinder.cuda_dijkstra - WARNING -   ROI 3: Near=1, Far=1311, Thresh=8.7, Sink_dist=inf
2025-10-07 23:02:22 - orthoroute.algorithms.manhattan.pathfinder.cuda_dijkstra - WARNING -   ROI 4: Near=1, Far=2667, Thresh=8.1, Sink_dist=inf
2025-10-07 23:02:22 - orthoroute.algorithms.manhattan.pathfinder.cuda_dijkstra - WARNING -   ROI 5: Near=1, Far=2609, Thresh=7.9, Sink_dist=inf
2025-10-07 23:02:22 - orthoroute.algorithms.manhattan.pathfinder.cuda_dijkstra - WARNING -   ROI 6: Near=1, Far=2597, Thresh=8.9, Sink_dist=inf
2025-10-07 23:02:22 - orthoroute.algorithms.manhattan.pathfinder.cuda_dijkstra - WARNING -   ROI 7: Near=1, Far=2544, Thresh=8.3, Sink_dist=inf
2025-10-07 23:02:22 - orthoroute.algorithms.manhattan.pathfinder.cuda_dijkstra - WARNING -   ROI 8: Near=1, Far=2697, Thresh=8.0, Sink_dist=inf
2025-10-07 23:02:22 - orthoroute.algorithms.manhattan.pathfinder.cuda_dijkstra - WARNING -   ROI 9: Near=1, Far=2327, Thresh=8.3, Sink_dist=inf
2025-10-07 23:02:22 - orthoroute.algorithms.manhattan.pathfinder.cuda_dijkstra - WARNING -   ROI 10: Near=1, Far=1390, Thresh=8.0, Sink_dist=inf
2025-10-07 23:02:22 - orthoroute.algorithms.manhattan.pathfinder.cuda_dijkstra - WARNING -   ROI 11: Near=1, Far=1163, Thresh=8.3, Sink_dist=inf
2025-10-07 23:02:22 - orthoroute.algorithms.manhattan.pathfinder.cuda_dijkstra - WARNING -   ROI 12: Near=1, Far=2897, Thresh=8.3, Sink_dist=inf
2025-10-07 23:02:22 - orthoroute.algorithms.manhattan.pathfinder.cuda_dijkstra - WARNING -   ROI 13: Near=1, Far=3910, Thresh=8.7, Sink_dist=inf
2025-10-07 23:02:22 - orthoroute.algorithms.manhattan.pathfinder.cuda_dijkstra - WARNING -   ROI 14: Near=1, Far=3907, Thresh=8.7, Sink_dist=inf
2025-10-07 23:02:22 - orthoroute.algorithms.manhattan.pathfinder.cuda_dijkstra - WARNING -   ROI 15: Near=1, Far=3907, Thresh=8.7, Sink_dist=inf
2025-10-07 23:02:22 - orthoroute.algorithms.manhattan.pathfinder.cuda_dijkstra - WARNING -   ROI 16: Near=1, Far=2817, Thresh=8.3, Sink_dist=inf
2025-10-07 23:02:22 - orthoroute.algorithms.manhattan.pathfinder.cuda_dijkstra - WARNING -   ROI 17: Near=1, Far=2713, Thresh=8.2, Sink_dist=inf
2025-10-07 23:02:22 - orthoroute.algorithms.manhattan.pathfinder.cuda_dijkstra - WARNING -   ROI 18: Near=1, Far=2673, Thresh=8.1, Sink_dist=inf
2025-10-07 23:02:22 - orthoroute.algorithms.manhattan.pathfinder.cuda_dijkstra - WARNING -   ROI 19: Near=1, Far=3463, Thresh=8.8, Sink_dist=inf
2025-10-07 23:02:22 - orthoroute.algorithms.manhattan.pathfinder.cuda_dijkstra - WARNING -   ROI 20: Near=1, Far=2710, Thresh=8.2, Sink_dist=inf
2025-10-07 23:02:22 - orthoroute.algorithms.manhattan.pathfinder.cuda_dijkstra - WARNING -   ROI 21: Near=1, Far=2683, Thresh=8.0, Sink_dist=inf
2025-10-07 23:02:22 - orthoroute.algorithms.manhattan.pathfinder.cuda_dijkstra - WARNING -   ROI 22: Near=1, Far=2717, Thresh=8.2, Sink_dist=inf
2025-10-07 23:02:22 - orthoroute.algorithms.manhattan.pathfinder.cuda_dijkstra - WARNING -   ROI 23: Near=1, Far=2485, Thresh=7.9, Sink_dist=inf
2025-10-07 23:02:22 - orthoroute.algorithms.manhattan.pathfinder.cuda_dijkstra - WARNING -   ROI 24: Near=1, Far=3907, Thresh=8.7, Sink_dist=inf
2025-10-07 23:02:22 - orthoroute.algorithms.manhattan.pathfinder.cuda_dijkstra - WARNING -   ROI 25: Near=1, Far=2449, Thresh=7.8, Sink_dist=inf
2025-10-07 23:02:22 - orthoroute.algorithms.manhattan.pathfinder.cuda_dijkstra - WARNING -   ROI 26: Near=1, Far=2866, Thresh=8.3, Sink_dist=inf
2025-10-07 23:02:22 - orthoroute.algorithms.manhattan.pathfinder.cuda_dijkstra - WARNING -   ROI 27: Near=1, Far=2231, Thresh=7.9, Sink_dist=inf
2025-10-07 23:02:22 - orthoroute.algorithms.manhattan.pathfinder.cuda_dijkstra - WARNING -   ROI 28: Near=1, Far=2847, Thresh=8.3, Sink_dist=inf
2025-10-07 23:02:22 - orthoroute.algorithms.manhattan.pathfinder.cuda_dijkstra - WARNING -   ROI 29: Near=1, Far=2535, Thresh=7.9, Sink_dist=inf
2025-10-07 23:02:22 - orthoroute.algorithms.manhattan.pathfinder.cuda_dijkstra - WARNING -   ROI 30: Near=1, Far=3469, Thresh=8.8, Sink_dist=inf
2025-10-07 23:02:22 - orthoroute.algorithms.manhattan.pathfinder.cuda_dijkstra - WARNING -   ROI 31: Near=1, Far=2676, Thresh=8.1, Sink_dist=inf
2025-10-07 23:02:24 - orthoroute.algorithms.manhattan.pathfinder.cuda_dijkstra - INFO - [DEBUG-GPU] Near-Far iteration 1400
2025-10-07 23:02:25 - orthoroute.algorithms.manhattan.pathfinder.cuda_dijkstra - WARNING - [CUDA-NF] Iteration 1400: 32/32 ROIs active, Near nodes=32, Far nodes=90706
2025-10-07 23:02:25 - orthoroute.algorithms.manhattan.pathfinder.cuda_dijkstra - WARNING -   ROI 0: Near=1, Far=2937, Thresh=8.8, Sink_dist=inf
2025-10-07 23:02:25 - orthoroute.algorithms.manhattan.pathfinder.cuda_dijkstra - WARNING -   ROI 1: Near=1, Far=1906, Thresh=8.0, Sink_dist=inf
2025-10-07 23:02:25 - orthoroute.algorithms.manhattan.pathfinder.cuda_dijkstra - WARNING -   ROI 2: Near=1, Far=2829, Thresh=8.3, Sink_dist=inf
2025-10-07 23:02:25 - orthoroute.algorithms.manhattan.pathfinder.cuda_dijkstra - WARNING -   ROI 3: Near=1, Far=1231, Thresh=8.8, Sink_dist=inf
2025-10-07 23:02:25 - orthoroute.algorithms.manhattan.pathfinder.cuda_dijkstra - WARNING -   ROI 4: Near=1, Far=3019, Thresh=8.3, Sink_dist=inf
2025-10-07 23:02:25 - orthoroute.algorithms.manhattan.pathfinder.cuda_dijkstra - WARNING -   ROI 5: Near=1, Far=2549, Thresh=8.0, Sink_dist=inf
2025-10-07 23:02:25 - orthoroute.algorithms.manhattan.pathfinder.cuda_dijkstra - WARNING -   ROI 6: Near=1, Far=2502, Thresh=9.0, Sink_dist=inf
2025-10-07 23:02:25 - orthoroute.algorithms.manhattan.pathfinder.cuda_dijkstra - WARNING -   ROI 7: Near=1, Far=2800, Thresh=8.4, Sink_dist=inf
2025-10-07 23:02:25 - orthoroute.algorithms.manhattan.pathfinder.cuda_dijkstra - WARNING -   ROI 8: Near=1, Far=2729, Thresh=8.2, Sink_dist=inf
2025-10-07 23:02:25 - orthoroute.algorithms.manhattan.pathfinder.cuda_dijkstra - WARNING -   ROI 9: Near=1, Far=2432, Thresh=8.4, Sink_dist=inf
2025-10-07 23:02:25 - orthoroute.algorithms.manhattan.pathfinder.cuda_dijkstra - WARNING -   ROI 10: Near=1, Far=1647, Thresh=8.3, Sink_dist=inf
2025-10-07 23:02:25 - orthoroute.algorithms.manhattan.pathfinder.cuda_dijkstra - WARNING -   ROI 11: Near=1, Far=1335, Thresh=8.4, Sink_dist=inf
2025-10-07 23:02:25 - orthoroute.algorithms.manhattan.pathfinder.cuda_dijkstra - WARNING -   ROI 12: Near=1, Far=3166, Thresh=8.4, Sink_dist=inf
2025-10-07 23:02:25 - orthoroute.algorithms.manhattan.pathfinder.cuda_dijkstra - WARNING -   ROI 13: Near=1, Far=3807, Thresh=8.8, Sink_dist=inf
2025-10-07 23:02:25 - orthoroute.algorithms.manhattan.pathfinder.cuda_dijkstra - WARNING -   ROI 14: Near=1, Far=3812, Thresh=8.8, Sink_dist=inf
2025-10-07 23:02:25 - orthoroute.algorithms.manhattan.pathfinder.cuda_dijkstra - WARNING -   ROI 15: Near=1, Far=3812, Thresh=8.8, Sink_dist=inf
2025-10-07 23:02:25 - orthoroute.algorithms.manhattan.pathfinder.cuda_dijkstra - WARNING -   ROI 16: Near=1, Far=3179, Thresh=8.4, Sink_dist=inf
2025-10-07 23:02:25 - orthoroute.algorithms.manhattan.pathfinder.cuda_dijkstra - WARNING -   ROI 17: Near=1, Far=3155, Thresh=8.3, Sink_dist=inf
2025-10-07 23:02:25 - orthoroute.algorithms.manhattan.pathfinder.cuda_dijkstra - WARNING -   ROI 18: Near=1, Far=2983, Thresh=8.3, Sink_dist=inf
2025-10-07 23:02:25 - orthoroute.algorithms.manhattan.pathfinder.cuda_dijkstra - WARNING -   ROI 19: Near=1, Far=3359, Thresh=8.9, Sink_dist=inf
2025-10-07 23:02:25 - orthoroute.algorithms.manhattan.pathfinder.cuda_dijkstra - WARNING -   ROI 20: Near=1, Far=3175, Thresh=8.3, Sink_dist=inf
2025-10-07 23:02:25 - orthoroute.algorithms.manhattan.pathfinder.cuda_dijkstra - WARNING -   ROI 21: Near=1, Far=2769, Thresh=8.3, Sink_dist=inf
2025-10-07 23:02:25 - orthoroute.algorithms.manhattan.pathfinder.cuda_dijkstra - WARNING -   ROI 22: Near=1, Far=3155, Thresh=8.3, Sink_dist=inf
2025-10-07 23:02:25 - orthoroute.algorithms.manhattan.pathfinder.cuda_dijkstra - WARNING -   ROI 23: Near=1, Far=2577, Thresh=8.0, Sink_dist=inf
2025-10-07 23:02:25 - orthoroute.algorithms.manhattan.pathfinder.cuda_dijkstra - WARNING -   ROI 24: Near=1, Far=3803, Thresh=8.8, Sink_dist=inf
2025-10-07 23:02:25 - orthoroute.algorithms.manhattan.pathfinder.cuda_dijkstra - WARNING -   ROI 25: Near=1, Far=2582, Thresh=7.9, Sink_dist=inf
2025-10-07 23:02:25 - orthoroute.algorithms.manhattan.pathfinder.cuda_dijkstra - WARNING -   ROI 26: Near=1, Far=3169, Thresh=8.4, Sink_dist=inf
2025-10-07 23:02:25 - orthoroute.algorithms.manhattan.pathfinder.cuda_dijkstra - WARNING -   ROI 27: Near=1, Far=2242, Thresh=8.0, Sink_dist=inf
2025-10-07 23:02:25 - orthoroute.algorithms.manhattan.pathfinder.cuda_dijkstra - WARNING -   ROI 28: Near=1, Far=3179, Thresh=8.4, Sink_dist=inf
2025-10-07 23:02:25 - orthoroute.algorithms.manhattan.pathfinder.cuda_dijkstra - WARNING -   ROI 29: Near=1, Far=2576, Thresh=8.0, Sink_dist=inf
2025-10-07 23:02:25 - orthoroute.algorithms.manhattan.pathfinder.cuda_dijkstra - WARNING -   ROI 30: Near=1, Far=3367, Thresh=8.8, Sink_dist=inf
2025-10-07 23:02:25 - orthoroute.algorithms.manhattan.pathfinder.cuda_dijkstra - WARNING -   ROI 31: Near=1, Far=2923, Thresh=8.3, Sink_dist=inf
2025-10-07 23:02:27 - orthoroute.algorithms.manhattan.pathfinder.cuda_dijkstra - INFO - [DEBUG-GPU] Near-Far iteration 1500
2025-10-07 23:02:27 - orthoroute.algorithms.manhattan.pathfinder.cuda_dijkstra - WARNING - [CUDA-NF] Iteration 1500: 32/32 ROIs active, Near nodes=34, Far nodes=90970
2025-10-07 23:02:27 - orthoroute.algorithms.manhattan.pathfinder.cuda_dijkstra - WARNING -   ROI 0: Near=2, Far=2888, Thresh=9.0, Sink_dist=inf
2025-10-07 23:02:27 - orthoroute.algorithms.manhattan.pathfinder.cuda_dijkstra - WARNING -   ROI 1: Near=1, Far=2145, Thresh=8.3, Sink_dist=inf
2025-10-07 23:02:27 - orthoroute.algorithms.manhattan.pathfinder.cuda_dijkstra - WARNING -   ROI 2: Near=1, Far=3108, Thresh=8.4, Sink_dist=inf
2025-10-07 23:02:27 - orthoroute.algorithms.manhattan.pathfinder.cuda_dijkstra - WARNING -   ROI 3: Near=1, Far=1347, Thresh=9.1, Sink_dist=inf
2025-10-07 23:02:27 - orthoroute.algorithms.manhattan.pathfinder.cuda_dijkstra - WARNING -   ROI 4: Near=1, Far=3070, Thresh=8.4, Sink_dist=inf
2025-10-07 23:02:27 - orthoroute.algorithms.manhattan.pathfinder.cuda_dijkstra - WARNING -   ROI 5: Near=1, Far=2473, Thresh=8.1, Sink_dist=inf
2025-10-07 23:02:27 - orthoroute.algorithms.manhattan.pathfinder.cuda_dijkstra - WARNING -   ROI 6: Near=1, Far=2934, Thresh=9.2, Sink_dist=inf
2025-10-07 23:02:27 - orthoroute.algorithms.manhattan.pathfinder.cuda_dijkstra - WARNING -   ROI 7: Near=1, Far=2697, Thresh=8.5, Sink_dist=inf
2025-10-07 23:02:27 - orthoroute.algorithms.manhattan.pathfinder.cuda_dijkstra - WARNING -   ROI 8: Near=1, Far=3124, Thresh=8.3, Sink_dist=inf
2025-10-07 23:02:27 - orthoroute.algorithms.manhattan.pathfinder.cuda_dijkstra - WARNING -   ROI 9: Near=1, Far=2352, Thresh=8.5, Sink_dist=inf
2025-10-07 23:02:27 - orthoroute.algorithms.manhattan.pathfinder.cuda_dijkstra - WARNING -   ROI 10: Near=1, Far=1610, Thresh=8.4, Sink_dist=inf
2025-10-07 23:02:27 - orthoroute.algorithms.manhattan.pathfinder.cuda_dijkstra - WARNING -   ROI 11: Near=1, Far=1233, Thresh=8.4, Sink_dist=inf
2025-10-07 23:02:27 - orthoroute.algorithms.manhattan.pathfinder.cuda_dijkstra - WARNING -   ROI 12: Near=1, Far=3083, Thresh=8.5, Sink_dist=inf
2025-10-07 23:02:27 - orthoroute.algorithms.manhattan.pathfinder.cuda_dijkstra - WARNING -   ROI 13: Near=1, Far=3727, Thresh=9.0, Sink_dist=inf
2025-10-07 23:02:27 - orthoroute.algorithms.manhattan.pathfinder.cuda_dijkstra - WARNING -   ROI 14: Near=1, Far=3720, Thresh=9.0, Sink_dist=inf
2025-10-07 23:02:27 - orthoroute.algorithms.manhattan.pathfinder.cuda_dijkstra - WARNING -   ROI 15: Near=1, Far=3720, Thresh=9.0, Sink_dist=inf
2025-10-07 23:02:27 - orthoroute.algorithms.manhattan.pathfinder.cuda_dijkstra - WARNING -   ROI 16: Near=1, Far=3078, Thresh=8.5, Sink_dist=inf
2025-10-07 23:02:27 - orthoroute.algorithms.manhattan.pathfinder.cuda_dijkstra - WARNING -   ROI 17: Near=1, Far=3118, Thresh=8.4, Sink_dist=inf
2025-10-07 23:02:27 - orthoroute.algorithms.manhattan.pathfinder.cuda_dijkstra - WARNING -   ROI 18: Near=1, Far=3076, Thresh=8.4, Sink_dist=inf
2025-10-07 23:02:27 - orthoroute.algorithms.manhattan.pathfinder.cuda_dijkstra - WARNING -   ROI 19: Near=1, Far=3277, Thresh=9.1, Sink_dist=inf
2025-10-07 23:02:27 - orthoroute.algorithms.manhattan.pathfinder.cuda_dijkstra - WARNING -   ROI 20: Near=1, Far=3113, Thresh=8.4, Sink_dist=inf
2025-10-07 23:02:27 - orthoroute.algorithms.manhattan.pathfinder.cuda_dijkstra - WARNING -   ROI 21: Near=1, Far=3109, Thresh=8.4, Sink_dist=inf
2025-10-07 23:02:27 - orthoroute.algorithms.manhattan.pathfinder.cuda_dijkstra - WARNING -   ROI 22: Near=1, Far=3121, Thresh=8.4, Sink_dist=inf
2025-10-07 23:02:27 - orthoroute.algorithms.manhattan.pathfinder.cuda_dijkstra - WARNING -   ROI 23: Near=1, Far=2473, Thresh=8.1, Sink_dist=inf
2025-10-07 23:02:27 - orthoroute.algorithms.manhattan.pathfinder.cuda_dijkstra - WARNING -   ROI 24: Near=1, Far=3722, Thresh=9.0, Sink_dist=inf
2025-10-07 23:02:27 - orthoroute.algorithms.manhattan.pathfinder.cuda_dijkstra - WARNING -   ROI 25: Near=1, Far=2492, Thresh=8.0, Sink_dist=inf
2025-10-07 23:02:27 - orthoroute.algorithms.manhattan.pathfinder.cuda_dijkstra - WARNING -   ROI 26: Near=1, Far=3079, Thresh=8.5, Sink_dist=inf
2025-10-07 23:02:27 - orthoroute.algorithms.manhattan.pathfinder.cuda_dijkstra - WARNING -   ROI 27: Near=1, Far=2162, Thresh=8.1, Sink_dist=inf
2025-10-07 23:02:27 - orthoroute.algorithms.manhattan.pathfinder.cuda_dijkstra - WARNING -   ROI 28: Near=1, Far=3076, Thresh=8.5, Sink_dist=inf
2025-10-07 23:02:27 - orthoroute.algorithms.manhattan.pathfinder.cuda_dijkstra - WARNING -   ROI 29: Near=2, Far=2474, Thresh=8.1, Sink_dist=inf
2025-10-07 23:02:27 - orthoroute.algorithms.manhattan.pathfinder.cuda_dijkstra - WARNING -   ROI 30: Near=1, Far=3287, Thresh=9.0, Sink_dist=inf
2025-10-07 23:02:27 - orthoroute.algorithms.manhattan.pathfinder.cuda_dijkstra - WARNING -   ROI 31: Near=1, Far=3082, Thresh=8.4, Sink_dist=inf
2025-10-07 23:02:29 - orthoroute.algorithms.manhattan.pathfinder.cuda_dijkstra - INFO - [DEBUG-GPU] Near-Far iteration 1600
2025-10-07 23:02:29 - orthoroute.algorithms.manhattan.pathfinder.cuda_dijkstra - WARNING - [CUDA-NF] Iteration 1600: 32/32 ROIs active, Near nodes=32, Far nodes=96532
2025-10-07 23:02:29 - orthoroute.algorithms.manhattan.pathfinder.cuda_dijkstra - WARNING -   ROI 0: Near=1, Far=3328, Thresh=9.2, Sink_dist=inf
2025-10-07 23:02:29 - orthoroute.algorithms.manhattan.pathfinder.cuda_dijkstra - WARNING -   ROI 1: Near=1, Far=2229, Thresh=8.4, Sink_dist=inf
2025-10-07 23:02:29 - orthoroute.algorithms.manhattan.pathfinder.cuda_dijkstra - WARNING -   ROI 2: Near=1, Far=3006, Thresh=8.5, Sink_dist=inf
2025-10-07 23:02:29 - orthoroute.algorithms.manhattan.pathfinder.cuda_dijkstra - WARNING -   ROI 3: Near=1, Far=1391, Thresh=9.2, Sink_dist=inf
2025-10-07 23:02:29 - orthoroute.algorithms.manhattan.pathfinder.cuda_dijkstra - WARNING -   ROI 4: Near=1, Far=2976, Thresh=8.5, Sink_dist=inf
2025-10-07 23:02:29 - orthoroute.algorithms.manhattan.pathfinder.cuda_dijkstra - WARNING -   ROI 5: Near=1, Far=2863, Thresh=8.3, Sink_dist=inf
2025-10-07 23:02:29 - orthoroute.algorithms.manhattan.pathfinder.cuda_dijkstra - WARNING -   ROI 6: Near=1, Far=2828, Thresh=9.3, Sink_dist=inf
2025-10-07 23:02:29 - orthoroute.algorithms.manhattan.pathfinder.cuda_dijkstra - WARNING -   ROI 7: Near=1, Far=2818, Thresh=8.7, Sink_dist=inf
2025-10-07 23:02:29 - orthoroute.algorithms.manhattan.pathfinder.cuda_dijkstra - WARNING -   ROI 8: Near=1, Far=3024, Thresh=8.4, Sink_dist=inf
2025-10-07 23:02:29 - orthoroute.algorithms.manhattan.pathfinder.cuda_dijkstra - WARNING -   ROI 9: Near=1, Far=2651, Thresh=8.7, Sink_dist=inf
2025-10-07 23:02:29 - orthoroute.algorithms.manhattan.pathfinder.cuda_dijkstra - WARNING -   ROI 10: Near=1, Far=1581, Thresh=8.7, Sink_dist=inf
2025-10-07 23:02:29 - orthoroute.algorithms.manhattan.pathfinder.cuda_dijkstra - WARNING -   ROI 11: Near=1, Far=1366, Thresh=8.7, Sink_dist=inf
2025-10-07 23:02:29 - orthoroute.algorithms.manhattan.pathfinder.cuda_dijkstra - WARNING -   ROI 12: Near=1, Far=3232, Thresh=8.7, Sink_dist=inf
2025-10-07 23:02:29 - orthoroute.algorithms.manhattan.pathfinder.cuda_dijkstra - WARNING -   ROI 13: Near=1, Far=4325, Thresh=9.1, Sink_dist=inf
2025-10-07 23:02:29 - orthoroute.algorithms.manhattan.pathfinder.cuda_dijkstra - WARNING -   ROI 14: Near=1, Far=4318, Thresh=9.1, Sink_dist=inf
2025-10-07 23:02:29 - orthoroute.algorithms.manhattan.pathfinder.cuda_dijkstra - WARNING -   ROI 15: Near=1, Far=4319, Thresh=9.1, Sink_dist=inf
2025-10-07 23:02:29 - orthoroute.algorithms.manhattan.pathfinder.cuda_dijkstra - WARNING -   ROI 16: Near=1, Far=3141, Thresh=8.7, Sink_dist=inf
2025-10-07 23:02:29 - orthoroute.algorithms.manhattan.pathfinder.cuda_dijkstra - WARNING -   ROI 17: Near=1, Far=3037, Thresh=8.6, Sink_dist=inf
2025-10-07 23:02:29 - orthoroute.algorithms.manhattan.pathfinder.cuda_dijkstra - WARNING -   ROI 18: Near=1, Far=2993, Thresh=8.5, Sink_dist=inf
2025-10-07 23:02:29 - orthoroute.algorithms.manhattan.pathfinder.cuda_dijkstra - WARNING -   ROI 19: Near=1, Far=3817, Thresh=9.2, Sink_dist=inf
2025-10-07 23:02:29 - orthoroute.algorithms.manhattan.pathfinder.cuda_dijkstra - WARNING -   ROI 20: Near=1, Far=3033, Thresh=8.6, Sink_dist=inf
2025-10-07 23:02:29 - orthoroute.algorithms.manhattan.pathfinder.cuda_dijkstra - WARNING -   ROI 21: Near=1, Far=3008, Thresh=8.4, Sink_dist=inf
2025-10-07 23:02:29 - orthoroute.algorithms.manhattan.pathfinder.cuda_dijkstra - WARNING -   ROI 22: Near=1, Far=3042, Thresh=8.6, Sink_dist=inf
2025-10-07 23:02:29 - orthoroute.algorithms.manhattan.pathfinder.cuda_dijkstra - WARNING -   ROI 23: Near=1, Far=2749, Thresh=8.3, Sink_dist=inf
2025-10-07 23:02:29 - orthoroute.algorithms.manhattan.pathfinder.cuda_dijkstra - WARNING -   ROI 24: Near=1, Far=4320, Thresh=9.1, Sink_dist=inf
2025-10-07 23:02:29 - orthoroute.algorithms.manhattan.pathfinder.cuda_dijkstra - WARNING -   ROI 25: Near=1, Far=2683, Thresh=8.2, Sink_dist=inf
2025-10-07 23:02:29 - orthoroute.algorithms.manhattan.pathfinder.cuda_dijkstra - WARNING -   ROI 26: Near=1, Far=3211, Thresh=8.7, Sink_dist=inf
2025-10-07 23:02:29 - orthoroute.algorithms.manhattan.pathfinder.cuda_dijkstra - WARNING -   ROI 27: Near=1, Far=2441, Thresh=8.3, Sink_dist=inf
2025-10-07 23:02:29 - orthoroute.algorithms.manhattan.pathfinder.cuda_dijkstra - WARNING -   ROI 28: Near=1, Far=3181, Thresh=8.7, Sink_dist=inf
2025-10-07 23:02:29 - orthoroute.algorithms.manhattan.pathfinder.cuda_dijkstra - WARNING -   ROI 29: Near=1, Far=2799, Thresh=8.3, Sink_dist=inf
2025-10-07 23:02:29 - orthoroute.algorithms.manhattan.pathfinder.cuda_dijkstra - WARNING -   ROI 30: Near=1, Far=3825, Thresh=9.2, Sink_dist=inf
2025-10-07 23:02:29 - orthoroute.algorithms.manhattan.pathfinder.cuda_dijkstra - WARNING -   ROI 31: Near=1, Far=2997, Thresh=8.5, Sink_dist=inf
2025-10-07 23:02:31 - orthoroute.algorithms.manhattan.pathfinder.cuda_dijkstra - INFO - [DEBUG-GPU] Near-Far iteration 1700
2025-10-07 23:02:31 - orthoroute.algorithms.manhattan.pathfinder.cuda_dijkstra - WARNING - [CUDA-NF] Iteration 1700: 32/32 ROIs active, Near nodes=32, Far nodes=99977
2025-10-07 23:02:31 - orthoroute.algorithms.manhattan.pathfinder.cuda_dijkstra - WARNING -   ROI 0: Near=1, Far=3234, Thresh=9.2, Sink_dist=inf
2025-10-07 23:02:31 - orthoroute.algorithms.manhattan.pathfinder.cuda_dijkstra - WARNING -   ROI 1: Near=1, Far=2127, Thresh=8.4, Sink_dist=inf
2025-10-07 23:02:31 - orthoroute.algorithms.manhattan.pathfinder.cuda_dijkstra - WARNING -   ROI 2: Near=1, Far=2984, Thresh=8.6, Sink_dist=inf
2025-10-07 23:02:31 - orthoroute.algorithms.manhattan.pathfinder.cuda_dijkstra - WARNING -   ROI 3: Near=1, Far=1290, Thresh=9.3, Sink_dist=inf
2025-10-07 23:02:31 - orthoroute.algorithms.manhattan.pathfinder.cuda_dijkstra - WARNING -   ROI 4: Near=1, Far=3221, Thresh=8.7, Sink_dist=inf
2025-10-07 23:02:31 - orthoroute.algorithms.manhattan.pathfinder.cuda_dijkstra - WARNING -   ROI 5: Near=1, Far=2876, Thresh=8.4, Sink_dist=inf
2025-10-07 23:02:31 - orthoroute.algorithms.manhattan.pathfinder.cuda_dijkstra - WARNING -   ROI 6: Near=1, Far=2743, Thresh=9.5, Sink_dist=inf
2025-10-07 23:02:31 - orthoroute.algorithms.manhattan.pathfinder.cuda_dijkstra - WARNING -   ROI 7: Near=1, Far=3115, Thresh=8.8, Sink_dist=inf
2025-10-07 23:02:31 - orthoroute.algorithms.manhattan.pathfinder.cuda_dijkstra - WARNING -   ROI 8: Near=1, Far=2967, Thresh=8.6, Sink_dist=inf
2025-10-07 23:02:31 - orthoroute.algorithms.manhattan.pathfinder.cuda_dijkstra - WARNING -   ROI 9: Near=1, Far=2694, Thresh=8.8, Sink_dist=inf
2025-10-07 23:02:31 - orthoroute.algorithms.manhattan.pathfinder.cuda_dijkstra - WARNING -   ROI 10: Near=1, Far=1859, Thresh=8.7, Sink_dist=inf
2025-10-07 23:02:31 - orthoroute.algorithms.manhattan.pathfinder.cuda_dijkstra - WARNING -   ROI 11: Near=1, Far=1431, Thresh=8.8, Sink_dist=inf
2025-10-07 23:02:31 - orthoroute.algorithms.manhattan.pathfinder.cuda_dijkstra - WARNING -   ROI 12: Near=1, Far=3530, Thresh=8.8, Sink_dist=inf
2025-10-07 23:02:31 - orthoroute.algorithms.manhattan.pathfinder.cuda_dijkstra - WARNING -   ROI 13: Near=1, Far=4221, Thresh=9.2, Sink_dist=inf
2025-10-07 23:02:31 - orthoroute.algorithms.manhattan.pathfinder.cuda_dijkstra - WARNING -   ROI 14: Near=1, Far=4226, Thresh=9.2, Sink_dist=inf
2025-10-07 23:02:31 - orthoroute.algorithms.manhattan.pathfinder.cuda_dijkstra - WARNING -   ROI 15: Near=1, Far=4227, Thresh=9.2, Sink_dist=inf
2025-10-07 23:02:31 - orthoroute.algorithms.manhattan.pathfinder.cuda_dijkstra - WARNING -   ROI 16: Near=1, Far=3551, Thresh=8.8, Sink_dist=inf
2025-10-07 23:02:31 - orthoroute.algorithms.manhattan.pathfinder.cuda_dijkstra - WARNING -   ROI 17: Near=1, Far=3489, Thresh=8.7, Sink_dist=inf
2025-10-07 23:02:31 - orthoroute.algorithms.manhattan.pathfinder.cuda_dijkstra - WARNING -   ROI 18: Near=1, Far=3145, Thresh=8.6, Sink_dist=inf
2025-10-07 23:02:31 - orthoroute.algorithms.manhattan.pathfinder.cuda_dijkstra - WARNING -   ROI 19: Near=1, Far=3713, Thresh=9.3, Sink_dist=inf
2025-10-07 23:02:31 - orthoroute.algorithms.manhattan.pathfinder.cuda_dijkstra - WARNING -   ROI 20: Near=1, Far=3489, Thresh=8.7, Sink_dist=inf
2025-10-07 23:02:31 - orthoroute.algorithms.manhattan.pathfinder.cuda_dijkstra - WARNING -   ROI 21: Near=1, Far=2975, Thresh=8.6, Sink_dist=inf
2025-10-07 23:02:31 - orthoroute.algorithms.manhattan.pathfinder.cuda_dijkstra - WARNING -   ROI 22: Near=1, Far=3489, Thresh=8.7, Sink_dist=inf
2025-10-07 23:02:31 - orthoroute.algorithms.manhattan.pathfinder.cuda_dijkstra - WARNING -   ROI 23: Near=1, Far=2900, Thresh=8.4, Sink_dist=inf
2025-10-07 23:02:31 - orthoroute.algorithms.manhattan.pathfinder.cuda_dijkstra - WARNING -   ROI 24: Near=1, Far=4215, Thresh=9.2, Sink_dist=inf
2025-10-07 23:02:31 - orthoroute.algorithms.manhattan.pathfinder.cuda_dijkstra - WARNING -   ROI 25: Near=1, Far=2908, Thresh=8.3, Sink_dist=inf
2025-10-07 23:02:31 - orthoroute.algorithms.manhattan.pathfinder.cuda_dijkstra - WARNING -   ROI 26: Near=1, Far=3542, Thresh=8.8, Sink_dist=inf
2025-10-07 23:02:31 - orthoroute.algorithms.manhattan.pathfinder.cuda_dijkstra - WARNING -   ROI 27: Near=1, Far=2516, Thresh=8.4, Sink_dist=inf
2025-10-07 23:02:31 - orthoroute.algorithms.manhattan.pathfinder.cuda_dijkstra - WARNING -   ROI 28: Near=1, Far=3552, Thresh=8.7, Sink_dist=inf
2025-10-07 23:02:31 - orthoroute.algorithms.manhattan.pathfinder.cuda_dijkstra - WARNING -   ROI 29: Near=1, Far=2902, Thresh=8.4, Sink_dist=inf
2025-10-07 23:02:31 - orthoroute.algorithms.manhattan.pathfinder.cuda_dijkstra - WARNING -   ROI 30: Near=1, Far=3721, Thresh=9.3, Sink_dist=inf
2025-10-07 23:02:31 - orthoroute.algorithms.manhattan.pathfinder.cuda_dijkstra - WARNING -   ROI 31: Near=1, Far=3125, Thresh=8.6, Sink_dist=inf
2025-10-07 23:02:33 - orthoroute.algorithms.manhattan.pathfinder.cuda_dijkstra - INFO - [DEBUG-GPU] Near-Far iteration 1800
2025-10-07 23:02:33 - orthoroute.algorithms.manhattan.pathfinder.cuda_dijkstra - WARNING - [CUDA-NF] Iteration 1800: 32/32 ROIs active, Near nodes=33, Far nodes=101166
2025-10-07 23:02:33 - orthoroute.algorithms.manhattan.pathfinder.cuda_dijkstra - WARNING -   ROI 0: Near=1, Far=3143, Thresh=9.4, Sink_dist=inf
2025-10-07 23:02:33 - orthoroute.algorithms.manhattan.pathfinder.cuda_dijkstra - WARNING -   ROI 1: Near=1, Far=2299, Thresh=8.7, Sink_dist=inf
2025-10-07 23:02:33 - orthoroute.algorithms.manhattan.pathfinder.cuda_dijkstra - WARNING -   ROI 2: Near=1, Far=3454, Thresh=8.7, Sink_dist=inf
2025-10-07 23:02:33 - orthoroute.algorithms.manhattan.pathfinder.cuda_dijkstra - WARNING -   ROI 3: Near=1, Far=1537, Thresh=9.5, Sink_dist=inf
2025-10-07 23:02:33 - orthoroute.algorithms.manhattan.pathfinder.cuda_dijkstra - WARNING -   ROI 4: Near=1, Far=3441, Thresh=8.8, Sink_dist=inf
2025-10-07 23:02:33 - orthoroute.algorithms.manhattan.pathfinder.cuda_dijkstra - WARNING -   ROI 5: Near=1, Far=2775, Thresh=8.4, Sink_dist=inf
2025-10-07 23:02:33 - orthoroute.algorithms.manhattan.pathfinder.cuda_dijkstra - WARNING -   ROI 6: Near=1, Far=3203, Thresh=9.6, Sink_dist=inf
2025-10-07 23:02:33 - orthoroute.algorithms.manhattan.pathfinder.cuda_dijkstra - WARNING -   ROI 7: Near=2, Far=3013, Thresh=8.9, Sink_dist=inf
2025-10-07 23:02:33 - orthoroute.algorithms.manhattan.pathfinder.cuda_dijkstra - WARNING -   ROI 8: Near=1, Far=3415, Thresh=8.7, Sink_dist=inf
2025-10-07 23:02:33 - orthoroute.algorithms.manhattan.pathfinder.cuda_dijkstra - WARNING -   ROI 9: Near=1, Far=2613, Thresh=8.9, Sink_dist=inf
2025-10-07 23:02:33 - orthoroute.algorithms.manhattan.pathfinder.cuda_dijkstra - WARNING -   ROI 10: Near=1, Far=1762, Thresh=8.8, Sink_dist=inf
2025-10-07 23:02:33 - orthoroute.algorithms.manhattan.pathfinder.cuda_dijkstra - WARNING -   ROI 11: Near=1, Far=1330, Thresh=8.9, Sink_dist=inf
2025-10-07 23:02:33 - orthoroute.algorithms.manhattan.pathfinder.cuda_dijkstra - WARNING -   ROI 12: Near=1, Far=3424, Thresh=8.9, Sink_dist=inf
2025-10-07 23:02:33 - orthoroute.algorithms.manhattan.pathfinder.cuda_dijkstra - WARNING -   ROI 13: Near=1, Far=4137, Thresh=9.3, Sink_dist=inf
2025-10-07 23:02:33 - orthoroute.algorithms.manhattan.pathfinder.cuda_dijkstra - WARNING -   ROI 14: Near=1, Far=4130, Thresh=9.3, Sink_dist=inf
2025-10-07 23:02:33 - orthoroute.algorithms.manhattan.pathfinder.cuda_dijkstra - WARNING -   ROI 15: Near=1, Far=4131, Thresh=9.3, Sink_dist=inf
2025-10-07 23:02:33 - orthoroute.algorithms.manhattan.pathfinder.cuda_dijkstra - WARNING -   ROI 16: Near=1, Far=3449, Thresh=8.8, Sink_dist=inf
2025-10-07 23:02:33 - orthoroute.algorithms.manhattan.pathfinder.cuda_dijkstra - WARNING -   ROI 17: Near=1, Far=3488, Thresh=8.8, Sink_dist=inf
2025-10-07 23:02:33 - orthoroute.algorithms.manhattan.pathfinder.cuda_dijkstra - WARNING -   ROI 18: Near=1, Far=3445, Thresh=8.7, Sink_dist=inf
2025-10-07 23:02:33 - orthoroute.algorithms.manhattan.pathfinder.cuda_dijkstra - WARNING -   ROI 19: Near=1, Far=3630, Thresh=9.5, Sink_dist=inf
2025-10-07 23:02:33 - orthoroute.algorithms.manhattan.pathfinder.cuda_dijkstra - WARNING -   ROI 20: Near=1, Far=3486, Thresh=8.8, Sink_dist=inf
2025-10-07 23:02:33 - orthoroute.algorithms.manhattan.pathfinder.cuda_dijkstra - WARNING -   ROI 21: Near=1, Far=3434, Thresh=8.7, Sink_dist=inf
2025-10-07 23:02:33 - orthoroute.algorithms.manhattan.pathfinder.cuda_dijkstra - WARNING -   ROI 22: Near=1, Far=3493, Thresh=8.8, Sink_dist=inf
2025-10-07 23:02:33 - orthoroute.algorithms.manhattan.pathfinder.cuda_dijkstra - WARNING -   ROI 23: Near=1, Far=2798, Thresh=8.4, Sink_dist=inf
2025-10-07 23:02:33 - orthoroute.algorithms.manhattan.pathfinder.cuda_dijkstra - WARNING -   ROI 24: Near=1, Far=4136, Thresh=9.3, Sink_dist=inf
2025-10-07 23:02:33 - orthoroute.algorithms.manhattan.pathfinder.cuda_dijkstra - WARNING -   ROI 25: Near=1, Far=2807, Thresh=8.4, Sink_dist=inf
2025-10-07 23:02:33 - orthoroute.algorithms.manhattan.pathfinder.cuda_dijkstra - WARNING -   ROI 26: Near=1, Far=3440, Thresh=8.9, Sink_dist=inf
2025-10-07 23:02:33 - orthoroute.algorithms.manhattan.pathfinder.cuda_dijkstra - WARNING -   ROI 27: Near=1, Far=2416, Thresh=8.4, Sink_dist=inf
2025-10-07 23:02:33 - orthoroute.algorithms.manhattan.pathfinder.cuda_dijkstra - WARNING -   ROI 28: Near=1, Far=3449, Thresh=8.8, Sink_dist=inf
2025-10-07 23:02:33 - orthoroute.algorithms.manhattan.pathfinder.cuda_dijkstra - WARNING -   ROI 29: Near=1, Far=2800, Thresh=8.4, Sink_dist=inf
2025-10-07 23:02:33 - orthoroute.algorithms.manhattan.pathfinder.cuda_dijkstra - WARNING -   ROI 30: Near=1, Far=3641, Thresh=9.4, Sink_dist=inf
2025-10-07 23:02:33 - orthoroute.algorithms.manhattan.pathfinder.cuda_dijkstra - WARNING -   ROI 31: Near=1, Far=3447, Thresh=8.7, Sink_dist=inf
2025-10-07 23:02:35 - orthoroute.algorithms.manhattan.pathfinder.cuda_dijkstra - INFO - [DEBUG-GPU] Near-Far iteration 1900
2025-10-07 23:02:36 - orthoroute.algorithms.manhattan.pathfinder.cuda_dijkstra - WARNING - [CUDA-NF] Iteration 1900: 32/32 ROIs active, Near nodes=33, Far nodes=103712
2025-10-07 23:02:36 - orthoroute.algorithms.manhattan.pathfinder.cuda_dijkstra - WARNING -   ROI 0: Near=1, Far=3664, Thresh=9.5, Sink_dist=inf
2025-10-07 23:02:36 - orthoroute.algorithms.manhattan.pathfinder.cuda_dijkstra - WARNING -   ROI 1: Near=1, Far=2493, Thresh=8.8, Sink_dist=inf
2025-10-07 23:02:36 - orthoroute.algorithms.manhattan.pathfinder.cuda_dijkstra - WARNING -   ROI 2: Near=1, Far=3380, Thresh=8.8, Sink_dist=inf
2025-10-07 23:02:36 - orthoroute.algorithms.manhattan.pathfinder.cuda_dijkstra - WARNING -   ROI 3: Near=1, Far=1476, Thresh=9.6, Sink_dist=inf
2025-10-07 23:02:36 - orthoroute.algorithms.manhattan.pathfinder.cuda_dijkstra - WARNING -   ROI 4: Near=1, Far=3340, Thresh=8.9, Sink_dist=inf
2025-10-07 23:02:36 - orthoroute.algorithms.manhattan.pathfinder.cuda_dijkstra - WARNING -   ROI 5: Near=1, Far=2927, Thresh=8.7, Sink_dist=inf
2025-10-07 23:02:36 - orthoroute.algorithms.manhattan.pathfinder.cuda_dijkstra - WARNING -   ROI 6: Near=1, Far=3097, Thresh=9.7, Sink_dist=inf
2025-10-07 23:02:36 - orthoroute.algorithms.manhattan.pathfinder.cuda_dijkstra - WARNING -   ROI 7: Near=1, Far=2944, Thresh=9.0, Sink_dist=inf
2025-10-07 23:02:36 - orthoroute.algorithms.manhattan.pathfinder.cuda_dijkstra - WARNING -   ROI 8: Near=1, Far=3398, Thresh=8.8, Sink_dist=inf
2025-10-07 23:02:36 - orthoroute.algorithms.manhattan.pathfinder.cuda_dijkstra - WARNING -   ROI 9: Near=1, Far=2855, Thresh=9.1, Sink_dist=inf
2025-10-07 23:02:36 - orthoroute.algorithms.manhattan.pathfinder.cuda_dijkstra - WARNING -   ROI 10: Near=1, Far=1683, Thresh=9.1, Sink_dist=inf
2025-10-07 23:02:36 - orthoroute.algorithms.manhattan.pathfinder.cuda_dijkstra - WARNING -   ROI 11: Near=1, Far=1504, Thresh=9.1, Sink_dist=inf
2025-10-07 23:02:36 - orthoroute.algorithms.manhattan.pathfinder.cuda_dijkstra - WARNING -   ROI 12: Near=1, Far=3447, Thresh=9.1, Sink_dist=inf
2025-10-07 23:02:36 - orthoroute.algorithms.manhattan.pathfinder.cuda_dijkstra - WARNING -   ROI 13: Near=1, Far=4423, Thresh=9.5, Sink_dist=inf
2025-10-07 23:02:36 - orthoroute.algorithms.manhattan.pathfinder.cuda_dijkstra - WARNING -   ROI 14: Near=1, Far=4489, Thresh=9.5, Sink_dist=inf
2025-10-07 23:02:36 - orthoroute.algorithms.manhattan.pathfinder.cuda_dijkstra - WARNING -   ROI 15: Near=1, Far=4466, Thresh=9.5, Sink_dist=inf
2025-10-07 23:02:36 - orthoroute.algorithms.manhattan.pathfinder.cuda_dijkstra - WARNING -   ROI 16: Near=1, Far=3393, Thresh=9.0, Sink_dist=inf
2025-10-07 23:02:36 - orthoroute.algorithms.manhattan.pathfinder.cuda_dijkstra - WARNING -   ROI 17: Near=1, Far=3410, Thresh=9.0, Sink_dist=inf
2025-10-07 23:02:36 - orthoroute.algorithms.manhattan.pathfinder.cuda_dijkstra - WARNING -   ROI 18: Near=1, Far=3342, Thresh=8.8, Sink_dist=inf
2025-10-07 23:02:36 - orthoroute.algorithms.manhattan.pathfinder.cuda_dijkstra - WARNING -   ROI 19: Near=1, Far=4214, Thresh=9.6, Sink_dist=inf
2025-10-07 23:02:36 - orthoroute.algorithms.manhattan.pathfinder.cuda_dijkstra - WARNING -   ROI 20: Near=1, Far=3396, Thresh=8.9, Sink_dist=inf
2025-10-07 23:02:36 - orthoroute.algorithms.manhattan.pathfinder.cuda_dijkstra - WARNING -   ROI 21: Near=1, Far=3382, Thresh=8.8, Sink_dist=inf
2025-10-07 23:02:36 - orthoroute.algorithms.manhattan.pathfinder.cuda_dijkstra - WARNING -   ROI 22: Near=1, Far=3415, Thresh=8.9, Sink_dist=inf
2025-10-07 23:02:36 - orthoroute.algorithms.manhattan.pathfinder.cuda_dijkstra - WARNING -   ROI 23: Near=1, Far=2797, Thresh=8.7, Sink_dist=inf
2025-10-07 23:02:36 - orthoroute.algorithms.manhattan.pathfinder.cuda_dijkstra - WARNING -   ROI 24: Near=1, Far=4423, Thresh=9.5, Sink_dist=inf
2025-10-07 23:02:36 - orthoroute.algorithms.manhattan.pathfinder.cuda_dijkstra - WARNING -   ROI 25: Near=1, Far=2727, Thresh=8.6, Sink_dist=inf
2025-10-07 23:02:36 - orthoroute.algorithms.manhattan.pathfinder.cuda_dijkstra - WARNING -   ROI 26: Near=1, Far=3395, Thresh=9.0, Sink_dist=inf
2025-10-07 23:02:36 - orthoroute.algorithms.manhattan.pathfinder.cuda_dijkstra - WARNING -   ROI 27: Near=1, Far=2476, Thresh=8.7, Sink_dist=inf
2025-10-07 23:02:36 - orthoroute.algorithms.manhattan.pathfinder.cuda_dijkstra - WARNING -   ROI 28: Near=1, Far=3381, Thresh=9.0, Sink_dist=inf
2025-10-07 23:02:36 - orthoroute.algorithms.manhattan.pathfinder.cuda_dijkstra - WARNING -   ROI 29: Near=1, Far=2807, Thresh=8.7, Sink_dist=inf
2025-10-07 23:02:36 - orthoroute.algorithms.manhattan.pathfinder.cuda_dijkstra - WARNING -   ROI 30: Near=1, Far=4226, Thresh=9.5, Sink_dist=inf
2025-10-07 23:02:36 - orthoroute.algorithms.manhattan.pathfinder.cuda_dijkstra - WARNING -   ROI 31: Near=2, Far=3342, Thresh=8.8, Sink_dist=inf
2025-10-07 23:02:38 - orthoroute.algorithms.manhattan.pathfinder.cuda_dijkstra - INFO - [DEBUG-GPU] Near-Far iteration 2000
2025-10-07 23:02:38 - orthoroute.algorithms.manhattan.pathfinder.cuda_dijkstra - WARNING - [CUDA-NF] Iteration 2000: 32/32 ROIs active, Near nodes=32, Far nodes=109118
2025-10-07 23:02:38 - orthoroute.algorithms.manhattan.pathfinder.cuda_dijkstra - WARNING -   ROI 0: Near=1, Far=3558, Thresh=9.6, Sink_dist=inf
2025-10-07 23:02:38 - orthoroute.algorithms.manhattan.pathfinder.cuda_dijkstra - WARNING -   ROI 1: Near=1, Far=2389, Thresh=8.8, Sink_dist=inf
2025-10-07 23:02:38 - orthoroute.algorithms.manhattan.pathfinder.cuda_dijkstra - WARNING -   ROI 2: Near=1, Far=3303, Thresh=8.9, Sink_dist=inf
2025-10-07 23:02:38 - orthoroute.algorithms.manhattan.pathfinder.cuda_dijkstra - WARNING -   ROI 3: Near=1, Far=1427, Thresh=9.9, Sink_dist=inf
2025-10-07 23:02:38 - orthoroute.algorithms.manhattan.pathfinder.cuda_dijkstra - WARNING -   ROI 4: Near=1, Far=3262, Thresh=9.0, Sink_dist=inf
2025-10-07 23:02:38 - orthoroute.algorithms.manhattan.pathfinder.cuda_dijkstra - WARNING -   ROI 5: Near=1, Far=3253, Thresh=8.7, Sink_dist=inf
2025-10-07 23:02:38 - orthoroute.algorithms.manhattan.pathfinder.cuda_dijkstra - WARNING -   ROI 6: Near=1, Far=3004, Thresh=9.8, Sink_dist=inf
2025-10-07 23:02:38 - orthoroute.algorithms.manhattan.pathfinder.cuda_dijkstra - WARNING -   ROI 7: Near=1, Far=3361, Thresh=9.1, Sink_dist=inf
2025-10-07 23:02:38 - orthoroute.algorithms.manhattan.pathfinder.cuda_dijkstra - WARNING -   ROI 8: Near=1, Far=3320, Thresh=8.9, Sink_dist=inf
2025-10-07 23:02:38 - orthoroute.algorithms.manhattan.pathfinder.cuda_dijkstra - WARNING -   ROI 9: Near=1, Far=2997, Thresh=9.2, Sink_dist=inf
2025-10-07 23:02:38 - orthoroute.algorithms.manhattan.pathfinder.cuda_dijkstra - WARNING -   ROI 10: Near=1, Far=1989, Thresh=9.1, Sink_dist=inf
2025-10-07 23:02:38 - orthoroute.algorithms.manhattan.pathfinder.cuda_dijkstra - WARNING -   ROI 11: Near=1, Far=1555, Thresh=9.2, Sink_dist=inf
2025-10-07 23:02:38 - orthoroute.algorithms.manhattan.pathfinder.cuda_dijkstra - WARNING -   ROI 12: Near=1, Far=3883, Thresh=9.1, Sink_dist=inf
2025-10-07 23:02:38 - orthoroute.algorithms.manhattan.pathfinder.cuda_dijkstra - WARNING -   ROI 13: Near=1, Far=4682, Thresh=9.6, Sink_dist=inf
2025-10-07 23:02:38 - orthoroute.algorithms.manhattan.pathfinder.cuda_dijkstra - WARNING -   ROI 14: Near=1, Far=4675, Thresh=9.6, Sink_dist=inf
2025-10-07 23:02:38 - orthoroute.algorithms.manhattan.pathfinder.cuda_dijkstra - WARNING -   ROI 15: Near=1, Far=4676, Thresh=9.6, Sink_dist=inf
2025-10-07 23:02:38 - orthoroute.algorithms.manhattan.pathfinder.cuda_dijkstra - WARNING -   ROI 16: Near=1, Far=3755, Thresh=9.1, Sink_dist=inf
2025-10-07 23:02:38 - orthoroute.algorithms.manhattan.pathfinder.cuda_dijkstra - WARNING -   ROI 17: Near=1, Far=3681, Thresh=9.1, Sink_dist=inf
2025-10-07 23:02:38 - orthoroute.algorithms.manhattan.pathfinder.cuda_dijkstra - WARNING -   ROI 18: Near=1, Far=3265, Thresh=9.0, Sink_dist=inf
2025-10-07 23:02:38 - orthoroute.algorithms.manhattan.pathfinder.cuda_dijkstra - WARNING -   ROI 19: Near=1, Far=4108, Thresh=9.7, Sink_dist=inf
2025-10-07 23:02:38 - orthoroute.algorithms.manhattan.pathfinder.cuda_dijkstra - WARNING -   ROI 20: Near=1, Far=3691, Thresh=9.1, Sink_dist=inf
2025-10-07 23:02:38 - orthoroute.algorithms.manhattan.pathfinder.cuda_dijkstra - WARNING -   ROI 21: Near=1, Far=3303, Thresh=8.9, Sink_dist=inf
2025-10-07 23:02:38 - orthoroute.algorithms.manhattan.pathfinder.cuda_dijkstra - WARNING -   ROI 22: Near=1, Far=3691, Thresh=9.1, Sink_dist=inf
2025-10-07 23:02:38 - orthoroute.algorithms.manhattan.pathfinder.cuda_dijkstra - WARNING -   ROI 23: Near=1, Far=3271, Thresh=8.7, Sink_dist=inf
2025-10-07 23:02:38 - orthoroute.algorithms.manhattan.pathfinder.cuda_dijkstra - WARNING -   ROI 24: Near=1, Far=4681, Thresh=9.6, Sink_dist=inf
2025-10-07 23:02:38 - orthoroute.algorithms.manhattan.pathfinder.cuda_dijkstra - WARNING -   ROI 25: Near=1, Far=3229, Thresh=8.7, Sink_dist=inf
2025-10-07 23:02:38 - orthoroute.algorithms.manhattan.pathfinder.cuda_dijkstra - WARNING -   ROI 26: Near=1, Far=3825, Thresh=9.1, Sink_dist=inf
2025-10-07 23:02:38 - orthoroute.algorithms.manhattan.pathfinder.cuda_dijkstra - WARNING -   ROI 27: Near=1, Far=2836, Thresh=8.7, Sink_dist=inf
2025-10-07 23:02:38 - orthoroute.algorithms.manhattan.pathfinder.cuda_dijkstra - WARNING -   ROI 28: Near=1, Far=3795, Thresh=9.1, Sink_dist=inf
2025-10-07 23:02:38 - orthoroute.algorithms.manhattan.pathfinder.cuda_dijkstra - WARNING -   ROI 29: Near=1, Far=3269, Thresh=8.7, Sink_dist=inf
2025-10-07 23:02:38 - orthoroute.algorithms.manhattan.pathfinder.cuda_dijkstra - WARNING -   ROI 30: Near=1, Far=4121, Thresh=9.7, Sink_dist=inf
2025-10-07 23:02:38 - orthoroute.algorithms.manhattan.pathfinder.cuda_dijkstra - WARNING -   ROI 31: Near=1, Far=3263, Thresh=9.0, Sink_dist=inf
2025-10-07 23:02:40 - orthoroute.algorithms.manhattan.pathfinder.cuda_dijkstra - INFO - [DEBUG-GPU] Near-Far iteration 2100
2025-10-07 23:02:40 - orthoroute.algorithms.manhattan.pathfinder.cuda_dijkstra - WARNING - [CUDA-NF] Iteration 2100: 32/32 ROIs active, Near nodes=33, Far nodes=110857
2025-10-07 23:02:40 - orthoroute.algorithms.manhattan.pathfinder.cuda_dijkstra - WARNING -   ROI 0: Near=1, Far=3473, Thresh=9.7, Sink_dist=inf
2025-10-07 23:02:40 - orthoroute.algorithms.manhattan.pathfinder.cuda_dijkstra - WARNING -   ROI 1: Near=1, Far=2309, Thresh=8.9, Sink_dist=inf
2025-10-07 23:02:40 - orthoroute.algorithms.manhattan.pathfinder.cuda_dijkstra - WARNING -   ROI 2: Near=1, Far=3457, Thresh=9.1, Sink_dist=inf
2025-10-07 23:02:40 - orthoroute.algorithms.manhattan.pathfinder.cuda_dijkstra - WARNING -   ROI 3: Near=1, Far=1659, Thresh=9.9, Sink_dist=inf
2025-10-07 23:02:40 - orthoroute.algorithms.manhattan.pathfinder.cuda_dijkstra - WARNING -   ROI 4: Near=1, Far=3697, Thresh=9.1, Sink_dist=inf
2025-10-07 23:02:40 - orthoroute.algorithms.manhattan.pathfinder.cuda_dijkstra - WARNING -   ROI 5: Near=1, Far=3151, Thresh=8.8, Sink_dist=inf
2025-10-07 23:02:40 - orthoroute.algorithms.manhattan.pathfinder.cuda_dijkstra - WARNING -   ROI 6: Near=1, Far=3507, Thresh=10.0, Sink_dist=inf
2025-10-07 23:02:40 - orthoroute.algorithms.manhattan.pathfinder.cuda_dijkstra - WARNING -   ROI 7: Near=1, Far=3375, Thresh=9.2, Sink_dist=inf
2025-10-07 23:02:40 - orthoroute.algorithms.manhattan.pathfinder.cuda_dijkstra - WARNING -   ROI 8: Near=1, Far=3387, Thresh=9.1, Sink_dist=inf
2025-10-07 23:02:40 - orthoroute.algorithms.manhattan.pathfinder.cuda_dijkstra - WARNING -   ROI 9: Near=1, Far=2895, Thresh=9.3, Sink_dist=inf
2025-10-07 23:02:40 - orthoroute.algorithms.manhattan.pathfinder.cuda_dijkstra - WARNING -   ROI 10: Near=1, Far=1947, Thresh=9.2, Sink_dist=inf
2025-10-07 23:02:40 - orthoroute.algorithms.manhattan.pathfinder.cuda_dijkstra - WARNING -   ROI 11: Near=1, Far=1455, Thresh=9.3, Sink_dist=inf
2025-10-07 23:02:40 - orthoroute.algorithms.manhattan.pathfinder.cuda_dijkstra - WARNING -   ROI 12: Near=1, Far=3843, Thresh=9.2, Sink_dist=inf
2025-10-07 23:02:40 - orthoroute.algorithms.manhattan.pathfinder.cuda_dijkstra - WARNING -   ROI 13: Near=1, Far=4575, Thresh=9.7, Sink_dist=inf
2025-10-07 23:02:40 - orthoroute.algorithms.manhattan.pathfinder.cuda_dijkstra - WARNING -   ROI 14: Near=1, Far=4589, Thresh=9.6, Sink_dist=inf
2025-10-07 23:02:40 - orthoroute.algorithms.manhattan.pathfinder.cuda_dijkstra - WARNING -   ROI 15: Near=1, Far=4592, Thresh=9.6, Sink_dist=inf
2025-10-07 23:02:40 - orthoroute.algorithms.manhattan.pathfinder.cuda_dijkstra - WARNING -   ROI 16: Near=1, Far=3868, Thresh=9.2, Sink_dist=inf
2025-10-07 23:02:40 - orthoroute.algorithms.manhattan.pathfinder.cuda_dijkstra - WARNING -   ROI 17: Near=1, Far=3910, Thresh=9.2, Sink_dist=inf
2025-10-07 23:02:40 - orthoroute.algorithms.manhattan.pathfinder.cuda_dijkstra - WARNING -   ROI 18: Near=1, Far=3661, Thresh=9.1, Sink_dist=inf
2025-10-07 23:02:40 - orthoroute.algorithms.manhattan.pathfinder.cuda_dijkstra - WARNING -   ROI 19: Near=1, Far=4006, Thresh=9.8, Sink_dist=inf
2025-10-07 23:02:40 - orthoroute.algorithms.manhattan.pathfinder.cuda_dijkstra - WARNING -   ROI 20: Near=1, Far=3908, Thresh=9.2, Sink_dist=inf
2025-10-07 23:02:40 - orthoroute.algorithms.manhattan.pathfinder.cuda_dijkstra - WARNING -   ROI 21: Near=1, Far=3427, Thresh=9.1, Sink_dist=inf
2025-10-07 23:02:40 - orthoroute.algorithms.manhattan.pathfinder.cuda_dijkstra - WARNING -   ROI 22: Near=1, Far=3916, Thresh=9.2, Sink_dist=inf
2025-10-07 23:02:40 - orthoroute.algorithms.manhattan.pathfinder.cuda_dijkstra - WARNING -   ROI 23: Near=1, Far=3170, Thresh=8.8, Sink_dist=inf
2025-10-07 23:02:40 - orthoroute.algorithms.manhattan.pathfinder.cuda_dijkstra - WARNING -   ROI 24: Near=1, Far=4575, Thresh=9.7, Sink_dist=inf
2025-10-07 23:02:40 - orthoroute.algorithms.manhattan.pathfinder.cuda_dijkstra - WARNING -   ROI 25: Near=1, Far=3179, Thresh=8.8, Sink_dist=inf
2025-10-07 23:02:40 - orthoroute.algorithms.manhattan.pathfinder.cuda_dijkstra - WARNING -   ROI 26: Near=1, Far=3862, Thresh=9.2, Sink_dist=inf
2025-10-07 23:02:40 - orthoroute.algorithms.manhattan.pathfinder.cuda_dijkstra - WARNING -   ROI 27: Near=1, Far=2734, Thresh=8.8, Sink_dist=inf
2025-10-07 23:02:40 - orthoroute.algorithms.manhattan.pathfinder.cuda_dijkstra - WARNING -   ROI 28: Near=1, Far=3869, Thresh=9.2, Sink_dist=inf
2025-10-07 23:02:40 - orthoroute.algorithms.manhattan.pathfinder.cuda_dijkstra - WARNING -   ROI 29: Near=1, Far=3173, Thresh=8.8, Sink_dist=inf
2025-10-07 23:02:40 - orthoroute.algorithms.manhattan.pathfinder.cuda_dijkstra - WARNING -   ROI 30: Near=2, Far=4037, Thresh=9.7, Sink_dist=inf
2025-10-07 23:02:40 - orthoroute.algorithms.manhattan.pathfinder.cuda_dijkstra - WARNING -   ROI 31: Near=1, Far=3651, Thresh=9.1, Sink_dist=inf
2025-10-07 23:02:42 - orthoroute.algorithms.manhattan.pathfinder.cuda_dijkstra - INFO - [DEBUG-GPU] Near-Far iteration 2200
2025-10-07 23:02:42 - orthoroute.algorithms.manhattan.pathfinder.cuda_dijkstra - WARNING - [CUDA-NF] Iteration 2200: 32/32 ROIs active, Near nodes=32, Far nodes=111234
2025-10-07 23:02:42 - orthoroute.algorithms.manhattan.pathfinder.cuda_dijkstra - WARNING -   ROI 0: Near=1, Far=3675, Thresh=9.9, Sink_dist=inf
2025-10-07 23:02:42 - orthoroute.algorithms.manhattan.pathfinder.cuda_dijkstra - WARNING -   ROI 1: Near=1, Far=2651, Thresh=9.1, Sink_dist=inf
2025-10-07 23:02:42 - orthoroute.algorithms.manhattan.pathfinder.cuda_dijkstra - WARNING -   ROI 2: Near=1, Far=3801, Thresh=9.2, Sink_dist=inf
2025-10-07 23:02:42 - orthoroute.algorithms.manhattan.pathfinder.cuda_dijkstra - WARNING -   ROI 3: Near=1, Far=1584, Thresh=10.0, Sink_dist=inf
2025-10-07 23:02:42 - orthoroute.algorithms.manhattan.pathfinder.cuda_dijkstra - WARNING -   ROI 4: Near=1, Far=3762, Thresh=9.2, Sink_dist=inf
2025-10-07 23:02:42 - orthoroute.algorithms.manhattan.pathfinder.cuda_dijkstra - WARNING -   ROI 5: Near=1, Far=3050, Thresh=8.9, Sink_dist=inf
2025-10-07 23:02:42 - orthoroute.algorithms.manhattan.pathfinder.cuda_dijkstra - WARNING -   ROI 6: Near=1, Far=3406, Thresh=10.1, Sink_dist=inf
2025-10-07 23:02:42 - orthoroute.algorithms.manhattan.pathfinder.cuda_dijkstra - WARNING -   ROI 7: Near=1, Far=3295, Thresh=9.3, Sink_dist=inf
2025-10-07 23:02:42 - orthoroute.algorithms.manhattan.pathfinder.cuda_dijkstra - WARNING -   ROI 8: Near=1, Far=3816, Thresh=9.1, Sink_dist=inf
2025-10-07 23:02:42 - orthoroute.algorithms.manhattan.pathfinder.cuda_dijkstra - WARNING -   ROI 9: Near=1, Far=2855, Thresh=9.4, Sink_dist=inf
2025-10-07 23:02:42 - orthoroute.algorithms.manhattan.pathfinder.cuda_dijkstra - WARNING -   ROI 10: Near=1, Far=1844, Thresh=9.3, Sink_dist=inf
2025-10-07 23:02:42 - orthoroute.algorithms.manhattan.pathfinder.cuda_dijkstra - WARNING -   ROI 11: Near=1, Far=1577, Thresh=9.5, Sink_dist=inf
2025-10-07 23:02:42 - orthoroute.algorithms.manhattan.pathfinder.cuda_dijkstra - WARNING -   ROI 12: Near=1, Far=3766, Thresh=9.3, Sink_dist=inf
2025-10-07 23:02:42 - orthoroute.algorithms.manhattan.pathfinder.cuda_dijkstra - WARNING -   ROI 13: Near=1, Far=4496, Thresh=9.8, Sink_dist=inf
2025-10-07 23:02:42 - orthoroute.algorithms.manhattan.pathfinder.cuda_dijkstra - WARNING -   ROI 14: Near=1, Far=4486, Thresh=9.8, Sink_dist=inf
2025-10-07 23:02:42 - orthoroute.algorithms.manhattan.pathfinder.cuda_dijkstra - WARNING -   ROI 15: Near=1, Far=4488, Thresh=9.8, Sink_dist=inf
2025-10-07 23:02:42 - orthoroute.algorithms.manhattan.pathfinder.cuda_dijkstra - WARNING -   ROI 16: Near=1, Far=3790, Thresh=9.3, Sink_dist=inf
2025-10-07 23:02:42 - orthoroute.algorithms.manhattan.pathfinder.cuda_dijkstra - WARNING -   ROI 17: Near=1, Far=3808, Thresh=9.3, Sink_dist=inf
2025-10-07 23:02:42 - orthoroute.algorithms.manhattan.pathfinder.cuda_dijkstra - WARNING -   ROI 18: Near=1, Far=3765, Thresh=9.2, Sink_dist=inf
2025-10-07 23:02:42 - orthoroute.algorithms.manhattan.pathfinder.cuda_dijkstra - WARNING -   ROI 19: Near=1, Far=4124, Thresh=9.9, Sink_dist=inf
2025-10-07 23:02:42 - orthoroute.algorithms.manhattan.pathfinder.cuda_dijkstra - WARNING -   ROI 20: Near=1, Far=3807, Thresh=9.3, Sink_dist=inf
2025-10-07 23:02:42 - orthoroute.algorithms.manhattan.pathfinder.cuda_dijkstra - WARNING -   ROI 21: Near=1, Far=3802, Thresh=9.2, Sink_dist=inf
2025-10-07 23:02:42 - orthoroute.algorithms.manhattan.pathfinder.cuda_dijkstra - WARNING -   ROI 22: Near=1, Far=3813, Thresh=9.3, Sink_dist=inf
2025-10-07 23:02:42 - orthoroute.algorithms.manhattan.pathfinder.cuda_dijkstra - WARNING -   ROI 23: Near=1, Far=3070, Thresh=8.9, Sink_dist=inf
2025-10-07 23:02:42 - orthoroute.algorithms.manhattan.pathfinder.cuda_dijkstra - WARNING -   ROI 24: Near=1, Far=4496, Thresh=9.8, Sink_dist=inf
2025-10-07 23:02:42 - orthoroute.algorithms.manhattan.pathfinder.cuda_dijkstra - WARNING -   ROI 25: Near=1, Far=3102, Thresh=8.8, Sink_dist=inf
2025-10-07 23:02:42 - orthoroute.algorithms.manhattan.pathfinder.cuda_dijkstra - WARNING -   ROI 26: Near=1, Far=3785, Thresh=9.3, Sink_dist=inf
2025-10-07 23:02:42 - orthoroute.algorithms.manhattan.pathfinder.cuda_dijkstra - WARNING -   ROI 27: Near=1, Far=2633, Thresh=8.9, Sink_dist=inf
2025-10-07 23:02:42 - orthoroute.algorithms.manhattan.pathfinder.cuda_dijkstra - WARNING -   ROI 28: Near=1, Far=3781, Thresh=9.3, Sink_dist=inf
2025-10-07 23:02:42 - orthoroute.algorithms.manhattan.pathfinder.cuda_dijkstra - WARNING -   ROI 29: Near=1, Far=3071, Thresh=8.9, Sink_dist=inf
2025-10-07 23:02:42 - orthoroute.algorithms.manhattan.pathfinder.cuda_dijkstra - WARNING -   ROI 30: Near=1, Far=4073, Thresh=9.9, Sink_dist=inf
2025-10-07 23:02:42 - orthoroute.algorithms.manhattan.pathfinder.cuda_dijkstra - WARNING -   ROI 31: Near=1, Far=3762, Thresh=9.2, Sink_dist=inf
2025-10-07 23:02:44 - orthoroute.algorithms.manhattan.pathfinder.cuda_dijkstra - INFO - [DEBUG-GPU] Near-Far iteration 2300
2025-10-07 23:02:44 - orthoroute.algorithms.manhattan.pathfinder.cuda_dijkstra - WARNING - [CUDA-NF] Iteration 2300: 32/32 ROIs active, Near nodes=33, Far nodes=114876
2025-10-07 23:02:44 - orthoroute.algorithms.manhattan.pathfinder.cuda_dijkstra - WARNING -   ROI 0: Near=1, Far=3933, Thresh=10.0, Sink_dist=inf
2025-10-07 23:02:44 - orthoroute.algorithms.manhattan.pathfinder.cuda_dijkstra - WARNING -   ROI 1: Near=1, Far=2692, Thresh=9.2, Sink_dist=inf
2025-10-07 23:02:44 - orthoroute.algorithms.manhattan.pathfinder.cuda_dijkstra - WARNING -   ROI 2: Near=1, Far=3701, Thresh=9.2, Sink_dist=inf
2025-10-07 23:02:44 - orthoroute.algorithms.manhattan.pathfinder.cuda_dijkstra - WARNING -   ROI 3: Near=1, Far=1507, Thresh=10.3, Sink_dist=inf
2025-10-07 23:02:44 - orthoroute.algorithms.manhattan.pathfinder.cuda_dijkstra - WARNING -   ROI 4: Near=1, Far=3657, Thresh=9.3, Sink_dist=inf
2025-10-07 23:02:44 - orthoroute.algorithms.manhattan.pathfinder.cuda_dijkstra - WARNING -   ROI 5: Near=1, Far=3249, Thresh=9.1, Sink_dist=inf
2025-10-07 23:02:44 - orthoroute.algorithms.manhattan.pathfinder.cuda_dijkstra - WARNING -   ROI 6: Near=1, Far=3302, Thresh=10.1, Sink_dist=inf
2025-10-07 23:02:44 - orthoroute.algorithms.manhattan.pathfinder.cuda_dijkstra - WARNING -   ROI 7: Near=1, Far=3289, Thresh=9.4, Sink_dist=inf
2025-10-07 23:02:44 - orthoroute.algorithms.manhattan.pathfinder.cuda_dijkstra - WARNING -   ROI 8: Near=1, Far=3719, Thresh=9.2, Sink_dist=inf
2025-10-07 23:02:44 - orthoroute.algorithms.manhattan.pathfinder.cuda_dijkstra - WARNING -   ROI 9: Near=1, Far=3239, Thresh=9.5, Sink_dist=inf
2025-10-07 23:02:44 - orthoroute.algorithms.manhattan.pathfinder.cuda_dijkstra - WARNING -   ROI 10: Near=1, Far=2013, Thresh=9.5, Sink_dist=inf
2025-10-07 23:02:44 - orthoroute.algorithms.manhattan.pathfinder.cuda_dijkstra - WARNING -   ROI 11: Near=1, Far=1709, Thresh=9.6, Sink_dist=inf
2025-10-07 23:02:44 - orthoroute.algorithms.manhattan.pathfinder.cuda_dijkstra - WARNING -   ROI 12: Near=1, Far=3871, Thresh=9.5, Sink_dist=inf
2025-10-07 23:02:44 - orthoroute.algorithms.manhattan.pathfinder.cuda_dijkstra - WARNING -   ROI 13: Near=1, Far=5034, Thresh=9.9, Sink_dist=inf
2025-10-07 23:02:44 - orthoroute.algorithms.manhattan.pathfinder.cuda_dijkstra - WARNING -   ROI 14: Near=1, Far=5120, Thresh=9.9, Sink_dist=inf
2025-10-07 23:02:44 - orthoroute.algorithms.manhattan.pathfinder.cuda_dijkstra - WARNING -   ROI 15: Near=1, Far=5098, Thresh=9.9, Sink_dist=inf
2025-10-07 23:02:44 - orthoroute.algorithms.manhattan.pathfinder.cuda_dijkstra - WARNING -   ROI 16: Near=1, Far=3760, Thresh=9.4, Sink_dist=inf
2025-10-07 23:02:44 - orthoroute.algorithms.manhattan.pathfinder.cuda_dijkstra - WARNING -   ROI 17: Near=1, Far=3728, Thresh=9.4, Sink_dist=inf
2025-10-07 23:02:44 - orthoroute.algorithms.manhattan.pathfinder.cuda_dijkstra - WARNING -   ROI 18: Near=1, Far=3657, Thresh=9.2, Sink_dist=inf
2025-10-07 23:02:44 - orthoroute.algorithms.manhattan.pathfinder.cuda_dijkstra - WARNING -   ROI 19: Near=1, Far=4556, Thresh=10.0, Sink_dist=inf
2025-10-07 23:02:44 - orthoroute.algorithms.manhattan.pathfinder.cuda_dijkstra - WARNING -   ROI 20: Near=1, Far=3727, Thresh=9.4, Sink_dist=inf
2025-10-07 23:02:44 - orthoroute.algorithms.manhattan.pathfinder.cuda_dijkstra - WARNING -   ROI 21: Near=1, Far=3702, Thresh=9.2, Sink_dist=inf
2025-10-07 23:02:44 - orthoroute.algorithms.manhattan.pathfinder.cuda_dijkstra - WARNING -   ROI 22: Near=1, Far=3734, Thresh=9.4, Sink_dist=inf
2025-10-07 23:02:44 - orthoroute.algorithms.manhattan.pathfinder.cuda_dijkstra - WARNING -   ROI 23: Near=1, Far=3129, Thresh=9.1, Sink_dist=inf
2025-10-07 23:02:44 - orthoroute.algorithms.manhattan.pathfinder.cuda_dijkstra - WARNING -   ROI 24: Near=1, Far=5012, Thresh=9.9, Sink_dist=inf
2025-10-07 23:02:44 - orthoroute.algorithms.manhattan.pathfinder.cuda_dijkstra - WARNING -   ROI 25: Near=2, Far=3042, Thresh=9.0, Sink_dist=inf
2025-10-07 23:02:44 - orthoroute.algorithms.manhattan.pathfinder.cuda_dijkstra - WARNING -   ROI 26: Near=1, Far=3764, Thresh=9.4, Sink_dist=inf
2025-10-07 23:02:44 - orthoroute.algorithms.manhattan.pathfinder.cuda_dijkstra - WARNING -   ROI 27: Near=1, Far=2749, Thresh=9.1, Sink_dist=inf
2025-10-07 23:02:44 - orthoroute.algorithms.manhattan.pathfinder.cuda_dijkstra - WARNING -   ROI 28: Near=1, Far=3759, Thresh=9.4, Sink_dist=inf
2025-10-07 23:02:44 - orthoroute.algorithms.manhattan.pathfinder.cuda_dijkstra - WARNING -   ROI 29: Near=1, Far=3189, Thresh=9.1, Sink_dist=inf
2025-10-07 23:02:44 - orthoroute.algorithms.manhattan.pathfinder.cuda_dijkstra - WARNING -   ROI 30: Near=1, Far=4565, Thresh=10.0, Sink_dist=inf
2025-10-07 23:02:44 - orthoroute.algorithms.manhattan.pathfinder.cuda_dijkstra - WARNING -   ROI 31: Near=1, Far=3670, Thresh=9.2, Sink_dist=inf
2025-10-07 23:02:47 - orthoroute.algorithms.manhattan.pathfinder.cuda_dijkstra - INFO - [DEBUG-GPU] Near-Far iteration 2400
2025-10-07 23:02:47 - orthoroute.algorithms.manhattan.pathfinder.cuda_dijkstra - WARNING - [CUDA-NF] Iteration 2400: 32/32 ROIs active, Near nodes=32, Far nodes=119805
2025-10-07 23:02:47 - orthoroute.algorithms.manhattan.pathfinder.cuda_dijkstra - WARNING -   ROI 0: Near=1, Far=3835, Thresh=10.1, Sink_dist=inf
2025-10-07 23:02:47 - orthoroute.algorithms.manhattan.pathfinder.cuda_dijkstra - WARNING -   ROI 1: Near=1, Far=2591, Thresh=9.2, Sink_dist=inf
2025-10-07 23:02:47 - orthoroute.algorithms.manhattan.pathfinder.cuda_dijkstra - WARNING -   ROI 2: Near=1, Far=3623, Thresh=9.3, Sink_dist=inf
2025-10-07 23:02:47 - orthoroute.algorithms.manhattan.pathfinder.cuda_dijkstra - WARNING -   ROI 3: Near=1, Far=1773, Thresh=10.3, Sink_dist=inf
2025-10-07 23:02:47 - orthoroute.algorithms.manhattan.pathfinder.cuda_dijkstra - WARNING -   ROI 4: Near=1, Far=3581, Thresh=9.4, Sink_dist=inf
2025-10-07 23:02:47 - orthoroute.algorithms.manhattan.pathfinder.cuda_dijkstra - WARNING -   ROI 5: Near=1, Far=3576, Thresh=9.1, Sink_dist=inf
2025-10-07 23:02:47 - orthoroute.algorithms.manhattan.pathfinder.cuda_dijkstra - WARNING -   ROI 6: Near=1, Far=3319, Thresh=10.3, Sink_dist=inf
2025-10-07 23:02:47 - orthoroute.algorithms.manhattan.pathfinder.cuda_dijkstra - WARNING -   ROI 7: Near=1, Far=3731, Thresh=9.5, Sink_dist=inf
2025-10-07 23:02:47 - orthoroute.algorithms.manhattan.pathfinder.cuda_dijkstra - WARNING -   ROI 8: Near=1, Far=3643, Thresh=9.3, Sink_dist=inf
2025-10-07 23:02:47 - orthoroute.algorithms.manhattan.pathfinder.cuda_dijkstra - WARNING -   ROI 9: Near=1, Far=3240, Thresh=9.6, Sink_dist=inf
2025-10-07 23:02:47 - orthoroute.algorithms.manhattan.pathfinder.cuda_dijkstra - WARNING -   ROI 10: Near=1, Far=2162, Thresh=9.6, Sink_dist=inf
2025-10-07 23:02:47 - orthoroute.algorithms.manhattan.pathfinder.cuda_dijkstra - WARNING -   ROI 11: Near=1, Far=1608, Thresh=9.6, Sink_dist=inf
2025-10-07 23:02:47 - orthoroute.algorithms.manhattan.pathfinder.cuda_dijkstra - WARNING -   ROI 12: Near=1, Far=4264, Thresh=9.5, Sink_dist=inf
2025-10-07 23:02:47 - orthoroute.algorithms.manhattan.pathfinder.cuda_dijkstra - WARNING -   ROI 13: Near=1, Far=5088, Thresh=10.0, Sink_dist=inf
2025-10-07 23:02:47 - orthoroute.algorithms.manhattan.pathfinder.cuda_dijkstra - WARNING -   ROI 14: Near=1, Far=5079, Thresh=10.0, Sink_dist=inf
2025-10-07 23:02:47 - orthoroute.algorithms.manhattan.pathfinder.cuda_dijkstra - WARNING -   ROI 15: Near=1, Far=5081, Thresh=10.0, Sink_dist=inf
2025-10-07 23:02:47 - orthoroute.algorithms.manhattan.pathfinder.cuda_dijkstra - WARNING -   ROI 16: Near=1, Far=4193, Thresh=9.5, Sink_dist=inf
2025-10-07 23:02:47 - orthoroute.algorithms.manhattan.pathfinder.cuda_dijkstra - WARNING -   ROI 17: Near=1, Far=4109, Thresh=9.5, Sink_dist=inf
2025-10-07 23:02:47 - orthoroute.algorithms.manhattan.pathfinder.cuda_dijkstra - WARNING -   ROI 18: Near=1, Far=3579, Thresh=9.4, Sink_dist=inf
2025-10-07 23:02:47 - orthoroute.algorithms.manhattan.pathfinder.cuda_dijkstra - WARNING -   ROI 19: Near=1, Far=4451, Thresh=10.1, Sink_dist=inf
2025-10-07 23:02:47 - orthoroute.algorithms.manhattan.pathfinder.cuda_dijkstra - WARNING -   ROI 20: Near=1, Far=4109, Thresh=9.5, Sink_dist=inf
2025-10-07 23:02:47 - orthoroute.algorithms.manhattan.pathfinder.cuda_dijkstra - WARNING -   ROI 21: Near=1, Far=3624, Thresh=9.3, Sink_dist=inf
2025-10-07 23:02:47 - orthoroute.algorithms.manhattan.pathfinder.cuda_dijkstra - WARNING -   ROI 22: Near=1, Far=4129, Thresh=9.5, Sink_dist=inf
2025-10-07 23:02:47 - orthoroute.algorithms.manhattan.pathfinder.cuda_dijkstra - WARNING -   ROI 23: Near=1, Far=3587, Thresh=9.1, Sink_dist=inf
2025-10-07 23:02:47 - orthoroute.algorithms.manhattan.pathfinder.cuda_dijkstra - WARNING -   ROI 24: Near=1, Far=5090, Thresh=10.0, Sink_dist=inf
2025-10-07 23:02:47 - orthoroute.algorithms.manhattan.pathfinder.cuda_dijkstra - WARNING -   ROI 25: Near=1, Far=3551, Thresh=9.1, Sink_dist=inf
2025-10-07 23:02:47 - orthoroute.algorithms.manhattan.pathfinder.cuda_dijkstra - WARNING -   ROI 26: Near=1, Far=4243, Thresh=9.5, Sink_dist=inf
2025-10-07 23:02:47 - orthoroute.algorithms.manhattan.pathfinder.cuda_dijkstra - WARNING -   ROI 27: Near=1, Far=3096, Thresh=9.1, Sink_dist=inf
2025-10-07 23:02:47 - orthoroute.algorithms.manhattan.pathfinder.cuda_dijkstra - WARNING -   ROI 28: Near=1, Far=4213, Thresh=9.5, Sink_dist=inf
2025-10-07 23:02:47 - orthoroute.algorithms.manhattan.pathfinder.cuda_dijkstra - WARNING -   ROI 29: Near=1, Far=3592, Thresh=9.1, Sink_dist=inf
2025-10-07 23:02:47 - orthoroute.algorithms.manhattan.pathfinder.cuda_dijkstra - WARNING -   ROI 30: Near=1, Far=4463, Thresh=10.1, Sink_dist=inf
2025-10-07 23:02:47 - orthoroute.algorithms.manhattan.pathfinder.cuda_dijkstra - WARNING -   ROI 31: Near=1, Far=3582, Thresh=9.4, Sink_dist=inf
2025-10-07 23:02:49 - orthoroute.algorithms.manhattan.pathfinder.cuda_dijkstra - INFO - [DEBUG-GPU] Near-Far iteration 2500
2025-10-07 23:02:49 - orthoroute.algorithms.manhattan.pathfinder.cuda_dijkstra - WARNING - [CUDA-NF] Iteration 2500: 32/32 ROIs active, Near nodes=32, Far nodes=120487
2025-10-07 23:02:49 - orthoroute.algorithms.manhattan.pathfinder.cuda_dijkstra - WARNING -   ROI 0: Near=1, Far=3740, Thresh=10.2, Sink_dist=inf
2025-10-07 23:02:49 - orthoroute.algorithms.manhattan.pathfinder.cuda_dijkstra - WARNING -   ROI 1: Near=1, Far=2511, Thresh=9.4, Sink_dist=inf
2025-10-07 23:02:49 - orthoroute.algorithms.manhattan.pathfinder.cuda_dijkstra - WARNING -   ROI 2: Near=1, Far=3696, Thresh=9.5, Sink_dist=inf
2025-10-07 23:02:49 - orthoroute.algorithms.manhattan.pathfinder.cuda_dijkstra - WARNING -   ROI 3: Near=1, Far=1711, Thresh=10.4, Sink_dist=inf
2025-10-07 23:02:49 - orthoroute.algorithms.manhattan.pathfinder.cuda_dijkstra - WARNING -   ROI 4: Near=1, Far=3965, Thresh=9.5, Sink_dist=inf
2025-10-07 23:02:49 - orthoroute.algorithms.manhattan.pathfinder.cuda_dijkstra - WARNING -   ROI 5: Near=1, Far=3472, Thresh=9.2, Sink_dist=inf
2025-10-07 23:02:49 - orthoroute.algorithms.manhattan.pathfinder.cuda_dijkstra - WARNING -   ROI 6: Near=1, Far=3752, Thresh=10.4, Sink_dist=inf
2025-10-07 23:02:49 - orthoroute.algorithms.manhattan.pathfinder.cuda_dijkstra - WARNING -   ROI 7: Near=1, Far=3682, Thresh=9.6, Sink_dist=inf
2025-10-07 23:02:49 - orthoroute.algorithms.manhattan.pathfinder.cuda_dijkstra - WARNING -   ROI 8: Near=1, Far=3651, Thresh=9.4, Sink_dist=inf
2025-10-07 23:02:49 - orthoroute.algorithms.manhattan.pathfinder.cuda_dijkstra - WARNING -   ROI 9: Near=1, Far=3139, Thresh=9.7, Sink_dist=inf
2025-10-07 23:02:49 - orthoroute.algorithms.manhattan.pathfinder.cuda_dijkstra - WARNING -   ROI 10: Near=1, Far=2061, Thresh=9.6, Sink_dist=inf
2025-10-07 23:02:49 - orthoroute.algorithms.manhattan.pathfinder.cuda_dijkstra - WARNING -   ROI 11: Near=1, Far=1580, Thresh=9.9, Sink_dist=inf
2025-10-07 23:02:49 - orthoroute.algorithms.manhattan.pathfinder.cuda_dijkstra - WARNING -   ROI 12: Near=1, Far=4211, Thresh=9.6, Sink_dist=inf
2025-10-07 23:02:49 - orthoroute.algorithms.manhattan.pathfinder.cuda_dijkstra - WARNING -   ROI 13: Near=1, Far=4984, Thresh=10.1, Sink_dist=inf
2025-10-07 23:02:49 - orthoroute.algorithms.manhattan.pathfinder.cuda_dijkstra - WARNING -   ROI 14: Near=1, Far=4997, Thresh=10.1, Sink_dist=inf
2025-10-07 23:02:49 - orthoroute.algorithms.manhattan.pathfinder.cuda_dijkstra - WARNING -   ROI 15: Near=1, Far=4999, Thresh=10.1, Sink_dist=inf
2025-10-07 23:02:49 - orthoroute.algorithms.manhattan.pathfinder.cuda_dijkstra - WARNING -   ROI 16: Near=1, Far=4238, Thresh=9.6, Sink_dist=inf
2025-10-07 23:02:49 - orthoroute.algorithms.manhattan.pathfinder.cuda_dijkstra - WARNING -   ROI 17: Near=1, Far=4278, Thresh=9.6, Sink_dist=inf
2025-10-07 23:02:49 - orthoroute.algorithms.manhattan.pathfinder.cuda_dijkstra - WARNING -   ROI 18: Near=1, Far=3959, Thresh=9.5, Sink_dist=inf
2025-10-07 23:02:49 - orthoroute.algorithms.manhattan.pathfinder.cuda_dijkstra - WARNING -   ROI 19: Near=1, Far=4350, Thresh=10.2, Sink_dist=inf
2025-10-07 23:02:49 - orthoroute.algorithms.manhattan.pathfinder.cuda_dijkstra - WARNING -   ROI 20: Near=1, Far=4276, Thresh=9.6, Sink_dist=inf
2025-10-07 23:02:49 - orthoroute.algorithms.manhattan.pathfinder.cuda_dijkstra - WARNING -   ROI 21: Near=1, Far=3705, Thresh=9.5, Sink_dist=inf
2025-10-07 23:02:49 - orthoroute.algorithms.manhattan.pathfinder.cuda_dijkstra - WARNING -   ROI 22: Near=1, Far=4283, Thresh=9.6, Sink_dist=inf
2025-10-07 23:02:49 - orthoroute.algorithms.manhattan.pathfinder.cuda_dijkstra - WARNING -   ROI 23: Near=1, Far=3493, Thresh=9.2, Sink_dist=inf
2025-10-07 23:02:49 - orthoroute.algorithms.manhattan.pathfinder.cuda_dijkstra - WARNING -   ROI 24: Near=1, Far=4985, Thresh=10.1, Sink_dist=inf
2025-10-07 23:02:49 - orthoroute.algorithms.manhattan.pathfinder.cuda_dijkstra - WARNING -   ROI 25: Near=1, Far=3503, Thresh=9.2, Sink_dist=inf
2025-10-07 23:02:49 - orthoroute.algorithms.manhattan.pathfinder.cuda_dijkstra - WARNING -   ROI 26: Near=1, Far=4230, Thresh=9.6, Sink_dist=inf
2025-10-07 23:02:49 - orthoroute.algorithms.manhattan.pathfinder.cuda_dijkstra - WARNING -   ROI 27: Near=1, Far=2994, Thresh=9.2, Sink_dist=inf
2025-10-07 23:02:49 - orthoroute.algorithms.manhattan.pathfinder.cuda_dijkstra - WARNING -   ROI 28: Near=1, Far=4238, Thresh=9.6, Sink_dist=inf
2025-10-07 23:02:49 - orthoroute.algorithms.manhattan.pathfinder.cuda_dijkstra - WARNING -   ROI 29: Near=1, Far=3490, Thresh=9.2, Sink_dist=inf
2025-10-07 23:02:49 - orthoroute.algorithms.manhattan.pathfinder.cuda_dijkstra - WARNING -   ROI 30: Near=1, Far=4375, Thresh=10.2, Sink_dist=inf
2025-10-07 23:02:49 - orthoroute.algorithms.manhattan.pathfinder.cuda_dijkstra - WARNING -   ROI 31: Near=1, Far=3939, Thresh=9.5, Sink_dist=inf
2025-10-07 23:02:51 - orthoroute.algorithms.manhattan.pathfinder.cuda_dijkstra - INFO - [DEBUG-GPU] Near-Far iteration 2600
2025-10-07 23:02:51 - orthoroute.algorithms.manhattan.pathfinder.cuda_dijkstra - WARNING - [CUDA-NF] Iteration 2600: 32/32 ROIs active, Near nodes=32, Far nodes=121380
2025-10-07 23:02:51 - orthoroute.algorithms.manhattan.pathfinder.cuda_dijkstra - WARNING -   ROI 0: Near=1, Far=4032, Thresh=10.3, Sink_dist=inf
2025-10-07 23:02:51 - orthoroute.algorithms.manhattan.pathfinder.cuda_dijkstra - WARNING -   ROI 1: Near=1, Far=2871, Thresh=9.5, Sink_dist=inf
2025-10-07 23:02:51 - orthoroute.algorithms.manhattan.pathfinder.cuda_dijkstra - WARNING -   ROI 2: Near=1, Far=4130, Thresh=9.5, Sink_dist=inf
2025-10-07 23:02:51 - orthoroute.algorithms.manhattan.pathfinder.cuda_dijkstra - WARNING -   ROI 3: Near=1, Far=1604, Thresh=10.5, Sink_dist=inf
2025-10-07 23:02:51 - orthoroute.algorithms.manhattan.pathfinder.cuda_dijkstra - WARNING -   ROI 4: Near=1, Far=4126, Thresh=9.6, Sink_dist=inf
2025-10-07 23:02:51 - orthoroute.algorithms.manhattan.pathfinder.cuda_dijkstra - WARNING -   ROI 5: Near=1, Far=3371, Thresh=9.3, Sink_dist=inf
2025-10-07 23:02:51 - orthoroute.algorithms.manhattan.pathfinder.cuda_dijkstra - WARNING -   ROI 6: Near=1, Far=3650, Thresh=10.5, Sink_dist=inf
2025-10-07 23:02:51 - orthoroute.algorithms.manhattan.pathfinder.cuda_dijkstra - WARNING -   ROI 7: Near=1, Far=3592, Thresh=9.7, Sink_dist=inf
2025-10-07 23:02:51 - orthoroute.algorithms.manhattan.pathfinder.cuda_dijkstra - WARNING -   ROI 8: Near=1, Far=4099, Thresh=9.5, Sink_dist=inf
2025-10-07 23:02:51 - orthoroute.algorithms.manhattan.pathfinder.cuda_dijkstra - WARNING -   ROI 9: Near=1, Far=3117, Thresh=9.8, Sink_dist=inf
2025-10-07 23:02:51 - orthoroute.algorithms.manhattan.pathfinder.cuda_dijkstra - WARNING -   ROI 10: Near=1, Far=1967, Thresh=9.8, Sink_dist=inf
2025-10-07 23:02:51 - orthoroute.algorithms.manhattan.pathfinder.cuda_dijkstra - WARNING -   ROI 11: Near=1, Far=1810, Thresh=10.0, Sink_dist=inf
2025-10-07 23:02:51 - orthoroute.algorithms.manhattan.pathfinder.cuda_dijkstra - WARNING -   ROI 12: Near=1, Far=4132, Thresh=9.7, Sink_dist=inf
2025-10-07 23:02:51 - orthoroute.algorithms.manhattan.pathfinder.cuda_dijkstra - WARNING -   ROI 13: Near=1, Far=4904, Thresh=10.2, Sink_dist=inf
2025-10-07 23:02:51 - orthoroute.algorithms.manhattan.pathfinder.cuda_dijkstra - WARNING -   ROI 14: Near=1, Far=4896, Thresh=10.2, Sink_dist=inf
2025-10-07 23:02:51 - orthoroute.algorithms.manhattan.pathfinder.cuda_dijkstra - WARNING -   ROI 15: Near=1, Far=4898, Thresh=10.2, Sink_dist=inf
2025-10-07 23:02:51 - orthoroute.algorithms.manhattan.pathfinder.cuda_dijkstra - WARNING -   ROI 16: Near=1, Far=4137, Thresh=9.7, Sink_dist=inf
2025-10-07 23:02:51 - orthoroute.algorithms.manhattan.pathfinder.cuda_dijkstra - WARNING -   ROI 17: Near=1, Far=4177, Thresh=9.7, Sink_dist=inf
2025-10-07 23:02:51 - orthoroute.algorithms.manhattan.pathfinder.cuda_dijkstra - WARNING -   ROI 18: Near=1, Far=4124, Thresh=9.6, Sink_dist=inf
2025-10-07 23:02:51 - orthoroute.algorithms.manhattan.pathfinder.cuda_dijkstra - WARNING -   ROI 19: Near=1, Far=4445, Thresh=10.3, Sink_dist=inf
2025-10-07 23:02:51 - orthoroute.algorithms.manhattan.pathfinder.cuda_dijkstra - WARNING -   ROI 20: Near=1, Far=4174, Thresh=9.7, Sink_dist=inf
2025-10-07 23:02:51 - orthoroute.algorithms.manhattan.pathfinder.cuda_dijkstra - WARNING -   ROI 21: Near=1, Far=4121, Thresh=9.5, Sink_dist=inf
2025-10-07 23:02:51 - orthoroute.algorithms.manhattan.pathfinder.cuda_dijkstra - WARNING -   ROI 22: Near=1, Far=4181, Thresh=9.7, Sink_dist=inf
2025-10-07 23:02:51 - orthoroute.algorithms.manhattan.pathfinder.cuda_dijkstra - WARNING -   ROI 23: Near=1, Far=3391, Thresh=9.3, Sink_dist=inf
2025-10-07 23:02:51 - orthoroute.algorithms.manhattan.pathfinder.cuda_dijkstra - WARNING -   ROI 24: Near=1, Far=4901, Thresh=10.2, Sink_dist=inf
2025-10-07 23:02:51 - orthoroute.algorithms.manhattan.pathfinder.cuda_dijkstra - WARNING -   ROI 25: Near=1, Far=3413, Thresh=9.2, Sink_dist=inf
2025-10-07 23:02:51 - orthoroute.algorithms.manhattan.pathfinder.cuda_dijkstra - WARNING -   ROI 26: Near=1, Far=4129, Thresh=9.7, Sink_dist=inf
2025-10-07 23:02:51 - orthoroute.algorithms.manhattan.pathfinder.cuda_dijkstra - WARNING -   ROI 27: Near=1, Far=2892, Thresh=9.3, Sink_dist=inf
2025-10-07 23:02:51 - orthoroute.algorithms.manhattan.pathfinder.cuda_dijkstra - WARNING -   ROI 28: Near=1, Far=4137, Thresh=9.7, Sink_dist=inf
2025-10-07 23:02:51 - orthoroute.algorithms.manhattan.pathfinder.cuda_dijkstra - WARNING -   ROI 29: Near=1, Far=3388, Thresh=9.3, Sink_dist=inf
2025-10-07 23:02:51 - orthoroute.algorithms.manhattan.pathfinder.cuda_dijkstra - WARNING -   ROI 30: Near=1, Far=4443, Thresh=10.3, Sink_dist=inf
2025-10-07 23:02:51 - orthoroute.algorithms.manhattan.pathfinder.cuda_dijkstra - WARNING -   ROI 31: Near=1, Far=4128, Thresh=9.6, Sink_dist=inf
2025-10-07 23:02:53 - orthoroute.algorithms.manhattan.pathfinder.cuda_dijkstra - INFO - [DEBUG-GPU] Near-Far iteration 2700
2025-10-07 23:02:53 - orthoroute.algorithms.manhattan.pathfinder.cuda_dijkstra - WARNING - [CUDA-NF] Iteration 2700: 32/32 ROIs active, Near nodes=32, Far nodes=123400
2025-10-07 23:02:53 - orthoroute.algorithms.manhattan.pathfinder.cuda_dijkstra - WARNING -   ROI 0: Near=1, Far=4240, Thresh=10.4, Sink_dist=inf
2025-10-07 23:02:53 - orthoroute.algorithms.manhattan.pathfinder.cuda_dijkstra - WARNING -   ROI 1: Near=1, Far=2932, Thresh=9.6, Sink_dist=inf
2025-10-07 23:02:53 - orthoroute.algorithms.manhattan.pathfinder.cuda_dijkstra - WARNING -   ROI 2: Near=1, Far=4070, Thresh=9.6, Sink_dist=inf
2025-10-07 23:02:53 - orthoroute.algorithms.manhattan.pathfinder.cuda_dijkstra - WARNING -   ROI 3: Near=1, Far=1827, Thresh=10.7, Sink_dist=inf
2025-10-07 23:02:53 - orthoroute.algorithms.manhattan.pathfinder.cuda_dijkstra - WARNING -   ROI 4: Near=1, Far=4018, Thresh=9.7, Sink_dist=inf
2025-10-07 23:02:53 - orthoroute.algorithms.manhattan.pathfinder.cuda_dijkstra - WARNING -   ROI 5: Near=1, Far=3328, Thresh=9.4, Sink_dist=inf
2025-10-07 23:02:53 - orthoroute.algorithms.manhattan.pathfinder.cuda_dijkstra - WARNING -   ROI 6: Near=1, Far=3549, Thresh=10.6, Sink_dist=inf
2025-10-07 23:02:53 - orthoroute.algorithms.manhattan.pathfinder.cuda_dijkstra - WARNING -   ROI 7: Near=1, Far=3543, Thresh=9.8, Sink_dist=inf
2025-10-07 23:02:53 - orthoroute.algorithms.manhattan.pathfinder.cuda_dijkstra - WARNING -   ROI 8: Near=1, Far=4091, Thresh=9.6, Sink_dist=inf
2025-10-07 23:02:53 - orthoroute.algorithms.manhattan.pathfinder.cuda_dijkstra - WARNING -   ROI 9: Near=1, Far=3505, Thresh=9.9, Sink_dist=inf
2025-10-07 23:02:53 - orthoroute.algorithms.manhattan.pathfinder.cuda_dijkstra - WARNING -   ROI 10: Near=1, Far=2247, Thresh=9.9, Sink_dist=inf
2025-10-07 23:02:53 - orthoroute.algorithms.manhattan.pathfinder.cuda_dijkstra - WARNING -   ROI 11: Near=1, Far=1790, Thresh=10.0, Sink_dist=inf
2025-10-07 23:02:53 - orthoroute.algorithms.manhattan.pathfinder.cuda_dijkstra - WARNING -   ROI 12: Near=1, Far=4133, Thresh=9.9, Sink_dist=inf
2025-10-07 23:02:53 - orthoroute.algorithms.manhattan.pathfinder.cuda_dijkstra - WARNING -   ROI 13: Near=1, Far=5178, Thresh=10.3, Sink_dist=inf
2025-10-07 23:02:53 - orthoroute.algorithms.manhattan.pathfinder.cuda_dijkstra - WARNING -   ROI 14: Near=1, Far=5243, Thresh=10.3, Sink_dist=inf
2025-10-07 23:02:53 - orthoroute.algorithms.manhattan.pathfinder.cuda_dijkstra - WARNING -   ROI 15: Near=1, Far=5233, Thresh=10.3, Sink_dist=inf
2025-10-07 23:02:53 - orthoroute.algorithms.manhattan.pathfinder.cuda_dijkstra - WARNING -   ROI 16: Near=1, Far=4082, Thresh=9.8, Sink_dist=inf
2025-10-07 23:02:53 - orthoroute.algorithms.manhattan.pathfinder.cuda_dijkstra - WARNING -   ROI 17: Near=1, Far=4099, Thresh=9.8, Sink_dist=inf
2025-10-07 23:02:53 - orthoroute.algorithms.manhattan.pathfinder.cuda_dijkstra - WARNING -   ROI 18: Near=1, Far=4018, Thresh=9.6, Sink_dist=inf
2025-10-07 23:02:53 - orthoroute.algorithms.manhattan.pathfinder.cuda_dijkstra - WARNING -   ROI 19: Near=1, Far=4941, Thresh=10.4, Sink_dist=inf
2025-10-07 23:02:53 - orthoroute.algorithms.manhattan.pathfinder.cuda_dijkstra - WARNING -   ROI 20: Near=1, Far=4085, Thresh=9.8, Sink_dist=inf
2025-10-07 23:02:53 - orthoroute.algorithms.manhattan.pathfinder.cuda_dijkstra - WARNING -   ROI 21: Near=1, Far=4070, Thresh=9.6, Sink_dist=inf
2025-10-07 23:02:53 - orthoroute.algorithms.manhattan.pathfinder.cuda_dijkstra - WARNING -   ROI 22: Near=1, Far=4103, Thresh=9.8, Sink_dist=inf
2025-10-07 23:02:53 - orthoroute.algorithms.manhattan.pathfinder.cuda_dijkstra - WARNING -   ROI 23: Near=1, Far=3299, Thresh=9.4, Sink_dist=inf
2025-10-07 23:02:53 - orthoroute.algorithms.manhattan.pathfinder.cuda_dijkstra - WARNING -   ROI 24: Near=1, Far=5188, Thresh=10.3, Sink_dist=inf
2025-10-07 23:02:53 - orthoroute.algorithms.manhattan.pathfinder.cuda_dijkstra - WARNING -   ROI 25: Near=1, Far=3323, Thresh=9.3, Sink_dist=inf
2025-10-07 23:02:53 - orthoroute.algorithms.manhattan.pathfinder.cuda_dijkstra - WARNING -   ROI 26: Near=1, Far=4085, Thresh=9.8, Sink_dist=inf
2025-10-07 23:02:53 - orthoroute.algorithms.manhattan.pathfinder.cuda_dijkstra - WARNING -   ROI 27: Near=1, Far=2834, Thresh=9.4, Sink_dist=inf
2025-10-07 23:02:53 - orthoroute.algorithms.manhattan.pathfinder.cuda_dijkstra - WARNING -   ROI 28: Near=1, Far=4070, Thresh=9.8, Sink_dist=inf
2025-10-07 23:02:53 - orthoroute.algorithms.manhattan.pathfinder.cuda_dijkstra - WARNING -   ROI 29: Near=1, Far=3308, Thresh=9.4, Sink_dist=inf
2025-10-07 23:02:53 - orthoroute.algorithms.manhattan.pathfinder.cuda_dijkstra - WARNING -   ROI 30: Near=1, Far=4946, Thresh=10.4, Sink_dist=inf
2025-10-07 23:02:53 - orthoroute.algorithms.manhattan.pathfinder.cuda_dijkstra - WARNING -   ROI 31: Near=1, Far=4022, Thresh=9.6, Sink_dist=inf
2025-10-07 23:02:55 - orthoroute.algorithms.manhattan.pathfinder.cuda_dijkstra - INFO - [DEBUG-GPU] Near-Far iteration 2800
2025-10-07 23:02:55 - orthoroute.algorithms.manhattan.pathfinder.cuda_dijkstra - WARNING - [CUDA-NF] Iteration 2800: 32/32 ROIs active, Near nodes=32, Far nodes=128644
2025-10-07 23:02:55 - orthoroute.algorithms.manhattan.pathfinder.cuda_dijkstra - WARNING -   ROI 0: Near=1, Far=4144, Thresh=10.5, Sink_dist=inf
2025-10-07 23:02:55 - orthoroute.algorithms.manhattan.pathfinder.cuda_dijkstra - WARNING -   ROI 1: Near=1, Far=2828, Thresh=9.6, Sink_dist=inf
2025-10-07 23:02:55 - orthoroute.algorithms.manhattan.pathfinder.cuda_dijkstra - WARNING -   ROI 2: Near=1, Far=3968, Thresh=9.7, Sink_dist=inf
2025-10-07 23:02:55 - orthoroute.algorithms.manhattan.pathfinder.cuda_dijkstra - WARNING -   ROI 3: Near=1, Far=1859, Thresh=10.8, Sink_dist=inf
2025-10-07 23:02:55 - orthoroute.algorithms.manhattan.pathfinder.cuda_dijkstra - WARNING -   ROI 4: Near=1, Far=3941, Thresh=9.8, Sink_dist=inf
2025-10-07 23:02:55 - orthoroute.algorithms.manhattan.pathfinder.cuda_dijkstra - WARNING -   ROI 5: Near=1, Far=3827, Thresh=9.5, Sink_dist=inf
2025-10-07 23:02:55 - orthoroute.algorithms.manhattan.pathfinder.cuda_dijkstra - WARNING -   ROI 6: Near=1, Far=3555, Thresh=10.7, Sink_dist=inf
2025-10-07 23:02:55 - orthoroute.algorithms.manhattan.pathfinder.cuda_dijkstra - WARNING -   ROI 7: Near=1, Far=3910, Thresh=9.9, Sink_dist=inf
2025-10-07 23:02:55 - orthoroute.algorithms.manhattan.pathfinder.cuda_dijkstra - WARNING -   ROI 8: Near=1, Far=3990, Thresh=9.7, Sink_dist=inf
2025-10-07 23:02:55 - orthoroute.algorithms.manhattan.pathfinder.cuda_dijkstra - WARNING -   ROI 9: Near=1, Far=3523, Thresh=10.0, Sink_dist=inf
2025-10-07 23:02:55 - orthoroute.algorithms.manhattan.pathfinder.cuda_dijkstra - WARNING -   ROI 10: Near=1, Far=2309, Thresh=10.0, Sink_dist=inf
2025-10-07 23:02:55 - orthoroute.algorithms.manhattan.pathfinder.cuda_dijkstra - WARNING -   ROI 11: Near=1, Far=1687, Thresh=10.1, Sink_dist=inf
2025-10-07 23:02:55 - orthoroute.algorithms.manhattan.pathfinder.cuda_dijkstra - WARNING -   ROI 12: Near=1, Far=4575, Thresh=9.9, Sink_dist=inf
2025-10-07 23:02:55 - orthoroute.algorithms.manhattan.pathfinder.cuda_dijkstra - WARNING -   ROI 13: Near=1, Far=5544, Thresh=10.4, Sink_dist=inf
2025-10-07 23:02:55 - orthoroute.algorithms.manhattan.pathfinder.cuda_dijkstra - WARNING -   ROI 14: Near=1, Far=5538, Thresh=10.3, Sink_dist=inf
2025-10-07 23:02:55 - orthoroute.algorithms.manhattan.pathfinder.cuda_dijkstra - WARNING -   ROI 15: Near=1, Far=5540, Thresh=10.3, Sink_dist=inf
2025-10-07 23:02:55 - orthoroute.algorithms.manhattan.pathfinder.cuda_dijkstra - WARNING -   ROI 16: Near=1, Far=4434, Thresh=9.9, Sink_dist=inf
2025-10-07 23:02:55 - orthoroute.algorithms.manhattan.pathfinder.cuda_dijkstra - WARNING -   ROI 17: Near=1, Far=4311, Thresh=9.9, Sink_dist=inf
2025-10-07 23:02:55 - orthoroute.algorithms.manhattan.pathfinder.cuda_dijkstra - WARNING -   ROI 18: Near=1, Far=3941, Thresh=9.7, Sink_dist=inf
2025-10-07 23:02:55 - orthoroute.algorithms.manhattan.pathfinder.cuda_dijkstra - WARNING -   ROI 19: Near=1, Far=4838, Thresh=10.5, Sink_dist=inf
2025-10-07 23:02:55 - orthoroute.algorithms.manhattan.pathfinder.cuda_dijkstra - WARNING -   ROI 20: Near=1, Far=4311, Thresh=9.9, Sink_dist=inf
2025-10-07 23:02:55 - orthoroute.algorithms.manhattan.pathfinder.cuda_dijkstra - WARNING -   ROI 21: Near=1, Far=3969, Thresh=9.7, Sink_dist=inf
2025-10-07 23:02:55 - orthoroute.algorithms.manhattan.pathfinder.cuda_dijkstra - WARNING -   ROI 22: Near=1, Far=4321, Thresh=9.9, Sink_dist=inf
2025-10-07 23:02:55 - orthoroute.algorithms.manhattan.pathfinder.cuda_dijkstra - WARNING -   ROI 23: Near=1, Far=3733, Thresh=9.5, Sink_dist=inf
2025-10-07 23:02:55 - orthoroute.algorithms.manhattan.pathfinder.cuda_dijkstra - WARNING -   ROI 24: Near=1, Far=5543, Thresh=10.4, Sink_dist=inf
2025-10-07 23:02:55 - orthoroute.algorithms.manhattan.pathfinder.cuda_dijkstra - WARNING -   ROI 25: Near=1, Far=3667, Thresh=9.5, Sink_dist=inf
2025-10-07 23:02:55 - orthoroute.algorithms.manhattan.pathfinder.cuda_dijkstra - WARNING -   ROI 26: Near=1, Far=4505, Thresh=9.9, Sink_dist=inf
2025-10-07 23:02:55 - orthoroute.algorithms.manhattan.pathfinder.cuda_dijkstra - WARNING -   ROI 27: Near=1, Far=3269, Thresh=9.5, Sink_dist=inf
2025-10-07 23:02:55 - orthoroute.algorithms.manhattan.pathfinder.cuda_dijkstra - WARNING -   ROI 28: Near=1, Far=4455, Thresh=9.9, Sink_dist=inf
2025-10-07 23:02:55 - orthoroute.algorithms.manhattan.pathfinder.cuda_dijkstra - WARNING -   ROI 29: Near=1, Far=3823, Thresh=9.5, Sink_dist=inf
2025-10-07 23:02:55 - orthoroute.algorithms.manhattan.pathfinder.cuda_dijkstra - WARNING -   ROI 30: Near=1, Far=4843, Thresh=10.5, Sink_dist=inf
2025-10-07 23:02:55 - orthoroute.algorithms.manhattan.pathfinder.cuda_dijkstra - WARNING -   ROI 31: Near=1, Far=3943, Thresh=9.7, Sink_dist=inf
2025-10-07 23:02:58 - orthoroute.algorithms.manhattan.pathfinder.cuda_dijkstra - INFO - [DEBUG-GPU] Near-Far iteration 2900
2025-10-07 23:02:58 - orthoroute.algorithms.manhattan.pathfinder.cuda_dijkstra - WARNING - [CUDA-NF] Iteration 2900: 32/32 ROIs active, Near nodes=32, Far nodes=130271
2025-10-07 23:02:58 - orthoroute.algorithms.manhattan.pathfinder.cuda_dijkstra - WARNING -   ROI 0: Near=1, Far=4051, Thresh=10.5, Sink_dist=inf
2025-10-07 23:02:58 - orthoroute.algorithms.manhattan.pathfinder.cuda_dijkstra - WARNING -   ROI 1: Near=1, Far=2748, Thresh=9.7, Sink_dist=inf
2025-10-07 23:02:58 - orthoroute.algorithms.manhattan.pathfinder.cuda_dijkstra - WARNING -   ROI 2: Near=1, Far=3915, Thresh=9.8, Sink_dist=inf
2025-10-07 23:02:58 - orthoroute.algorithms.manhattan.pathfinder.cuda_dijkstra - WARNING -   ROI 3: Near=1, Far=1756, Thresh=10.9, Sink_dist=inf
2025-10-07 23:02:58 - orthoroute.algorithms.manhattan.pathfinder.cuda_dijkstra - WARNING -   ROI 4: Near=1, Far=3983, Thresh=9.9, Sink_dist=inf
2025-10-07 23:02:58 - orthoroute.algorithms.manhattan.pathfinder.cuda_dijkstra - WARNING -   ROI 5: Near=1, Far=3841, Thresh=9.6, Sink_dist=inf
2025-10-07 23:02:58 - orthoroute.algorithms.manhattan.pathfinder.cuda_dijkstra - WARNING -   ROI 6: Near=1, Far=4034, Thresh=10.8, Sink_dist=inf
2025-10-07 23:02:58 - orthoroute.algorithms.manhattan.pathfinder.cuda_dijkstra - WARNING -   ROI 7: Near=1, Far=4035, Thresh=10.0, Sink_dist=inf
2025-10-07 23:02:58 - orthoroute.algorithms.manhattan.pathfinder.cuda_dijkstra - WARNING -   ROI 8: Near=1, Far=3912, Thresh=9.8, Sink_dist=inf
2025-10-07 23:02:58 - orthoroute.algorithms.manhattan.pathfinder.cuda_dijkstra - WARNING -   ROI 9: Near=1, Far=3423, Thresh=10.1, Sink_dist=inf
2025-10-07 23:02:58 - orthoroute.algorithms.manhattan.pathfinder.cuda_dijkstra - WARNING -   ROI 10: Near=1, Far=2209, Thresh=10.1, Sink_dist=inf
2025-10-07 23:02:58 - orthoroute.algorithms.manhattan.pathfinder.cuda_dijkstra - WARNING -   ROI 11: Near=1, Far=1753, Thresh=10.3, Sink_dist=inf
2025-10-07 23:02:58 - orthoroute.algorithms.manhattan.pathfinder.cuda_dijkstra - WARNING -   ROI 12: Near=1, Far=4625, Thresh=10.0, Sink_dist=inf
2025-10-07 23:02:58 - orthoroute.algorithms.manhattan.pathfinder.cuda_dijkstra - WARNING -   ROI 13: Near=1, Far=5442, Thresh=10.5, Sink_dist=inf
2025-10-07 23:02:58 - orthoroute.algorithms.manhattan.pathfinder.cuda_dijkstra - WARNING -   ROI 14: Near=1, Far=5457, Thresh=10.4, Sink_dist=inf
2025-10-07 23:02:58 - orthoroute.algorithms.manhattan.pathfinder.cuda_dijkstra - WARNING -   ROI 15: Near=1, Far=5449, Thresh=10.4, Sink_dist=inf
2025-10-07 23:02:58 - orthoroute.algorithms.manhattan.pathfinder.cuda_dijkstra - WARNING -   ROI 16: Near=1, Far=4659, Thresh=10.0, Sink_dist=inf
2025-10-07 23:02:58 - orthoroute.algorithms.manhattan.pathfinder.cuda_dijkstra - WARNING -   ROI 17: Near=1, Far=4695, Thresh=9.9, Sink_dist=inf
2025-10-07 23:02:58 - orthoroute.algorithms.manhattan.pathfinder.cuda_dijkstra - WARNING -   ROI 18: Near=1, Far=3947, Thresh=9.8, Sink_dist=inf
2025-10-07 23:02:58 - orthoroute.algorithms.manhattan.pathfinder.cuda_dijkstra - WARNING -   ROI 19: Near=1, Far=4735, Thresh=10.6, Sink_dist=inf
2025-10-07 23:02:58 - orthoroute.algorithms.manhattan.pathfinder.cuda_dijkstra - WARNING -   ROI 20: Near=1, Far=4686, Thresh=9.9, Sink_dist=inf
2025-10-07 23:02:58 - orthoroute.algorithms.manhattan.pathfinder.cuda_dijkstra - WARNING -   ROI 21: Near=1, Far=3891, Thresh=9.8, Sink_dist=inf
2025-10-07 23:02:58 - orthoroute.algorithms.manhattan.pathfinder.cuda_dijkstra - WARNING -   ROI 22: Near=1, Far=4693, Thresh=9.9, Sink_dist=inf
2025-10-07 23:02:58 - orthoroute.algorithms.manhattan.pathfinder.cuda_dijkstra - WARNING -   ROI 23: Near=1, Far=3859, Thresh=9.6, Sink_dist=inf
2025-10-07 23:02:58 - orthoroute.algorithms.manhattan.pathfinder.cuda_dijkstra - WARNING -   ROI 24: Near=1, Far=5441, Thresh=10.5, Sink_dist=inf
2025-10-07 23:02:58 - orthoroute.algorithms.manhattan.pathfinder.cuda_dijkstra - WARNING -   ROI 25: Near=1, Far=3873, Thresh=9.5, Sink_dist=inf
2025-10-07 23:02:58 - orthoroute.algorithms.manhattan.pathfinder.cuda_dijkstra - WARNING -   ROI 26: Near=1, Far=4648, Thresh=10.0, Sink_dist=inf
2025-10-07 23:02:58 - orthoroute.algorithms.manhattan.pathfinder.cuda_dijkstra - WARNING -   ROI 27: Near=1, Far=3299, Thresh=9.6, Sink_dist=inf
2025-10-07 23:02:58 - orthoroute.algorithms.manhattan.pathfinder.cuda_dijkstra - WARNING -   ROI 28: Near=1, Far=4653, Thresh=10.0, Sink_dist=inf
2025-10-07 23:02:58 - orthoroute.algorithms.manhattan.pathfinder.cuda_dijkstra - WARNING -   ROI 29: Near=1, Far=3856, Thresh=9.6, Sink_dist=inf
2025-10-07 23:02:58 - orthoroute.algorithms.manhattan.pathfinder.cuda_dijkstra - WARNING -   ROI 30: Near=1, Far=4756, Thresh=10.5, Sink_dist=inf
2025-10-07 23:02:58 - orthoroute.algorithms.manhattan.pathfinder.cuda_dijkstra - WARNING -   ROI 31: Near=1, Far=3947, Thresh=9.8, Sink_dist=inf
2025-10-07 23:03:00 - orthoroute.algorithms.manhattan.pathfinder.cuda_dijkstra - INFO - [DEBUG-GPU] Near-Far iteration 3000
2025-10-07 23:03:00 - orthoroute.algorithms.manhattan.pathfinder.cuda_dijkstra - WARNING - [CUDA-NF] Iteration 3000: 32/32 ROIs active, Near nodes=33, Far nodes=131081
2025-10-07 23:03:00 - orthoroute.algorithms.manhattan.pathfinder.cuda_dijkstra - WARNING -   ROI 0: Near=1, Far=4072, Thresh=10.7, Sink_dist=inf
2025-10-07 23:03:00 - orthoroute.algorithms.manhattan.pathfinder.cuda_dijkstra - WARNING -   ROI 1: Near=1, Far=2967, Thresh=9.9, Sink_dist=inf
2025-10-07 23:03:00 - orthoroute.algorithms.manhattan.pathfinder.cuda_dijkstra - WARNING -   ROI 2: Near=1, Far=4233, Thresh=9.9, Sink_dist=inf
2025-10-07 23:03:00 - orthoroute.algorithms.manhattan.pathfinder.cuda_dijkstra - WARNING -   ROI 3: Near=1, Far=1791, Thresh=11.1, Sink_dist=inf
2025-10-07 23:03:00 - orthoroute.algorithms.manhattan.pathfinder.cuda_dijkstra - WARNING -   ROI 4: Near=1, Far=4483, Thresh=9.9, Sink_dist=inf
2025-10-07 23:03:00 - orthoroute.algorithms.manhattan.pathfinder.cuda_dijkstra - WARNING -   ROI 5: Near=1, Far=3739, Thresh=9.6, Sink_dist=inf
2025-10-07 23:03:00 - orthoroute.algorithms.manhattan.pathfinder.cuda_dijkstra - WARNING -   ROI 6: Near=1, Far=3928, Thresh=10.9, Sink_dist=inf
2025-10-07 23:03:00 - orthoroute.algorithms.manhattan.pathfinder.cuda_dijkstra - WARNING -   ROI 7: Near=1, Far=3934, Thresh=10.0, Sink_dist=inf
2025-10-07 23:03:00 - orthoroute.algorithms.manhattan.pathfinder.cuda_dijkstra - WARNING -   ROI 8: Near=1, Far=4133, Thresh=9.9, Sink_dist=inf
2025-10-07 23:03:00 - orthoroute.algorithms.manhattan.pathfinder.cuda_dijkstra - WARNING -   ROI 9: Near=1, Far=3343, Thresh=10.2, Sink_dist=inf
2025-10-07 23:03:00 - orthoroute.algorithms.manhattan.pathfinder.cuda_dijkstra - WARNING -   ROI 10: Near=1, Far=2116, Thresh=10.2, Sink_dist=inf
2025-10-07 23:03:00 - orthoroute.algorithms.manhattan.pathfinder.cuda_dijkstra - WARNING -   ROI 11: Near=1, Far=1988, Thresh=10.4, Sink_dist=inf
2025-10-07 23:03:00 - orthoroute.algorithms.manhattan.pathfinder.cuda_dijkstra - WARNING -   ROI 12: Near=1, Far=4524, Thresh=10.1, Sink_dist=inf
2025-10-07 23:03:00 - orthoroute.algorithms.manhattan.pathfinder.cuda_dijkstra - WARNING -   ROI 13: Near=1, Far=5356, Thresh=10.5, Sink_dist=inf
2025-10-07 23:03:00 - orthoroute.algorithms.manhattan.pathfinder.cuda_dijkstra - WARNING -   ROI 14: Near=1, Far=5352, Thresh=10.5, Sink_dist=inf
2025-10-07 23:03:00 - orthoroute.algorithms.manhattan.pathfinder.cuda_dijkstra - WARNING -   ROI 15: Near=1, Far=5356, Thresh=10.5, Sink_dist=inf
2025-10-07 23:03:00 - orthoroute.algorithms.manhattan.pathfinder.cuda_dijkstra - WARNING -   ROI 16: Near=1, Far=4558, Thresh=10.0, Sink_dist=inf
2025-10-07 23:03:00 - orthoroute.algorithms.manhattan.pathfinder.cuda_dijkstra - WARNING -   ROI 17: Near=1, Far=4596, Thresh=10.1, Sink_dist=inf
2025-10-07 23:03:00 - orthoroute.algorithms.manhattan.pathfinder.cuda_dijkstra - WARNING -   ROI 18: Near=1, Far=4485, Thresh=9.9, Sink_dist=inf
2025-10-07 23:03:00 - orthoroute.algorithms.manhattan.pathfinder.cuda_dijkstra - WARNING -   ROI 19: Near=1, Far=4656, Thresh=10.7, Sink_dist=inf
2025-10-07 23:03:00 - orthoroute.algorithms.manhattan.pathfinder.cuda_dijkstra - WARNING -   ROI 20: Near=1, Far=4591, Thresh=10.1, Sink_dist=inf
2025-10-07 23:03:00 - orthoroute.algorithms.manhattan.pathfinder.cuda_dijkstra - WARNING -   ROI 21: Near=1, Far=4225, Thresh=9.9, Sink_dist=inf
2025-10-07 23:03:00 - orthoroute.algorithms.manhattan.pathfinder.cuda_dijkstra - WARNING -   ROI 22: Near=1, Far=4600, Thresh=10.0, Sink_dist=inf
2025-10-07 23:03:00 - orthoroute.algorithms.manhattan.pathfinder.cuda_dijkstra - WARNING -   ROI 23: Near=2, Far=3756, Thresh=9.6, Sink_dist=inf
2025-10-07 23:03:00 - orthoroute.algorithms.manhattan.pathfinder.cuda_dijkstra - WARNING -   ROI 24: Near=1, Far=5356, Thresh=10.5, Sink_dist=inf
2025-10-07 23:03:00 - orthoroute.algorithms.manhattan.pathfinder.cuda_dijkstra - WARNING -   ROI 25: Near=1, Far=3771, Thresh=9.6, Sink_dist=inf
2025-10-07 23:03:00 - orthoroute.algorithms.manhattan.pathfinder.cuda_dijkstra - WARNING -   ROI 26: Near=1, Far=4547, Thresh=10.1, Sink_dist=inf
2025-10-07 23:03:00 - orthoroute.algorithms.manhattan.pathfinder.cuda_dijkstra - WARNING -   ROI 27: Near=1, Far=3199, Thresh=9.6, Sink_dist=inf
2025-10-07 23:03:00 - orthoroute.algorithms.manhattan.pathfinder.cuda_dijkstra - WARNING -   ROI 28: Near=1, Far=4552, Thresh=10.1, Sink_dist=inf
2025-10-07 23:03:00 - orthoroute.algorithms.manhattan.pathfinder.cuda_dijkstra - WARNING -   ROI 29: Near=1, Far=3754, Thresh=9.7, Sink_dist=inf
2025-10-07 23:03:00 - orthoroute.algorithms.manhattan.pathfinder.cuda_dijkstra - WARNING -   ROI 30: Near=1, Far=4655, Thresh=10.6, Sink_dist=inf
2025-10-07 23:03:00 - orthoroute.algorithms.manhattan.pathfinder.cuda_dijkstra - WARNING -   ROI 31: Near=1, Far=4465, Thresh=9.9, Sink_dist=inf
2025-10-07 23:03:02 - orthoroute.algorithms.manhattan.pathfinder.cuda_dijkstra - INFO - [DEBUG-GPU] Near-Far iteration 3100
2025-10-07 23:03:02 - orthoroute.algorithms.manhattan.pathfinder.cuda_dijkstra - WARNING - [CUDA-NF] Iteration 3100: 32/32 ROIs active, Near nodes=34, Far nodes=132877
2025-10-07 23:03:02 - orthoroute.algorithms.manhattan.pathfinder.cuda_dijkstra - WARNING -   ROI 0: Near=1, Far=4590, Thresh=10.7, Sink_dist=inf
2025-10-07 23:03:02 - orthoroute.algorithms.manhattan.pathfinder.cuda_dijkstra - WARNING -   ROI 1: Near=1, Far=3211, Thresh=10.0, Sink_dist=inf
2025-10-07 23:03:02 - orthoroute.algorithms.manhattan.pathfinder.cuda_dijkstra - WARNING -   ROI 2: Near=1, Far=4490, Thresh=10.0, Sink_dist=inf
2025-10-07 23:03:02 - orthoroute.algorithms.manhattan.pathfinder.cuda_dijkstra - WARNING -   ROI 3: Near=1, Far=2007, Thresh=11.1, Sink_dist=inf
2025-10-07 23:03:02 - orthoroute.algorithms.manhattan.pathfinder.cuda_dijkstra - WARNING -   ROI 4: Near=1, Far=4436, Thresh=10.0, Sink_dist=inf
2025-10-07 23:03:02 - orthoroute.algorithms.manhattan.pathfinder.cuda_dijkstra - WARNING -   ROI 5: Near=1, Far=3648, Thresh=9.7, Sink_dist=inf
2025-10-07 23:03:02 - orthoroute.algorithms.manhattan.pathfinder.cuda_dijkstra - WARNING -   ROI 6: Near=1, Far=3826, Thresh=10.9, Sink_dist=inf
2025-10-07 23:03:02 - orthoroute.algorithms.manhattan.pathfinder.cuda_dijkstra - WARNING -   ROI 7: Near=1, Far=3856, Thresh=10.1, Sink_dist=inf
2025-10-07 23:03:02 - orthoroute.algorithms.manhattan.pathfinder.cuda_dijkstra - WARNING -   ROI 8: Near=1, Far=4483, Thresh=9.9, Sink_dist=inf
2025-10-07 23:03:02 - orthoroute.algorithms.manhattan.pathfinder.cuda_dijkstra - WARNING -   ROI 9: Near=1, Far=3647, Thresh=10.3, Sink_dist=inf
2025-10-07 23:03:02 - orthoroute.algorithms.manhattan.pathfinder.cuda_dijkstra - WARNING -   ROI 10: Near=1, Far=2381, Thresh=10.4, Sink_dist=inf
2025-10-07 23:03:02 - orthoroute.algorithms.manhattan.pathfinder.cuda_dijkstra - WARNING -   ROI 11: Near=1, Far=1898, Thresh=10.4, Sink_dist=inf
2025-10-07 23:03:02 - orthoroute.algorithms.manhattan.pathfinder.cuda_dijkstra - WARNING -   ROI 12: Near=1, Far=4445, Thresh=10.2, Sink_dist=inf
2025-10-07 23:03:02 - orthoroute.algorithms.manhattan.pathfinder.cuda_dijkstra - WARNING -   ROI 13: Near=1, Far=5254, Thresh=10.6, Sink_dist=inf
2025-10-07 23:03:02 - orthoroute.algorithms.manhattan.pathfinder.cuda_dijkstra - WARNING -   ROI 14: Near=1, Far=5280, Thresh=10.6, Sink_dist=inf
2025-10-07 23:03:02 - orthoroute.algorithms.manhattan.pathfinder.cuda_dijkstra - WARNING -   ROI 15: Near=1, Far=5258, Thresh=10.6, Sink_dist=inf
2025-10-07 23:03:02 - orthoroute.algorithms.manhattan.pathfinder.cuda_dijkstra - WARNING -   ROI 16: Near=1, Far=4480, Thresh=10.1, Sink_dist=inf
2025-10-07 23:03:02 - orthoroute.algorithms.manhattan.pathfinder.cuda_dijkstra - WARNING -   ROI 17: Near=1, Far=4494, Thresh=10.1, Sink_dist=inf
2025-10-07 23:03:02 - orthoroute.algorithms.manhattan.pathfinder.cuda_dijkstra - WARNING -   ROI 18: Near=1, Far=4437, Thresh=10.0, Sink_dist=inf
2025-10-07 23:03:02 - orthoroute.algorithms.manhattan.pathfinder.cuda_dijkstra - WARNING -   ROI 19: Near=1, Far=5159, Thresh=10.8, Sink_dist=inf
2025-10-07 23:03:02 - orthoroute.algorithms.manhattan.pathfinder.cuda_dijkstra - WARNING -   ROI 20: Near=1, Far=4491, Thresh=10.1, Sink_dist=inf
2025-10-07 23:03:02 - orthoroute.algorithms.manhattan.pathfinder.cuda_dijkstra - WARNING -   ROI 21: Near=1, Far=4489, Thresh=10.0, Sink_dist=inf
2025-10-07 23:03:02 - orthoroute.algorithms.manhattan.pathfinder.cuda_dijkstra - WARNING -   ROI 22: Near=1, Far=4495, Thresh=10.1, Sink_dist=inf
2025-10-07 23:03:02 - orthoroute.algorithms.manhattan.pathfinder.cuda_dijkstra - WARNING -   ROI 23: Near=2, Far=3653, Thresh=9.7, Sink_dist=inf
2025-10-07 23:03:02 - orthoroute.algorithms.manhattan.pathfinder.cuda_dijkstra - WARNING -   ROI 24: Near=1, Far=5255, Thresh=10.6, Sink_dist=inf
2025-10-07 23:03:02 - orthoroute.algorithms.manhattan.pathfinder.cuda_dijkstra - WARNING -   ROI 25: Near=1, Far=3695, Thresh=9.6, Sink_dist=inf
2025-10-07 23:03:02 - orthoroute.algorithms.manhattan.pathfinder.cuda_dijkstra - WARNING -   ROI 26: Near=1, Far=4469, Thresh=10.2, Sink_dist=inf
2025-10-07 23:03:02 - orthoroute.algorithms.manhattan.pathfinder.cuda_dijkstra - WARNING -   ROI 27: Near=1, Far=3118, Thresh=9.7, Sink_dist=inf
2025-10-07 23:03:02 - orthoroute.algorithms.manhattan.pathfinder.cuda_dijkstra - WARNING -   ROI 28: Near=1, Far=4474, Thresh=10.2, Sink_dist=inf
2025-10-07 23:03:02 - orthoroute.algorithms.manhattan.pathfinder.cuda_dijkstra - WARNING -   ROI 29: Near=1, Far=3654, Thresh=9.7, Sink_dist=inf
2025-10-07 23:03:02 - orthoroute.algorithms.manhattan.pathfinder.cuda_dijkstra - WARNING -   ROI 30: Near=1, Far=5370, Thresh=10.7, Sink_dist=inf
2025-10-07 23:03:02 - orthoroute.algorithms.manhattan.pathfinder.cuda_dijkstra - WARNING -   ROI 31: Near=2, Far=4434, Thresh=10.0, Sink_dist=inf
2025-10-07 23:03:05 - orthoroute.algorithms.manhattan.pathfinder.cuda_dijkstra - INFO - [DEBUG-GPU] Near-Far iteration 3200
2025-10-07 23:03:05 - orthoroute.algorithms.manhattan.pathfinder.cuda_dijkstra - WARNING - [CUDA-NF] Iteration 3200: 32/32 ROIs active, Near nodes=33, Far nodes=134524
2025-10-07 23:03:05 - orthoroute.algorithms.manhattan.pathfinder.cuda_dijkstra - WARNING -   ROI 0: Near=1, Far=4486, Thresh=10.8, Sink_dist=inf
2025-10-07 23:03:05 - orthoroute.algorithms.manhattan.pathfinder.cuda_dijkstra - WARNING -   ROI 1: Near=1, Far=3110, Thresh=10.0, Sink_dist=inf
2025-10-07 23:03:05 - orthoroute.algorithms.manhattan.pathfinder.cuda_dijkstra - WARNING -   ROI 2: Near=1, Far=4388, Thresh=10.0, Sink_dist=inf
2025-10-07 23:03:05 - orthoroute.algorithms.manhattan.pathfinder.cuda_dijkstra - WARNING -   ROI 3: Near=1, Far=1933, Thresh=11.2, Sink_dist=inf
2025-10-07 23:03:05 - orthoroute.algorithms.manhattan.pathfinder.cuda_dijkstra - WARNING -   ROI 4: Near=1, Far=4333, Thresh=10.1, Sink_dist=inf
2025-10-07 23:03:05 - orthoroute.algorithms.manhattan.pathfinder.cuda_dijkstra - WARNING -   ROI 5: Near=1, Far=3707, Thresh=9.9, Sink_dist=inf
2025-10-07 23:03:05 - orthoroute.algorithms.manhattan.pathfinder.cuda_dijkstra - WARNING -   ROI 6: Near=2, Far=3740, Thresh=11.0, Sink_dist=inf
2025-10-07 23:03:05 - orthoroute.algorithms.manhattan.pathfinder.cuda_dijkstra - WARNING -   ROI 7: Near=1, Far=3871, Thresh=10.3, Sink_dist=inf
2025-10-07 23:03:05 - orthoroute.algorithms.manhattan.pathfinder.cuda_dijkstra - WARNING -   ROI 8: Near=1, Far=4411, Thresh=10.0, Sink_dist=inf
2025-10-07 23:03:05 - orthoroute.algorithms.manhattan.pathfinder.cuda_dijkstra - WARNING -   ROI 9: Near=1, Far=3847, Thresh=10.4, Sink_dist=inf
2025-10-07 23:03:05 - orthoroute.algorithms.manhattan.pathfinder.cuda_dijkstra - WARNING -   ROI 10: Near=1, Far=2490, Thresh=10.4, Sink_dist=inf
2025-10-07 23:03:05 - orthoroute.algorithms.manhattan.pathfinder.cuda_dijkstra - WARNING -   ROI 11: Near=1, Far=1797, Thresh=10.5, Sink_dist=inf
2025-10-07 23:03:05 - orthoroute.algorithms.manhattan.pathfinder.cuda_dijkstra - WARNING -   ROI 12: Near=1, Far=4588, Thresh=10.3, Sink_dist=inf
2025-10-07 23:03:05 - orthoroute.algorithms.manhattan.pathfinder.cuda_dijkstra - WARNING -   ROI 13: Near=1, Far=5901, Thresh=10.7, Sink_dist=inf
2025-10-07 23:03:05 - orthoroute.algorithms.manhattan.pathfinder.cuda_dijkstra - WARNING -   ROI 14: Near=1, Far=5899, Thresh=10.7, Sink_dist=inf
2025-10-07 23:03:05 - orthoroute.algorithms.manhattan.pathfinder.cuda_dijkstra - WARNING -   ROI 15: Near=1, Far=5855, Thresh=10.7, Sink_dist=inf
2025-10-07 23:03:05 - orthoroute.algorithms.manhattan.pathfinder.cuda_dijkstra - WARNING -   ROI 16: Near=1, Far=4472, Thresh=10.3, Sink_dist=inf
2025-10-07 23:03:05 - orthoroute.algorithms.manhattan.pathfinder.cuda_dijkstra - WARNING -   ROI 17: Near=1, Far=4415, Thresh=10.2, Sink_dist=inf
2025-10-07 23:03:05 - orthoroute.algorithms.manhattan.pathfinder.cuda_dijkstra - WARNING -   ROI 18: Near=1, Far=4334, Thresh=10.1, Sink_dist=inf
2025-10-07 23:03:05 - orthoroute.algorithms.manhattan.pathfinder.cuda_dijkstra - WARNING -   ROI 19: Near=1, Far=5270, Thresh=10.9, Sink_dist=inf
2025-10-07 23:03:05 - orthoroute.algorithms.manhattan.pathfinder.cuda_dijkstra - WARNING -   ROI 20: Near=1, Far=4411, Thresh=10.3, Sink_dist=inf
2025-10-07 23:03:05 - orthoroute.algorithms.manhattan.pathfinder.cuda_dijkstra - WARNING -   ROI 21: Near=1, Far=4387, Thresh=10.0, Sink_dist=inf
2025-10-07 23:03:05 - orthoroute.algorithms.manhattan.pathfinder.cuda_dijkstra - WARNING -   ROI 22: Near=1, Far=4414, Thresh=10.2, Sink_dist=inf
2025-10-07 23:03:05 - orthoroute.algorithms.manhattan.pathfinder.cuda_dijkstra - WARNING -   ROI 23: Near=1, Far=3607, Thresh=9.9, Sink_dist=inf
2025-10-07 23:03:05 - orthoroute.algorithms.manhattan.pathfinder.cuda_dijkstra - WARNING -   ROI 24: Near=1, Far=5901, Thresh=10.7, Sink_dist=inf
2025-10-07 23:03:05 - orthoroute.algorithms.manhattan.pathfinder.cuda_dijkstra - WARNING -   ROI 25: Near=1, Far=3594, Thresh=9.8, Sink_dist=inf
2025-10-07 23:03:05 - orthoroute.algorithms.manhattan.pathfinder.cuda_dijkstra - WARNING -   ROI 26: Near=1, Far=4483, Thresh=10.3, Sink_dist=inf
2025-10-07 23:03:05 - orthoroute.algorithms.manhattan.pathfinder.cuda_dijkstra - WARNING -   ROI 27: Near=1, Far=3178, Thresh=9.9, Sink_dist=inf
2025-10-07 23:03:05 - orthoroute.algorithms.manhattan.pathfinder.cuda_dijkstra - WARNING -   ROI 28: Near=1, Far=4477, Thresh=10.3, Sink_dist=inf
2025-10-07 23:03:05 - orthoroute.algorithms.manhattan.pathfinder.cuda_dijkstra - WARNING -   ROI 29: Near=1, Far=3617, Thresh=9.9, Sink_dist=inf
2025-10-07 23:03:05 - orthoroute.algorithms.manhattan.pathfinder.cuda_dijkstra - WARNING -   ROI 30: Near=1, Far=5270, Thresh=10.8, Sink_dist=inf
2025-10-07 23:03:05 - orthoroute.algorithms.manhattan.pathfinder.cuda_dijkstra - WARNING -   ROI 31: Near=1, Far=4338, Thresh=10.1, Sink_dist=inf
2025-10-07 23:03:08 - orthoroute.algorithms.manhattan.pathfinder.cuda_dijkstra - INFO - [DEBUG-GPU] Near-Far iteration 3300
2025-10-07 23:03:08 - orthoroute.algorithms.manhattan.pathfinder.cuda_dijkstra - WARNING - [CUDA-NF] Iteration 3300: 32/32 ROIs active, Near nodes=32, Far nodes=139624
2025-10-07 23:03:08 - orthoroute.algorithms.manhattan.pathfinder.cuda_dijkstra - WARNING -   ROI 0: Near=1, Far=4403, Thresh=10.9, Sink_dist=inf
2025-10-07 23:03:08 - orthoroute.algorithms.manhattan.pathfinder.cuda_dijkstra - WARNING -   ROI 1: Near=1, Far=3010, Thresh=10.0, Sink_dist=inf
2025-10-07 23:03:08 - orthoroute.algorithms.manhattan.pathfinder.cuda_dijkstra - WARNING -   ROI 2: Near=1, Far=4286, Thresh=10.1, Sink_dist=inf
2025-10-07 23:03:08 - orthoroute.algorithms.manhattan.pathfinder.cuda_dijkstra - WARNING -   ROI 3: Near=1, Far=1825, Thresh=11.3, Sink_dist=inf
2025-10-07 23:03:08 - orthoroute.algorithms.manhattan.pathfinder.cuda_dijkstra - WARNING -   ROI 4: Near=1, Far=4253, Thresh=10.2, Sink_dist=inf
2025-10-07 23:03:08 - orthoroute.algorithms.manhattan.pathfinder.cuda_dijkstra - WARNING -   ROI 5: Near=1, Far=4164, Thresh=9.9, Sink_dist=inf
2025-10-07 23:03:08 - orthoroute.algorithms.manhattan.pathfinder.cuda_dijkstra - WARNING -   ROI 6: Near=1, Far=4179, Thresh=11.1, Sink_dist=inf
2025-10-07 23:03:08 - orthoroute.algorithms.manhattan.pathfinder.cuda_dijkstra - WARNING -   ROI 7: Near=1, Far=4280, Thresh=10.3, Sink_dist=inf
2025-10-07 23:03:08 - orthoroute.algorithms.manhattan.pathfinder.cuda_dijkstra - WARNING -   ROI 8: Near=1, Far=4309, Thresh=10.1, Sink_dist=inf
2025-10-07 23:03:08 - orthoroute.algorithms.manhattan.pathfinder.cuda_dijkstra - WARNING -   ROI 9: Near=1, Far=3748, Thresh=10.4, Sink_dist=inf
2025-10-07 23:03:08 - orthoroute.algorithms.manhattan.pathfinder.cuda_dijkstra - WARNING -   ROI 10: Near=1, Far=2389, Thresh=10.5, Sink_dist=inf
2025-10-07 23:03:08 - orthoroute.algorithms.manhattan.pathfinder.cuda_dijkstra - WARNING -   ROI 11: Near=1, Far=1861, Thresh=10.7, Sink_dist=inf
2025-10-07 23:03:08 - orthoroute.algorithms.manhattan.pathfinder.cuda_dijkstra - WARNING -   ROI 12: Near=1, Far=4986, Thresh=10.3, Sink_dist=inf
2025-10-07 23:03:08 - orthoroute.algorithms.manhattan.pathfinder.cuda_dijkstra - WARNING -   ROI 13: Near=1, Far=5943, Thresh=10.8, Sink_dist=inf
2025-10-07 23:03:08 - orthoroute.algorithms.manhattan.pathfinder.cuda_dijkstra - WARNING -   ROI 14: Near=1, Far=5941, Thresh=10.8, Sink_dist=inf
2025-10-07 23:03:08 - orthoroute.algorithms.manhattan.pathfinder.cuda_dijkstra - WARNING -   ROI 15: Near=1, Far=5945, Thresh=10.8, Sink_dist=inf
2025-10-07 23:03:08 - orthoroute.algorithms.manhattan.pathfinder.cuda_dijkstra - WARNING -   ROI 16: Near=1, Far=4869, Thresh=10.3, Sink_dist=inf
2025-10-07 23:03:08 - orthoroute.algorithms.manhattan.pathfinder.cuda_dijkstra - WARNING -   ROI 17: Near=1, Far=4805, Thresh=10.3, Sink_dist=inf
2025-10-07 23:03:08 - orthoroute.algorithms.manhattan.pathfinder.cuda_dijkstra - WARNING -   ROI 18: Near=1, Far=4257, Thresh=10.1, Sink_dist=inf
2025-10-07 23:03:08 - orthoroute.algorithms.manhattan.pathfinder.cuda_dijkstra - WARNING -   ROI 19: Near=1, Far=5166, Thresh=10.9, Sink_dist=inf
2025-10-07 23:03:08 - orthoroute.algorithms.manhattan.pathfinder.cuda_dijkstra - WARNING -   ROI 20: Near=1, Far=4785, Thresh=10.3, Sink_dist=inf
2025-10-07 23:03:08 - orthoroute.algorithms.manhattan.pathfinder.cuda_dijkstra - WARNING -   ROI 21: Near=1, Far=4287, Thresh=10.1, Sink_dist=inf
2025-10-07 23:03:08 - orthoroute.algorithms.manhattan.pathfinder.cuda_dijkstra - WARNING -   ROI 22: Near=1, Far=4855, Thresh=10.3, Sink_dist=inf
2025-10-07 23:03:08 - orthoroute.algorithms.manhattan.pathfinder.cuda_dijkstra - WARNING -   ROI 23: Near=1, Far=4093, Thresh=9.9, Sink_dist=inf
2025-10-07 23:03:08 - orthoroute.algorithms.manhattan.pathfinder.cuda_dijkstra - WARNING -   ROI 24: Near=1, Far=5945, Thresh=10.8, Sink_dist=inf
2025-10-07 23:03:08 - orthoroute.algorithms.manhattan.pathfinder.cuda_dijkstra - WARNING -   ROI 25: Near=1, Far=4011, Thresh=9.9, Sink_dist=inf
2025-10-07 23:03:08 - orthoroute.algorithms.manhattan.pathfinder.cuda_dijkstra - WARNING -   ROI 26: Near=1, Far=4917, Thresh=10.3, Sink_dist=inf
2025-10-07 23:03:08 - orthoroute.algorithms.manhattan.pathfinder.cuda_dijkstra - WARNING -   ROI 27: Near=1, Far=3592, Thresh=9.9, Sink_dist=inf
2025-10-07 23:03:08 - orthoroute.algorithms.manhattan.pathfinder.cuda_dijkstra - WARNING -   ROI 28: Near=1, Far=4929, Thresh=10.3, Sink_dist=inf
2025-10-07 23:03:08 - orthoroute.algorithms.manhattan.pathfinder.cuda_dijkstra - WARNING -   ROI 29: Near=1, Far=4177, Thresh=9.9, Sink_dist=inf
2025-10-07 23:03:08 - orthoroute.algorithms.manhattan.pathfinder.cuda_dijkstra - WARNING -   ROI 30: Near=1, Far=5166, Thresh=10.9, Sink_dist=inf
2025-10-07 23:03:08 - orthoroute.algorithms.manhattan.pathfinder.cuda_dijkstra - WARNING -   ROI 31: Near=1, Far=4248, Thresh=10.1, Sink_dist=inf
2025-10-07 23:03:10 - orthoroute.algorithms.manhattan.pathfinder.cuda_dijkstra - INFO - [DEBUG-GPU] Near-Far iteration 3400
2025-10-07 23:03:10 - orthoroute.algorithms.manhattan.pathfinder.cuda_dijkstra - WARNING - [CUDA-NF] Iteration 3400: 32/32 ROIs active, Near nodes=35, Far nodes=140169
2025-10-07 23:03:10 - orthoroute.algorithms.manhattan.pathfinder.cuda_dijkstra - WARNING -   ROI 0: Near=1, Far=4303, Thresh=11.0, Sink_dist=inf
2025-10-07 23:03:10 - orthoroute.algorithms.manhattan.pathfinder.cuda_dijkstra - WARNING -   ROI 1: Near=1, Far=2930, Thresh=10.1, Sink_dist=inf
2025-10-07 23:03:10 - orthoroute.algorithms.manhattan.pathfinder.cuda_dijkstra - WARNING -   ROI 2: Near=1, Far=4231, Thresh=10.2, Sink_dist=inf
2025-10-07 23:03:10 - orthoroute.algorithms.manhattan.pathfinder.cuda_dijkstra - WARNING -   ROI 3: Near=2, Far=1974, Thresh=11.5, Sink_dist=inf
2025-10-07 23:03:10 - orthoroute.algorithms.manhattan.pathfinder.cuda_dijkstra - WARNING -   ROI 4: Near=1, Far=4241, Thresh=10.3, Sink_dist=inf
2025-10-07 23:03:10 - orthoroute.algorithms.manhattan.pathfinder.cuda_dijkstra - WARNING -   ROI 5: Near=1, Far=4154, Thresh=10.0, Sink_dist=inf
2025-10-07 23:03:10 - orthoroute.algorithms.manhattan.pathfinder.cuda_dijkstra - WARNING -   ROI 6: Near=1, Far=4242, Thresh=11.2, Sink_dist=inf
2025-10-07 23:03:10 - orthoroute.algorithms.manhattan.pathfinder.cuda_dijkstra - WARNING -   ROI 7: Near=1, Far=4330, Thresh=10.4, Sink_dist=inf
2025-10-07 23:03:10 - orthoroute.algorithms.manhattan.pathfinder.cuda_dijkstra - WARNING -   ROI 8: Near=1, Far=4231, Thresh=10.2, Sink_dist=inf
2025-10-07 23:03:10 - orthoroute.algorithms.manhattan.pathfinder.cuda_dijkstra - WARNING -   ROI 9: Near=1, Far=3657, Thresh=10.5, Sink_dist=inf
2025-10-07 23:03:10 - orthoroute.algorithms.manhattan.pathfinder.cuda_dijkstra - WARNING -   ROI 10: Near=1, Far=2287, Thresh=10.5, Sink_dist=inf
2025-10-07 23:03:10 - orthoroute.algorithms.manhattan.pathfinder.cuda_dijkstra - WARNING -   ROI 11: Near=1, Far=2086, Thresh=10.8, Sink_dist=inf
2025-10-07 23:03:10 - orthoroute.algorithms.manhattan.pathfinder.cuda_dijkstra - WARNING -   ROI 12: Near=1, Far=4983, Thresh=10.4, Sink_dist=inf
2025-10-07 23:03:10 - orthoroute.algorithms.manhattan.pathfinder.cuda_dijkstra - WARNING -   ROI 13: Near=1, Far=5839, Thresh=10.9, Sink_dist=inf
2025-10-07 23:03:10 - orthoroute.algorithms.manhattan.pathfinder.cuda_dijkstra - WARNING -   ROI 14: Near=1, Far=5859, Thresh=10.8, Sink_dist=inf
2025-10-07 23:03:10 - orthoroute.algorithms.manhattan.pathfinder.cuda_dijkstra - WARNING -   ROI 15: Near=1, Far=5863, Thresh=10.8, Sink_dist=inf
2025-10-07 23:03:10 - orthoroute.algorithms.manhattan.pathfinder.cuda_dijkstra - WARNING -   ROI 16: Near=1, Far=5023, Thresh=10.4, Sink_dist=inf
2025-10-07 23:03:10 - orthoroute.algorithms.manhattan.pathfinder.cuda_dijkstra - WARNING -   ROI 17: Near=1, Far=5061, Thresh=10.4, Sink_dist=inf
2025-10-07 23:03:10 - orthoroute.algorithms.manhattan.pathfinder.cuda_dijkstra - WARNING -   ROI 18: Near=2, Far=4184, Thresh=10.2, Sink_dist=inf
2025-10-07 23:03:10 - orthoroute.algorithms.manhattan.pathfinder.cuda_dijkstra - WARNING -   ROI 19: Near=1, Far=5063, Thresh=11.0, Sink_dist=inf
2025-10-07 23:03:10 - orthoroute.algorithms.manhattan.pathfinder.cuda_dijkstra - WARNING -   ROI 20: Near=1, Far=5058, Thresh=10.4, Sink_dist=inf
2025-10-07 23:03:10 - orthoroute.algorithms.manhattan.pathfinder.cuda_dijkstra - WARNING -   ROI 21: Near=1, Far=4209, Thresh=10.2, Sink_dist=inf
2025-10-07 23:03:10 - orthoroute.algorithms.manhattan.pathfinder.cuda_dijkstra - WARNING -   ROI 22: Near=1, Far=5060, Thresh=10.4, Sink_dist=inf
2025-10-07 23:03:10 - orthoroute.algorithms.manhattan.pathfinder.cuda_dijkstra - WARNING -   ROI 23: Near=1, Far=4171, Thresh=10.0, Sink_dist=inf
2025-10-07 23:03:10 - orthoroute.algorithms.manhattan.pathfinder.cuda_dijkstra - WARNING -   ROI 24: Near=1, Far=5842, Thresh=10.9, Sink_dist=inf
2025-10-07 23:03:10 - orthoroute.algorithms.manhattan.pathfinder.cuda_dijkstra - WARNING -   ROI 25: Near=1, Far=4192, Thresh=9.9, Sink_dist=inf
2025-10-07 23:03:10 - orthoroute.algorithms.manhattan.pathfinder.cuda_dijkstra - WARNING -   ROI 26: Near=1, Far=5014, Thresh=10.4, Sink_dist=inf
2025-10-07 23:03:10 - orthoroute.algorithms.manhattan.pathfinder.cuda_dijkstra - WARNING -   ROI 27: Near=1, Far=3548, Thresh=10.0, Sink_dist=inf
2025-10-07 23:03:10 - orthoroute.algorithms.manhattan.pathfinder.cuda_dijkstra - WARNING -   ROI 28: Near=1, Far=5015, Thresh=10.4, Sink_dist=inf
2025-10-07 23:03:10 - orthoroute.algorithms.manhattan.pathfinder.cuda_dijkstra - WARNING -   ROI 29: Near=1, Far=4171, Thresh=10.0, Sink_dist=inf
2025-10-07 23:03:10 - orthoroute.algorithms.manhattan.pathfinder.cuda_dijkstra - WARNING -   ROI 30: Near=1, Far=5084, Thresh=11.0, Sink_dist=inf
2025-10-07 23:03:10 - orthoroute.algorithms.manhattan.pathfinder.cuda_dijkstra - WARNING -   ROI 31: Near=2, Far=4264, Thresh=10.2, Sink_dist=inf
2025-10-07 23:03:12 - orthoroute.algorithms.manhattan.pathfinder.cuda_dijkstra - INFO - [DEBUG-GPU] Near-Far iteration 3500
2025-10-07 23:03:12 - orthoroute.algorithms.manhattan.pathfinder.cuda_dijkstra - WARNING - [CUDA-NF] Iteration 3500: 32/32 ROIs active, Near nodes=33, Far nodes=141170
2025-10-07 23:03:12 - orthoroute.algorithms.manhattan.pathfinder.cuda_dijkstra - WARNING -   ROI 0: Near=1, Far=4486, Thresh=11.1, Sink_dist=inf
2025-10-07 23:03:12 - orthoroute.algorithms.manhattan.pathfinder.cuda_dijkstra - WARNING -   ROI 1: Near=1, Far=3239, Thresh=10.3, Sink_dist=inf
2025-10-07 23:03:12 - orthoroute.algorithms.manhattan.pathfinder.cuda_dijkstra - WARNING -   ROI 2: Near=1, Far=4471, Thresh=10.3, Sink_dist=inf
2025-10-07 23:03:12 - orthoroute.algorithms.manhattan.pathfinder.cuda_dijkstra - WARNING -   ROI 3: Near=1, Far=2123, Thresh=11.5, Sink_dist=inf
2025-10-07 23:03:12 - orthoroute.algorithms.manhattan.pathfinder.cuda_dijkstra - WARNING -   ROI 4: Near=1, Far=4791, Thresh=10.3, Sink_dist=inf
2025-10-07 23:03:12 - orthoroute.algorithms.manhattan.pathfinder.cuda_dijkstra - WARNING -   ROI 5: Near=1, Far=4054, Thresh=10.0, Sink_dist=inf
2025-10-07 23:03:12 - orthoroute.algorithms.manhattan.pathfinder.cuda_dijkstra - WARNING -   ROI 6: Near=1, Far=4137, Thresh=11.3, Sink_dist=inf
2025-10-07 23:03:12 - orthoroute.algorithms.manhattan.pathfinder.cuda_dijkstra - WARNING -   ROI 7: Near=1, Far=4229, Thresh=10.5, Sink_dist=inf
2025-10-07 23:03:12 - orthoroute.algorithms.manhattan.pathfinder.cuda_dijkstra - WARNING -   ROI 8: Near=1, Far=4394, Thresh=10.3, Sink_dist=inf
2025-10-07 23:03:12 - orthoroute.algorithms.manhattan.pathfinder.cuda_dijkstra - WARNING -   ROI 9: Near=1, Far=3585, Thresh=10.6, Sink_dist=inf
2025-10-07 23:03:12 - orthoroute.algorithms.manhattan.pathfinder.cuda_dijkstra - WARNING -   ROI 10: Near=1, Far=2421, Thresh=10.7, Sink_dist=inf
2025-10-07 23:03:12 - orthoroute.algorithms.manhattan.pathfinder.cuda_dijkstra - WARNING -   ROI 11: Near=1, Far=2035, Thresh=10.8, Sink_dist=inf
2025-10-07 23:03:12 - orthoroute.algorithms.manhattan.pathfinder.cuda_dijkstra - WARNING -   ROI 12: Near=1, Far=4883, Thresh=10.5, Sink_dist=inf
2025-10-07 23:03:12 - orthoroute.algorithms.manhattan.pathfinder.cuda_dijkstra - WARNING -   ROI 13: Near=1, Far=5754, Thresh=10.9, Sink_dist=inf
2025-10-07 23:03:12 - orthoroute.algorithms.manhattan.pathfinder.cuda_dijkstra - WARNING -   ROI 14: Near=1, Far=5748, Thresh=10.9, Sink_dist=inf
2025-10-07 23:03:12 - orthoroute.algorithms.manhattan.pathfinder.cuda_dijkstra - WARNING -   ROI 15: Near=1, Far=5752, Thresh=10.9, Sink_dist=inf
2025-10-07 23:03:12 - orthoroute.algorithms.manhattan.pathfinder.cuda_dijkstra - WARNING -   ROI 16: Near=1, Far=4923, Thresh=10.4, Sink_dist=inf
2025-10-07 23:03:12 - orthoroute.algorithms.manhattan.pathfinder.cuda_dijkstra - WARNING -   ROI 17: Near=1, Far=4959, Thresh=10.5, Sink_dist=inf
2025-10-07 23:03:12 - orthoroute.algorithms.manhattan.pathfinder.cuda_dijkstra - WARNING -   ROI 18: Near=1, Far=4783, Thresh=10.3, Sink_dist=inf
2025-10-07 23:03:12 - orthoroute.algorithms.manhattan.pathfinder.cuda_dijkstra - WARNING -   ROI 19: Near=1, Far=4984, Thresh=11.1, Sink_dist=inf
2025-10-07 23:03:12 - orthoroute.algorithms.manhattan.pathfinder.cuda_dijkstra - WARNING -   ROI 20: Near=1, Far=4956, Thresh=10.5, Sink_dist=inf
2025-10-07 23:03:12 - orthoroute.algorithms.manhattan.pathfinder.cuda_dijkstra - WARNING -   ROI 21: Near=1, Far=4461, Thresh=10.3, Sink_dist=inf
2025-10-07 23:03:12 - orthoroute.algorithms.manhattan.pathfinder.cuda_dijkstra - WARNING -   ROI 22: Near=1, Far=4957, Thresh=10.5, Sink_dist=inf
2025-10-07 23:03:12 - orthoroute.algorithms.manhattan.pathfinder.cuda_dijkstra - WARNING -   ROI 23: Near=1, Far=4071, Thresh=10.1, Sink_dist=inf
2025-10-07 23:03:12 - orthoroute.algorithms.manhattan.pathfinder.cuda_dijkstra - WARNING -   ROI 24: Near=1, Far=5761, Thresh=10.9, Sink_dist=inf
2025-10-07 23:03:12 - orthoroute.algorithms.manhattan.pathfinder.cuda_dijkstra - WARNING -   ROI 25: Near=2, Far=4090, Thresh=10.0, Sink_dist=inf
2025-10-07 23:03:12 - orthoroute.algorithms.manhattan.pathfinder.cuda_dijkstra - WARNING -   ROI 26: Near=1, Far=4913, Thresh=10.5, Sink_dist=inf
2025-10-07 23:03:12 - orthoroute.algorithms.manhattan.pathfinder.cuda_dijkstra - WARNING -   ROI 27: Near=1, Far=3448, Thresh=10.0, Sink_dist=inf
2025-10-07 23:03:12 - orthoroute.algorithms.manhattan.pathfinder.cuda_dijkstra - WARNING -   ROI 28: Near=1, Far=4915, Thresh=10.5, Sink_dist=inf
2025-10-07 23:03:12 - orthoroute.algorithms.manhattan.pathfinder.cuda_dijkstra - WARNING -   ROI 29: Near=1, Far=4071, Thresh=10.1, Sink_dist=inf
2025-10-07 23:03:12 - orthoroute.algorithms.manhattan.pathfinder.cuda_dijkstra - WARNING -   ROI 30: Near=1, Far=4983, Thresh=11.1, Sink_dist=inf
2025-10-07 23:03:12 - orthoroute.algorithms.manhattan.pathfinder.cuda_dijkstra - WARNING -   ROI 31: Near=1, Far=4793, Thresh=10.3, Sink_dist=inf
2025-10-07 23:03:15 - orthoroute.algorithms.manhattan.pathfinder.cuda_dijkstra - INFO - [DEBUG-GPU] Near-Far iteration 3600
2025-10-07 23:03:15 - orthoroute.algorithms.manhattan.pathfinder.cuda_dijkstra - WARNING - [CUDA-NF] Iteration 3600: 32/32 ROIs active, Near nodes=33, Far nodes=142998
2025-10-07 23:03:15 - orthoroute.algorithms.manhattan.pathfinder.cuda_dijkstra - WARNING -   ROI 0: Near=1, Far=4884, Thresh=11.2, Sink_dist=inf
2025-10-07 23:03:15 - orthoroute.algorithms.manhattan.pathfinder.cuda_dijkstra - WARNING -   ROI 1: Near=1, Far=3434, Thresh=10.4, Sink_dist=inf
2025-10-07 23:03:15 - orthoroute.algorithms.manhattan.pathfinder.cuda_dijkstra - WARNING -   ROI 2: Near=1, Far=4813, Thresh=10.3, Sink_dist=inf
2025-10-07 23:03:15 - orthoroute.algorithms.manhattan.pathfinder.cuda_dijkstra - WARNING -   ROI 3: Near=1, Far=2026, Thresh=11.7, Sink_dist=inf
2025-10-07 23:03:15 - orthoroute.algorithms.manhattan.pathfinder.cuda_dijkstra - WARNING -   ROI 4: Near=1, Far=4797, Thresh=10.4, Sink_dist=inf
2025-10-07 23:03:15 - orthoroute.algorithms.manhattan.pathfinder.cuda_dijkstra - WARNING -   ROI 5: Near=1, Far=3953, Thresh=10.1, Sink_dist=inf
2025-10-07 23:03:15 - orthoroute.algorithms.manhattan.pathfinder.cuda_dijkstra - WARNING -   ROI 6: Near=1, Far=4036, Thresh=11.4, Sink_dist=inf
2025-10-07 23:03:15 - orthoroute.algorithms.manhattan.pathfinder.cuda_dijkstra - WARNING -   ROI 7: Near=1, Far=4150, Thresh=10.6, Sink_dist=inf
2025-10-07 23:03:15 - orthoroute.algorithms.manhattan.pathfinder.cuda_dijkstra - WARNING -   ROI 8: Near=1, Far=4797, Thresh=10.3, Sink_dist=inf
2025-10-07 23:03:15 - orthoroute.algorithms.manhattan.pathfinder.cuda_dijkstra - WARNING -   ROI 9: Near=1, Far=3991, Thresh=10.7, Sink_dist=inf
2025-10-07 23:03:15 - orthoroute.algorithms.manhattan.pathfinder.cuda_dijkstra - WARNING -   ROI 10: Near=1, Far=2699, Thresh=10.8, Sink_dist=inf
2025-10-07 23:03:15 - orthoroute.algorithms.manhattan.pathfinder.cuda_dijkstra - WARNING -   ROI 11: Near=1, Far=1935, Thresh=10.9, Sink_dist=inf
2025-10-07 23:03:15 - orthoroute.algorithms.manhattan.pathfinder.cuda_dijkstra - WARNING -   ROI 12: Near=1, Far=4805, Thresh=10.6, Sink_dist=inf
2025-10-07 23:03:15 - orthoroute.algorithms.manhattan.pathfinder.cuda_dijkstra - WARNING -   ROI 13: Near=1, Far=5652, Thresh=11.0, Sink_dist=inf
2025-10-07 23:03:15 - orthoroute.algorithms.manhattan.pathfinder.cuda_dijkstra - WARNING -   ROI 14: Near=2, Far=5650, Thresh=11.0, Sink_dist=inf
2025-10-07 23:03:15 - orthoroute.algorithms.manhattan.pathfinder.cuda_dijkstra - WARNING -   ROI 15: Near=1, Far=5653, Thresh=11.0, Sink_dist=inf
2025-10-07 23:03:15 - orthoroute.algorithms.manhattan.pathfinder.cuda_dijkstra - WARNING -   ROI 16: Near=1, Far=4846, Thresh=10.5, Sink_dist=inf
2025-10-07 23:03:15 - orthoroute.algorithms.manhattan.pathfinder.cuda_dijkstra - WARNING -   ROI 17: Near=1, Far=4856, Thresh=10.5, Sink_dist=inf
2025-10-07 23:03:15 - orthoroute.algorithms.manhattan.pathfinder.cuda_dijkstra - WARNING -   ROI 18: Near=1, Far=4799, Thresh=10.4, Sink_dist=inf
2025-10-07 23:03:15 - orthoroute.algorithms.manhattan.pathfinder.cuda_dijkstra - WARNING -   ROI 19: Near=1, Far=5553, Thresh=11.2, Sink_dist=inf
2025-10-07 23:03:15 - orthoroute.algorithms.manhattan.pathfinder.cuda_dijkstra - WARNING -   ROI 20: Near=1, Far=4855, Thresh=10.5, Sink_dist=inf
2025-10-07 23:03:15 - orthoroute.algorithms.manhattan.pathfinder.cuda_dijkstra - WARNING -   ROI 21: Near=1, Far=4804, Thresh=10.3, Sink_dist=inf
2025-10-07 23:03:15 - orthoroute.algorithms.manhattan.pathfinder.cuda_dijkstra - WARNING -   ROI 22: Near=1, Far=4853, Thresh=10.5, Sink_dist=inf
2025-10-07 23:03:15 - orthoroute.algorithms.manhattan.pathfinder.cuda_dijkstra - WARNING -   ROI 23: Near=1, Far=3971, Thresh=10.1, Sink_dist=inf
2025-10-07 23:03:15 - orthoroute.algorithms.manhattan.pathfinder.cuda_dijkstra - WARNING -   ROI 24: Near=1, Far=5660, Thresh=11.0, Sink_dist=inf
2025-10-07 23:03:15 - orthoroute.algorithms.manhattan.pathfinder.cuda_dijkstra - WARNING -   ROI 25: Near=1, Far=4014, Thresh=10.0, Sink_dist=inf
2025-10-07 23:03:15 - orthoroute.algorithms.manhattan.pathfinder.cuda_dijkstra - WARNING -   ROI 26: Near=1, Far=4836, Thresh=10.5, Sink_dist=inf
2025-10-07 23:03:15 - orthoroute.algorithms.manhattan.pathfinder.cuda_dijkstra - WARNING -   ROI 27: Near=1, Far=3346, Thresh=10.1, Sink_dist=inf
2025-10-07 23:03:15 - orthoroute.algorithms.manhattan.pathfinder.cuda_dijkstra - WARNING -   ROI 28: Near=1, Far=4826, Thresh=10.5, Sink_dist=inf
2025-10-07 23:03:15 - orthoroute.algorithms.manhattan.pathfinder.cuda_dijkstra - WARNING -   ROI 29: Near=1, Far=3971, Thresh=10.1, Sink_dist=inf
2025-10-07 23:03:15 - orthoroute.algorithms.manhattan.pathfinder.cuda_dijkstra - WARNING -   ROI 30: Near=1, Far=5743, Thresh=11.1, Sink_dist=inf
2025-10-07 23:03:15 - orthoroute.algorithms.manhattan.pathfinder.cuda_dijkstra - WARNING -   ROI 31: Near=1, Far=4790, Thresh=10.4, Sink_dist=inf
2025-10-07 23:03:17 - orthoroute.algorithms.manhattan.pathfinder.cuda_dijkstra - INFO - [DEBUG-GPU] Near-Far iteration 3700
2025-10-07 23:03:17 - orthoroute.algorithms.manhattan.pathfinder.cuda_dijkstra - WARNING - [CUDA-NF] Iteration 3700: 32/32 ROIs active, Near nodes=33, Far nodes=143513
2025-10-07 23:03:17 - orthoroute.algorithms.manhattan.pathfinder.cuda_dijkstra - WARNING -   ROI 0: Near=1, Far=4780, Thresh=11.2, Sink_dist=inf
2025-10-07 23:03:17 - orthoroute.algorithms.manhattan.pathfinder.cuda_dijkstra - WARNING -   ROI 1: Near=1, Far=3331, Thresh=10.4, Sink_dist=inf
2025-10-07 23:03:17 - orthoroute.algorithms.manhattan.pathfinder.cuda_dijkstra - WARNING -   ROI 2: Near=1, Far=4754, Thresh=10.4, Sink_dist=inf
2025-10-07 23:03:17 - orthoroute.algorithms.manhattan.pathfinder.cuda_dijkstra - WARNING -   ROI 3: Near=2, Far=1918, Thresh=11.7, Sink_dist=inf
2025-10-07 23:03:17 - orthoroute.algorithms.manhattan.pathfinder.cuda_dijkstra - WARNING -   ROI 4: Near=1, Far=4691, Thresh=10.5, Sink_dist=inf
2025-10-07 23:03:17 - orthoroute.algorithms.manhattan.pathfinder.cuda_dijkstra - WARNING -   ROI 5: Near=1, Far=3899, Thresh=10.2, Sink_dist=inf
2025-10-07 23:03:17 - orthoroute.algorithms.manhattan.pathfinder.cuda_dijkstra - WARNING -   ROI 6: Near=1, Far=4043, Thresh=11.5, Sink_dist=inf
2025-10-07 23:03:17 - orthoroute.algorithms.manhattan.pathfinder.cuda_dijkstra - WARNING -   ROI 7: Near=1, Far=4134, Thresh=10.6, Sink_dist=inf
2025-10-07 23:03:17 - orthoroute.algorithms.manhattan.pathfinder.cuda_dijkstra - WARNING -   ROI 8: Near=1, Far=4775, Thresh=10.4, Sink_dist=inf
2025-10-07 23:03:17 - orthoroute.algorithms.manhattan.pathfinder.cuda_dijkstra - WARNING -   ROI 9: Near=1, Far=4110, Thresh=10.8, Sink_dist=inf
2025-10-07 23:03:17 - orthoroute.algorithms.manhattan.pathfinder.cuda_dijkstra - WARNING -   ROI 10: Near=1, Far=2602, Thresh=10.8, Sink_dist=inf
2025-10-07 23:03:17 - orthoroute.algorithms.manhattan.pathfinder.cuda_dijkstra - WARNING -   ROI 11: Near=1, Far=1879, Thresh=11.1, Sink_dist=inf
2025-10-07 23:03:17 - orthoroute.algorithms.manhattan.pathfinder.cuda_dijkstra - WARNING -   ROI 12: Near=1, Far=4877, Thresh=10.7, Sink_dist=inf
2025-10-07 23:03:17 - orthoroute.algorithms.manhattan.pathfinder.cuda_dijkstra - WARNING -   ROI 13: Near=1, Far=6153, Thresh=11.1, Sink_dist=inf
2025-10-07 23:03:17 - orthoroute.algorithms.manhattan.pathfinder.cuda_dijkstra - WARNING -   ROI 14: Near=1, Far=6173, Thresh=11.1, Sink_dist=inf
2025-10-07 23:03:17 - orthoroute.algorithms.manhattan.pathfinder.cuda_dijkstra - WARNING -   ROI 15: Near=1, Far=6141, Thresh=11.1, Sink_dist=inf
2025-10-07 23:03:17 - orthoroute.algorithms.manhattan.pathfinder.cuda_dijkstra - WARNING -   ROI 16: Near=1, Far=4815, Thresh=10.6, Sink_dist=inf
2025-10-07 23:03:17 - orthoroute.algorithms.manhattan.pathfinder.cuda_dijkstra - WARNING -   ROI 17: Near=1, Far=4778, Thresh=10.6, Sink_dist=inf
2025-10-07 23:03:17 - orthoroute.algorithms.manhattan.pathfinder.cuda_dijkstra - WARNING -   ROI 18: Near=1, Far=4695, Thresh=10.4, Sink_dist=inf
2025-10-07 23:03:17 - orthoroute.algorithms.manhattan.pathfinder.cuda_dijkstra - WARNING -   ROI 19: Near=1, Far=5642, Thresh=11.3, Sink_dist=inf
2025-10-07 23:03:17 - orthoroute.algorithms.manhattan.pathfinder.cuda_dijkstra - WARNING -   ROI 20: Near=1, Far=4775, Thresh=10.6, Sink_dist=inf
2025-10-07 23:03:17 - orthoroute.algorithms.manhattan.pathfinder.cuda_dijkstra - WARNING -   ROI 21: Near=1, Far=4753, Thresh=10.4, Sink_dist=inf
2025-10-07 23:03:17 - orthoroute.algorithms.manhattan.pathfinder.cuda_dijkstra - WARNING -   ROI 22: Near=1, Far=4774, Thresh=10.6, Sink_dist=inf
2025-10-07 23:03:17 - orthoroute.algorithms.manhattan.pathfinder.cuda_dijkstra - WARNING -   ROI 23: Near=1, Far=3878, Thresh=10.2, Sink_dist=inf
2025-10-07 23:03:17 - orthoroute.algorithms.manhattan.pathfinder.cuda_dijkstra - WARNING -   ROI 24: Near=1, Far=6076, Thresh=11.1, Sink_dist=inf
2025-10-07 23:03:17 - orthoroute.algorithms.manhattan.pathfinder.cuda_dijkstra - WARNING -   ROI 25: Near=1, Far=3912, Thresh=10.1, Sink_dist=inf
2025-10-07 23:03:17 - orthoroute.algorithms.manhattan.pathfinder.cuda_dijkstra - WARNING -   ROI 26: Near=1, Far=4814, Thresh=10.7, Sink_dist=inf
2025-10-07 23:03:17 - orthoroute.algorithms.manhattan.pathfinder.cuda_dijkstra - WARNING -   ROI 27: Near=1, Far=3307, Thresh=10.2, Sink_dist=inf
2025-10-07 23:03:17 - orthoroute.algorithms.manhattan.pathfinder.cuda_dijkstra - WARNING -   ROI 28: Near=1, Far=4815, Thresh=10.7, Sink_dist=inf
2025-10-07 23:03:17 - orthoroute.algorithms.manhattan.pathfinder.cuda_dijkstra - WARNING -   ROI 29: Near=1, Far=3892, Thresh=10.2, Sink_dist=inf
2025-10-07 23:03:17 - orthoroute.algorithms.manhattan.pathfinder.cuda_dijkstra - WARNING -   ROI 30: Near=1, Far=5642, Thresh=11.2, Sink_dist=inf
2025-10-07 23:03:17 - orthoroute.algorithms.manhattan.pathfinder.cuda_dijkstra - WARNING -   ROI 31: Near=1, Far=4685, Thresh=10.5, Sink_dist=inf
2025-10-07 23:03:19 - orthoroute.algorithms.manhattan.pathfinder.cuda_dijkstra - INFO - [DEBUG-GPU] Near-Far iteration 3800
2025-10-07 23:03:19 - orthoroute.algorithms.manhattan.pathfinder.cuda_dijkstra - WARNING - [CUDA-NF] Iteration 3800: 32/32 ROIs active, Near nodes=32, Far nodes=149149
2025-10-07 23:03:19 - orthoroute.algorithms.manhattan.pathfinder.cuda_dijkstra - WARNING -   ROI 0: Near=1, Far=4692, Thresh=11.3, Sink_dist=inf
2025-10-07 23:03:19 - orthoroute.algorithms.manhattan.pathfinder.cuda_dijkstra - WARNING -   ROI 1: Near=1, Far=3230, Thresh=10.5, Sink_dist=inf
2025-10-07 23:03:19 - orthoroute.algorithms.manhattan.pathfinder.cuda_dijkstra - WARNING -   ROI 2: Near=1, Far=4654, Thresh=10.5, Sink_dist=inf
2025-10-07 23:03:19 - orthoroute.algorithms.manhattan.pathfinder.cuda_dijkstra - WARNING -   ROI 3: Near=1, Far=2095, Thresh=11.9, Sink_dist=inf
2025-10-07 23:03:19 - orthoroute.algorithms.manhattan.pathfinder.cuda_dijkstra - WARNING -   ROI 4: Near=1, Far=4589, Thresh=10.5, Sink_dist=inf
2025-10-07 23:03:19 - orthoroute.algorithms.manhattan.pathfinder.cuda_dijkstra - WARNING -   ROI 5: Near=1, Far=4345, Thresh=10.3, Sink_dist=inf
2025-10-07 23:03:19 - orthoroute.algorithms.manhattan.pathfinder.cuda_dijkstra - WARNING -   ROI 6: Near=1, Far=4592, Thresh=11.6, Sink_dist=inf
2025-10-07 23:03:19 - orthoroute.algorithms.manhattan.pathfinder.cuda_dijkstra - WARNING -   ROI 7: Near=1, Far=4517, Thresh=10.7, Sink_dist=inf
2025-10-07 23:03:19 - orthoroute.algorithms.manhattan.pathfinder.cuda_dijkstra - WARNING -   ROI 8: Near=1, Far=4675, Thresh=10.5, Sink_dist=inf
2025-10-07 23:03:19 - orthoroute.algorithms.manhattan.pathfinder.cuda_dijkstra - WARNING -   ROI 9: Near=1, Far=4010, Thresh=10.8, Sink_dist=inf
2025-10-07 23:03:19 - orthoroute.algorithms.manhattan.pathfinder.cuda_dijkstra - WARNING -   ROI 10: Near=1, Far=2499, Thresh=10.9, Sink_dist=inf
2025-10-07 23:03:19 - orthoroute.algorithms.manhattan.pathfinder.cuda_dijkstra - WARNING -   ROI 11: Near=1, Far=2139, Thresh=11.2, Sink_dist=inf
2025-10-07 23:03:19 - orthoroute.algorithms.manhattan.pathfinder.cuda_dijkstra - WARNING -   ROI 12: Near=1, Far=5339, Thresh=10.7, Sink_dist=inf
2025-10-07 23:03:19 - orthoroute.algorithms.manhattan.pathfinder.cuda_dijkstra - WARNING -   ROI 13: Near=1, Far=6387, Thresh=11.2, Sink_dist=inf
2025-10-07 23:03:19 - orthoroute.algorithms.manhattan.pathfinder.cuda_dijkstra - WARNING -   ROI 14: Near=1, Far=6384, Thresh=11.1, Sink_dist=inf
2025-10-07 23:03:19 - orthoroute.algorithms.manhattan.pathfinder.cuda_dijkstra - WARNING -   ROI 15: Near=1, Far=6388, Thresh=11.1, Sink_dist=inf
2025-10-07 23:03:19 - orthoroute.algorithms.manhattan.pathfinder.cuda_dijkstra - WARNING -   ROI 16: Near=1, Far=5162, Thresh=10.7, Sink_dist=inf
2025-10-07 23:03:19 - orthoroute.algorithms.manhattan.pathfinder.cuda_dijkstra - WARNING -   ROI 17: Near=1, Far=5059, Thresh=10.7, Sink_dist=inf
2025-10-07 23:03:19 - orthoroute.algorithms.manhattan.pathfinder.cuda_dijkstra - WARNING -   ROI 18: Near=1, Far=4612, Thresh=10.5, Sink_dist=inf
2025-10-07 23:03:19 - orthoroute.algorithms.manhattan.pathfinder.cuda_dijkstra - WARNING -   ROI 19: Near=1, Far=5535, Thresh=11.3, Sink_dist=inf
2025-10-07 23:03:19 - orthoroute.algorithms.manhattan.pathfinder.cuda_dijkstra - WARNING -   ROI 20: Near=1, Far=5059, Thresh=10.7, Sink_dist=inf
2025-10-07 23:03:19 - orthoroute.algorithms.manhattan.pathfinder.cuda_dijkstra - WARNING -   ROI 21: Near=1, Far=4653, Thresh=10.5, Sink_dist=inf
2025-10-07 23:03:19 - orthoroute.algorithms.manhattan.pathfinder.cuda_dijkstra - WARNING -   ROI 22: Near=1, Far=5149, Thresh=10.7, Sink_dist=inf
2025-10-07 23:03:19 - orthoroute.algorithms.manhattan.pathfinder.cuda_dijkstra - WARNING -   ROI 23: Near=1, Far=4271, Thresh=10.3, Sink_dist=inf
2025-10-07 23:03:19 - orthoroute.algorithms.manhattan.pathfinder.cuda_dijkstra - WARNING -   ROI 24: Near=1, Far=6396, Thresh=11.2, Sink_dist=inf
2025-10-07 23:03:19 - orthoroute.algorithms.manhattan.pathfinder.cuda_dijkstra - WARNING -   ROI 25: Near=1, Far=4125, Thresh=10.3, Sink_dist=inf
2025-10-07 23:03:19 - orthoroute.algorithms.manhattan.pathfinder.cuda_dijkstra - WARNING -   ROI 26: Near=1, Far=5201, Thresh=10.7, Sink_dist=inf
2025-10-07 23:03:19 - orthoroute.algorithms.manhattan.pathfinder.cuda_dijkstra - WARNING -   ROI 27: Near=1, Far=3752, Thresh=10.3, Sink_dist=inf
2025-10-07 23:03:19 - orthoroute.algorithms.manhattan.pathfinder.cuda_dijkstra - WARNING -   ROI 28: Near=1, Far=5181, Thresh=10.7, Sink_dist=inf
2025-10-07 23:03:19 - orthoroute.algorithms.manhattan.pathfinder.cuda_dijkstra - WARNING -   ROI 29: Near=1, Far=4321, Thresh=10.3, Sink_dist=inf
2025-10-07 23:03:19 - orthoroute.algorithms.manhattan.pathfinder.cuda_dijkstra - WARNING -   ROI 30: Near=1, Far=5534, Thresh=11.3, Sink_dist=inf
2025-10-07 23:03:19 - orthoroute.algorithms.manhattan.pathfinder.cuda_dijkstra - WARNING -   ROI 31: Near=1, Far=4604, Thresh=10.5, Sink_dist=inf
2025-10-07 23:03:21 - orthoroute.algorithms.manhattan.pathfinder.cuda_dijkstra - INFO - [DEBUG-GPU] Near-Far iteration 3900
2025-10-07 23:03:21 - orthoroute.algorithms.manhattan.pathfinder.cuda_dijkstra - WARNING - [CUDA-NF] Iteration 3900: 32/32 ROIs active, Near nodes=34, Far nodes=150922
2025-10-07 23:03:21 - orthoroute.algorithms.manhattan.pathfinder.cuda_dijkstra - WARNING -   ROI 0: Near=1, Far=4591, Thresh=11.4, Sink_dist=inf
2025-10-07 23:03:21 - orthoroute.algorithms.manhattan.pathfinder.cuda_dijkstra - WARNING -   ROI 1: Near=1, Far=3150, Thresh=10.5, Sink_dist=inf
2025-10-07 23:03:21 - orthoroute.algorithms.manhattan.pathfinder.cuda_dijkstra - WARNING -   ROI 2: Near=1, Far=4576, Thresh=10.6, Sink_dist=inf
2025-10-07 23:03:21 - orthoroute.algorithms.manhattan.pathfinder.cuda_dijkstra - WARNING -   ROI 3: Near=1, Far=2239, Thresh=11.9, Sink_dist=inf
2025-10-07 23:03:21 - orthoroute.algorithms.manhattan.pathfinder.cuda_dijkstra - WARNING -   ROI 4: Near=1, Far=4511, Thresh=10.6, Sink_dist=inf
2025-10-07 23:03:21 - orthoroute.algorithms.manhattan.pathfinder.cuda_dijkstra - WARNING -   ROI 5: Near=1, Far=4520, Thresh=10.4, Sink_dist=inf
2025-10-07 23:03:21 - orthoroute.algorithms.manhattan.pathfinder.cuda_dijkstra - WARNING -   ROI 6: Near=1, Far=4490, Thresh=11.7, Sink_dist=inf
2025-10-07 23:03:21 - orthoroute.algorithms.manhattan.pathfinder.cuda_dijkstra - WARNING -   ROI 7: Near=1, Far=4668, Thresh=10.8, Sink_dist=inf
2025-10-07 23:03:21 - orthoroute.algorithms.manhattan.pathfinder.cuda_dijkstra - WARNING -   ROI 8: Near=1, Far=4598, Thresh=10.5, Sink_dist=inf
2025-10-07 23:03:21 - orthoroute.algorithms.manhattan.pathfinder.cuda_dijkstra - WARNING -   ROI 9: Near=1, Far=3917, Thresh=10.9, Sink_dist=inf
2025-10-07 23:03:21 - orthoroute.algorithms.manhattan.pathfinder.cuda_dijkstra - WARNING -   ROI 10: Near=1, Far=2406, Thresh=11.0, Sink_dist=inf
2025-10-07 23:03:21 - orthoroute.algorithms.manhattan.pathfinder.cuda_dijkstra - WARNING -   ROI 11: Near=1, Far=2201, Thresh=11.2, Sink_dist=inf
2025-10-07 23:03:21 - orthoroute.algorithms.manhattan.pathfinder.cuda_dijkstra - WARNING -   ROI 12: Near=1, Far=5393, Thresh=10.8, Sink_dist=inf
2025-10-07 23:03:21 - orthoroute.algorithms.manhattan.pathfinder.cuda_dijkstra - WARNING -   ROI 13: Near=1, Far=6284, Thresh=11.3, Sink_dist=inf
2025-10-07 23:03:21 - orthoroute.algorithms.manhattan.pathfinder.cuda_dijkstra - WARNING -   ROI 14: Near=2, Far=6294, Thresh=11.2, Sink_dist=inf
2025-10-07 23:03:21 - orthoroute.algorithms.manhattan.pathfinder.cuda_dijkstra - WARNING -   ROI 15: Near=1, Far=6287, Thresh=11.2, Sink_dist=inf
2025-10-07 23:03:21 - orthoroute.algorithms.manhattan.pathfinder.cuda_dijkstra - WARNING -   ROI 16: Near=1, Far=5422, Thresh=10.8, Sink_dist=inf
2025-10-07 23:03:21 - orthoroute.algorithms.manhattan.pathfinder.cuda_dijkstra - WARNING -   ROI 17: Near=1, Far=5431, Thresh=10.7, Sink_dist=inf
2025-10-07 23:03:21 - orthoroute.algorithms.manhattan.pathfinder.cuda_dijkstra - WARNING -   ROI 18: Near=1, Far=4512, Thresh=10.6, Sink_dist=inf
2025-10-07 23:03:21 - orthoroute.algorithms.manhattan.pathfinder.cuda_dijkstra - WARNING -   ROI 19: Near=1, Far=5433, Thresh=11.4, Sink_dist=inf
2025-10-07 23:03:21 - orthoroute.algorithms.manhattan.pathfinder.cuda_dijkstra - WARNING -   ROI 20: Near=1, Far=5409, Thresh=10.7, Sink_dist=inf
2025-10-07 23:03:21 - orthoroute.algorithms.manhattan.pathfinder.cuda_dijkstra - WARNING -   ROI 21: Near=1, Far=4576, Thresh=10.5, Sink_dist=inf
2025-10-07 23:03:21 - orthoroute.algorithms.manhattan.pathfinder.cuda_dijkstra - WARNING -   ROI 22: Near=1, Far=5451, Thresh=10.7, Sink_dist=inf
2025-10-07 23:03:21 - orthoroute.algorithms.manhattan.pathfinder.cuda_dijkstra - WARNING -   ROI 23: Near=1, Far=4535, Thresh=10.4, Sink_dist=inf
2025-10-07 23:03:21 - orthoroute.algorithms.manhattan.pathfinder.cuda_dijkstra - WARNING -   ROI 24: Near=2, Far=6293, Thresh=11.3, Sink_dist=inf
2025-10-07 23:03:21 - orthoroute.algorithms.manhattan.pathfinder.cuda_dijkstra - WARNING -   ROI 25: Near=1, Far=4558, Thresh=10.3, Sink_dist=inf
2025-10-07 23:03:21 - orthoroute.algorithms.manhattan.pathfinder.cuda_dijkstra - WARNING -   ROI 26: Near=1, Far=5425, Thresh=10.8, Sink_dist=inf
2025-10-07 23:03:21 - orthoroute.algorithms.manhattan.pathfinder.cuda_dijkstra - WARNING -   ROI 27: Near=1, Far=3842, Thresh=10.4, Sink_dist=inf
2025-10-07 23:03:21 - orthoroute.algorithms.manhattan.pathfinder.cuda_dijkstra - WARNING -   ROI 28: Near=1, Far=5417, Thresh=10.8, Sink_dist=inf
2025-10-07 23:03:21 - orthoroute.algorithms.manhattan.pathfinder.cuda_dijkstra - WARNING -   ROI 29: Near=1, Far=4537, Thresh=10.4, Sink_dist=inf
2025-10-07 23:03:21 - orthoroute.algorithms.manhattan.pathfinder.cuda_dijkstra - WARNING -   ROI 30: Near=1, Far=5452, Thresh=11.4, Sink_dist=inf
2025-10-07 23:03:21 - orthoroute.algorithms.manhattan.pathfinder.cuda_dijkstra - WARNING -   ROI 31: Near=1, Far=4504, Thresh=10.6, Sink_dist=inf
2025-10-07 23:03:23 - orthoroute.algorithms.manhattan.pathfinder.cuda_dijkstra - INFO - [DEBUG-GPU] Near-Far iteration 4000
2025-10-07 23:03:23 - orthoroute.algorithms.manhattan.pathfinder.cuda_dijkstra - WARNING - [CUDA-NF] Iteration 4000: 32/32 ROIs active, Near nodes=32, Far nodes=150378
2025-10-07 23:03:23 - orthoroute.algorithms.manhattan.pathfinder.cuda_dijkstra - WARNING -   ROI 0: Near=1, Far=4695, Thresh=11.5, Sink_dist=inf
2025-10-07 23:03:23 - orthoroute.algorithms.manhattan.pathfinder.cuda_dijkstra - WARNING -   ROI 1: Near=1, Far=3391, Thresh=10.7, Sink_dist=inf
2025-10-07 23:03:23 - orthoroute.algorithms.manhattan.pathfinder.cuda_dijkstra - WARNING -   ROI 2: Near=1, Far=4588, Thresh=10.7, Sink_dist=inf
2025-10-07 23:03:23 - orthoroute.algorithms.manhattan.pathfinder.cuda_dijkstra - WARNING -   ROI 3: Near=1, Far=2147, Thresh=12.0, Sink_dist=inf
2025-10-07 23:03:23 - orthoroute.algorithms.manhattan.pathfinder.cuda_dijkstra - WARNING -   ROI 4: Near=1, Far=4889, Thresh=10.7, Sink_dist=inf
2025-10-07 23:03:23 - orthoroute.algorithms.manhattan.pathfinder.cuda_dijkstra - WARNING -   ROI 5: Near=1, Far=4419, Thresh=10.4, Sink_dist=inf
2025-10-07 23:03:23 - orthoroute.algorithms.manhattan.pathfinder.cuda_dijkstra - WARNING -   ROI 6: Near=1, Far=4385, Thresh=11.7, Sink_dist=inf
2025-10-07 23:03:23 - orthoroute.algorithms.manhattan.pathfinder.cuda_dijkstra - WARNING -   ROI 7: Near=1, Far=4568, Thresh=10.8, Sink_dist=inf
2025-10-07 23:03:23 - orthoroute.algorithms.manhattan.pathfinder.cuda_dijkstra - WARNING -   ROI 8: Near=1, Far=4563, Thresh=10.6, Sink_dist=inf
2025-10-07 23:03:23 - orthoroute.algorithms.manhattan.pathfinder.cuda_dijkstra - WARNING -   ROI 9: Near=1, Far=3827, Thresh=11.0, Sink_dist=inf
2025-10-07 23:03:23 - orthoroute.algorithms.manhattan.pathfinder.cuda_dijkstra - WARNING -   ROI 10: Near=1, Far=2663, Thresh=11.2, Sink_dist=inf
2025-10-07 23:03:23 - orthoroute.algorithms.manhattan.pathfinder.cuda_dijkstra - WARNING -   ROI 11: Near=1, Far=2101, Thresh=11.3, Sink_dist=inf
2025-10-07 23:03:23 - orthoroute.algorithms.manhattan.pathfinder.cuda_dijkstra - WARNING -   ROI 12: Near=1, Far=5289, Thresh=10.9, Sink_dist=inf
2025-10-07 23:03:23 - orthoroute.algorithms.manhattan.pathfinder.cuda_dijkstra - WARNING -   ROI 13: Near=1, Far=6180, Thresh=11.3, Sink_dist=inf
2025-10-07 23:03:23 - orthoroute.algorithms.manhattan.pathfinder.cuda_dijkstra - WARNING -   ROI 14: Near=1, Far=6199, Thresh=11.3, Sink_dist=inf
2025-10-07 23:03:23 - orthoroute.algorithms.manhattan.pathfinder.cuda_dijkstra - WARNING -   ROI 15: Near=1, Far=6204, Thresh=11.3, Sink_dist=inf
2025-10-07 23:03:23 - orthoroute.algorithms.manhattan.pathfinder.cuda_dijkstra - WARNING -   ROI 16: Near=1, Far=5336, Thresh=10.8, Sink_dist=inf
2025-10-07 23:03:23 - orthoroute.algorithms.manhattan.pathfinder.cuda_dijkstra - WARNING -   ROI 17: Near=1, Far=5368, Thresh=10.8, Sink_dist=inf
2025-10-07 23:03:23 - orthoroute.algorithms.manhattan.pathfinder.cuda_dijkstra - WARNING -   ROI 18: Near=1, Far=4803, Thresh=10.7, Sink_dist=inf
2025-10-07 23:03:23 - orthoroute.algorithms.manhattan.pathfinder.cuda_dijkstra - WARNING -   ROI 19: Near=1, Far=5352, Thresh=11.5, Sink_dist=inf
2025-10-07 23:03:23 - orthoroute.algorithms.manhattan.pathfinder.cuda_dijkstra - WARNING -   ROI 20: Near=1, Far=5368, Thresh=10.8, Sink_dist=inf
2025-10-07 23:03:23 - orthoroute.algorithms.manhattan.pathfinder.cuda_dijkstra - WARNING -   ROI 21: Near=1, Far=4555, Thresh=10.6, Sink_dist=inf
2025-10-07 23:03:23 - orthoroute.algorithms.manhattan.pathfinder.cuda_dijkstra - WARNING -   ROI 22: Near=1, Far=5365, Thresh=10.8, Sink_dist=inf
2025-10-07 23:03:23 - orthoroute.algorithms.manhattan.pathfinder.cuda_dijkstra - WARNING -   ROI 23: Near=1, Far=4434, Thresh=10.4, Sink_dist=inf
2025-10-07 23:03:23 - orthoroute.algorithms.manhattan.pathfinder.cuda_dijkstra - WARNING -   ROI 24: Near=1, Far=6189, Thresh=11.3, Sink_dist=inf
2025-10-07 23:03:23 - orthoroute.algorithms.manhattan.pathfinder.cuda_dijkstra - WARNING -   ROI 25: Near=1, Far=4457, Thresh=10.4, Sink_dist=inf
2025-10-07 23:03:23 - orthoroute.algorithms.manhattan.pathfinder.cuda_dijkstra - WARNING -   ROI 26: Near=1, Far=5325, Thresh=10.8, Sink_dist=inf
2025-10-07 23:03:23 - orthoroute.algorithms.manhattan.pathfinder.cuda_dijkstra - WARNING -   ROI 27: Near=1, Far=3741, Thresh=10.4, Sink_dist=inf
2025-10-07 23:03:23 - orthoroute.algorithms.manhattan.pathfinder.cuda_dijkstra - WARNING -   ROI 28: Near=1, Far=5329, Thresh=10.8, Sink_dist=inf
2025-10-07 23:03:23 - orthoroute.algorithms.manhattan.pathfinder.cuda_dijkstra - WARNING -   ROI 29: Near=1, Far=4435, Thresh=10.4, Sink_dist=inf
2025-10-07 23:03:23 - orthoroute.algorithms.manhattan.pathfinder.cuda_dijkstra - WARNING -   ROI 30: Near=1, Far=5350, Thresh=11.5, Sink_dist=inf
2025-10-07 23:03:23 - orthoroute.algorithms.manhattan.pathfinder.cuda_dijkstra - WARNING -   ROI 31: Near=1, Far=4863, Thresh=10.7, Sink_dist=inf
2025-10-07 23:03:25 - orthoroute.algorithms.manhattan.pathfinder.cuda_dijkstra - INFO - [DEBUG-GPU] Near-Far iteration 4100
2025-10-07 23:03:25 - orthoroute.algorithms.manhattan.pathfinder.cuda_dijkstra - WARNING - [CUDA-NF] Iteration 4100: 32/32 ROIs active, Near nodes=32, Far nodes=152781
2025-10-07 23:03:25 - orthoroute.algorithms.manhattan.pathfinder.cuda_dijkstra - WARNING -   ROI 0: Near=1, Far=5214, Thresh=11.5, Sink_dist=inf
2025-10-07 23:03:25 - orthoroute.algorithms.manhattan.pathfinder.cuda_dijkstra - WARNING -   ROI 1: Near=1, Far=3657, Thresh=10.8, Sink_dist=inf
2025-10-07 23:03:25 - orthoroute.algorithms.manhattan.pathfinder.cuda_dijkstra - WARNING -   ROI 2: Near=1, Far=4981, Thresh=10.7, Sink_dist=inf
2025-10-07 23:03:25 - orthoroute.algorithms.manhattan.pathfinder.cuda_dijkstra - WARNING -   ROI 3: Near=1, Far=2044, Thresh=12.1, Sink_dist=inf
2025-10-07 23:03:25 - orthoroute.algorithms.manhattan.pathfinder.cuda_dijkstra - WARNING -   ROI 4: Near=1, Far=5203, Thresh=10.7, Sink_dist=inf
2025-10-07 23:03:25 - orthoroute.algorithms.manhattan.pathfinder.cuda_dijkstra - WARNING -   ROI 5: Near=1, Far=4318, Thresh=10.4, Sink_dist=inf
2025-10-07 23:03:25 - orthoroute.algorithms.manhattan.pathfinder.cuda_dijkstra - WARNING -   ROI 6: Near=1, Far=4282, Thresh=11.8, Sink_dist=inf
2025-10-07 23:03:25 - orthoroute.algorithms.manhattan.pathfinder.cuda_dijkstra - WARNING -   ROI 7: Near=1, Far=4476, Thresh=10.9, Sink_dist=inf
2025-10-07 23:03:25 - orthoroute.algorithms.manhattan.pathfinder.cuda_dijkstra - WARNING -   ROI 8: Near=1, Far=4891, Thresh=10.7, Sink_dist=inf
2025-10-07 23:03:25 - orthoroute.algorithms.manhattan.pathfinder.cuda_dijkstra - WARNING -   ROI 9: Near=1, Far=4223, Thresh=11.1, Sink_dist=inf
2025-10-07 23:03:25 - orthoroute.algorithms.manhattan.pathfinder.cuda_dijkstra - WARNING -   ROI 10: Near=1, Far=2845, Thresh=11.2, Sink_dist=inf
2025-10-07 23:03:25 - orthoroute.algorithms.manhattan.pathfinder.cuda_dijkstra - WARNING -   ROI 11: Near=1, Far=1998, Thresh=11.3, Sink_dist=inf
2025-10-07 23:03:25 - orthoroute.algorithms.manhattan.pathfinder.cuda_dijkstra - WARNING -   ROI 12: Near=1, Far=5200, Thresh=10.9, Sink_dist=inf
2025-10-07 23:03:25 - orthoroute.algorithms.manhattan.pathfinder.cuda_dijkstra - WARNING -   ROI 13: Near=1, Far=6101, Thresh=11.4, Sink_dist=inf
2025-10-07 23:03:25 - orthoroute.algorithms.manhattan.pathfinder.cuda_dijkstra - WARNING -   ROI 14: Near=1, Far=6095, Thresh=11.4, Sink_dist=inf
2025-10-07 23:03:25 - orthoroute.algorithms.manhattan.pathfinder.cuda_dijkstra - WARNING -   ROI 15: Near=1, Far=6099, Thresh=11.4, Sink_dist=inf
2025-10-07 23:03:25 - orthoroute.algorithms.manhattan.pathfinder.cuda_dijkstra - WARNING -   ROI 16: Near=1, Far=5234, Thresh=10.9, Sink_dist=inf
2025-10-07 23:03:25 - orthoroute.algorithms.manhattan.pathfinder.cuda_dijkstra - WARNING -   ROI 17: Near=1, Far=5267, Thresh=10.9, Sink_dist=inf
2025-10-07 23:03:25 - orthoroute.algorithms.manhattan.pathfinder.cuda_dijkstra - WARNING -   ROI 18: Near=1, Far=5205, Thresh=10.7, Sink_dist=inf
2025-10-07 23:03:25 - orthoroute.algorithms.manhattan.pathfinder.cuda_dijkstra - WARNING -   ROI 19: Near=1, Far=5603, Thresh=11.6, Sink_dist=inf
2025-10-07 23:03:25 - orthoroute.algorithms.manhattan.pathfinder.cuda_dijkstra - WARNING -   ROI 20: Near=1, Far=5268, Thresh=10.9, Sink_dist=inf
2025-10-07 23:03:25 - orthoroute.algorithms.manhattan.pathfinder.cuda_dijkstra - WARNING -   ROI 21: Near=1, Far=4973, Thresh=10.7, Sink_dist=inf
2025-10-07 23:03:25 - orthoroute.algorithms.manhattan.pathfinder.cuda_dijkstra - WARNING -   ROI 22: Near=1, Far=5264, Thresh=10.9, Sink_dist=inf
2025-10-07 23:03:25 - orthoroute.algorithms.manhattan.pathfinder.cuda_dijkstra - WARNING -   ROI 23: Near=1, Far=4334, Thresh=10.5, Sink_dist=inf
2025-10-07 23:03:25 - orthoroute.algorithms.manhattan.pathfinder.cuda_dijkstra - WARNING -   ROI 24: Near=1, Far=6110, Thresh=11.4, Sink_dist=inf
2025-10-07 23:03:25 - orthoroute.algorithms.manhattan.pathfinder.cuda_dijkstra - WARNING -   ROI 25: Near=1, Far=4355, Thresh=10.4, Sink_dist=inf
2025-10-07 23:03:25 - orthoroute.algorithms.manhattan.pathfinder.cuda_dijkstra - WARNING -   ROI 26: Near=1, Far=5225, Thresh=10.9, Sink_dist=inf
2025-10-07 23:03:25 - orthoroute.algorithms.manhattan.pathfinder.cuda_dijkstra - WARNING -   ROI 27: Near=1, Far=3641, Thresh=10.5, Sink_dist=inf
2025-10-07 23:03:25 - orthoroute.algorithms.manhattan.pathfinder.cuda_dijkstra - WARNING -   ROI 28: Near=1, Far=5227, Thresh=10.9, Sink_dist=inf
2025-10-07 23:03:25 - orthoroute.algorithms.manhattan.pathfinder.cuda_dijkstra - WARNING -   ROI 29: Near=1, Far=4332, Thresh=10.5, Sink_dist=inf
2025-10-07 23:03:25 - orthoroute.algorithms.manhattan.pathfinder.cuda_dijkstra - WARNING -   ROI 30: Near=1, Far=5921, Thresh=11.5, Sink_dist=inf
2025-10-07 23:03:25 - orthoroute.algorithms.manhattan.pathfinder.cuda_dijkstra - WARNING -   ROI 31: Near=1, Far=5195, Thresh=10.7, Sink_dist=inf
2025-10-07 23:03:29 - orthoroute.algorithms.manhattan.pathfinder.cuda_dijkstra - INFO - [DEBUG-GPU] Near-Far iteration 4200
2025-10-07 23:03:29 - orthoroute.algorithms.manhattan.pathfinder.cuda_dijkstra - WARNING - [CUDA-NF] Iteration 4200: 32/32 ROIs active, Near nodes=33, Far nodes=152728
2025-10-07 23:03:29 - orthoroute.algorithms.manhattan.pathfinder.cuda_dijkstra - WARNING -   ROI 0: Near=1, Far=5111, Thresh=11.6, Sink_dist=inf
2025-10-07 23:03:29 - orthoroute.algorithms.manhattan.pathfinder.cuda_dijkstra - WARNING -   ROI 1: Near=1, Far=3593, Thresh=10.8, Sink_dist=inf
2025-10-07 23:03:29 - orthoroute.algorithms.manhattan.pathfinder.cuda_dijkstra - WARNING -   ROI 2: Near=1, Far=5167, Thresh=10.8, Sink_dist=inf
2025-10-07 23:03:29 - orthoroute.algorithms.manhattan.pathfinder.cuda_dijkstra - WARNING -   ROI 3: Near=1, Far=2143, Thresh=12.3, Sink_dist=inf
2025-10-07 23:03:29 - orthoroute.algorithms.manhattan.pathfinder.cuda_dijkstra - WARNING -   ROI 4: Near=1, Far=5101, Thresh=10.9, Sink_dist=inf
2025-10-07 23:03:29 - orthoroute.algorithms.manhattan.pathfinder.cuda_dijkstra - WARNING -   ROI 5: Near=1, Far=4241, Thresh=10.5, Sink_dist=inf
2025-10-07 23:03:29 - orthoroute.algorithms.manhattan.pathfinder.cuda_dijkstra - WARNING -   ROI 6: Near=1, Far=4263, Thresh=11.9, Sink_dist=inf
2025-10-07 23:03:29 - orthoroute.algorithms.manhattan.pathfinder.cuda_dijkstra - WARNING -   ROI 7: Near=1, Far=4397, Thresh=11.0, Sink_dist=inf
2025-10-07 23:03:29 - orthoroute.algorithms.manhattan.pathfinder.cuda_dijkstra - WARNING -   ROI 8: Near=1, Far=5175, Thresh=10.8, Sink_dist=inf
2025-10-07 23:03:29 - orthoroute.algorithms.manhattan.pathfinder.cuda_dijkstra - WARNING -   ROI 9: Near=1, Far=4387, Thresh=11.2, Sink_dist=inf
2025-10-07 23:03:29 - orthoroute.algorithms.manhattan.pathfinder.cuda_dijkstra - WARNING -   ROI 10: Near=1, Far=2745, Thresh=11.3, Sink_dist=inf
2025-10-07 23:03:29 - orthoroute.algorithms.manhattan.pathfinder.cuda_dijkstra - WARNING -   ROI 11: Near=1, Far=2117, Thresh=11.5, Sink_dist=inf
2025-10-07 23:03:29 - orthoroute.algorithms.manhattan.pathfinder.cuda_dijkstra - WARNING -   ROI 12: Near=1, Far=5143, Thresh=11.0, Sink_dist=inf
2025-10-07 23:03:29 - orthoroute.algorithms.manhattan.pathfinder.cuda_dijkstra - WARNING -   ROI 13: Near=1, Far=6001, Thresh=11.5, Sink_dist=inf
2025-10-07 23:03:29 - orthoroute.algorithms.manhattan.pathfinder.cuda_dijkstra - WARNING -   ROI 14: Near=1, Far=6201, Thresh=11.4, Sink_dist=inf
2025-10-07 23:03:29 - orthoroute.algorithms.manhattan.pathfinder.cuda_dijkstra - WARNING -   ROI 15: Near=1, Far=6169, Thresh=11.4, Sink_dist=inf
2025-10-07 23:03:29 - orthoroute.algorithms.manhattan.pathfinder.cuda_dijkstra - WARNING -   ROI 16: Near=1, Far=5158, Thresh=11.0, Sink_dist=inf
2025-10-07 23:03:29 - orthoroute.algorithms.manhattan.pathfinder.cuda_dijkstra - WARNING -   ROI 17: Near=1, Far=5191, Thresh=11.0, Sink_dist=inf
2025-10-07 23:03:29 - orthoroute.algorithms.manhattan.pathfinder.cuda_dijkstra - WARNING -   ROI 18: Near=2, Far=5101, Thresh=10.8, Sink_dist=inf
2025-10-07 23:03:29 - orthoroute.algorithms.manhattan.pathfinder.cuda_dijkstra - WARNING -   ROI 19: Near=1, Far=6055, Thresh=11.6, Sink_dist=inf
2025-10-07 23:03:29 - orthoroute.algorithms.manhattan.pathfinder.cuda_dijkstra - WARNING -   ROI 20: Near=1, Far=5166, Thresh=11.0, Sink_dist=inf
2025-10-07 23:03:29 - orthoroute.algorithms.manhattan.pathfinder.cuda_dijkstra - WARNING -   ROI 21: Near=1, Far=5167, Thresh=10.8, Sink_dist=inf
2025-10-07 23:03:29 - orthoroute.algorithms.manhattan.pathfinder.cuda_dijkstra - WARNING -   ROI 22: Near=1, Far=5187, Thresh=11.0, Sink_dist=inf
2025-10-07 23:03:29 - orthoroute.algorithms.manhattan.pathfinder.cuda_dijkstra - WARNING -   ROI 23: Near=1, Far=4232, Thresh=10.5, Sink_dist=inf
2025-10-07 23:03:29 - orthoroute.algorithms.manhattan.pathfinder.cuda_dijkstra - WARNING -   ROI 24: Near=1, Far=6009, Thresh=11.5, Sink_dist=inf
2025-10-07 23:03:29 - orthoroute.algorithms.manhattan.pathfinder.cuda_dijkstra - WARNING -   ROI 25: Near=1, Far=4279, Thresh=10.5, Sink_dist=inf
2025-10-07 23:03:29 - orthoroute.algorithms.manhattan.pathfinder.cuda_dijkstra - WARNING -   ROI 26: Near=1, Far=5147, Thresh=11.0, Sink_dist=inf
2025-10-07 23:03:29 - orthoroute.algorithms.manhattan.pathfinder.cuda_dijkstra - WARNING -   ROI 27: Near=1, Far=3561, Thresh=10.6, Sink_dist=inf
2025-10-07 23:03:29 - orthoroute.algorithms.manhattan.pathfinder.cuda_dijkstra - WARNING -   ROI 28: Near=1, Far=5149, Thresh=11.0, Sink_dist=inf
2025-10-07 23:03:29 - orthoroute.algorithms.manhattan.pathfinder.cuda_dijkstra - WARNING -   ROI 29: Near=1, Far=4230, Thresh=10.5, Sink_dist=inf
2025-10-07 23:03:29 - orthoroute.algorithms.manhattan.pathfinder.cuda_dijkstra - WARNING -   ROI 30: Near=1, Far=6049, Thresh=11.6, Sink_dist=inf
2025-10-07 23:03:29 - orthoroute.algorithms.manhattan.pathfinder.cuda_dijkstra - WARNING -   ROI 31: Near=1, Far=5093, Thresh=10.8, Sink_dist=inf
2025-10-07 23:03:31 - orthoroute.algorithms.manhattan.pathfinder.cuda_dijkstra - INFO - [DEBUG-GPU] Near-Far iteration 4300
2025-10-07 23:03:31 - orthoroute.algorithms.manhattan.pathfinder.cuda_dijkstra - WARNING - [CUDA-NF] Iteration 4300: 32/32 ROIs active, Near nodes=32, Far nodes=155848
2025-10-07 23:03:31 - orthoroute.algorithms.manhattan.pathfinder.cuda_dijkstra - WARNING -   ROI 0: Near=1, Far=5023, Thresh=11.7, Sink_dist=inf
2025-10-07 23:03:31 - orthoroute.algorithms.manhattan.pathfinder.cuda_dijkstra - WARNING -   ROI 1: Near=1, Far=3488, Thresh=10.9, Sink_dist=inf
2025-10-07 23:03:31 - orthoroute.algorithms.manhattan.pathfinder.cuda_dijkstra - WARNING -   ROI 2: Near=1, Far=5067, Thresh=10.8, Sink_dist=inf
2025-10-07 23:03:31 - orthoroute.algorithms.manhattan.pathfinder.cuda_dijkstra - WARNING -   ROI 3: Near=1, Far=2355, Thresh=12.3, Sink_dist=inf
2025-10-07 23:03:31 - orthoroute.algorithms.manhattan.pathfinder.cuda_dijkstra - WARNING -   ROI 4: Near=1, Far=4993, Thresh=10.9, Sink_dist=inf
2025-10-07 23:03:31 - orthoroute.algorithms.manhattan.pathfinder.cuda_dijkstra - WARNING -   ROI 5: Near=1, Far=4229, Thresh=10.6, Sink_dist=inf
2025-10-07 23:03:31 - orthoroute.algorithms.manhattan.pathfinder.cuda_dijkstra - WARNING -   ROI 6: Near=1, Far=4809, Thresh=12.0, Sink_dist=inf
2025-10-07 23:03:31 - orthoroute.algorithms.manhattan.pathfinder.cuda_dijkstra - WARNING -   ROI 7: Near=1, Far=4552, Thresh=11.1, Sink_dist=inf
2025-10-07 23:03:31 - orthoroute.algorithms.manhattan.pathfinder.cuda_dijkstra - WARNING -   ROI 8: Near=1, Far=5089, Thresh=10.8, Sink_dist=inf
2025-10-07 23:03:31 - orthoroute.algorithms.manhattan.pathfinder.cuda_dijkstra - WARNING -   ROI 9: Near=1, Far=4308, Thresh=11.2, Sink_dist=inf
2025-10-07 23:03:31 - orthoroute.algorithms.manhattan.pathfinder.cuda_dijkstra - WARNING -   ROI 10: Near=1, Far=2644, Thresh=11.3, Sink_dist=inf
2025-10-07 23:03:31 - orthoroute.algorithms.manhattan.pathfinder.cuda_dijkstra - WARNING -   ROI 11: Near=1, Far=2342, Thresh=11.6, Sink_dist=inf
2025-10-07 23:03:31 - orthoroute.algorithms.manhattan.pathfinder.cuda_dijkstra - WARNING -   ROI 12: Near=1, Far=5395, Thresh=11.1, Sink_dist=inf
2025-10-07 23:03:31 - orthoroute.algorithms.manhattan.pathfinder.cuda_dijkstra - WARNING -   ROI 13: Near=1, Far=6887, Thresh=11.5, Sink_dist=inf
2025-10-07 23:03:31 - orthoroute.algorithms.manhattan.pathfinder.cuda_dijkstra - WARNING -   ROI 14: Near=1, Far=6881, Thresh=11.5, Sink_dist=inf
2025-10-07 23:03:31 - orthoroute.algorithms.manhattan.pathfinder.cuda_dijkstra - WARNING -   ROI 15: Near=1, Far=6873, Thresh=11.5, Sink_dist=inf
2025-10-07 23:03:31 - orthoroute.algorithms.manhattan.pathfinder.cuda_dijkstra - WARNING -   ROI 16: Near=1, Far=5221, Thresh=11.1, Sink_dist=inf
2025-10-07 23:03:31 - orthoroute.algorithms.manhattan.pathfinder.cuda_dijkstra - WARNING -   ROI 17: Near=1, Far=5088, Thresh=11.1, Sink_dist=inf
2025-10-07 23:03:31 - orthoroute.algorithms.manhattan.pathfinder.cuda_dijkstra - WARNING -   ROI 18: Near=1, Far=5003, Thresh=10.9, Sink_dist=inf
2025-10-07 23:03:31 - orthoroute.algorithms.manhattan.pathfinder.cuda_dijkstra - WARNING -   ROI 19: Near=1, Far=5951, Thresh=11.7, Sink_dist=inf
2025-10-07 23:03:31 - orthoroute.algorithms.manhattan.pathfinder.cuda_dijkstra - WARNING -   ROI 20: Near=1, Far=5088, Thresh=11.1, Sink_dist=inf
2025-10-07 23:03:31 - orthoroute.algorithms.manhattan.pathfinder.cuda_dijkstra - WARNING -   ROI 21: Near=1, Far=5066, Thresh=10.8, Sink_dist=inf
2025-10-07 23:03:31 - orthoroute.algorithms.manhattan.pathfinder.cuda_dijkstra - WARNING -   ROI 22: Near=1, Far=5085, Thresh=11.1, Sink_dist=inf
2025-10-07 23:03:31 - orthoroute.algorithms.manhattan.pathfinder.cuda_dijkstra - WARNING -   ROI 23: Near=1, Far=4152, Thresh=10.7, Sink_dist=inf
2025-10-07 23:03:31 - orthoroute.algorithms.manhattan.pathfinder.cuda_dijkstra - WARNING -   ROI 24: Near=1, Far=6823, Thresh=11.5, Sink_dist=inf
2025-10-07 23:03:31 - orthoroute.algorithms.manhattan.pathfinder.cuda_dijkstra - WARNING -   ROI 25: Near=1, Far=4177, Thresh=10.6, Sink_dist=inf
2025-10-07 23:03:31 - orthoroute.algorithms.manhattan.pathfinder.cuda_dijkstra - WARNING -   ROI 26: Near=1, Far=5231, Thresh=11.1, Sink_dist=inf
2025-10-07 23:03:31 - orthoroute.algorithms.manhattan.pathfinder.cuda_dijkstra - WARNING -   ROI 27: Near=1, Far=3697, Thresh=10.7, Sink_dist=inf
2025-10-07 23:03:31 - orthoroute.algorithms.manhattan.pathfinder.cuda_dijkstra - WARNING -   ROI 28: Near=1, Far=5233, Thresh=11.1, Sink_dist=inf
2025-10-07 23:03:31 - orthoroute.algorithms.manhattan.pathfinder.cuda_dijkstra - WARNING -   ROI 29: Near=1, Far=4151, Thresh=10.6, Sink_dist=inf
2025-10-07 23:03:31 - orthoroute.algorithms.manhattan.pathfinder.cuda_dijkstra - WARNING -   ROI 30: Near=1, Far=5945, Thresh=11.7, Sink_dist=inf
2025-10-07 23:03:31 - orthoroute.algorithms.manhattan.pathfinder.cuda_dijkstra - WARNING -   ROI 31: Near=1, Far=5002, Thresh=10.9, Sink_dist=inf
2025-10-07 23:03:33 - orthoroute.algorithms.manhattan.pathfinder.cuda_dijkstra - INFO - [DEBUG-GPU] Near-Far iteration 4400
2025-10-07 23:03:33 - orthoroute.algorithms.manhattan.pathfinder.cuda_dijkstra - WARNING - [CUDA-NF] Iteration 4400: 32/32 ROIs active, Near nodes=32, Far nodes=159918
2025-10-07 23:03:33 - orthoroute.algorithms.manhattan.pathfinder.cuda_dijkstra - WARNING -   ROI 0: Near=1, Far=4917, Thresh=11.8, Sink_dist=inf
2025-10-07 23:03:33 - orthoroute.algorithms.manhattan.pathfinder.cuda_dijkstra - WARNING -   ROI 1: Near=1, Far=3388, Thresh=10.9, Sink_dist=inf
2025-10-07 23:03:33 - orthoroute.algorithms.manhattan.pathfinder.cuda_dijkstra - WARNING -   ROI 2: Near=1, Far=4965, Thresh=10.9, Sink_dist=inf
2025-10-07 23:03:33 - orthoroute.algorithms.manhattan.pathfinder.cuda_dijkstra - WARNING -   ROI 3: Near=1, Far=2293, Thresh=12.4, Sink_dist=inf
2025-10-07 23:03:33 - orthoroute.algorithms.manhattan.pathfinder.cuda_dijkstra - WARNING -   ROI 4: Near=1, Far=4892, Thresh=11.0, Sink_dist=inf
2025-10-07 23:03:33 - orthoroute.algorithms.manhattan.pathfinder.cuda_dijkstra - WARNING -   ROI 5: Near=1, Far=4718, Thresh=10.7, Sink_dist=inf
2025-10-07 23:03:33 - orthoroute.algorithms.manhattan.pathfinder.cuda_dijkstra - WARNING -   ROI 6: Near=1, Far=4774, Thresh=12.1, Sink_dist=inf
2025-10-07 23:03:33 - orthoroute.algorithms.manhattan.pathfinder.cuda_dijkstra - WARNING -   ROI 7: Near=1, Far=4900, Thresh=11.1, Sink_dist=inf
2025-10-07 23:03:33 - orthoroute.algorithms.manhattan.pathfinder.cuda_dijkstra - WARNING -   ROI 8: Near=1, Far=4989, Thresh=10.9, Sink_dist=inf
2025-10-07 23:03:33 - orthoroute.algorithms.manhattan.pathfinder.cuda_dijkstra - WARNING -   ROI 9: Near=1, Far=4207, Thresh=11.3, Sink_dist=inf
2025-10-07 23:03:33 - orthoroute.algorithms.manhattan.pathfinder.cuda_dijkstra - WARNING -   ROI 10: Near=1, Far=2551, Thresh=11.4, Sink_dist=inf
2025-10-07 23:03:33 - orthoroute.algorithms.manhattan.pathfinder.cuda_dijkstra - WARNING -   ROI 11: Near=1, Far=2293, Thresh=11.6, Sink_dist=inf
2025-10-07 23:03:33 - orthoroute.algorithms.manhattan.pathfinder.cuda_dijkstra - WARNING -   ROI 12: Near=1, Far=5733, Thresh=11.1, Sink_dist=inf
2025-10-07 23:03:33 - orthoroute.algorithms.manhattan.pathfinder.cuda_dijkstra - WARNING -   ROI 13: Near=1, Far=6786, Thresh=11.6, Sink_dist=inf
2025-10-07 23:03:33 - orthoroute.algorithms.manhattan.pathfinder.cuda_dijkstra - WARNING -   ROI 14: Near=1, Far=6780, Thresh=11.6, Sink_dist=inf
2025-10-07 23:03:33 - orthoroute.algorithms.manhattan.pathfinder.cuda_dijkstra - WARNING -   ROI 15: Near=1, Far=6784, Thresh=11.6, Sink_dist=inf
2025-10-07 23:03:33 - orthoroute.algorithms.manhattan.pathfinder.cuda_dijkstra - WARNING -   ROI 16: Near=1, Far=5627, Thresh=11.1, Sink_dist=inf
2025-10-07 23:03:33 - orthoroute.algorithms.manhattan.pathfinder.cuda_dijkstra - WARNING -   ROI 17: Near=1, Far=5583, Thresh=11.1, Sink_dist=inf
2025-10-07 23:03:33 - orthoroute.algorithms.manhattan.pathfinder.cuda_dijkstra - WARNING -   ROI 18: Near=1, Far=4913, Thresh=10.9, Sink_dist=inf
2025-10-07 23:03:33 - orthoroute.algorithms.manhattan.pathfinder.cuda_dijkstra - WARNING -   ROI 19: Near=1, Far=5848, Thresh=11.7, Sink_dist=inf
2025-10-07 23:03:33 - orthoroute.algorithms.manhattan.pathfinder.cuda_dijkstra - WARNING -   ROI 20: Near=1, Far=5519, Thresh=11.1, Sink_dist=inf
2025-10-07 23:03:33 - orthoroute.algorithms.manhattan.pathfinder.cuda_dijkstra - WARNING -   ROI 21: Near=1, Far=4966, Thresh=10.9, Sink_dist=inf
2025-10-07 23:03:33 - orthoroute.algorithms.manhattan.pathfinder.cuda_dijkstra - WARNING -   ROI 22: Near=1, Far=5643, Thresh=11.1, Sink_dist=inf
2025-10-07 23:03:33 - orthoroute.algorithms.manhattan.pathfinder.cuda_dijkstra - WARNING -   ROI 23: Near=1, Far=4609, Thresh=10.7, Sink_dist=inf
2025-10-07 23:03:33 - orthoroute.algorithms.manhattan.pathfinder.cuda_dijkstra - WARNING -   ROI 24: Near=1, Far=6793, Thresh=11.6, Sink_dist=inf
2025-10-07 23:03:33 - orthoroute.algorithms.manhattan.pathfinder.cuda_dijkstra - WARNING -   ROI 25: Near=1, Far=4509, Thresh=10.7, Sink_dist=inf
2025-10-07 23:03:33 - orthoroute.algorithms.manhattan.pathfinder.cuda_dijkstra - WARNING -   ROI 26: Near=1, Far=5673, Thresh=11.1, Sink_dist=inf
2025-10-07 23:03:33 - orthoroute.algorithms.manhattan.pathfinder.cuda_dijkstra - WARNING -   ROI 27: Near=1, Far=4098, Thresh=10.7, Sink_dist=inf
2025-10-07 23:03:33 - orthoroute.algorithms.manhattan.pathfinder.cuda_dijkstra - WARNING -   ROI 28: Near=1, Far=5695, Thresh=11.1, Sink_dist=inf
2025-10-07 23:03:33 - orthoroute.algorithms.manhattan.pathfinder.cuda_dijkstra - WARNING -   ROI 29: Near=1, Far=4725, Thresh=10.7, Sink_dist=inf
2025-10-07 23:03:33 - orthoroute.algorithms.manhattan.pathfinder.cuda_dijkstra - WARNING -   ROI 30: Near=1, Far=5835, Thresh=11.7, Sink_dist=inf
2025-10-07 23:03:33 - orthoroute.algorithms.manhattan.pathfinder.cuda_dijkstra - WARNING -   ROI 31: Near=1, Far=4912, Thresh=10.9, Sink_dist=inf
2025-10-07 23:03:35 - orthoroute.algorithms.manhattan.pathfinder.cuda_dijkstra - INFO - [DEBUG-GPU] Near-Far iteration 4500
2025-10-07 23:03:35 - orthoroute.algorithms.manhattan.pathfinder.cuda_dijkstra - WARNING - [CUDA-NF] Iteration 4500: 32/32 ROIs active, Near nodes=32, Far nodes=160584
2025-10-07 23:03:35 - orthoroute.algorithms.manhattan.pathfinder.cuda_dijkstra - WARNING -   ROI 0: Near=1, Far=4819, Thresh=11.8, Sink_dist=inf
2025-10-07 23:03:35 - orthoroute.algorithms.manhattan.pathfinder.cuda_dijkstra - WARNING -   ROI 1: Near=1, Far=3364, Thresh=11.0, Sink_dist=inf
2025-10-07 23:03:35 - orthoroute.algorithms.manhattan.pathfinder.cuda_dijkstra - WARNING -   ROI 2: Near=1, Far=4888, Thresh=11.0, Sink_dist=inf
2025-10-07 23:03:35 - orthoroute.algorithms.manhattan.pathfinder.cuda_dijkstra - WARNING -   ROI 3: Near=1, Far=2193, Thresh=12.5, Sink_dist=inf
2025-10-07 23:03:35 - orthoroute.algorithms.manhattan.pathfinder.cuda_dijkstra - WARNING -   ROI 4: Near=1, Far=4815, Thresh=11.1, Sink_dist=inf
2025-10-07 23:03:35 - orthoroute.algorithms.manhattan.pathfinder.cuda_dijkstra - WARNING -   ROI 5: Near=1, Far=4832, Thresh=10.8, Sink_dist=inf
2025-10-07 23:03:35 - orthoroute.algorithms.manhattan.pathfinder.cuda_dijkstra - WARNING -   ROI 6: Near=1, Far=4669, Thresh=12.1, Sink_dist=inf
2025-10-07 23:03:35 - orthoroute.algorithms.manhattan.pathfinder.cuda_dijkstra - WARNING -   ROI 7: Near=1, Far=4947, Thresh=11.2, Sink_dist=inf
2025-10-07 23:03:35 - orthoroute.algorithms.manhattan.pathfinder.cuda_dijkstra - WARNING -   ROI 8: Near=1, Far=4913, Thresh=10.9, Sink_dist=inf
2025-10-07 23:03:35 - orthoroute.algorithms.manhattan.pathfinder.cuda_dijkstra - WARNING -   ROI 9: Near=1, Far=4127, Thresh=11.4, Sink_dist=inf
2025-10-07 23:03:35 - orthoroute.algorithms.manhattan.pathfinder.cuda_dijkstra - WARNING -   ROI 10: Near=1, Far=2813, Thresh=11.6, Sink_dist=inf
2025-10-07 23:03:35 - orthoroute.algorithms.manhattan.pathfinder.cuda_dijkstra - WARNING -   ROI 11: Near=1, Far=2193, Thresh=11.7, Sink_dist=inf
2025-10-07 23:03:35 - orthoroute.algorithms.manhattan.pathfinder.cuda_dijkstra - WARNING -   ROI 12: Near=1, Far=5746, Thresh=11.2, Sink_dist=inf
2025-10-07 23:03:35 - orthoroute.algorithms.manhattan.pathfinder.cuda_dijkstra - WARNING -   ROI 13: Near=1, Far=6682, Thresh=11.7, Sink_dist=inf
2025-10-07 23:03:35 - orthoroute.algorithms.manhattan.pathfinder.cuda_dijkstra - WARNING -   ROI 14: Near=1, Far=6689, Thresh=11.6, Sink_dist=inf
2025-10-07 23:03:35 - orthoroute.algorithms.manhattan.pathfinder.cuda_dijkstra - WARNING -   ROI 15: Near=1, Far=6692, Thresh=11.6, Sink_dist=inf
2025-10-07 23:03:35 - orthoroute.algorithms.manhattan.pathfinder.cuda_dijkstra - WARNING -   ROI 16: Near=1, Far=5795, Thresh=11.2, Sink_dist=inf
2025-10-07 23:03:35 - orthoroute.algorithms.manhattan.pathfinder.cuda_dijkstra - WARNING -   ROI 17: Near=1, Far=5828, Thresh=11.1, Sink_dist=inf
2025-10-07 23:03:35 - orthoroute.algorithms.manhattan.pathfinder.cuda_dijkstra - WARNING -   ROI 18: Near=1, Far=4813, Thresh=11.0, Sink_dist=inf
2025-10-07 23:03:35 - orthoroute.algorithms.manhattan.pathfinder.cuda_dijkstra - WARNING -   ROI 19: Near=1, Far=5757, Thresh=11.8, Sink_dist=inf
2025-10-07 23:03:35 - orthoroute.algorithms.manhattan.pathfinder.cuda_dijkstra - WARNING -   ROI 20: Near=1, Far=5825, Thresh=11.1, Sink_dist=inf
2025-10-07 23:03:35 - orthoroute.algorithms.manhattan.pathfinder.cuda_dijkstra - WARNING -   ROI 21: Near=1, Far=4888, Thresh=11.0, Sink_dist=inf
2025-10-07 23:03:35 - orthoroute.algorithms.manhattan.pathfinder.cuda_dijkstra - WARNING -   ROI 22: Near=1, Far=5826, Thresh=11.1, Sink_dist=inf
2025-10-07 23:03:35 - orthoroute.algorithms.manhattan.pathfinder.cuda_dijkstra - WARNING -   ROI 23: Near=1, Far=4846, Thresh=10.8, Sink_dist=inf
2025-10-07 23:03:35 - orthoroute.algorithms.manhattan.pathfinder.cuda_dijkstra - WARNING -   ROI 24: Near=1, Far=6691, Thresh=11.7, Sink_dist=inf
2025-10-07 23:03:35 - orthoroute.algorithms.manhattan.pathfinder.cuda_dijkstra - WARNING -   ROI 25: Near=1, Far=4870, Thresh=10.7, Sink_dist=inf
2025-10-07 23:03:35 - orthoroute.algorithms.manhattan.pathfinder.cuda_dijkstra - WARNING -   ROI 26: Near=1, Far=5784, Thresh=11.2, Sink_dist=inf
2025-10-07 23:03:35 - orthoroute.algorithms.manhattan.pathfinder.cuda_dijkstra - WARNING -   ROI 27: Near=1, Far=4077, Thresh=10.8, Sink_dist=inf
2025-10-07 23:03:35 - orthoroute.algorithms.manhattan.pathfinder.cuda_dijkstra - WARNING -   ROI 28: Near=1, Far=5790, Thresh=11.2, Sink_dist=inf
2025-10-07 23:03:35 - orthoroute.algorithms.manhattan.pathfinder.cuda_dijkstra - WARNING -   ROI 29: Near=1, Far=4846, Thresh=10.8, Sink_dist=inf
2025-10-07 23:03:35 - orthoroute.algorithms.manhattan.pathfinder.cuda_dijkstra - WARNING -   ROI 30: Near=1, Far=5754, Thresh=11.8, Sink_dist=inf
2025-10-07 23:03:35 - orthoroute.algorithms.manhattan.pathfinder.cuda_dijkstra - WARNING -   ROI 31: Near=1, Far=4812, Thresh=11.0, Sink_dist=inf
2025-10-07 23:03:38 - orthoroute.algorithms.manhattan.pathfinder.cuda_dijkstra - INFO - [DEBUG-GPU] Near-Far iteration 4600
2025-10-07 23:03:38 - orthoroute.algorithms.manhattan.pathfinder.cuda_dijkstra - WARNING - [CUDA-NF] Iteration 4600: 32/32 ROIs active, Near nodes=33, Far nodes=160718
2025-10-07 23:03:38 - orthoroute.algorithms.manhattan.pathfinder.cuda_dijkstra - WARNING -   ROI 0: Near=1, Far=5370, Thresh=11.9, Sink_dist=inf
2025-10-07 23:03:38 - orthoroute.algorithms.manhattan.pathfinder.cuda_dijkstra - WARNING -   ROI 1: Near=1, Far=3767, Thresh=11.1, Sink_dist=inf
2025-10-07 23:03:38 - orthoroute.algorithms.manhattan.pathfinder.cuda_dijkstra - WARNING -   ROI 2: Near=1, Far=4933, Thresh=11.1, Sink_dist=inf
2025-10-07 23:03:38 - orthoroute.algorithms.manhattan.pathfinder.cuda_dijkstra - WARNING -   ROI 3: Near=1, Far=2088, Thresh=12.5, Sink_dist=inf
2025-10-07 23:03:38 - orthoroute.algorithms.manhattan.pathfinder.cuda_dijkstra - WARNING -   ROI 4: Near=1, Far=5205, Thresh=11.1, Sink_dist=inf
2025-10-07 23:03:38 - orthoroute.algorithms.manhattan.pathfinder.cuda_dijkstra - WARNING -   ROI 5: Near=1, Far=4732, Thresh=10.8, Sink_dist=inf
2025-10-07 23:03:38 - orthoroute.algorithms.manhattan.pathfinder.cuda_dijkstra - WARNING -   ROI 6: Near=1, Far=4567, Thresh=12.2, Sink_dist=inf
2025-10-07 23:03:38 - orthoroute.algorithms.manhattan.pathfinder.cuda_dijkstra - WARNING -   ROI 7: Near=1, Far=4846, Thresh=11.3, Sink_dist=inf
2025-10-07 23:03:38 - orthoroute.algorithms.manhattan.pathfinder.cuda_dijkstra - WARNING -   ROI 8: Near=1, Far=4877, Thresh=11.0, Sink_dist=inf
2025-10-07 23:03:38 - orthoroute.algorithms.manhattan.pathfinder.cuda_dijkstra - WARNING -   ROI 9: Near=1, Far=4229, Thresh=11.5, Sink_dist=inf
2025-10-07 23:03:38 - orthoroute.algorithms.manhattan.pathfinder.cuda_dijkstra - WARNING -   ROI 10: Near=1, Far=3020, Thresh=11.6, Sink_dist=inf
2025-10-07 23:03:38 - orthoroute.algorithms.manhattan.pathfinder.cuda_dijkstra - WARNING -   ROI 11: Near=1, Far=2090, Thresh=11.7, Sink_dist=inf
2025-10-07 23:03:38 - orthoroute.algorithms.manhattan.pathfinder.cuda_dijkstra - WARNING -   ROI 12: Near=1, Far=5644, Thresh=11.3, Sink_dist=inf
2025-10-07 23:03:38 - orthoroute.algorithms.manhattan.pathfinder.cuda_dijkstra - WARNING -   ROI 13: Near=1, Far=6577, Thresh=11.7, Sink_dist=inf
2025-10-07 23:03:38 - orthoroute.algorithms.manhattan.pathfinder.cuda_dijkstra - WARNING -   ROI 14: Near=1, Far=6598, Thresh=11.7, Sink_dist=inf
2025-10-07 23:03:38 - orthoroute.algorithms.manhattan.pathfinder.cuda_dijkstra - WARNING -   ROI 15: Near=1, Far=6601, Thresh=11.7, Sink_dist=inf
2025-10-07 23:03:38 - orthoroute.algorithms.manhattan.pathfinder.cuda_dijkstra - WARNING -   ROI 16: Near=1, Far=5694, Thresh=11.2, Sink_dist=inf
2025-10-07 23:03:38 - orthoroute.algorithms.manhattan.pathfinder.cuda_dijkstra - WARNING -   ROI 17: Near=1, Far=5727, Thresh=11.2, Sink_dist=inf
2025-10-07 23:03:38 - orthoroute.algorithms.manhattan.pathfinder.cuda_dijkstra - WARNING -   ROI 18: Near=1, Far=5161, Thresh=11.1, Sink_dist=inf
2025-10-07 23:03:38 - orthoroute.algorithms.manhattan.pathfinder.cuda_dijkstra - WARNING -   ROI 19: Near=1, Far=5664, Thresh=11.9, Sink_dist=inf
2025-10-07 23:03:38 - orthoroute.algorithms.manhattan.pathfinder.cuda_dijkstra - WARNING -   ROI 20: Near=1, Far=5728, Thresh=11.2, Sink_dist=inf
2025-10-07 23:03:38 - orthoroute.algorithms.manhattan.pathfinder.cuda_dijkstra - WARNING -   ROI 21: Near=1, Far=4868, Thresh=11.1, Sink_dist=inf
2025-10-07 23:03:38 - orthoroute.algorithms.manhattan.pathfinder.cuda_dijkstra - WARNING -   ROI 22: Near=1, Far=5725, Thresh=11.2, Sink_dist=inf
2025-10-07 23:03:38 - orthoroute.algorithms.manhattan.pathfinder.cuda_dijkstra - WARNING -   ROI 23: Near=1, Far=4745, Thresh=10.8, Sink_dist=inf
2025-10-07 23:03:38 - orthoroute.algorithms.manhattan.pathfinder.cuda_dijkstra - WARNING -   ROI 24: Near=1, Far=6583, Thresh=11.7, Sink_dist=inf
2025-10-07 23:03:38 - orthoroute.algorithms.manhattan.pathfinder.cuda_dijkstra - WARNING -   ROI 25: Near=1, Far=4770, Thresh=10.8, Sink_dist=inf
2025-10-07 23:03:38 - orthoroute.algorithms.manhattan.pathfinder.cuda_dijkstra - WARNING -   ROI 26: Near=1, Far=5684, Thresh=11.3, Sink_dist=inf
2025-10-07 23:03:38 - orthoroute.algorithms.manhattan.pathfinder.cuda_dijkstra - WARNING -   ROI 27: Near=1, Far=3977, Thresh=10.8, Sink_dist=inf
2025-10-07 23:03:38 - orthoroute.algorithms.manhattan.pathfinder.cuda_dijkstra - WARNING -   ROI 28: Near=1, Far=5689, Thresh=11.3, Sink_dist=inf
2025-10-07 23:03:38 - orthoroute.algorithms.manhattan.pathfinder.cuda_dijkstra - WARNING -   ROI 29: Near=2, Far=4744, Thresh=10.8, Sink_dist=inf
2025-10-07 23:03:38 - orthoroute.algorithms.manhattan.pathfinder.cuda_dijkstra - WARNING -   ROI 30: Near=1, Far=5654, Thresh=11.9, Sink_dist=inf
2025-10-07 23:03:38 - orthoroute.algorithms.manhattan.pathfinder.cuda_dijkstra - WARNING -   ROI 31: Near=1, Far=5161, Thresh=11.1, Sink_dist=inf
2025-10-07 23:03:40 - orthoroute.algorithms.manhattan.pathfinder.cuda_dijkstra - INFO - [DEBUG-GPU] Near-Far iteration 4700
2025-10-07 23:03:40 - orthoroute.algorithms.manhattan.pathfinder.cuda_dijkstra - WARNING - [CUDA-NF] Iteration 4700: 32/32 ROIs active, Near nodes=32, Far nodes=163388
2025-10-07 23:03:40 - orthoroute.algorithms.manhattan.pathfinder.cuda_dijkstra - WARNING -   ROI 0: Near=1, Far=5479, Thresh=12.0, Sink_dist=inf
2025-10-07 23:03:40 - orthoroute.algorithms.manhattan.pathfinder.cuda_dijkstra - WARNING -   ROI 1: Near=1, Far=3894, Thresh=11.2, Sink_dist=inf
2025-10-07 23:03:40 - orthoroute.algorithms.manhattan.pathfinder.cuda_dijkstra - WARNING -   ROI 2: Near=1, Far=5269, Thresh=11.1, Sink_dist=inf
2025-10-07 23:03:40 - orthoroute.algorithms.manhattan.pathfinder.cuda_dijkstra - WARNING -   ROI 3: Near=1, Far=2375, Thresh=12.7, Sink_dist=inf
2025-10-07 23:03:40 - orthoroute.algorithms.manhattan.pathfinder.cuda_dijkstra - WARNING -   ROI 4: Near=1, Far=5549, Thresh=11.1, Sink_dist=inf
2025-10-07 23:03:40 - orthoroute.algorithms.manhattan.pathfinder.cuda_dijkstra - WARNING -   ROI 5: Near=1, Far=4631, Thresh=10.9, Sink_dist=inf
2025-10-07 23:03:40 - orthoroute.algorithms.manhattan.pathfinder.cuda_dijkstra - WARNING -   ROI 6: Near=1, Far=4483, Thresh=12.3, Sink_dist=inf
2025-10-07 23:03:40 - orthoroute.algorithms.manhattan.pathfinder.cuda_dijkstra - WARNING -   ROI 7: Near=1, Far=4756, Thresh=11.3, Sink_dist=inf
2025-10-07 23:03:40 - orthoroute.algorithms.manhattan.pathfinder.cuda_dijkstra - WARNING -   ROI 8: Near=1, Far=5161, Thresh=11.1, Sink_dist=inf
2025-10-07 23:03:40 - orthoroute.algorithms.manhattan.pathfinder.cuda_dijkstra - WARNING -   ROI 9: Near=1, Far=4557, Thresh=11.5, Sink_dist=inf
2025-10-07 23:03:40 - orthoroute.algorithms.manhattan.pathfinder.cuda_dijkstra - WARNING -   ROI 10: Near=1, Far=2920, Thresh=11.7, Sink_dist=inf
2025-10-07 23:03:40 - orthoroute.algorithms.manhattan.pathfinder.cuda_dijkstra - WARNING -   ROI 11: Near=1, Far=2255, Thresh=12.0, Sink_dist=inf
2025-10-07 23:03:40 - orthoroute.algorithms.manhattan.pathfinder.cuda_dijkstra - WARNING -   ROI 12: Near=1, Far=5553, Thresh=11.3, Sink_dist=inf
2025-10-07 23:03:40 - orthoroute.algorithms.manhattan.pathfinder.cuda_dijkstra - WARNING -   ROI 13: Near=1, Far=6501, Thresh=11.8, Sink_dist=inf
2025-10-07 23:03:40 - orthoroute.algorithms.manhattan.pathfinder.cuda_dijkstra - WARNING -   ROI 14: Near=1, Far=6497, Thresh=11.8, Sink_dist=inf
2025-10-07 23:03:40 - orthoroute.algorithms.manhattan.pathfinder.cuda_dijkstra - WARNING -   ROI 15: Near=1, Far=6500, Thresh=11.8, Sink_dist=inf
2025-10-07 23:03:40 - orthoroute.algorithms.manhattan.pathfinder.cuda_dijkstra - WARNING -   ROI 16: Near=1, Far=5593, Thresh=11.3, Sink_dist=inf
2025-10-07 23:03:40 - orthoroute.algorithms.manhattan.pathfinder.cuda_dijkstra - WARNING -   ROI 17: Near=1, Far=5627, Thresh=11.3, Sink_dist=inf
2025-10-07 23:03:40 - orthoroute.algorithms.manhattan.pathfinder.cuda_dijkstra - WARNING -   ROI 18: Near=1, Far=5555, Thresh=11.1, Sink_dist=inf
2025-10-07 23:03:40 - orthoroute.algorithms.manhattan.pathfinder.cuda_dijkstra - WARNING -   ROI 19: Near=1, Far=6135, Thresh=12.0, Sink_dist=inf
2025-10-07 23:03:40 - orthoroute.algorithms.manhattan.pathfinder.cuda_dijkstra - WARNING -   ROI 20: Near=1, Far=5626, Thresh=11.3, Sink_dist=inf
2025-10-07 23:03:40 - orthoroute.algorithms.manhattan.pathfinder.cuda_dijkstra - WARNING -   ROI 21: Near=1, Far=5289, Thresh=11.1, Sink_dist=inf
2025-10-07 23:03:40 - orthoroute.algorithms.manhattan.pathfinder.cuda_dijkstra - WARNING -   ROI 22: Near=1, Far=5624, Thresh=11.3, Sink_dist=inf
2025-10-07 23:03:40 - orthoroute.algorithms.manhattan.pathfinder.cuda_dijkstra - WARNING -   ROI 23: Near=1, Far=4644, Thresh=10.9, Sink_dist=inf
2025-10-07 23:03:40 - orthoroute.algorithms.manhattan.pathfinder.cuda_dijkstra - WARNING -   ROI 24: Near=1, Far=6499, Thresh=11.8, Sink_dist=inf
2025-10-07 23:03:40 - orthoroute.algorithms.manhattan.pathfinder.cuda_dijkstra - WARNING -   ROI 25: Near=1, Far=4668, Thresh=10.8, Sink_dist=inf
2025-10-07 23:03:40 - orthoroute.algorithms.manhattan.pathfinder.cuda_dijkstra - WARNING -   ROI 26: Near=1, Far=5583, Thresh=11.3, Sink_dist=inf
2025-10-07 23:03:40 - orthoroute.algorithms.manhattan.pathfinder.cuda_dijkstra - WARNING -   ROI 27: Near=1, Far=3877, Thresh=10.9, Sink_dist=inf
2025-10-07 23:03:40 - orthoroute.algorithms.manhattan.pathfinder.cuda_dijkstra - WARNING -   ROI 28: Near=1, Far=5588, Thresh=11.3, Sink_dist=inf
2025-10-07 23:03:40 - orthoroute.algorithms.manhattan.pathfinder.cuda_dijkstra - WARNING -   ROI 29: Near=1, Far=4644, Thresh=10.9, Sink_dist=inf
2025-10-07 23:03:40 - orthoroute.algorithms.manhattan.pathfinder.cuda_dijkstra - WARNING -   ROI 30: Near=1, Far=6502, Thresh=11.9, Sink_dist=inf
2025-10-07 23:03:40 - orthoroute.algorithms.manhattan.pathfinder.cuda_dijkstra - WARNING -   ROI 31: Near=1, Far=5554, Thresh=11.1, Sink_dist=inf
2025-10-07 23:03:42 - orthoroute.algorithms.manhattan.pathfinder.cuda_dijkstra - INFO - [DEBUG-GPU] Near-Far iteration 4800
2025-10-07 23:03:42 - orthoroute.algorithms.manhattan.pathfinder.cuda_dijkstra - WARNING - [CUDA-NF] Iteration 4800: 32/32 ROIs active, Near nodes=34, Far nodes=163223
2025-10-07 23:03:42 - orthoroute.algorithms.manhattan.pathfinder.cuda_dijkstra - WARNING -   ROI 0: Near=1, Far=5374, Thresh=12.1, Sink_dist=inf
2025-10-07 23:03:42 - orthoroute.algorithms.manhattan.pathfinder.cuda_dijkstra - WARNING -   ROI 1: Near=1, Far=3791, Thresh=11.2, Sink_dist=inf
2025-10-07 23:03:42 - orthoroute.algorithms.manhattan.pathfinder.cuda_dijkstra - WARNING -   ROI 2: Near=1, Far=5525, Thresh=11.2, Sink_dist=inf
2025-10-07 23:03:42 - orthoroute.algorithms.manhattan.pathfinder.cuda_dijkstra - WARNING -   ROI 3: Near=1, Far=2468, Thresh=12.8, Sink_dist=inf
2025-10-07 23:03:42 - orthoroute.algorithms.manhattan.pathfinder.cuda_dijkstra - WARNING -   ROI 4: Near=1, Far=5455, Thresh=11.2, Sink_dist=inf
2025-10-07 23:03:42 - orthoroute.algorithms.manhattan.pathfinder.cuda_dijkstra - WARNING -   ROI 5: Near=1, Far=4528, Thresh=10.9, Sink_dist=inf
2025-10-07 23:03:42 - orthoroute.algorithms.manhattan.pathfinder.cuda_dijkstra - WARNING -   ROI 6: Near=1, Far=4779, Thresh=12.4, Sink_dist=inf
2025-10-07 23:03:42 - orthoroute.algorithms.manhattan.pathfinder.cuda_dijkstra - WARNING -   ROI 7: Near=1, Far=4677, Thresh=11.4, Sink_dist=inf
2025-10-07 23:03:42 - orthoroute.algorithms.manhattan.pathfinder.cuda_dijkstra - WARNING -   ROI 8: Near=1, Far=5486, Thresh=11.1, Sink_dist=inf
2025-10-07 23:03:42 - orthoroute.algorithms.manhattan.pathfinder.cuda_dijkstra - WARNING -   ROI 9: Near=1, Far=4648, Thresh=11.6, Sink_dist=inf
2025-10-07 23:03:42 - orthoroute.algorithms.manhattan.pathfinder.cuda_dijkstra - WARNING -   ROI 10: Near=1, Far=2820, Thresh=11.7, Sink_dist=inf
2025-10-07 23:03:42 - orthoroute.algorithms.manhattan.pathfinder.cuda_dijkstra - WARNING -   ROI 11: Near=1, Far=2478, Thresh=12.0, Sink_dist=inf
2025-10-07 23:03:42 - orthoroute.algorithms.manhattan.pathfinder.cuda_dijkstra - WARNING -   ROI 12: Near=1, Far=5487, Thresh=11.4, Sink_dist=inf
2025-10-07 23:03:42 - orthoroute.algorithms.manhattan.pathfinder.cuda_dijkstra - WARNING -   ROI 13: Near=1, Far=6400, Thresh=11.9, Sink_dist=inf
2025-10-07 23:03:42 - orthoroute.algorithms.manhattan.pathfinder.cuda_dijkstra - WARNING -   ROI 14: Near=1, Far=6554, Thresh=11.8, Sink_dist=inf
2025-10-07 23:03:42 - orthoroute.algorithms.manhattan.pathfinder.cuda_dijkstra - WARNING -   ROI 15: Near=1, Far=6521, Thresh=11.8, Sink_dist=inf
2025-10-07 23:03:42 - orthoroute.algorithms.manhattan.pathfinder.cuda_dijkstra - WARNING -   ROI 16: Near=1, Far=5516, Thresh=11.4, Sink_dist=inf
2025-10-07 23:03:42 - orthoroute.algorithms.manhattan.pathfinder.cuda_dijkstra - WARNING -   ROI 17: Near=1, Far=5548, Thresh=11.4, Sink_dist=inf
2025-10-07 23:03:42 - orthoroute.algorithms.manhattan.pathfinder.cuda_dijkstra - WARNING -   ROI 18: Near=1, Far=5454, Thresh=11.2, Sink_dist=inf
2025-10-07 23:03:42 - orthoroute.algorithms.manhattan.pathfinder.cuda_dijkstra - WARNING -   ROI 19: Near=1, Far=6411, Thresh=12.1, Sink_dist=inf
2025-10-07 23:03:42 - orthoroute.algorithms.manhattan.pathfinder.cuda_dijkstra - WARNING -   ROI 20: Near=1, Far=5525, Thresh=11.4, Sink_dist=inf
2025-10-07 23:03:42 - orthoroute.algorithms.manhattan.pathfinder.cuda_dijkstra - WARNING -   ROI 21: Near=1, Far=5492, Thresh=11.2, Sink_dist=inf
2025-10-07 23:03:42 - orthoroute.algorithms.manhattan.pathfinder.cuda_dijkstra - WARNING -   ROI 22: Near=1, Far=5545, Thresh=11.4, Sink_dist=inf
2025-10-07 23:03:42 - orthoroute.algorithms.manhattan.pathfinder.cuda_dijkstra - WARNING -   ROI 23: Near=1, Far=4544, Thresh=10.9, Sink_dist=inf
2025-10-07 23:03:42 - orthoroute.algorithms.manhattan.pathfinder.cuda_dijkstra - WARNING -   ROI 24: Near=1, Far=6398, Thresh=11.9, Sink_dist=inf
2025-10-07 23:03:42 - orthoroute.algorithms.manhattan.pathfinder.cuda_dijkstra - WARNING -   ROI 25: Near=1, Far=4591, Thresh=10.9, Sink_dist=inf
2025-10-07 23:03:42 - orthoroute.algorithms.manhattan.pathfinder.cuda_dijkstra - WARNING -   ROI 26: Near=1, Far=5506, Thresh=11.4, Sink_dist=inf
2025-10-07 23:03:42 - orthoroute.algorithms.manhattan.pathfinder.cuda_dijkstra - WARNING -   ROI 27: Near=1, Far=3797, Thresh=11.0, Sink_dist=inf
2025-10-07 23:03:42 - orthoroute.algorithms.manhattan.pathfinder.cuda_dijkstra - WARNING -   ROI 28: Near=1, Far=5511, Thresh=11.4, Sink_dist=inf
2025-10-07 23:03:42 - orthoroute.algorithms.manhattan.pathfinder.cuda_dijkstra - WARNING -   ROI 29: Near=2, Far=4543, Thresh=10.9, Sink_dist=inf
2025-10-07 23:03:42 - orthoroute.algorithms.manhattan.pathfinder.cuda_dijkstra - WARNING -   ROI 30: Near=1, Far=6399, Thresh=12.0, Sink_dist=inf
2025-10-07 23:03:42 - orthoroute.algorithms.manhattan.pathfinder.cuda_dijkstra - WARNING -   ROI 31: Near=2, Far=5452, Thresh=11.2, Sink_dist=inf
2025-10-07 23:03:44 - orthoroute.algorithms.manhattan.pathfinder.cuda_dijkstra - INFO - [DEBUG-GPU] Near-Far iteration 4900
2025-10-07 23:03:44 - orthoroute.algorithms.manhattan.pathfinder.cuda_dijkstra - WARNING - [CUDA-NF] Iteration 4900: 32/32 ROIs active, Near nodes=34, Far nodes=164897
2025-10-07 23:03:44 - orthoroute.algorithms.manhattan.pathfinder.cuda_dijkstra - WARNING -   ROI 0: Near=1, Far=5286, Thresh=12.1, Sink_dist=inf
2025-10-07 23:03:44 - orthoroute.algorithms.manhattan.pathfinder.cuda_dijkstra - WARNING -   ROI 1: Near=1, Far=3691, Thresh=11.3, Sink_dist=inf
2025-10-07 23:03:44 - orthoroute.algorithms.manhattan.pathfinder.cuda_dijkstra - WARNING -   ROI 2: Near=1, Far=5424, Thresh=11.2, Sink_dist=inf
2025-10-07 23:03:44 - orthoroute.algorithms.manhattan.pathfinder.cuda_dijkstra - WARNING -   ROI 3: Near=1, Far=2366, Thresh=12.9, Sink_dist=inf
2025-10-07 23:03:44 - orthoroute.algorithms.manhattan.pathfinder.cuda_dijkstra - WARNING -   ROI 4: Near=1, Far=5345, Thresh=11.3, Sink_dist=inf
2025-10-07 23:03:44 - orthoroute.algorithms.manhattan.pathfinder.cuda_dijkstra - WARNING -   ROI 5: Near=1, Far=4474, Thresh=11.0, Sink_dist=inf
2025-10-07 23:03:44 - orthoroute.algorithms.manhattan.pathfinder.cuda_dijkstra - WARNING -   ROI 6: Near=1, Far=5096, Thresh=12.4, Sink_dist=inf
2025-10-07 23:03:44 - orthoroute.algorithms.manhattan.pathfinder.cuda_dijkstra - WARNING -   ROI 7: Near=1, Far=4832, Thresh=11.5, Sink_dist=inf
2025-10-07 23:03:44 - orthoroute.algorithms.manhattan.pathfinder.cuda_dijkstra - WARNING -   ROI 8: Near=1, Far=5453, Thresh=11.2, Sink_dist=inf
2025-10-07 23:03:44 - orthoroute.algorithms.manhattan.pathfinder.cuda_dijkstra - WARNING -   ROI 9: Near=1, Far=4548, Thresh=11.7, Sink_dist=inf
2025-10-07 23:03:44 - orthoroute.algorithms.manhattan.pathfinder.cuda_dijkstra - WARNING -   ROI 10: Near=1, Far=2719, Thresh=11.7, Sink_dist=inf
2025-10-07 23:03:44 - orthoroute.algorithms.manhattan.pathfinder.cuda_dijkstra - WARNING -   ROI 11: Near=1, Far=2412, Thresh=12.1, Sink_dist=inf
2025-10-07 23:03:44 - orthoroute.algorithms.manhattan.pathfinder.cuda_dijkstra - WARNING -   ROI 12: Near=1, Far=5713, Thresh=11.5, Sink_dist=inf
2025-10-07 23:03:44 - orthoroute.algorithms.manhattan.pathfinder.cuda_dijkstra - WARNING -   ROI 13: Near=1, Far=7119, Thresh=11.9, Sink_dist=inf
2025-10-07 23:03:44 - orthoroute.algorithms.manhattan.pathfinder.cuda_dijkstra - WARNING -   ROI 14: Near=1, Far=7150, Thresh=11.9, Sink_dist=inf
2025-10-07 23:03:44 - orthoroute.algorithms.manhattan.pathfinder.cuda_dijkstra - WARNING -   ROI 15: Near=1, Far=7117, Thresh=11.9, Sink_dist=inf
2025-10-07 23:03:44 - orthoroute.algorithms.manhattan.pathfinder.cuda_dijkstra - WARNING -   ROI 16: Near=1, Far=5544, Thresh=11.5, Sink_dist=inf
2025-10-07 23:03:44 - orthoroute.algorithms.manhattan.pathfinder.cuda_dijkstra - WARNING -   ROI 17: Near=1, Far=5446, Thresh=11.5, Sink_dist=inf
2025-10-07 23:03:44 - orthoroute.algorithms.manhattan.pathfinder.cuda_dijkstra - WARNING -   ROI 18: Near=1, Far=5346, Thresh=11.3, Sink_dist=inf
2025-10-07 23:03:44 - orthoroute.algorithms.manhattan.pathfinder.cuda_dijkstra - WARNING -   ROI 19: Near=1, Far=6309, Thresh=12.1, Sink_dist=inf
2025-10-07 23:03:44 - orthoroute.algorithms.manhattan.pathfinder.cuda_dijkstra - WARNING -   ROI 20: Near=1, Far=5446, Thresh=11.5, Sink_dist=inf
2025-10-07 23:03:44 - orthoroute.algorithms.manhattan.pathfinder.cuda_dijkstra - WARNING -   ROI 21: Near=1, Far=5428, Thresh=11.2, Sink_dist=inf
2025-10-07 23:03:44 - orthoroute.algorithms.manhattan.pathfinder.cuda_dijkstra - WARNING -   ROI 22: Near=1, Far=5443, Thresh=11.5, Sink_dist=inf
2025-10-07 23:03:44 - orthoroute.algorithms.manhattan.pathfinder.cuda_dijkstra - WARNING -   ROI 23: Near=1, Far=4452, Thresh=11.0, Sink_dist=inf
2025-10-07 23:03:44 - orthoroute.algorithms.manhattan.pathfinder.cuda_dijkstra - WARNING -   ROI 24: Near=1, Far=7152, Thresh=11.9, Sink_dist=inf
2025-10-07 23:03:44 - orthoroute.algorithms.manhattan.pathfinder.cuda_dijkstra - WARNING -   ROI 25: Near=1, Far=4489, Thresh=10.9, Sink_dist=inf
2025-10-07 23:03:44 - orthoroute.algorithms.manhattan.pathfinder.cuda_dijkstra - WARNING -   ROI 26: Near=1, Far=5555, Thresh=11.5, Sink_dist=inf
2025-10-07 23:03:44 - orthoroute.algorithms.manhattan.pathfinder.cuda_dijkstra - WARNING -   ROI 27: Near=1, Far=3898, Thresh=11.1, Sink_dist=inf
2025-10-07 23:03:44 - orthoroute.algorithms.manhattan.pathfinder.cuda_dijkstra - WARNING -   ROI 28: Near=1, Far=5527, Thresh=11.5, Sink_dist=inf
2025-10-07 23:03:44 - orthoroute.algorithms.manhattan.pathfinder.cuda_dijkstra - WARNING -   ROI 29: Near=2, Far=4464, Thresh=11.0, Sink_dist=inf
2025-10-07 23:03:44 - orthoroute.algorithms.manhattan.pathfinder.cuda_dijkstra - WARNING -   ROI 30: Near=1, Far=6297, Thresh=12.1, Sink_dist=inf
2025-10-07 23:03:44 - orthoroute.algorithms.manhattan.pathfinder.cuda_dijkstra - WARNING -   ROI 31: Near=2, Far=5356, Thresh=11.3, Sink_dist=inf
2025-10-07 23:03:47 - orthoroute.algorithms.manhattan.pathfinder.cuda_dijkstra - INFO - [DEBUG-GPU] Near-Far iteration 5000
2025-10-07 23:03:47 - orthoroute.algorithms.manhattan.pathfinder.cuda_dijkstra - WARNING - [CUDA-NF] Iteration 5000: 32/32 ROIs active, Near nodes=33, Far nodes=169007
2025-10-07 23:03:47 - orthoroute.algorithms.manhattan.pathfinder.cuda_dijkstra - WARNING -   ROI 0: Near=1, Far=5185, Thresh=12.2, Sink_dist=inf
2025-10-07 23:03:47 - orthoroute.algorithms.manhattan.pathfinder.cuda_dijkstra - WARNING -   ROI 1: Near=1, Far=3591, Thresh=11.3, Sink_dist=inf
2025-10-07 23:03:47 - orthoroute.algorithms.manhattan.pathfinder.cuda_dijkstra - WARNING -   ROI 2: Near=1, Far=5324, Thresh=11.3, Sink_dist=inf
2025-10-07 23:03:47 - orthoroute.algorithms.manhattan.pathfinder.cuda_dijkstra - WARNING -   ROI 3: Near=1, Far=2262, Thresh=12.9, Sink_dist=inf
2025-10-07 23:03:47 - orthoroute.algorithms.manhattan.pathfinder.cuda_dijkstra - WARNING -   ROI 4: Near=1, Far=5242, Thresh=11.3, Sink_dist=inf
2025-10-07 23:03:47 - orthoroute.algorithms.manhattan.pathfinder.cuda_dijkstra - WARNING -   ROI 5: Near=1, Far=4851, Thresh=11.1, Sink_dist=inf
2025-10-07 23:03:47 - orthoroute.algorithms.manhattan.pathfinder.cuda_dijkstra - WARNING -   ROI 6: Near=1, Far=4993, Thresh=12.5, Sink_dist=inf
2025-10-07 23:03:47 - orthoroute.algorithms.manhattan.pathfinder.cuda_dijkstra - WARNING -   ROI 7: Near=1, Far=5198, Thresh=11.5, Sink_dist=inf
2025-10-07 23:03:47 - orthoroute.algorithms.manhattan.pathfinder.cuda_dijkstra - WARNING -   ROI 8: Near=1, Far=5352, Thresh=11.3, Sink_dist=inf
2025-10-07 23:03:47 - orthoroute.algorithms.manhattan.pathfinder.cuda_dijkstra - WARNING -   ROI 9: Near=1, Far=4448, Thresh=11.7, Sink_dist=inf
2025-10-07 23:03:47 - orthoroute.algorithms.manhattan.pathfinder.cuda_dijkstra - WARNING -   ROI 10: Near=1, Far=2859, Thresh=11.9, Sink_dist=inf
2025-10-07 23:03:47 - orthoroute.algorithms.manhattan.pathfinder.cuda_dijkstra - WARNING -   ROI 11: Near=1, Far=2312, Thresh=12.1, Sink_dist=inf
2025-10-07 23:03:47 - orthoroute.algorithms.manhattan.pathfinder.cuda_dijkstra - WARNING -   ROI 12: Near=1, Far=6049, Thresh=11.5, Sink_dist=inf
2025-10-07 23:03:47 - orthoroute.algorithms.manhattan.pathfinder.cuda_dijkstra - WARNING -   ROI 13: Near=1, Far=7232, Thresh=12.0, Sink_dist=inf
2025-10-07 23:03:47 - orthoroute.algorithms.manhattan.pathfinder.cuda_dijkstra - WARNING -   ROI 14: Near=1, Far=7228, Thresh=11.9, Sink_dist=inf
2025-10-07 23:03:47 - orthoroute.algorithms.manhattan.pathfinder.cuda_dijkstra - WARNING -   ROI 15: Near=1, Far=7230, Thresh=11.9, Sink_dist=inf
2025-10-07 23:03:47 - orthoroute.algorithms.manhattan.pathfinder.cuda_dijkstra - WARNING -   ROI 16: Near=1, Far=5929, Thresh=11.5, Sink_dist=inf
2025-10-07 23:03:47 - orthoroute.algorithms.manhattan.pathfinder.cuda_dijkstra - WARNING -   ROI 17: Near=1, Far=5897, Thresh=11.5, Sink_dist=inf
2025-10-07 23:03:47 - orthoroute.algorithms.manhattan.pathfinder.cuda_dijkstra - WARNING -   ROI 18: Near=1, Far=5269, Thresh=11.3, Sink_dist=inf
2025-10-07 23:03:47 - orthoroute.algorithms.manhattan.pathfinder.cuda_dijkstra - WARNING -   ROI 19: Near=1, Far=6206, Thresh=12.2, Sink_dist=inf
2025-10-07 23:03:47 - orthoroute.algorithms.manhattan.pathfinder.cuda_dijkstra - WARNING -   ROI 20: Near=1, Far=5825, Thresh=11.5, Sink_dist=inf
2025-10-07 23:03:47 - orthoroute.algorithms.manhattan.pathfinder.cuda_dijkstra - WARNING -   ROI 21: Near=1, Far=5328, Thresh=11.3, Sink_dist=inf
2025-10-07 23:03:47 - orthoroute.algorithms.manhattan.pathfinder.cuda_dijkstra - WARNING -   ROI 22: Near=1, Far=5947, Thresh=11.5, Sink_dist=inf
2025-10-07 23:03:47 - orthoroute.algorithms.manhattan.pathfinder.cuda_dijkstra - WARNING -   ROI 23: Near=1, Far=4807, Thresh=11.1, Sink_dist=inf
2025-10-07 23:03:47 - orthoroute.algorithms.manhattan.pathfinder.cuda_dijkstra - WARNING -   ROI 24: Near=2, Far=7229, Thresh=12.0, Sink_dist=inf
2025-10-07 23:03:47 - orthoroute.algorithms.manhattan.pathfinder.cuda_dijkstra - WARNING -   ROI 25: Near=1, Far=4623, Thresh=11.1, Sink_dist=inf
2025-10-07 23:03:47 - orthoroute.algorithms.manhattan.pathfinder.cuda_dijkstra - WARNING -   ROI 26: Near=1, Far=5989, Thresh=11.5, Sink_dist=inf
2025-10-07 23:03:47 - orthoroute.algorithms.manhattan.pathfinder.cuda_dijkstra - WARNING -   ROI 27: Near=1, Far=4321, Thresh=11.1, Sink_dist=inf
2025-10-07 23:03:47 - orthoroute.algorithms.manhattan.pathfinder.cuda_dijkstra - WARNING -   ROI 28: Near=1, Far=5927, Thresh=11.5, Sink_dist=inf
2025-10-07 23:03:47 - orthoroute.algorithms.manhattan.pathfinder.cuda_dijkstra - WARNING -   ROI 29: Near=1, Far=4899, Thresh=11.1, Sink_dist=inf
2025-10-07 23:03:47 - orthoroute.algorithms.manhattan.pathfinder.cuda_dijkstra - WARNING -   ROI 30: Near=1, Far=6190, Thresh=12.1, Sink_dist=inf
2025-10-07 23:03:47 - orthoroute.algorithms.manhattan.pathfinder.cuda_dijkstra - WARNING -   ROI 31: Near=1, Far=5265, Thresh=11.3, Sink_dist=inf
2025-10-07 23:03:50 - orthoroute.algorithms.manhattan.pathfinder.cuda_dijkstra - INFO - [DEBUG-GPU] Near-Far iteration 5100
2025-10-07 23:03:50 - orthoroute.algorithms.manhattan.pathfinder.cuda_dijkstra - WARNING - [CUDA-NF] Iteration 5100: 32/32 ROIs active, Near nodes=34, Far nodes=171041
2025-10-07 23:03:50 - orthoroute.algorithms.manhattan.pathfinder.cuda_dijkstra - WARNING -   ROI 0: Near=1, Far=5138, Thresh=12.3, Sink_dist=inf
2025-10-07 23:03:50 - orthoroute.algorithms.manhattan.pathfinder.cuda_dijkstra - WARNING -   ROI 1: Near=1, Far=3568, Thresh=11.5, Sink_dist=inf
2025-10-07 23:03:50 - orthoroute.algorithms.manhattan.pathfinder.cuda_dijkstra - WARNING -   ROI 2: Near=1, Far=5235, Thresh=11.3, Sink_dist=inf
2025-10-07 23:03:50 - orthoroute.algorithms.manhattan.pathfinder.cuda_dijkstra - WARNING -   ROI 3: Near=1, Far=2275, Thresh=13.1, Sink_dist=inf
2025-10-07 23:03:50 - orthoroute.algorithms.manhattan.pathfinder.cuda_dijkstra - WARNING -   ROI 4: Near=1, Far=5166, Thresh=11.4, Sink_dist=inf
2025-10-07 23:03:50 - orthoroute.algorithms.manhattan.pathfinder.cuda_dijkstra - WARNING -   ROI 5: Near=1, Far=5126, Thresh=11.1, Sink_dist=inf
2025-10-07 23:03:50 - orthoroute.algorithms.manhattan.pathfinder.cuda_dijkstra - WARNING -   ROI 6: Near=1, Far=4889, Thresh=12.5, Sink_dist=inf
2025-10-07 23:03:50 - orthoroute.algorithms.manhattan.pathfinder.cuda_dijkstra - WARNING -   ROI 7: Near=1, Far=5272, Thresh=11.6, Sink_dist=inf
2025-10-07 23:03:50 - orthoroute.algorithms.manhattan.pathfinder.cuda_dijkstra - WARNING -   ROI 8: Near=1, Far=5251, Thresh=11.3, Sink_dist=inf
2025-10-07 23:03:50 - orthoroute.algorithms.manhattan.pathfinder.cuda_dijkstra - WARNING -   ROI 9: Near=1, Far=4368, Thresh=11.8, Sink_dist=inf
2025-10-07 23:03:50 - orthoroute.algorithms.manhattan.pathfinder.cuda_dijkstra - WARNING -   ROI 10: Near=1, Far=3143, Thresh=12.0, Sink_dist=inf
2025-10-07 23:03:50 - orthoroute.algorithms.manhattan.pathfinder.cuda_dijkstra - WARNING -   ROI 11: Near=1, Far=2211, Thresh=12.1, Sink_dist=inf
2025-10-07 23:03:50 - orthoroute.algorithms.manhattan.pathfinder.cuda_dijkstra - WARNING -   ROI 12: Near=1, Far=6150, Thresh=11.6, Sink_dist=inf
2025-10-07 23:03:50 - orthoroute.algorithms.manhattan.pathfinder.cuda_dijkstra - WARNING -   ROI 13: Near=1, Far=7132, Thresh=12.0, Sink_dist=inf
2025-10-07 23:03:50 - orthoroute.algorithms.manhattan.pathfinder.cuda_dijkstra - WARNING -   ROI 14: Near=1, Far=7126, Thresh=12.0, Sink_dist=inf
2025-10-07 23:03:50 - orthoroute.algorithms.manhattan.pathfinder.cuda_dijkstra - WARNING -   ROI 15: Near=2, Far=7128, Thresh=12.0, Sink_dist=inf
2025-10-07 23:03:50 - orthoroute.algorithms.manhattan.pathfinder.cuda_dijkstra - WARNING -   ROI 16: Near=1, Far=6154, Thresh=11.6, Sink_dist=inf
2025-10-07 23:03:50 - orthoroute.algorithms.manhattan.pathfinder.cuda_dijkstra - WARNING -   ROI 17: Near=1, Far=6217, Thresh=11.5, Sink_dist=inf
2025-10-07 23:03:50 - orthoroute.algorithms.manhattan.pathfinder.cuda_dijkstra - WARNING -   ROI 18: Near=1, Far=5169, Thresh=11.4, Sink_dist=inf
2025-10-07 23:03:50 - orthoroute.algorithms.manhattan.pathfinder.cuda_dijkstra - WARNING -   ROI 19: Near=1, Far=6113, Thresh=12.2, Sink_dist=inf
2025-10-07 23:03:50 - orthoroute.algorithms.manhattan.pathfinder.cuda_dijkstra - WARNING -   ROI 20: Near=1, Far=6160, Thresh=11.5, Sink_dist=inf
2025-10-07 23:03:50 - orthoroute.algorithms.manhattan.pathfinder.cuda_dijkstra - WARNING -   ROI 21: Near=1, Far=5238, Thresh=11.3, Sink_dist=inf
2025-10-07 23:03:50 - orthoroute.algorithms.manhattan.pathfinder.cuda_dijkstra - WARNING -   ROI 22: Near=1, Far=6229, Thresh=11.5, Sink_dist=inf
2025-10-07 23:03:50 - orthoroute.algorithms.manhattan.pathfinder.cuda_dijkstra - WARNING -   ROI 23: Near=1, Far=5147, Thresh=11.2, Sink_dist=inf
2025-10-07 23:03:50 - orthoroute.algorithms.manhattan.pathfinder.cuda_dijkstra - WARNING -   ROI 24: Near=1, Far=7129, Thresh=12.1, Sink_dist=inf
2025-10-07 23:03:50 - orthoroute.algorithms.manhattan.pathfinder.cuda_dijkstra - WARNING -   ROI 25: Near=1, Far=5139, Thresh=11.1, Sink_dist=inf
2025-10-07 23:03:50 - orthoroute.algorithms.manhattan.pathfinder.cuda_dijkstra - WARNING -   ROI 26: Near=1, Far=6175, Thresh=11.6, Sink_dist=inf
2025-10-07 23:03:50 - orthoroute.algorithms.manhattan.pathfinder.cuda_dijkstra - WARNING -   ROI 27: Near=2, Far=4358, Thresh=11.2, Sink_dist=inf
2025-10-07 23:03:50 - orthoroute.algorithms.manhattan.pathfinder.cuda_dijkstra - WARNING -   ROI 28: Near=1, Far=6158, Thresh=11.6, Sink_dist=inf
2025-10-07 23:03:50 - orthoroute.algorithms.manhattan.pathfinder.cuda_dijkstra - WARNING -   ROI 29: Near=1, Far=5202, Thresh=11.1, Sink_dist=inf
2025-10-07 23:03:50 - orthoroute.algorithms.manhattan.pathfinder.cuda_dijkstra - WARNING -   ROI 30: Near=1, Far=6110, Thresh=12.2, Sink_dist=inf
2025-10-07 23:03:50 - orthoroute.algorithms.manhattan.pathfinder.cuda_dijkstra - WARNING -   ROI 31: Near=1, Far=5165, Thresh=11.4, Sink_dist=inf
2025-10-07 23:03:52 - orthoroute.algorithms.manhattan.pathfinder.cuda_dijkstra - INFO - [DEBUG-GPU] Near-Far iteration 5200
2025-10-07 23:03:52 - orthoroute.algorithms.manhattan.pathfinder.cuda_dijkstra - WARNING - [CUDA-NF] Iteration 5200: 32/32 ROIs active, Near nodes=32, Far nodes=170939
2025-10-07 23:03:52 - orthoroute.algorithms.manhattan.pathfinder.cuda_dijkstra - WARNING -   ROI 0: Near=1, Far=5707, Thresh=12.3, Sink_dist=inf
2025-10-07 23:03:52 - orthoroute.algorithms.manhattan.pathfinder.cuda_dijkstra - WARNING -   ROI 1: Near=1, Far=3986, Thresh=11.5, Sink_dist=inf
2025-10-07 23:03:52 - orthoroute.algorithms.manhattan.pathfinder.cuda_dijkstra - WARNING -   ROI 2: Near=1, Far=5179, Thresh=11.4, Sink_dist=inf
2025-10-07 23:03:52 - orthoroute.algorithms.manhattan.pathfinder.cuda_dijkstra - WARNING -   ROI 3: Near=1, Far=2537, Thresh=13.1, Sink_dist=inf
2025-10-07 23:03:52 - orthoroute.algorithms.manhattan.pathfinder.cuda_dijkstra - WARNING -   ROI 4: Near=1, Far=5275, Thresh=11.5, Sink_dist=inf
2025-10-07 23:03:52 - orthoroute.algorithms.manhattan.pathfinder.cuda_dijkstra - WARNING -   ROI 5: Near=1, Far=5091, Thresh=11.2, Sink_dist=inf
2025-10-07 23:03:52 - orthoroute.algorithms.manhattan.pathfinder.cuda_dijkstra - WARNING -   ROI 6: Near=1, Far=4787, Thresh=12.6, Sink_dist=inf
2025-10-07 23:03:52 - orthoroute.algorithms.manhattan.pathfinder.cuda_dijkstra - WARNING -   ROI 7: Near=1, Far=5169, Thresh=11.7, Sink_dist=inf
2025-10-07 23:03:52 - orthoroute.algorithms.manhattan.pathfinder.cuda_dijkstra - WARNING -   ROI 8: Near=1, Far=5173, Thresh=11.4, Sink_dist=inf
2025-10-07 23:03:52 - orthoroute.algorithms.manhattan.pathfinder.cuda_dijkstra - WARNING -   ROI 9: Near=1, Far=4509, Thresh=11.9, Sink_dist=inf
2025-10-07 23:03:52 - orthoroute.algorithms.manhattan.pathfinder.cuda_dijkstra - WARNING -   ROI 10: Near=1, Far=3129, Thresh=12.1, Sink_dist=inf
2025-10-07 23:03:52 - orthoroute.algorithms.manhattan.pathfinder.cuda_dijkstra - WARNING -   ROI 11: Near=1, Far=2343, Thresh=12.4, Sink_dist=inf
2025-10-07 23:03:52 - orthoroute.algorithms.manhattan.pathfinder.cuda_dijkstra - WARNING -   ROI 12: Near=1, Far=6045, Thresh=11.6, Sink_dist=inf
2025-10-07 23:03:52 - orthoroute.algorithms.manhattan.pathfinder.cuda_dijkstra - WARNING -   ROI 13: Near=1, Far=7027, Thresh=12.1, Sink_dist=inf
2025-10-07 23:03:52 - orthoroute.algorithms.manhattan.pathfinder.cuda_dijkstra - WARNING -   ROI 14: Near=1, Far=7042, Thresh=12.1, Sink_dist=inf
2025-10-07 23:03:52 - orthoroute.algorithms.manhattan.pathfinder.cuda_dijkstra - WARNING -   ROI 15: Near=1, Far=7045, Thresh=12.1, Sink_dist=inf
2025-10-07 23:03:52 - orthoroute.algorithms.manhattan.pathfinder.cuda_dijkstra - WARNING -   ROI 16: Near=1, Far=6101, Thresh=11.6, Sink_dist=inf
2025-10-07 23:03:52 - orthoroute.algorithms.manhattan.pathfinder.cuda_dijkstra - WARNING -   ROI 17: Near=1, Far=6134, Thresh=11.6, Sink_dist=inf
2025-10-07 23:03:52 - orthoroute.algorithms.manhattan.pathfinder.cuda_dijkstra - WARNING -   ROI 18: Near=1, Far=5199, Thresh=11.5, Sink_dist=inf
2025-10-07 23:03:52 - orthoroute.algorithms.manhattan.pathfinder.cuda_dijkstra - WARNING -   ROI 19: Near=1, Far=6023, Thresh=12.3, Sink_dist=inf
2025-10-07 23:03:52 - orthoroute.algorithms.manhattan.pathfinder.cuda_dijkstra - WARNING -   ROI 20: Near=1, Far=6133, Thresh=11.6, Sink_dist=inf
2025-10-07 23:03:52 - orthoroute.algorithms.manhattan.pathfinder.cuda_dijkstra - WARNING -   ROI 21: Near=1, Far=5160, Thresh=11.4, Sink_dist=inf
2025-10-07 23:03:52 - orthoroute.algorithms.manhattan.pathfinder.cuda_dijkstra - WARNING -   ROI 22: Near=1, Far=6129, Thresh=11.6, Sink_dist=inf
2025-10-07 23:03:52 - orthoroute.algorithms.manhattan.pathfinder.cuda_dijkstra - WARNING -   ROI 23: Near=1, Far=5104, Thresh=11.2, Sink_dist=inf
2025-10-07 23:03:52 - orthoroute.algorithms.manhattan.pathfinder.cuda_dijkstra - WARNING -   ROI 24: Near=1, Far=7024, Thresh=12.1, Sink_dist=inf
2025-10-07 23:03:52 - orthoroute.algorithms.manhattan.pathfinder.cuda_dijkstra - WARNING -   ROI 25: Near=1, Far=5131, Thresh=11.2, Sink_dist=inf
2025-10-07 23:03:52 - orthoroute.algorithms.manhattan.pathfinder.cuda_dijkstra - WARNING -   ROI 26: Near=1, Far=6092, Thresh=11.6, Sink_dist=inf
2025-10-07 23:03:52 - orthoroute.algorithms.manhattan.pathfinder.cuda_dijkstra - WARNING -   ROI 27: Near=1, Far=4258, Thresh=11.2, Sink_dist=inf
2025-10-07 23:03:52 - orthoroute.algorithms.manhattan.pathfinder.cuda_dijkstra - WARNING -   ROI 28: Near=1, Far=6097, Thresh=11.6, Sink_dist=inf
2025-10-07 23:03:52 - orthoroute.algorithms.manhattan.pathfinder.cuda_dijkstra - WARNING -   ROI 29: Near=1, Far=5101, Thresh=11.2, Sink_dist=inf
2025-10-07 23:03:52 - orthoroute.algorithms.manhattan.pathfinder.cuda_dijkstra - WARNING -   ROI 30: Near=1, Far=6010, Thresh=12.3, Sink_dist=inf
2025-10-07 23:03:52 - orthoroute.algorithms.manhattan.pathfinder.cuda_dijkstra - WARNING -   ROI 31: Near=1, Far=5199, Thresh=11.5, Sink_dist=inf
2025-10-07 23:03:54 - orthoroute.algorithms.manhattan.pathfinder.cuda_dijkstra - INFO - [DEBUG-GPU] Near-Far iteration 5300
2025-10-07 23:03:54 - orthoroute.algorithms.manhattan.pathfinder.cuda_dijkstra - WARNING - [CUDA-NF] Iteration 5300: 32/32 ROIs active, Near nodes=32, Far nodes=172939
2025-10-07 23:03:54 - orthoroute.algorithms.manhattan.pathfinder.cuda_dijkstra - WARNING -   ROI 0: Near=1, Far=5787, Thresh=12.4, Sink_dist=inf
2025-10-07 23:03:54 - orthoroute.algorithms.manhattan.pathfinder.cuda_dijkstra - WARNING -   ROI 1: Near=1, Far=4132, Thresh=11.6, Sink_dist=inf
2025-10-07 23:03:54 - orthoroute.algorithms.manhattan.pathfinder.cuda_dijkstra - WARNING -   ROI 2: Near=1, Far=5380, Thresh=11.5, Sink_dist=inf
2025-10-07 23:03:54 - orthoroute.algorithms.manhattan.pathfinder.cuda_dijkstra - WARNING -   ROI 3: Near=1, Far=2565, Thresh=13.2, Sink_dist=inf
2025-10-07 23:03:54 - orthoroute.algorithms.manhattan.pathfinder.cuda_dijkstra - WARNING -   ROI 4: Near=1, Far=5751, Thresh=11.5, Sink_dist=inf
2025-10-07 23:03:54 - orthoroute.algorithms.manhattan.pathfinder.cuda_dijkstra - WARNING -   ROI 5: Near=1, Far=4991, Thresh=11.2, Sink_dist=inf
2025-10-07 23:03:54 - orthoroute.algorithms.manhattan.pathfinder.cuda_dijkstra - WARNING -   ROI 6: Near=1, Far=4702, Thresh=12.7, Sink_dist=inf
2025-10-07 23:03:54 - orthoroute.algorithms.manhattan.pathfinder.cuda_dijkstra - WARNING -   ROI 7: Near=1, Far=5069, Thresh=11.7, Sink_dist=inf
2025-10-07 23:03:54 - orthoroute.algorithms.manhattan.pathfinder.cuda_dijkstra - WARNING -   ROI 8: Near=1, Far=5289, Thresh=11.5, Sink_dist=inf
2025-10-07 23:03:54 - orthoroute.algorithms.manhattan.pathfinder.cuda_dijkstra - WARNING -   ROI 9: Near=1, Far=4806, Thresh=11.9, Sink_dist=inf
2025-10-07 23:03:54 - orthoroute.algorithms.manhattan.pathfinder.cuda_dijkstra - WARNING -   ROI 10: Near=1, Far=3028, Thresh=12.1, Sink_dist=inf
2025-10-07 23:03:54 - orthoroute.algorithms.manhattan.pathfinder.cuda_dijkstra - WARNING -   ROI 11: Near=1, Far=2573, Thresh=12.4, Sink_dist=inf
2025-10-07 23:03:54 - orthoroute.algorithms.manhattan.pathfinder.cuda_dijkstra - WARNING -   ROI 12: Near=1, Far=5943, Thresh=11.7, Sink_dist=inf
2025-10-07 23:03:54 - orthoroute.algorithms.manhattan.pathfinder.cuda_dijkstra - WARNING -   ROI 13: Near=1, Far=6944, Thresh=12.2, Sink_dist=inf
2025-10-07 23:03:54 - orthoroute.algorithms.manhattan.pathfinder.cuda_dijkstra - WARNING -   ROI 14: Near=1, Far=6936, Thresh=12.1, Sink_dist=inf
2025-10-07 23:03:54 - orthoroute.algorithms.manhattan.pathfinder.cuda_dijkstra - WARNING -   ROI 15: Near=1, Far=6939, Thresh=12.1, Sink_dist=inf
2025-10-07 23:03:54 - orthoroute.algorithms.manhattan.pathfinder.cuda_dijkstra - WARNING -   ROI 16: Near=1, Far=6001, Thresh=11.7, Sink_dist=inf
2025-10-07 23:03:54 - orthoroute.algorithms.manhattan.pathfinder.cuda_dijkstra - WARNING -   ROI 17: Near=1, Far=6032, Thresh=11.7, Sink_dist=inf
2025-10-07 23:03:54 - orthoroute.algorithms.manhattan.pathfinder.cuda_dijkstra - WARNING -   ROI 18: Near=1, Far=5757, Thresh=11.5, Sink_dist=inf
2025-10-07 23:03:54 - orthoroute.algorithms.manhattan.pathfinder.cuda_dijkstra - WARNING -   ROI 19: Near=1, Far=6328, Thresh=12.4, Sink_dist=inf
2025-10-07 23:03:54 - orthoroute.algorithms.manhattan.pathfinder.cuda_dijkstra - WARNING -   ROI 20: Near=1, Far=6031, Thresh=11.7, Sink_dist=inf
2025-10-07 23:03:54 - orthoroute.algorithms.manhattan.pathfinder.cuda_dijkstra - WARNING -   ROI 21: Near=1, Far=5309, Thresh=11.5, Sink_dist=inf
2025-10-07 23:03:54 - orthoroute.algorithms.manhattan.pathfinder.cuda_dijkstra - WARNING -   ROI 22: Near=1, Far=6026, Thresh=11.7, Sink_dist=inf
2025-10-07 23:03:54 - orthoroute.algorithms.manhattan.pathfinder.cuda_dijkstra - WARNING -   ROI 23: Near=1, Far=5003, Thresh=11.3, Sink_dist=inf
2025-10-07 23:03:54 - orthoroute.algorithms.manhattan.pathfinder.cuda_dijkstra - WARNING -   ROI 24: Near=1, Far=6943, Thresh=12.2, Sink_dist=inf
2025-10-07 23:03:54 - orthoroute.algorithms.manhattan.pathfinder.cuda_dijkstra - WARNING -   ROI 25: Near=1, Far=5031, Thresh=11.2, Sink_dist=inf
2025-10-07 23:03:54 - orthoroute.algorithms.manhattan.pathfinder.cuda_dijkstra - WARNING -   ROI 26: Near=1, Far=5992, Thresh=11.7, Sink_dist=inf
2025-10-07 23:03:54 - orthoroute.algorithms.manhattan.pathfinder.cuda_dijkstra - WARNING -   ROI 27: Near=1, Far=4158, Thresh=11.3, Sink_dist=inf
2025-10-07 23:03:54 - orthoroute.algorithms.manhattan.pathfinder.cuda_dijkstra - WARNING -   ROI 28: Near=1, Far=5997, Thresh=11.7, Sink_dist=inf
2025-10-07 23:03:54 - orthoroute.algorithms.manhattan.pathfinder.cuda_dijkstra - WARNING -   ROI 29: Near=1, Far=5000, Thresh=11.3, Sink_dist=inf
2025-10-07 23:03:54 - orthoroute.algorithms.manhattan.pathfinder.cuda_dijkstra - WARNING -   ROI 30: Near=1, Far=6759, Thresh=12.3, Sink_dist=inf
2025-10-07 23:03:54 - orthoroute.algorithms.manhattan.pathfinder.cuda_dijkstra - WARNING -   ROI 31: Near=1, Far=5737, Thresh=11.5, Sink_dist=inf
2025-10-07 23:03:56 - orthoroute.algorithms.manhattan.pathfinder.cuda_dijkstra - INFO - [DEBUG-GPU] Near-Far iteration 5400
2025-10-07 23:03:56 - orthoroute.algorithms.manhattan.pathfinder.cuda_dijkstra - WARNING - [CUDA-NF] Iteration 5400: 32/32 ROIs active, Near nodes=32, Far nodes=173476
2025-10-07 23:03:56 - orthoroute.algorithms.manhattan.pathfinder.cuda_dijkstra - WARNING -   ROI 0: Near=1, Far=5684, Thresh=12.5, Sink_dist=inf
2025-10-07 23:03:56 - orthoroute.algorithms.manhattan.pathfinder.cuda_dijkstra - WARNING -   ROI 1: Near=1, Far=4032, Thresh=11.6, Sink_dist=inf
2025-10-07 23:03:56 - orthoroute.algorithms.manhattan.pathfinder.cuda_dijkstra - WARNING -   ROI 2: Near=1, Far=5755, Thresh=11.5, Sink_dist=inf
2025-10-07 23:03:56 - orthoroute.algorithms.manhattan.pathfinder.cuda_dijkstra - WARNING -   ROI 3: Near=1, Far=2464, Thresh=13.3, Sink_dist=inf
2025-10-07 23:03:56 - orthoroute.algorithms.manhattan.pathfinder.cuda_dijkstra - WARNING -   ROI 4: Near=1, Far=5851, Thresh=11.6, Sink_dist=inf
2025-10-07 23:03:56 - orthoroute.algorithms.manhattan.pathfinder.cuda_dijkstra - WARNING -   ROI 5: Near=1, Far=4890, Thresh=11.3, Sink_dist=inf
2025-10-07 23:03:56 - orthoroute.algorithms.manhattan.pathfinder.cuda_dijkstra - WARNING -   ROI 6: Near=1, Far=5133, Thresh=12.8, Sink_dist=inf
2025-10-07 23:03:56 - orthoroute.algorithms.manhattan.pathfinder.cuda_dijkstra - WARNING -   ROI 7: Near=1, Far=4991, Thresh=11.8, Sink_dist=inf
2025-10-07 23:03:56 - orthoroute.algorithms.manhattan.pathfinder.cuda_dijkstra - WARNING -   ROI 8: Near=1, Far=5697, Thresh=11.5, Sink_dist=inf
2025-10-07 23:03:56 - orthoroute.algorithms.manhattan.pathfinder.cuda_dijkstra - WARNING -   ROI 9: Near=1, Far=4929, Thresh=12.0, Sink_dist=inf
2025-10-07 23:03:56 - orthoroute.algorithms.manhattan.pathfinder.cuda_dijkstra - WARNING -   ROI 10: Near=1, Far=2926, Thresh=12.1, Sink_dist=inf
2025-10-07 23:03:56 - orthoroute.algorithms.manhattan.pathfinder.cuda_dijkstra - WARNING -   ROI 11: Near=1, Far=2560, Thresh=12.5, Sink_dist=inf
2025-10-07 23:03:56 - orthoroute.algorithms.manhattan.pathfinder.cuda_dijkstra - WARNING -   ROI 12: Near=1, Far=5866, Thresh=11.8, Sink_dist=inf
2025-10-07 23:03:56 - orthoroute.algorithms.manhattan.pathfinder.cuda_dijkstra - WARNING -   ROI 13: Near=1, Far=6844, Thresh=12.2, Sink_dist=inf
2025-10-07 23:03:56 - orthoroute.algorithms.manhattan.pathfinder.cuda_dijkstra - WARNING -   ROI 14: Near=1, Far=6838, Thresh=12.2, Sink_dist=inf
2025-10-07 23:03:56 - orthoroute.algorithms.manhattan.pathfinder.cuda_dijkstra - WARNING -   ROI 15: Near=1, Far=6839, Thresh=12.2, Sink_dist=inf
2025-10-07 23:03:56 - orthoroute.algorithms.manhattan.pathfinder.cuda_dijkstra - WARNING -   ROI 16: Near=1, Far=5925, Thresh=11.7, Sink_dist=inf
2025-10-07 23:03:56 - orthoroute.algorithms.manhattan.pathfinder.cuda_dijkstra - WARNING -   ROI 17: Near=1, Far=5930, Thresh=11.7, Sink_dist=inf
2025-10-07 23:03:56 - orthoroute.algorithms.manhattan.pathfinder.cuda_dijkstra - WARNING -   ROI 18: Near=1, Far=5855, Thresh=11.6, Sink_dist=inf
2025-10-07 23:03:56 - orthoroute.algorithms.manhattan.pathfinder.cuda_dijkstra - WARNING -   ROI 19: Near=1, Far=6813, Thresh=12.4, Sink_dist=inf
2025-10-07 23:03:56 - orthoroute.algorithms.manhattan.pathfinder.cuda_dijkstra - WARNING -   ROI 20: Near=1, Far=5931, Thresh=11.7, Sink_dist=inf
2025-10-07 23:03:56 - orthoroute.algorithms.manhattan.pathfinder.cuda_dijkstra - WARNING -   ROI 21: Near=1, Far=5687, Thresh=11.5, Sink_dist=inf
2025-10-07 23:03:56 - orthoroute.algorithms.manhattan.pathfinder.cuda_dijkstra - WARNING -   ROI 22: Near=1, Far=5924, Thresh=11.7, Sink_dist=inf
2025-10-07 23:03:56 - orthoroute.algorithms.manhattan.pathfinder.cuda_dijkstra - WARNING -   ROI 23: Near=1, Far=4899, Thresh=11.3, Sink_dist=inf
2025-10-07 23:03:56 - orthoroute.algorithms.manhattan.pathfinder.cuda_dijkstra - WARNING -   ROI 24: Near=1, Far=6841, Thresh=12.2, Sink_dist=inf
2025-10-07 23:03:56 - orthoroute.algorithms.manhattan.pathfinder.cuda_dijkstra - WARNING -   ROI 25: Near=1, Far=4953, Thresh=11.3, Sink_dist=inf
2025-10-07 23:03:56 - orthoroute.algorithms.manhattan.pathfinder.cuda_dijkstra - WARNING -   ROI 26: Near=1, Far=5902, Thresh=11.8, Sink_dist=inf
2025-10-07 23:03:56 - orthoroute.algorithms.manhattan.pathfinder.cuda_dijkstra - WARNING -   ROI 27: Near=1, Far=4057, Thresh=11.3, Sink_dist=inf
2025-10-07 23:03:56 - orthoroute.algorithms.manhattan.pathfinder.cuda_dijkstra - WARNING -   ROI 28: Near=1, Far=5907, Thresh=11.8, Sink_dist=inf
2025-10-07 23:03:56 - orthoroute.algorithms.manhattan.pathfinder.cuda_dijkstra - WARNING -   ROI 29: Near=1, Far=4900, Thresh=11.3, Sink_dist=inf
2025-10-07 23:03:56 - orthoroute.algorithms.manhattan.pathfinder.cuda_dijkstra - WARNING -   ROI 30: Near=1, Far=6798, Thresh=12.4, Sink_dist=inf
2025-10-07 23:03:56 - orthoroute.algorithms.manhattan.pathfinder.cuda_dijkstra - WARNING -   ROI 31: Near=1, Far=5855, Thresh=11.6, Sink_dist=inf
2025-10-07 23:03:58 - orthoroute.algorithms.manhattan.pathfinder.cuda_dijkstra - INFO - [DEBUG-GPU] Near-Far iteration 5500
2025-10-07 23:03:58 - orthoroute.algorithms.manhattan.pathfinder.cuda_dijkstra - WARNING - [CUDA-NF] Iteration 5500: 32/32 ROIs active, Near nodes=33, Far nodes=172799
2025-10-07 23:03:58 - orthoroute.algorithms.manhattan.pathfinder.cuda_dijkstra - WARNING -   ROI 0: Near=1, Far=5600, Thresh=12.5, Sink_dist=inf
2025-10-07 23:03:58 - orthoroute.algorithms.manhattan.pathfinder.cuda_dijkstra - WARNING -   ROI 1: Near=1, Far=3932, Thresh=11.7, Sink_dist=inf
2025-10-07 23:03:58 - orthoroute.algorithms.manhattan.pathfinder.cuda_dijkstra - WARNING -   ROI 2: Near=1, Far=5833, Thresh=11.6, Sink_dist=inf
2025-10-07 23:03:58 - orthoroute.algorithms.manhattan.pathfinder.cuda_dijkstra - WARNING -   ROI 3: Near=1, Far=2354, Thresh=13.3, Sink_dist=inf
2025-10-07 23:03:58 - orthoroute.algorithms.manhattan.pathfinder.cuda_dijkstra - WARNING -   ROI 4: Near=1, Far=5751, Thresh=11.7, Sink_dist=inf
2025-10-07 23:03:58 - orthoroute.algorithms.manhattan.pathfinder.cuda_dijkstra - WARNING -   ROI 5: Near=1, Far=4814, Thresh=11.3, Sink_dist=inf
2025-10-07 23:03:58 - orthoroute.algorithms.manhattan.pathfinder.cuda_dijkstra - WARNING -   ROI 6: Near=1, Far=5351, Thresh=12.9, Sink_dist=inf
2025-10-07 23:03:58 - orthoroute.algorithms.manhattan.pathfinder.cuda_dijkstra - WARNING -   ROI 7: Near=1, Far=5027, Thresh=11.9, Sink_dist=inf
2025-10-07 23:03:58 - orthoroute.algorithms.manhattan.pathfinder.cuda_dijkstra - WARNING -   ROI 8: Near=1, Far=5859, Thresh=11.6, Sink_dist=inf
2025-10-07 23:03:58 - orthoroute.algorithms.manhattan.pathfinder.cuda_dijkstra - WARNING -   ROI 9: Near=1, Far=4830, Thresh=12.1, Sink_dist=inf
2025-10-07 23:03:58 - orthoroute.algorithms.manhattan.pathfinder.cuda_dijkstra - WARNING -   ROI 10: Near=1, Far=2834, Thresh=12.2, Sink_dist=inf
2025-10-07 23:03:58 - orthoroute.algorithms.manhattan.pathfinder.cuda_dijkstra - WARNING -   ROI 11: Near=1, Far=2460, Thresh=12.5, Sink_dist=inf
2025-10-07 23:03:58 - orthoroute.algorithms.manhattan.pathfinder.cuda_dijkstra - WARNING -   ROI 12: Near=1, Far=5925, Thresh=11.9, Sink_dist=inf
2025-10-07 23:03:58 - orthoroute.algorithms.manhattan.pathfinder.cuda_dijkstra - WARNING -   ROI 13: Near=1, Far=6856, Thresh=12.3, Sink_dist=inf
2025-10-07 23:03:58 - orthoroute.algorithms.manhattan.pathfinder.cuda_dijkstra - WARNING -   ROI 14: Near=1, Far=7135, Thresh=12.3, Sink_dist=inf
2025-10-07 23:03:58 - orthoroute.algorithms.manhattan.pathfinder.cuda_dijkstra - WARNING -   ROI 15: Near=1, Far=7090, Thresh=12.3, Sink_dist=inf
2025-10-07 23:03:58 - orthoroute.algorithms.manhattan.pathfinder.cuda_dijkstra - WARNING -   ROI 16: Near=1, Far=5856, Thresh=11.8, Sink_dist=inf
2025-10-07 23:03:58 - orthoroute.algorithms.manhattan.pathfinder.cuda_dijkstra - WARNING -   ROI 17: Near=1, Far=5854, Thresh=11.8, Sink_dist=inf
2025-10-07 23:03:58 - orthoroute.algorithms.manhattan.pathfinder.cuda_dijkstra - WARNING -   ROI 18: Near=1, Far=5752, Thresh=11.6, Sink_dist=inf
2025-10-07 23:03:58 - orthoroute.algorithms.manhattan.pathfinder.cuda_dijkstra - WARNING -   ROI 19: Near=1, Far=6713, Thresh=12.5, Sink_dist=inf
2025-10-07 23:03:58 - orthoroute.algorithms.manhattan.pathfinder.cuda_dijkstra - WARNING -   ROI 20: Near=1, Far=5843, Thresh=11.8, Sink_dist=inf
2025-10-07 23:03:58 - orthoroute.algorithms.manhattan.pathfinder.cuda_dijkstra - WARNING -   ROI 21: Near=1, Far=5839, Thresh=11.6, Sink_dist=inf
2025-10-07 23:03:58 - orthoroute.algorithms.manhattan.pathfinder.cuda_dijkstra - WARNING -   ROI 22: Near=1, Far=5846, Thresh=11.8, Sink_dist=inf
2025-10-07 23:03:58 - orthoroute.algorithms.manhattan.pathfinder.cuda_dijkstra - WARNING -   ROI 23: Near=1, Far=4797, Thresh=11.4, Sink_dist=inf
2025-10-07 23:03:58 - orthoroute.algorithms.manhattan.pathfinder.cuda_dijkstra - WARNING -   ROI 24: Near=2, Far=6899, Thresh=12.3, Sink_dist=inf
2025-10-07 23:03:58 - orthoroute.algorithms.manhattan.pathfinder.cuda_dijkstra - WARNING -   ROI 25: Near=1, Far=4853, Thresh=11.3, Sink_dist=inf
2025-10-07 23:03:58 - orthoroute.algorithms.manhattan.pathfinder.cuda_dijkstra - WARNING -   ROI 26: Near=1, Far=5836, Thresh=11.8, Sink_dist=inf
2025-10-07 23:03:58 - orthoroute.algorithms.manhattan.pathfinder.cuda_dijkstra - WARNING -   ROI 27: Near=1, Far=3987, Thresh=11.4, Sink_dist=inf
2025-10-07 23:03:58 - orthoroute.algorithms.manhattan.pathfinder.cuda_dijkstra - WARNING -   ROI 28: Near=1, Far=5830, Thresh=11.8, Sink_dist=inf
2025-10-07 23:03:58 - orthoroute.algorithms.manhattan.pathfinder.cuda_dijkstra - WARNING -   ROI 29: Near=1, Far=4796, Thresh=11.4, Sink_dist=inf
2025-10-07 23:03:58 - orthoroute.algorithms.manhattan.pathfinder.cuda_dijkstra - WARNING -   ROI 30: Near=1, Far=6696, Thresh=12.5, Sink_dist=inf
2025-10-07 23:03:58 - orthoroute.algorithms.manhattan.pathfinder.cuda_dijkstra - WARNING -   ROI 31: Near=1, Far=5751, Thresh=11.6, Sink_dist=inf
2025-10-07 23:04:00 - orthoroute.algorithms.manhattan.pathfinder.cuda_dijkstra - INFO - [DEBUG-GPU] Near-Far iteration 5600
2025-10-07 23:04:00 - orthoroute.algorithms.manhattan.pathfinder.cuda_dijkstra - WARNING - [CUDA-NF] Iteration 5600: 32/32 ROIs active, Near nodes=32, Far nodes=175799
2025-10-07 23:04:00 - orthoroute.algorithms.manhattan.pathfinder.cuda_dijkstra - WARNING -   ROI 0: Near=1, Far=5499, Thresh=12.6, Sink_dist=inf
2025-10-07 23:04:00 - orthoroute.algorithms.manhattan.pathfinder.cuda_dijkstra - WARNING -   ROI 1: Near=1, Far=3832, Thresh=11.7, Sink_dist=inf
2025-10-07 23:04:00 - orthoroute.algorithms.manhattan.pathfinder.cuda_dijkstra - WARNING -   ROI 2: Near=1, Far=5733, Thresh=11.6, Sink_dist=inf
2025-10-07 23:04:00 - orthoroute.algorithms.manhattan.pathfinder.cuda_dijkstra - WARNING -   ROI 3: Near=1, Far=2411, Thresh=13.5, Sink_dist=inf
2025-10-07 23:04:00 - orthoroute.algorithms.manhattan.pathfinder.cuda_dijkstra - WARNING -   ROI 4: Near=1, Far=5646, Thresh=11.7, Sink_dist=inf
2025-10-07 23:04:00 - orthoroute.algorithms.manhattan.pathfinder.cuda_dijkstra - WARNING -   ROI 5: Near=1, Far=4780, Thresh=11.4, Sink_dist=inf
2025-10-07 23:04:00 - orthoroute.algorithms.manhattan.pathfinder.cuda_dijkstra - WARNING -   ROI 6: Near=1, Far=5249, Thresh=12.9, Sink_dist=inf
2025-10-07 23:04:00 - orthoroute.algorithms.manhattan.pathfinder.cuda_dijkstra - WARNING -   ROI 7: Near=1, Far=5370, Thresh=11.9, Sink_dist=inf
2025-10-07 23:04:00 - orthoroute.algorithms.manhattan.pathfinder.cuda_dijkstra - WARNING -   ROI 8: Near=1, Far=5761, Thresh=11.6, Sink_dist=inf
2025-10-07 23:04:00 - orthoroute.algorithms.manhattan.pathfinder.cuda_dijkstra - WARNING -   ROI 9: Near=1, Far=4728, Thresh=12.1, Sink_dist=inf
2025-10-07 23:04:00 - orthoroute.algorithms.manhattan.pathfinder.cuda_dijkstra - WARNING -   ROI 10: Near=1, Far=3107, Thresh=12.4, Sink_dist=inf
2025-10-07 23:04:00 - orthoroute.algorithms.manhattan.pathfinder.cuda_dijkstra - WARNING -   ROI 11: Near=1, Far=2360, Thresh=12.5, Sink_dist=inf
2025-10-07 23:04:00 - orthoroute.algorithms.manhattan.pathfinder.cuda_dijkstra - WARNING -   ROI 12: Near=1, Far=6231, Thresh=11.9, Sink_dist=inf
2025-10-07 23:04:00 - orthoroute.algorithms.manhattan.pathfinder.cuda_dijkstra - WARNING -   ROI 13: Near=1, Far=7727, Thresh=12.3, Sink_dist=inf
2025-10-07 23:04:00 - orthoroute.algorithms.manhattan.pathfinder.cuda_dijkstra - WARNING -   ROI 14: Near=1, Far=7719, Thresh=12.3, Sink_dist=inf
2025-10-07 23:04:00 - orthoroute.algorithms.manhattan.pathfinder.cuda_dijkstra - WARNING -   ROI 15: Near=1, Far=7686, Thresh=12.3, Sink_dist=inf
2025-10-07 23:04:00 - orthoroute.algorithms.manhattan.pathfinder.cuda_dijkstra - WARNING -   ROI 16: Near=1, Far=5984, Thresh=11.9, Sink_dist=inf
2025-10-07 23:04:00 - orthoroute.algorithms.manhattan.pathfinder.cuda_dijkstra - WARNING -   ROI 17: Near=1, Far=5761, Thresh=11.9, Sink_dist=inf
2025-10-07 23:04:00 - orthoroute.algorithms.manhattan.pathfinder.cuda_dijkstra - WARNING -   ROI 18: Near=1, Far=5660, Thresh=11.7, Sink_dist=inf
2025-10-07 23:04:00 - orthoroute.algorithms.manhattan.pathfinder.cuda_dijkstra - WARNING -   ROI 19: Near=1, Far=6609, Thresh=12.5, Sink_dist=inf
2025-10-07 23:04:00 - orthoroute.algorithms.manhattan.pathfinder.cuda_dijkstra - WARNING -   ROI 20: Near=1, Far=5783, Thresh=11.9, Sink_dist=inf
2025-10-07 23:04:00 - orthoroute.algorithms.manhattan.pathfinder.cuda_dijkstra - WARNING -   ROI 21: Near=1, Far=5738, Thresh=11.6, Sink_dist=inf
2025-10-07 23:04:00 - orthoroute.algorithms.manhattan.pathfinder.cuda_dijkstra - WARNING -   ROI 22: Near=1, Far=5831, Thresh=11.9, Sink_dist=inf
2025-10-07 23:04:00 - orthoroute.algorithms.manhattan.pathfinder.cuda_dijkstra - WARNING -   ROI 23: Near=1, Far=4718, Thresh=11.5, Sink_dist=inf
2025-10-07 23:04:00 - orthoroute.algorithms.manhattan.pathfinder.cuda_dijkstra - WARNING -   ROI 24: Near=1, Far=7723, Thresh=12.3, Sink_dist=inf
2025-10-07 23:04:00 - orthoroute.algorithms.manhattan.pathfinder.cuda_dijkstra - WARNING -   ROI 25: Near=1, Far=4749, Thresh=11.4, Sink_dist=inf
2025-10-07 23:04:00 - orthoroute.algorithms.manhattan.pathfinder.cuda_dijkstra - WARNING -   ROI 26: Near=1, Far=6047, Thresh=11.9, Sink_dist=inf
2025-10-07 23:04:00 - orthoroute.algorithms.manhattan.pathfinder.cuda_dijkstra - WARNING -   ROI 27: Near=1, Far=4360, Thresh=11.5, Sink_dist=inf
2025-10-07 23:04:00 - orthoroute.algorithms.manhattan.pathfinder.cuda_dijkstra - WARNING -   ROI 28: Near=1, Far=6019, Thresh=11.9, Sink_dist=inf
2025-10-07 23:04:00 - orthoroute.algorithms.manhattan.pathfinder.cuda_dijkstra - WARNING -   ROI 29: Near=1, Far=4718, Thresh=11.5, Sink_dist=inf
2025-10-07 23:04:00 - orthoroute.algorithms.manhattan.pathfinder.cuda_dijkstra - WARNING -   ROI 30: Near=1, Far=6593, Thresh=12.5, Sink_dist=inf
2025-10-07 23:04:00 - orthoroute.algorithms.manhattan.pathfinder.cuda_dijkstra - WARNING -   ROI 31: Near=1, Far=5667, Thresh=11.7, Sink_dist=inf
2025-10-07 23:04:03 - orthoroute.algorithms.manhattan.pathfinder.cuda_dijkstra - INFO - [DEBUG-GPU] Near-Far iteration 5700
2025-10-07 23:04:03 - orthoroute.algorithms.manhattan.pathfinder.cuda_dijkstra - WARNING - [CUDA-NF] Iteration 5700: 32/32 ROIs active, Near nodes=32, Far nodes=180151
2025-10-07 23:04:03 - orthoroute.algorithms.manhattan.pathfinder.cuda_dijkstra - WARNING -   ROI 0: Near=1, Far=5399, Thresh=12.6, Sink_dist=inf
2025-10-07 23:04:03 - orthoroute.algorithms.manhattan.pathfinder.cuda_dijkstra - WARNING -   ROI 1: Near=1, Far=3761, Thresh=11.8, Sink_dist=inf
2025-10-07 23:04:03 - orthoroute.algorithms.manhattan.pathfinder.cuda_dijkstra - WARNING -   ROI 2: Near=1, Far=5633, Thresh=11.7, Sink_dist=inf
2025-10-07 23:04:03 - orthoroute.algorithms.manhattan.pathfinder.cuda_dijkstra - WARNING -   ROI 3: Near=1, Far=2661, Thresh=13.5, Sink_dist=inf
2025-10-07 23:04:03 - orthoroute.algorithms.manhattan.pathfinder.cuda_dijkstra - WARNING -   ROI 4: Near=1, Far=5544, Thresh=11.8, Sink_dist=inf
2025-10-07 23:04:03 - orthoroute.algorithms.manhattan.pathfinder.cuda_dijkstra - WARNING -   ROI 5: Near=1, Far=5235, Thresh=11.5, Sink_dist=inf
2025-10-07 23:04:03 - orthoroute.algorithms.manhattan.pathfinder.cuda_dijkstra - WARNING -   ROI 6: Near=1, Far=5144, Thresh=12.9, Sink_dist=inf
2025-10-07 23:04:03 - orthoroute.algorithms.manhattan.pathfinder.cuda_dijkstra - WARNING -   ROI 7: Near=1, Far=5577, Thresh=12.0, Sink_dist=inf
2025-10-07 23:04:03 - orthoroute.algorithms.manhattan.pathfinder.cuda_dijkstra - WARNING -   ROI 8: Near=1, Far=5661, Thresh=11.7, Sink_dist=inf
2025-10-07 23:04:03 - orthoroute.algorithms.manhattan.pathfinder.cuda_dijkstra - WARNING -   ROI 9: Near=1, Far=4648, Thresh=12.2, Sink_dist=inf
2025-10-07 23:04:03 - orthoroute.algorithms.manhattan.pathfinder.cuda_dijkstra - WARNING -   ROI 10: Near=1, Far=3350, Thresh=12.4, Sink_dist=inf
2025-10-07 23:04:03 - orthoroute.algorithms.manhattan.pathfinder.cuda_dijkstra - WARNING -   ROI 11: Near=1, Far=2346, Thresh=12.7, Sink_dist=inf
2025-10-07 23:04:03 - orthoroute.algorithms.manhattan.pathfinder.cuda_dijkstra - WARNING -   ROI 12: Near=1, Far=6499, Thresh=12.0, Sink_dist=inf
2025-10-07 23:04:03 - orthoroute.algorithms.manhattan.pathfinder.cuda_dijkstra - WARNING -   ROI 13: Near=1, Far=7625, Thresh=12.4, Sink_dist=inf
2025-10-07 23:04:03 - orthoroute.algorithms.manhattan.pathfinder.cuda_dijkstra - WARNING -   ROI 14: Near=1, Far=7616, Thresh=12.4, Sink_dist=inf
2025-10-07 23:04:03 - orthoroute.algorithms.manhattan.pathfinder.cuda_dijkstra - WARNING -   ROI 15: Near=1, Far=7619, Thresh=12.4, Sink_dist=inf
2025-10-07 23:04:03 - orthoroute.algorithms.manhattan.pathfinder.cuda_dijkstra - WARNING -   ROI 16: Near=1, Far=6368, Thresh=11.9, Sink_dist=inf
2025-10-07 23:04:03 - orthoroute.algorithms.manhattan.pathfinder.cuda_dijkstra - WARNING -   ROI 17: Near=1, Far=6379, Thresh=11.9, Sink_dist=inf
2025-10-07 23:04:03 - orthoroute.algorithms.manhattan.pathfinder.cuda_dijkstra - WARNING -   ROI 18: Near=1, Far=5571, Thresh=11.7, Sink_dist=inf
2025-10-07 23:04:03 - orthoroute.algorithms.manhattan.pathfinder.cuda_dijkstra - WARNING -   ROI 19: Near=1, Far=6506, Thresh=12.6, Sink_dist=inf
2025-10-07 23:04:03 - orthoroute.algorithms.manhattan.pathfinder.cuda_dijkstra - WARNING -   ROI 20: Near=1, Far=6273, Thresh=11.9, Sink_dist=inf
2025-10-07 23:04:03 - orthoroute.algorithms.manhattan.pathfinder.cuda_dijkstra - WARNING -   ROI 21: Near=1, Far=5638, Thresh=11.7, Sink_dist=inf
2025-10-07 23:04:03 - orthoroute.algorithms.manhattan.pathfinder.cuda_dijkstra - WARNING -   ROI 22: Near=1, Far=6429, Thresh=11.9, Sink_dist=inf
2025-10-07 23:04:03 - orthoroute.algorithms.manhattan.pathfinder.cuda_dijkstra - WARNING -   ROI 23: Near=1, Far=5183, Thresh=11.5, Sink_dist=inf
2025-10-07 23:04:03 - orthoroute.algorithms.manhattan.pathfinder.cuda_dijkstra - WARNING -   ROI 24: Near=1, Far=7620, Thresh=12.4, Sink_dist=inf
2025-10-07 23:04:03 - orthoroute.algorithms.manhattan.pathfinder.cuda_dijkstra - WARNING -   ROI 25: Near=1, Far=5057, Thresh=11.5, Sink_dist=inf
2025-10-07 23:04:03 - orthoroute.algorithms.manhattan.pathfinder.cuda_dijkstra - WARNING -   ROI 26: Near=1, Far=6411, Thresh=11.9, Sink_dist=inf
2025-10-07 23:04:03 - orthoroute.algorithms.manhattan.pathfinder.cuda_dijkstra - WARNING -   ROI 27: Near=1, Far=4639, Thresh=11.6, Sink_dist=inf
2025-10-07 23:04:03 - orthoroute.algorithms.manhattan.pathfinder.cuda_dijkstra - WARNING -   ROI 28: Near=1, Far=6381, Thresh=11.9, Sink_dist=inf
2025-10-07 23:04:03 - orthoroute.algorithms.manhattan.pathfinder.cuda_dijkstra - WARNING -   ROI 29: Near=1, Far=5301, Thresh=11.5, Sink_dist=inf
2025-10-07 23:04:03 - orthoroute.algorithms.manhattan.pathfinder.cuda_dijkstra - WARNING -   ROI 30: Near=1, Far=6513, Thresh=12.6, Sink_dist=inf
2025-10-07 23:04:03 - orthoroute.algorithms.manhattan.pathfinder.cuda_dijkstra - WARNING -   ROI 31: Near=1, Far=5564, Thresh=11.7, Sink_dist=inf
2025-10-07 23:04:05 - orthoroute.algorithms.manhattan.pathfinder.cuda_dijkstra - INFO - [DEBUG-GPU] Near-Far iteration 5800
2025-10-07 23:04:05 - orthoroute.algorithms.manhattan.pathfinder.cuda_dijkstra - WARNING - [CUDA-NF] Iteration 5800: 32/32 ROIs active, Near nodes=32, Far nodes=181933
2025-10-07 23:04:05 - orthoroute.algorithms.manhattan.pathfinder.cuda_dijkstra - WARNING -   ROI 0: Near=1, Far=5671, Thresh=12.7, Sink_dist=inf
2025-10-07 23:04:05 - orthoroute.algorithms.manhattan.pathfinder.cuda_dijkstra - WARNING -   ROI 1: Near=1, Far=4059, Thresh=11.9, Sink_dist=inf
2025-10-07 23:04:05 - orthoroute.algorithms.manhattan.pathfinder.cuda_dijkstra - WARNING -   ROI 2: Near=1, Far=5545, Thresh=11.8, Sink_dist=inf
2025-10-07 23:04:05 - orthoroute.algorithms.manhattan.pathfinder.cuda_dijkstra - WARNING -   ROI 3: Near=1, Far=2679, Thresh=13.6, Sink_dist=inf
2025-10-07 23:04:05 - orthoroute.algorithms.manhattan.pathfinder.cuda_dijkstra - WARNING -   ROI 4: Near=1, Far=5468, Thresh=11.9, Sink_dist=inf
2025-10-07 23:04:05 - orthoroute.algorithms.manhattan.pathfinder.cuda_dijkstra - WARNING -   ROI 5: Near=1, Far=5458, Thresh=11.6, Sink_dist=inf
2025-10-07 23:04:05 - orthoroute.algorithms.manhattan.pathfinder.cuda_dijkstra - WARNING -   ROI 6: Near=1, Far=5041, Thresh=13.0, Sink_dist=inf
2025-10-07 23:04:05 - orthoroute.algorithms.manhattan.pathfinder.cuda_dijkstra - WARNING -   ROI 7: Near=1, Far=5538, Thresh=12.0, Sink_dist=inf
2025-10-07 23:04:05 - orthoroute.algorithms.manhattan.pathfinder.cuda_dijkstra - WARNING -   ROI 8: Near=1, Far=5571, Thresh=11.7, Sink_dist=inf
2025-10-07 23:04:05 - orthoroute.algorithms.manhattan.pathfinder.cuda_dijkstra - WARNING -   ROI 9: Near=1, Far=4633, Thresh=12.3, Sink_dist=inf
2025-10-07 23:04:05 - orthoroute.algorithms.manhattan.pathfinder.cuda_dijkstra - WARNING -   ROI 10: Near=1, Far=3269, Thresh=12.5, Sink_dist=inf
2025-10-07 23:04:05 - orthoroute.algorithms.manhattan.pathfinder.cuda_dijkstra - WARNING -   ROI 11: Near=1, Far=2586, Thresh=12.8, Sink_dist=inf
2025-10-07 23:04:05 - orthoroute.algorithms.manhattan.pathfinder.cuda_dijkstra - WARNING -   ROI 12: Near=1, Far=6493, Thresh=12.0, Sink_dist=inf
2025-10-07 23:04:05 - orthoroute.algorithms.manhattan.pathfinder.cuda_dijkstra - WARNING -   ROI 13: Near=1, Far=7524, Thresh=12.5, Sink_dist=inf
2025-10-07 23:04:05 - orthoroute.algorithms.manhattan.pathfinder.cuda_dijkstra - WARNING -   ROI 14: Near=1, Far=7526, Thresh=12.4, Sink_dist=inf
2025-10-07 23:04:05 - orthoroute.algorithms.manhattan.pathfinder.cuda_dijkstra - WARNING -   ROI 15: Near=1, Far=7530, Thresh=12.4, Sink_dist=inf
2025-10-07 23:04:05 - orthoroute.algorithms.manhattan.pathfinder.cuda_dijkstra - WARNING -   ROI 16: Near=1, Far=6545, Thresh=12.0, Sink_dist=inf
2025-10-07 23:04:05 - orthoroute.algorithms.manhattan.pathfinder.cuda_dijkstra - WARNING -   ROI 17: Near=1, Far=6589, Thresh=12.0, Sink_dist=inf
2025-10-07 23:04:05 - orthoroute.algorithms.manhattan.pathfinder.cuda_dijkstra - WARNING -   ROI 18: Near=1, Far=5471, Thresh=11.8, Sink_dist=inf
2025-10-07 23:04:05 - orthoroute.algorithms.manhattan.pathfinder.cuda_dijkstra - WARNING -   ROI 19: Near=1, Far=6416, Thresh=12.7, Sink_dist=inf
2025-10-07 23:04:05 - orthoroute.algorithms.manhattan.pathfinder.cuda_dijkstra - WARNING -   ROI 20: Near=1, Far=6585, Thresh=12.0, Sink_dist=inf
2025-10-07 23:04:05 - orthoroute.algorithms.manhattan.pathfinder.cuda_dijkstra - WARNING -   ROI 21: Near=1, Far=5548, Thresh=11.7, Sink_dist=inf
2025-10-07 23:04:05 - orthoroute.algorithms.manhattan.pathfinder.cuda_dijkstra - WARNING -   ROI 22: Near=1, Far=6583, Thresh=12.0, Sink_dist=inf
2025-10-07 23:04:05 - orthoroute.algorithms.manhattan.pathfinder.cuda_dijkstra - WARNING -   ROI 23: Near=1, Far=5507, Thresh=11.6, Sink_dist=inf
2025-10-07 23:04:05 - orthoroute.algorithms.manhattan.pathfinder.cuda_dijkstra - WARNING -   ROI 24: Near=1, Far=7518, Thresh=12.5, Sink_dist=inf
2025-10-07 23:04:05 - orthoroute.algorithms.manhattan.pathfinder.cuda_dijkstra - WARNING -   ROI 25: Near=1, Far=5523, Thresh=11.5, Sink_dist=inf
2025-10-07 23:04:05 - orthoroute.algorithms.manhattan.pathfinder.cuda_dijkstra - WARNING -   ROI 26: Near=1, Far=6546, Thresh=12.0, Sink_dist=inf
2025-10-07 23:04:05 - orthoroute.algorithms.manhattan.pathfinder.cuda_dijkstra - WARNING -   ROI 27: Near=1, Far=4585, Thresh=11.6, Sink_dist=inf
2025-10-07 23:04:05 - orthoroute.algorithms.manhattan.pathfinder.cuda_dijkstra - WARNING -   ROI 28: Near=1, Far=6543, Thresh=12.0, Sink_dist=inf
2025-10-07 23:04:05 - orthoroute.algorithms.manhattan.pathfinder.cuda_dijkstra - WARNING -   ROI 29: Near=1, Far=5506, Thresh=11.6, Sink_dist=inf
2025-10-07 23:04:05 - orthoroute.algorithms.manhattan.pathfinder.cuda_dijkstra - WARNING -   ROI 30: Near=1, Far=6413, Thresh=12.7, Sink_dist=inf
2025-10-07 23:04:05 - orthoroute.algorithms.manhattan.pathfinder.cuda_dijkstra - WARNING -   ROI 31: Near=1, Far=5464, Thresh=11.8, Sink_dist=inf
2025-10-07 23:04:09 - orthoroute.algorithms.manhattan.pathfinder.cuda_dijkstra - INFO - [DEBUG-GPU] Near-Far iteration 5900
2025-10-07 23:04:09 - orthoroute.algorithms.manhattan.pathfinder.cuda_dijkstra - WARNING - [CUDA-NF] Iteration 5900: 32/32 ROIs active, Near nodes=32, Far nodes=181503
2025-10-07 23:04:09 - orthoroute.algorithms.manhattan.pathfinder.cuda_dijkstra - WARNING -   ROI 0: Near=1, Far=6141, Thresh=12.8, Sink_dist=inf
2025-10-07 23:04:09 - orthoroute.algorithms.manhattan.pathfinder.cuda_dijkstra - WARNING -   ROI 1: Near=1, Far=4325, Thresh=12.0, Sink_dist=inf
2025-10-07 23:04:09 - orthoroute.algorithms.manhattan.pathfinder.cuda_dijkstra - WARNING -   ROI 2: Near=1, Far=5500, Thresh=11.8, Sink_dist=inf
2025-10-07 23:04:09 - orthoroute.algorithms.manhattan.pathfinder.cuda_dijkstra - WARNING -   ROI 3: Near=1, Far=2577, Thresh=13.7, Sink_dist=inf
2025-10-07 23:04:09 - orthoroute.algorithms.manhattan.pathfinder.cuda_dijkstra - WARNING -   ROI 4: Near=1, Far=5601, Thresh=11.9, Sink_dist=inf
2025-10-07 23:04:09 - orthoroute.algorithms.manhattan.pathfinder.cuda_dijkstra - WARNING -   ROI 5: Near=1, Far=5401, Thresh=11.6, Sink_dist=inf
2025-10-07 23:04:09 - orthoroute.algorithms.manhattan.pathfinder.cuda_dijkstra - WARNING -   ROI 6: Near=1, Far=4958, Thresh=13.1, Sink_dist=inf
2025-10-07 23:04:09 - orthoroute.algorithms.manhattan.pathfinder.cuda_dijkstra - WARNING -   ROI 7: Near=1, Far=5438, Thresh=12.1, Sink_dist=inf
2025-10-07 23:04:09 - orthoroute.algorithms.manhattan.pathfinder.cuda_dijkstra - WARNING -   ROI 8: Near=1, Far=5504, Thresh=11.8, Sink_dist=inf
2025-10-07 23:04:09 - orthoroute.algorithms.manhattan.pathfinder.cuda_dijkstra - WARNING -   ROI 9: Near=1, Far=5007, Thresh=12.3, Sink_dist=inf
2025-10-07 23:04:09 - orthoroute.algorithms.manhattan.pathfinder.cuda_dijkstra - WARNING -   ROI 10: Near=1, Far=3169, Thresh=12.5, Sink_dist=inf
2025-10-07 23:04:09 - orthoroute.algorithms.manhattan.pathfinder.cuda_dijkstra - WARNING -   ROI 11: Near=1, Far=2734, Thresh=12.8, Sink_dist=inf
2025-10-07 23:04:09 - orthoroute.algorithms.manhattan.pathfinder.cuda_dijkstra - WARNING -   ROI 12: Near=1, Far=6392, Thresh=12.1, Sink_dist=inf
2025-10-07 23:04:09 - orthoroute.algorithms.manhattan.pathfinder.cuda_dijkstra - WARNING -   ROI 13: Near=1, Far=7417, Thresh=12.5, Sink_dist=inf
2025-10-07 23:04:09 - orthoroute.algorithms.manhattan.pathfinder.cuda_dijkstra - WARNING -   ROI 14: Near=1, Far=7426, Thresh=12.5, Sink_dist=inf
2025-10-07 23:04:09 - orthoroute.algorithms.manhattan.pathfinder.cuda_dijkstra - WARNING -   ROI 15: Near=1, Far=7432, Thresh=12.5, Sink_dist=inf
2025-10-07 23:04:09 - orthoroute.algorithms.manhattan.pathfinder.cuda_dijkstra - WARNING -   ROI 16: Near=1, Far=6457, Thresh=12.0, Sink_dist=inf
2025-10-07 23:04:09 - orthoroute.algorithms.manhattan.pathfinder.cuda_dijkstra - WARNING -   ROI 17: Near=1, Far=6486, Thresh=12.0, Sink_dist=inf
2025-10-07 23:04:09 - orthoroute.algorithms.manhattan.pathfinder.cuda_dijkstra - WARNING -   ROI 18: Near=1, Far=5527, Thresh=11.9, Sink_dist=inf
2025-10-07 23:04:09 - orthoroute.algorithms.manhattan.pathfinder.cuda_dijkstra - WARNING -   ROI 19: Near=1, Far=6414, Thresh=12.7, Sink_dist=inf
2025-10-07 23:04:09 - orthoroute.algorithms.manhattan.pathfinder.cuda_dijkstra - WARNING -   ROI 20: Near=1, Far=6489, Thresh=12.0, Sink_dist=inf
2025-10-07 23:04:09 - orthoroute.algorithms.manhattan.pathfinder.cuda_dijkstra - WARNING -   ROI 21: Near=1, Far=5491, Thresh=11.8, Sink_dist=inf
2025-10-07 23:04:09 - orthoroute.algorithms.manhattan.pathfinder.cuda_dijkstra - WARNING -   ROI 22: Near=1, Far=6477, Thresh=12.0, Sink_dist=inf
2025-10-07 23:04:09 - orthoroute.algorithms.manhattan.pathfinder.cuda_dijkstra - WARNING -   ROI 23: Near=1, Far=5407, Thresh=11.6, Sink_dist=inf
2025-10-07 23:04:09 - orthoroute.algorithms.manhattan.pathfinder.cuda_dijkstra - WARNING -   ROI 24: Near=1, Far=7414, Thresh=12.5, Sink_dist=inf
2025-10-07 23:04:09 - orthoroute.algorithms.manhattan.pathfinder.cuda_dijkstra - WARNING -   ROI 25: Near=1, Far=5438, Thresh=11.6, Sink_dist=inf
2025-10-07 23:04:09 - orthoroute.algorithms.manhattan.pathfinder.cuda_dijkstra - WARNING -   ROI 26: Near=1, Far=6447, Thresh=12.0, Sink_dist=inf
2025-10-07 23:04:09 - orthoroute.algorithms.manhattan.pathfinder.cuda_dijkstra - WARNING -   ROI 27: Near=1, Far=4485, Thresh=11.6, Sink_dist=inf
2025-10-07 23:04:09 - orthoroute.algorithms.manhattan.pathfinder.cuda_dijkstra - WARNING -   ROI 28: Near=1, Far=6453, Thresh=12.0, Sink_dist=inf
2025-10-07 23:04:09 - orthoroute.algorithms.manhattan.pathfinder.cuda_dijkstra - WARNING -   ROI 29: Near=1, Far=5406, Thresh=11.6, Sink_dist=inf
2025-10-07 23:04:09 - orthoroute.algorithms.manhattan.pathfinder.cuda_dijkstra - WARNING -   ROI 30: Near=1, Far=6513, Thresh=12.7, Sink_dist=inf
2025-10-07 23:04:09 - orthoroute.algorithms.manhattan.pathfinder.cuda_dijkstra - WARNING -   ROI 31: Near=1, Far=5577, Thresh=11.9, Sink_dist=inf
2025-10-07 23:04:11 - orthoroute.algorithms.manhattan.pathfinder.cuda_dijkstra - INFO - [DEBUG-GPU] Near-Far iteration 6000
2025-10-07 23:04:11 - orthoroute.algorithms.manhattan.pathfinder.cuda_dijkstra - WARNING - [CUDA-NF] Iteration 6000: 32/32 ROIs active, Near nodes=32, Far nodes=183069
2025-10-07 23:04:11 - orthoroute.algorithms.manhattan.pathfinder.cuda_dijkstra - WARNING -   ROI 0: Near=1, Far=6040, Thresh=12.8, Sink_dist=inf
2025-10-07 23:04:11 - orthoroute.algorithms.manhattan.pathfinder.cuda_dijkstra - WARNING -   ROI 1: Near=1, Far=4316, Thresh=12.0, Sink_dist=inf
2025-10-07 23:04:11 - orthoroute.algorithms.manhattan.pathfinder.cuda_dijkstra - WARNING -   ROI 2: Near=1, Far=5680, Thresh=11.9, Sink_dist=inf
2025-10-07 23:04:11 - orthoroute.algorithms.manhattan.pathfinder.cuda_dijkstra - WARNING -   ROI 3: Near=1, Far=2470, Thresh=13.7, Sink_dist=inf
2025-10-07 23:04:11 - orthoroute.algorithms.manhattan.pathfinder.cuda_dijkstra - WARNING -   ROI 4: Near=1, Far=6064, Thresh=11.9, Sink_dist=inf
2025-10-07 23:04:11 - orthoroute.algorithms.manhattan.pathfinder.cuda_dijkstra - WARNING -   ROI 5: Near=1, Far=5301, Thresh=11.6, Sink_dist=inf
2025-10-07 23:04:11 - orthoroute.algorithms.manhattan.pathfinder.cuda_dijkstra - WARNING -   ROI 6: Near=1, Far=5315, Thresh=13.2, Sink_dist=inf
2025-10-07 23:04:11 - orthoroute.algorithms.manhattan.pathfinder.cuda_dijkstra - WARNING -   ROI 7: Near=1, Far=5337, Thresh=12.1, Sink_dist=inf
2025-10-07 23:04:11 - orthoroute.algorithms.manhattan.pathfinder.cuda_dijkstra - WARNING -   ROI 8: Near=1, Far=5587, Thresh=11.9, Sink_dist=inf
2025-10-07 23:04:11 - orthoroute.algorithms.manhattan.pathfinder.cuda_dijkstra - WARNING -   ROI 9: Near=1, Far=5179, Thresh=12.4, Sink_dist=inf
2025-10-07 23:04:11 - orthoroute.algorithms.manhattan.pathfinder.cuda_dijkstra - WARNING -   ROI 10: Near=1, Far=3069, Thresh=12.5, Sink_dist=inf
2025-10-07 23:04:11 - orthoroute.algorithms.manhattan.pathfinder.cuda_dijkstra - WARNING -   ROI 11: Near=1, Far=2638, Thresh=12.9, Sink_dist=inf
2025-10-07 23:04:11 - orthoroute.algorithms.manhattan.pathfinder.cuda_dijkstra - WARNING -   ROI 12: Near=1, Far=6291, Thresh=12.1, Sink_dist=inf
2025-10-07 23:04:11 - orthoroute.algorithms.manhattan.pathfinder.cuda_dijkstra - WARNING -   ROI 13: Near=1, Far=7333, Thresh=12.6, Sink_dist=inf
2025-10-07 23:04:11 - orthoroute.algorithms.manhattan.pathfinder.cuda_dijkstra - WARNING -   ROI 14: Near=1, Far=7318, Thresh=12.5, Sink_dist=inf
2025-10-07 23:04:11 - orthoroute.algorithms.manhattan.pathfinder.cuda_dijkstra - WARNING -   ROI 15: Near=1, Far=7322, Thresh=12.6, Sink_dist=inf
2025-10-07 23:04:11 - orthoroute.algorithms.manhattan.pathfinder.cuda_dijkstra - WARNING -   ROI 16: Near=1, Far=6357, Thresh=12.1, Sink_dist=inf
2025-10-07 23:04:11 - orthoroute.algorithms.manhattan.pathfinder.cuda_dijkstra - WARNING -   ROI 17: Near=1, Far=6385, Thresh=12.1, Sink_dist=inf
2025-10-07 23:04:11 - orthoroute.algorithms.manhattan.pathfinder.cuda_dijkstra - WARNING -   ROI 18: Near=1, Far=6074, Thresh=11.9, Sink_dist=inf
2025-10-07 23:04:11 - orthoroute.algorithms.manhattan.pathfinder.cuda_dijkstra - WARNING -   ROI 19: Near=1, Far=6907, Thresh=12.8, Sink_dist=inf
2025-10-07 23:04:11 - orthoroute.algorithms.manhattan.pathfinder.cuda_dijkstra - WARNING -   ROI 20: Near=1, Far=6388, Thresh=12.1, Sink_dist=inf
2025-10-07 23:04:11 - orthoroute.algorithms.manhattan.pathfinder.cuda_dijkstra - WARNING -   ROI 21: Near=1, Far=5608, Thresh=11.9, Sink_dist=inf
2025-10-07 23:04:11 - orthoroute.algorithms.manhattan.pathfinder.cuda_dijkstra - WARNING -   ROI 22: Near=1, Far=6376, Thresh=12.1, Sink_dist=inf
2025-10-07 23:04:11 - orthoroute.algorithms.manhattan.pathfinder.cuda_dijkstra - WARNING -   ROI 23: Near=1, Far=5306, Thresh=11.7, Sink_dist=inf
2025-10-07 23:04:11 - orthoroute.algorithms.manhattan.pathfinder.cuda_dijkstra - WARNING -   ROI 24: Near=1, Far=7337, Thresh=12.6, Sink_dist=inf
2025-10-07 23:04:11 - orthoroute.algorithms.manhattan.pathfinder.cuda_dijkstra - WARNING -   ROI 25: Near=1, Far=5338, Thresh=11.6, Sink_dist=inf
2025-10-07 23:04:11 - orthoroute.algorithms.manhattan.pathfinder.cuda_dijkstra - WARNING -   ROI 26: Near=1, Far=6347, Thresh=12.1, Sink_dist=inf
2025-10-07 23:04:11 - orthoroute.algorithms.manhattan.pathfinder.cuda_dijkstra - WARNING -   ROI 27: Near=1, Far=4384, Thresh=11.7, Sink_dist=inf
2025-10-07 23:04:11 - orthoroute.algorithms.manhattan.pathfinder.cuda_dijkstra - WARNING -   ROI 28: Near=1, Far=6353, Thresh=12.1, Sink_dist=inf
2025-10-07 23:04:11 - orthoroute.algorithms.manhattan.pathfinder.cuda_dijkstra - WARNING -   ROI 29: Near=1, Far=5306, Thresh=11.7, Sink_dist=inf
2025-10-07 23:04:11 - orthoroute.algorithms.manhattan.pathfinder.cuda_dijkstra - WARNING -   ROI 30: Near=1, Far=7249, Thresh=12.7, Sink_dist=inf
2025-10-07 23:04:11 - orthoroute.algorithms.manhattan.pathfinder.cuda_dijkstra - WARNING -   ROI 31: Near=1, Far=6094, Thresh=11.9, Sink_dist=inf
2025-10-07 23:04:13 - orthoroute.algorithms.manhattan.pathfinder.cuda_dijkstra - INFO - [DEBUG-GPU] Near-Far iteration 6100
2025-10-07 23:04:13 - orthoroute.algorithms.manhattan.pathfinder.cuda_dijkstra - WARNING - [CUDA-NF] Iteration 6100: 32/32 ROIs active, Near nodes=33, Far nodes=183052
2025-10-07 23:04:13 - orthoroute.algorithms.manhattan.pathfinder.cuda_dijkstra - WARNING -   ROI 0: Near=1, Far=5942, Thresh=12.9, Sink_dist=inf
2025-10-07 23:04:13 - orthoroute.algorithms.manhattan.pathfinder.cuda_dijkstra - WARNING -   ROI 1: Near=1, Far=4215, Thresh=12.0, Sink_dist=inf
2025-10-07 23:04:13 - orthoroute.algorithms.manhattan.pathfinder.cuda_dijkstra - WARNING -   ROI 2: Near=1, Far=6053, Thresh=11.9, Sink_dist=inf
2025-10-07 23:04:13 - orthoroute.algorithms.manhattan.pathfinder.cuda_dijkstra - WARNING -   ROI 3: Near=1, Far=2443, Thresh=13.9, Sink_dist=inf
2025-10-07 23:04:13 - orthoroute.algorithms.manhattan.pathfinder.cuda_dijkstra - WARNING -   ROI 4: Near=1, Far=6205, Thresh=12.0, Sink_dist=inf
2025-10-07 23:04:13 - orthoroute.algorithms.manhattan.pathfinder.cuda_dijkstra - WARNING -   ROI 5: Near=1, Far=5200, Thresh=11.7, Sink_dist=inf
2025-10-07 23:04:13 - orthoroute.algorithms.manhattan.pathfinder.cuda_dijkstra - WARNING -   ROI 6: Near=1, Far=5640, Thresh=13.2, Sink_dist=inf
2025-10-07 23:04:13 - orthoroute.algorithms.manhattan.pathfinder.cuda_dijkstra - WARNING -   ROI 7: Near=1, Far=5269, Thresh=12.2, Sink_dist=inf
2025-10-07 23:04:13 - orthoroute.algorithms.manhattan.pathfinder.cuda_dijkstra - WARNING -   ROI 8: Near=1, Far=5974, Thresh=11.9, Sink_dist=inf
2025-10-07 23:04:13 - orthoroute.algorithms.manhattan.pathfinder.cuda_dijkstra - WARNING -   ROI 9: Near=1, Far=5152, Thresh=12.4, Sink_dist=inf
2025-10-07 23:04:13 - orthoroute.algorithms.manhattan.pathfinder.cuda_dijkstra - WARNING -   ROI 10: Near=1, Far=2975, Thresh=12.6, Sink_dist=inf
2025-10-07 23:04:13 - orthoroute.algorithms.manhattan.pathfinder.cuda_dijkstra - WARNING -   ROI 11: Near=1, Far=2537, Thresh=12.9, Sink_dist=inf
2025-10-07 23:04:13 - orthoroute.algorithms.manhattan.pathfinder.cuda_dijkstra - WARNING -   ROI 12: Near=1, Far=6214, Thresh=12.2, Sink_dist=inf
2025-10-07 23:04:13 - orthoroute.algorithms.manhattan.pathfinder.cuda_dijkstra - WARNING -   ROI 13: Near=1, Far=7232, Thresh=12.6, Sink_dist=inf
2025-10-07 23:04:13 - orthoroute.algorithms.manhattan.pathfinder.cuda_dijkstra - WARNING -   ROI 14: Near=2, Far=7219, Thresh=12.6, Sink_dist=inf
2025-10-07 23:04:13 - orthoroute.algorithms.manhattan.pathfinder.cuda_dijkstra - WARNING -   ROI 15: Near=1, Far=7224, Thresh=12.6, Sink_dist=inf
2025-10-07 23:04:13 - orthoroute.algorithms.manhattan.pathfinder.cuda_dijkstra - WARNING -   ROI 16: Near=1, Far=6268, Thresh=12.2, Sink_dist=inf
2025-10-07 23:04:13 - orthoroute.algorithms.manhattan.pathfinder.cuda_dijkstra - WARNING -   ROI 17: Near=1, Far=6283, Thresh=12.1, Sink_dist=inf
2025-10-07 23:04:13 - orthoroute.algorithms.manhattan.pathfinder.cuda_dijkstra - WARNING -   ROI 18: Near=1, Far=6207, Thresh=12.0, Sink_dist=inf
2025-10-07 23:04:13 - orthoroute.algorithms.manhattan.pathfinder.cuda_dijkstra - WARNING -   ROI 19: Near=1, Far=7162, Thresh=12.9, Sink_dist=inf
2025-10-07 23:04:13 - orthoroute.algorithms.manhattan.pathfinder.cuda_dijkstra - WARNING -   ROI 20: Near=1, Far=6287, Thresh=12.1, Sink_dist=inf
2025-10-07 23:04:13 - orthoroute.algorithms.manhattan.pathfinder.cuda_dijkstra - WARNING -   ROI 21: Near=1, Far=6004, Thresh=11.9, Sink_dist=inf
2025-10-07 23:04:13 - orthoroute.algorithms.manhattan.pathfinder.cuda_dijkstra - WARNING -   ROI 22: Near=1, Far=6275, Thresh=12.2, Sink_dist=inf
2025-10-07 23:04:13 - orthoroute.algorithms.manhattan.pathfinder.cuda_dijkstra - WARNING -   ROI 23: Near=1, Far=5204, Thresh=11.7, Sink_dist=inf
2025-10-07 23:04:13 - orthoroute.algorithms.manhattan.pathfinder.cuda_dijkstra - WARNING -   ROI 24: Near=1, Far=7236, Thresh=12.6, Sink_dist=inf
2025-10-07 23:04:13 - orthoroute.algorithms.manhattan.pathfinder.cuda_dijkstra - WARNING -   ROI 25: Near=1, Far=5262, Thresh=11.7, Sink_dist=inf
2025-10-07 23:04:13 - orthoroute.algorithms.manhattan.pathfinder.cuda_dijkstra - WARNING -   ROI 26: Near=1, Far=6258, Thresh=12.2, Sink_dist=inf
2025-10-07 23:04:13 - orthoroute.algorithms.manhattan.pathfinder.cuda_dijkstra - WARNING -   ROI 27: Near=1, Far=4295, Thresh=11.7, Sink_dist=inf
2025-10-07 23:04:13 - orthoroute.algorithms.manhattan.pathfinder.cuda_dijkstra - WARNING -   ROI 28: Near=1, Far=6264, Thresh=12.2, Sink_dist=inf
2025-10-07 23:04:13 - orthoroute.algorithms.manhattan.pathfinder.cuda_dijkstra - WARNING -   ROI 29: Near=1, Far=5206, Thresh=11.7, Sink_dist=inf
2025-10-07 23:04:13 - orthoroute.algorithms.manhattan.pathfinder.cuda_dijkstra - WARNING -   ROI 30: Near=1, Far=7147, Thresh=12.8, Sink_dist=inf
2025-10-07 23:04:13 - orthoroute.algorithms.manhattan.pathfinder.cuda_dijkstra - WARNING -   ROI 31: Near=1, Far=6200, Thresh=12.0, Sink_dist=inf
2025-10-07 23:04:16 - orthoroute.algorithms.manhattan.pathfinder.cuda_dijkstra - INFO - [DEBUG-GPU] Near-Far iteration 6200
2025-10-07 23:04:16 - orthoroute.algorithms.manhattan.pathfinder.cuda_dijkstra - WARNING - [CUDA-NF] Iteration 6200: 32/32 ROIs active, Near nodes=33, Far nodes=182924
2025-10-07 23:04:16 - orthoroute.algorithms.manhattan.pathfinder.cuda_dijkstra - WARNING -   ROI 0: Near=1, Far=5846, Thresh=12.9, Sink_dist=inf
2025-10-07 23:04:16 - orthoroute.algorithms.manhattan.pathfinder.cuda_dijkstra - WARNING -   ROI 1: Near=1, Far=4113, Thresh=12.1, Sink_dist=inf
2025-10-07 23:04:16 - orthoroute.algorithms.manhattan.pathfinder.cuda_dijkstra - WARNING -   ROI 2: Near=1, Far=6192, Thresh=12.0, Sink_dist=inf
2025-10-07 23:04:16 - orthoroute.algorithms.manhattan.pathfinder.cuda_dijkstra - WARNING -   ROI 3: Near=1, Far=2749, Thresh=13.9, Sink_dist=inf
2025-10-07 23:04:16 - orthoroute.algorithms.manhattan.pathfinder.cuda_dijkstra - WARNING -   ROI 4: Near=1, Far=6103, Thresh=12.1, Sink_dist=inf
2025-10-07 23:04:16 - orthoroute.algorithms.manhattan.pathfinder.cuda_dijkstra - WARNING -   ROI 5: Near=1, Far=5100, Thresh=11.7, Sink_dist=inf
2025-10-07 23:04:16 - orthoroute.algorithms.manhattan.pathfinder.cuda_dijkstra - WARNING -   ROI 6: Near=1, Far=5539, Thresh=13.3, Sink_dist=inf
2025-10-07 23:04:16 - orthoroute.algorithms.manhattan.pathfinder.cuda_dijkstra - WARNING -   ROI 7: Near=1, Far=5327, Thresh=12.3, Sink_dist=inf
2025-10-07 23:04:16 - orthoroute.algorithms.manhattan.pathfinder.cuda_dijkstra - WARNING -   ROI 8: Near=1, Far=6191, Thresh=12.0, Sink_dist=inf
2025-10-07 23:04:16 - orthoroute.algorithms.manhattan.pathfinder.cuda_dijkstra - WARNING -   ROI 9: Near=1, Far=5052, Thresh=12.5, Sink_dist=inf
2025-10-07 23:04:16 - orthoroute.algorithms.manhattan.pathfinder.cuda_dijkstra - WARNING -   ROI 10: Near=1, Far=3269, Thresh=12.8, Sink_dist=inf
2025-10-07 23:04:16 - orthoroute.algorithms.manhattan.pathfinder.cuda_dijkstra - WARNING -   ROI 11: Near=1, Far=2436, Thresh=12.9, Sink_dist=inf
2025-10-07 23:04:16 - orthoroute.algorithms.manhattan.pathfinder.cuda_dijkstra - WARNING -   ROI 12: Near=1, Far=6272, Thresh=12.3, Sink_dist=inf
2025-10-07 23:04:16 - orthoroute.algorithms.manhattan.pathfinder.cuda_dijkstra - WARNING -   ROI 13: Near=1, Far=7230, Thresh=12.7, Sink_dist=inf
2025-10-07 23:04:16 - orthoroute.algorithms.manhattan.pathfinder.cuda_dijkstra - WARNING -   ROI 14: Near=1, Far=7553, Thresh=12.7, Sink_dist=inf
2025-10-07 23:04:16 - orthoroute.algorithms.manhattan.pathfinder.cuda_dijkstra - WARNING -   ROI 15: Near=1, Far=7509, Thresh=12.7, Sink_dist=inf
2025-10-07 23:04:16 - orthoroute.algorithms.manhattan.pathfinder.cuda_dijkstra - WARNING -   ROI 16: Near=1, Far=6212, Thresh=12.2, Sink_dist=inf
2025-10-07 23:04:16 - orthoroute.algorithms.manhattan.pathfinder.cuda_dijkstra - WARNING -   ROI 17: Near=1, Far=6206, Thresh=12.2, Sink_dist=inf
2025-10-07 23:04:16 - orthoroute.algorithms.manhattan.pathfinder.cuda_dijkstra - WARNING -   ROI 18: Near=1, Far=6105, Thresh=12.0, Sink_dist=inf
2025-10-07 23:04:16 - orthoroute.algorithms.manhattan.pathfinder.cuda_dijkstra - WARNING -   ROI 19: Near=1, Far=7061, Thresh=12.9, Sink_dist=inf
2025-10-07 23:04:16 - orthoroute.algorithms.manhattan.pathfinder.cuda_dijkstra - WARNING -   ROI 20: Near=1, Far=6197, Thresh=12.2, Sink_dist=inf
2025-10-07 23:04:16 - orthoroute.algorithms.manhattan.pathfinder.cuda_dijkstra - WARNING -   ROI 21: Near=1, Far=6193, Thresh=12.0, Sink_dist=inf
2025-10-07 23:04:16 - orthoroute.algorithms.manhattan.pathfinder.cuda_dijkstra - WARNING -   ROI 22: Near=1, Far=6198, Thresh=12.2, Sink_dist=inf
2025-10-07 23:04:16 - orthoroute.algorithms.manhattan.pathfinder.cuda_dijkstra - WARNING -   ROI 23: Near=1, Far=5102, Thresh=11.8, Sink_dist=inf
2025-10-07 23:04:16 - orthoroute.algorithms.manhattan.pathfinder.cuda_dijkstra - WARNING -   ROI 24: Near=2, Far=7172, Thresh=12.7, Sink_dist=inf
2025-10-07 23:04:16 - orthoroute.algorithms.manhattan.pathfinder.cuda_dijkstra - WARNING -   ROI 25: Near=1, Far=5162, Thresh=11.7, Sink_dist=inf
2025-10-07 23:04:16 - orthoroute.algorithms.manhattan.pathfinder.cuda_dijkstra - WARNING -   ROI 26: Near=1, Far=6191, Thresh=12.2, Sink_dist=inf
2025-10-07 23:04:16 - orthoroute.algorithms.manhattan.pathfinder.cuda_dijkstra - WARNING -   ROI 27: Near=1, Far=4214, Thresh=11.8, Sink_dist=inf
2025-10-07 23:04:16 - orthoroute.algorithms.manhattan.pathfinder.cuda_dijkstra - WARNING -   ROI 28: Near=1, Far=6186, Thresh=12.2, Sink_dist=inf
2025-10-07 23:04:16 - orthoroute.algorithms.manhattan.pathfinder.cuda_dijkstra - WARNING -   ROI 29: Near=1, Far=5104, Thresh=11.8, Sink_dist=inf
2025-10-07 23:04:16 - orthoroute.algorithms.manhattan.pathfinder.cuda_dijkstra - WARNING -   ROI 30: Near=1, Far=7045, Thresh=12.9, Sink_dist=inf
2025-10-07 23:04:16 - orthoroute.algorithms.manhattan.pathfinder.cuda_dijkstra - WARNING -   ROI 31: Near=1, Far=6095, Thresh=12.0, Sink_dist=inf
2025-10-07 23:04:18 - orthoroute.algorithms.manhattan.pathfinder.cuda_dijkstra - INFO - [DEBUG-GPU] Near-Far iteration 6300
2025-10-07 23:04:18 - orthoroute.algorithms.manhattan.pathfinder.cuda_dijkstra - WARNING - [CUDA-NF] Iteration 6300: 32/32 ROIs active, Near nodes=32, Far nodes=186086
2025-10-07 23:04:18 - orthoroute.algorithms.manhattan.pathfinder.cuda_dijkstra - WARNING -   ROI 0: Near=1, Far=5745, Thresh=13.0, Sink_dist=inf
2025-10-07 23:04:18 - orthoroute.algorithms.manhattan.pathfinder.cuda_dijkstra - WARNING -   ROI 1: Near=1, Far=4012, Thresh=12.1, Sink_dist=inf
2025-10-07 23:04:18 - orthoroute.algorithms.manhattan.pathfinder.cuda_dijkstra - WARNING -   ROI 2: Near=1, Far=6091, Thresh=12.0, Sink_dist=inf
2025-10-07 23:04:18 - orthoroute.algorithms.manhattan.pathfinder.cuda_dijkstra - WARNING -   ROI 3: Near=1, Far=2816, Thresh=14.0, Sink_dist=inf
2025-10-07 23:04:18 - orthoroute.algorithms.manhattan.pathfinder.cuda_dijkstra - WARNING -   ROI 4: Near=1, Far=6000, Thresh=12.1, Sink_dist=inf
2025-10-07 23:04:18 - orthoroute.algorithms.manhattan.pathfinder.cuda_dijkstra - WARNING -   ROI 5: Near=1, Far=5046, Thresh=11.8, Sink_dist=inf
2025-10-07 23:04:18 - orthoroute.algorithms.manhattan.pathfinder.cuda_dijkstra - WARNING -   ROI 6: Near=1, Far=5436, Thresh=13.3, Sink_dist=inf
2025-10-07 23:04:18 - orthoroute.algorithms.manhattan.pathfinder.cuda_dijkstra - WARNING -   ROI 7: Near=1, Far=5691, Thresh=12.3, Sink_dist=inf
2025-10-07 23:04:18 - orthoroute.algorithms.manhattan.pathfinder.cuda_dijkstra - WARNING -   ROI 8: Near=1, Far=6119, Thresh=12.0, Sink_dist=inf
2025-10-07 23:04:18 - orthoroute.algorithms.manhattan.pathfinder.cuda_dijkstra - WARNING -   ROI 9: Near=1, Far=4950, Thresh=12.5, Sink_dist=inf
2025-10-07 23:04:18 - orthoroute.algorithms.manhattan.pathfinder.cuda_dijkstra - WARNING -   ROI 10: Near=1, Far=3504, Thresh=12.8, Sink_dist=inf
2025-10-07 23:04:18 - orthoroute.algorithms.manhattan.pathfinder.cuda_dijkstra - WARNING -   ROI 11: Near=1, Far=2534, Thresh=13.2, Sink_dist=inf
2025-10-07 23:04:18 - orthoroute.algorithms.manhattan.pathfinder.cuda_dijkstra - WARNING -   ROI 12: Near=1, Far=6597, Thresh=12.3, Sink_dist=inf
2025-10-07 23:04:18 - orthoroute.algorithms.manhattan.pathfinder.cuda_dijkstra - WARNING -   ROI 13: Near=1, Far=8161, Thresh=12.7, Sink_dist=inf
2025-10-07 23:04:18 - orthoroute.algorithms.manhattan.pathfinder.cuda_dijkstra - WARNING -   ROI 14: Near=1, Far=8125, Thresh=12.7, Sink_dist=inf
2025-10-07 23:04:18 - orthoroute.algorithms.manhattan.pathfinder.cuda_dijkstra - WARNING -   ROI 15: Near=1, Far=8093, Thresh=12.7, Sink_dist=inf
2025-10-07 23:04:18 - orthoroute.algorithms.manhattan.pathfinder.cuda_dijkstra - WARNING -   ROI 16: Near=1, Far=6315, Thresh=12.3, Sink_dist=inf
2025-10-07 23:04:18 - orthoroute.algorithms.manhattan.pathfinder.cuda_dijkstra - WARNING -   ROI 17: Near=1, Far=6102, Thresh=12.3, Sink_dist=inf
2025-10-07 23:04:18 - orthoroute.algorithms.manhattan.pathfinder.cuda_dijkstra - WARNING -   ROI 18: Near=1, Far=6010, Thresh=12.1, Sink_dist=inf
2025-10-07 23:04:18 - orthoroute.algorithms.manhattan.pathfinder.cuda_dijkstra - WARNING -   ROI 19: Near=1, Far=6956, Thresh=12.9, Sink_dist=inf
2025-10-07 23:04:18 - orthoroute.algorithms.manhattan.pathfinder.cuda_dijkstra - WARNING -   ROI 20: Near=1, Far=6107, Thresh=12.3, Sink_dist=inf
2025-10-07 23:04:18 - orthoroute.algorithms.manhattan.pathfinder.cuda_dijkstra - WARNING -   ROI 21: Near=1, Far=6096, Thresh=12.0, Sink_dist=inf
2025-10-07 23:04:18 - orthoroute.algorithms.manhattan.pathfinder.cuda_dijkstra - WARNING -   ROI 22: Near=1, Far=6105, Thresh=12.3, Sink_dist=inf
2025-10-07 23:04:18 - orthoroute.algorithms.manhattan.pathfinder.cuda_dijkstra - WARNING -   ROI 23: Near=1, Far=5025, Thresh=11.8, Sink_dist=inf
2025-10-07 23:04:18 - orthoroute.algorithms.manhattan.pathfinder.cuda_dijkstra - WARNING -   ROI 24: Near=1, Far=8166, Thresh=12.7, Sink_dist=inf
2025-10-07 23:04:18 - orthoroute.algorithms.manhattan.pathfinder.cuda_dijkstra - WARNING -   ROI 25: Near=1, Far=5060, Thresh=11.8, Sink_dist=inf
2025-10-07 23:04:18 - orthoroute.algorithms.manhattan.pathfinder.cuda_dijkstra - WARNING -   ROI 26: Near=1, Far=6354, Thresh=12.3, Sink_dist=inf
2025-10-07 23:04:18 - orthoroute.algorithms.manhattan.pathfinder.cuda_dijkstra - WARNING -   ROI 27: Near=1, Far=4588, Thresh=11.9, Sink_dist=inf
2025-10-07 23:04:18 - orthoroute.algorithms.manhattan.pathfinder.cuda_dijkstra - WARNING -   ROI 28: Near=1, Far=6316, Thresh=12.3, Sink_dist=inf
2025-10-07 23:04:18 - orthoroute.algorithms.manhattan.pathfinder.cuda_dijkstra - WARNING -   ROI 29: Near=1, Far=5027, Thresh=11.8, Sink_dist=inf
2025-10-07 23:04:18 - orthoroute.algorithms.manhattan.pathfinder.cuda_dijkstra - WARNING -   ROI 30: Near=1, Far=6937, Thresh=12.9, Sink_dist=inf
2025-10-07 23:04:18 - orthoroute.algorithms.manhattan.pathfinder.cuda_dijkstra - WARNING -   ROI 31: Near=1, Far=6002, Thresh=12.1, Sink_dist=inf
2025-10-07 23:04:20 - orthoroute.algorithms.manhattan.pathfinder.cuda_dijkstra - INFO - [DEBUG-GPU] Near-Far iteration 6400
2025-10-07 23:04:20 - orthoroute.algorithms.manhattan.pathfinder.cuda_dijkstra - WARNING - [CUDA-NF] Iteration 6400: 32/32 ROIs active, Near nodes=32, Far nodes=189806
2025-10-07 23:04:20 - orthoroute.algorithms.manhattan.pathfinder.cuda_dijkstra - WARNING -   ROI 0: Near=1, Far=5727, Thresh=13.1, Sink_dist=inf
2025-10-07 23:04:20 - orthoroute.algorithms.manhattan.pathfinder.cuda_dijkstra - WARNING -   ROI 1: Near=1, Far=3988, Thresh=12.3, Sink_dist=inf
2025-10-07 23:04:20 - orthoroute.algorithms.manhattan.pathfinder.cuda_dijkstra - WARNING -   ROI 2: Near=1, Far=5991, Thresh=12.1, Sink_dist=inf
2025-10-07 23:04:20 - orthoroute.algorithms.manhattan.pathfinder.cuda_dijkstra - WARNING -   ROI 3: Near=1, Far=2716, Thresh=14.0, Sink_dist=inf
2025-10-07 23:04:20 - orthoroute.algorithms.manhattan.pathfinder.cuda_dijkstra - WARNING -   ROI 4: Near=1, Far=5896, Thresh=12.1, Sink_dist=inf
2025-10-07 23:04:20 - orthoroute.algorithms.manhattan.pathfinder.cuda_dijkstra - WARNING -   ROI 5: Near=1, Far=5396, Thresh=11.9, Sink_dist=inf
2025-10-07 23:04:20 - orthoroute.algorithms.manhattan.pathfinder.cuda_dijkstra - WARNING -   ROI 6: Near=1, Far=5333, Thresh=13.4, Sink_dist=inf
2025-10-07 23:04:20 - orthoroute.algorithms.manhattan.pathfinder.cuda_dijkstra - WARNING -   ROI 7: Near=1, Far=5887, Thresh=12.4, Sink_dist=inf
2025-10-07 23:04:20 - orthoroute.algorithms.manhattan.pathfinder.cuda_dijkstra - WARNING -   ROI 8: Near=1, Far=6019, Thresh=12.1, Sink_dist=inf
2025-10-07 23:04:20 - orthoroute.algorithms.manhattan.pathfinder.cuda_dijkstra - WARNING -   ROI 9: Near=1, Far=4870, Thresh=12.6, Sink_dist=inf
2025-10-07 23:04:20 - orthoroute.algorithms.manhattan.pathfinder.cuda_dijkstra - WARNING -   ROI 10: Near=1, Far=3442, Thresh=12.9, Sink_dist=inf
2025-10-07 23:04:20 - orthoroute.algorithms.manhattan.pathfinder.cuda_dijkstra - WARNING -   ROI 11: Near=1, Far=2768, Thresh=13.2, Sink_dist=inf
2025-10-07 23:04:20 - orthoroute.algorithms.manhattan.pathfinder.cuda_dijkstra - WARNING -   ROI 12: Near=1, Far=6843, Thresh=12.3, Sink_dist=inf
2025-10-07 23:04:20 - orthoroute.algorithms.manhattan.pathfinder.cuda_dijkstra - WARNING -   ROI 13: Near=1, Far=8058, Thresh=12.8, Sink_dist=inf
2025-10-07 23:04:20 - orthoroute.algorithms.manhattan.pathfinder.cuda_dijkstra - WARNING -   ROI 14: Near=1, Far=8047, Thresh=12.8, Sink_dist=inf
2025-10-07 23:04:20 - orthoroute.algorithms.manhattan.pathfinder.cuda_dijkstra - WARNING -   ROI 15: Near=1, Far=8051, Thresh=12.8, Sink_dist=inf
2025-10-07 23:04:20 - orthoroute.algorithms.manhattan.pathfinder.cuda_dijkstra - WARNING -   ROI 16: Near=1, Far=6729, Thresh=12.3, Sink_dist=inf
2025-10-07 23:04:20 - orthoroute.algorithms.manhattan.pathfinder.cuda_dijkstra - WARNING -   ROI 17: Near=1, Far=6713, Thresh=12.3, Sink_dist=inf
2025-10-07 23:04:20 - orthoroute.algorithms.manhattan.pathfinder.cuda_dijkstra - WARNING -   ROI 18: Near=1, Far=5917, Thresh=12.1, Sink_dist=inf
2025-10-07 23:04:20 - orthoroute.algorithms.manhattan.pathfinder.cuda_dijkstra - WARNING -   ROI 19: Near=1, Far=6855, Thresh=13.0, Sink_dist=inf
2025-10-07 23:04:20 - orthoroute.algorithms.manhattan.pathfinder.cuda_dijkstra - WARNING -   ROI 20: Near=1, Far=6608, Thresh=12.3, Sink_dist=inf
2025-10-07 23:04:20 - orthoroute.algorithms.manhattan.pathfinder.cuda_dijkstra - WARNING -   ROI 21: Near=1, Far=5995, Thresh=12.1, Sink_dist=inf
2025-10-07 23:04:20 - orthoroute.algorithms.manhattan.pathfinder.cuda_dijkstra - WARNING -   ROI 22: Near=1, Far=6763, Thresh=12.3, Sink_dist=inf
2025-10-07 23:04:20 - orthoroute.algorithms.manhattan.pathfinder.cuda_dijkstra - WARNING -   ROI 23: Near=1, Far=5391, Thresh=11.9, Sink_dist=inf
2025-10-07 23:04:20 - orthoroute.algorithms.manhattan.pathfinder.cuda_dijkstra - WARNING -   ROI 24: Near=1, Far=8062, Thresh=12.8, Sink_dist=inf
2025-10-07 23:04:20 - orthoroute.algorithms.manhattan.pathfinder.cuda_dijkstra - WARNING -   ROI 25: Near=1, Far=5181, Thresh=11.9, Sink_dist=inf
2025-10-07 23:04:20 - orthoroute.algorithms.manhattan.pathfinder.cuda_dijkstra - WARNING -   ROI 26: Near=1, Far=6738, Thresh=12.3, Sink_dist=inf
2025-10-07 23:04:20 - orthoroute.algorithms.manhattan.pathfinder.cuda_dijkstra - WARNING -   ROI 27: Near=1, Far=4867, Thresh=12.0, Sink_dist=inf
2025-10-07 23:04:20 - orthoroute.algorithms.manhattan.pathfinder.cuda_dijkstra - WARNING -   ROI 28: Near=1, Far=6720, Thresh=12.3, Sink_dist=inf
2025-10-07 23:04:20 - orthoroute.algorithms.manhattan.pathfinder.cuda_dijkstra - WARNING -   ROI 29: Near=1, Far=5475, Thresh=11.9, Sink_dist=inf
2025-10-07 23:04:20 - orthoroute.algorithms.manhattan.pathfinder.cuda_dijkstra - WARNING -   ROI 30: Near=1, Far=6854, Thresh=13.0, Sink_dist=inf
2025-10-07 23:04:20 - orthoroute.algorithms.manhattan.pathfinder.cuda_dijkstra - WARNING -   ROI 31: Near=1, Far=5906, Thresh=12.1, Sink_dist=inf
2025-10-07 23:04:22 - orthoroute.algorithms.manhattan.pathfinder.cuda_dijkstra - INFO - [DEBUG-GPU] Near-Far iteration 6500
2025-10-07 23:04:22 - orthoroute.algorithms.manhattan.pathfinder.cuda_dijkstra - WARNING - [CUDA-NF] Iteration 6500: 32/32 ROIs active, Near nodes=33, Far nodes=192263
2025-10-07 23:04:22 - orthoroute.algorithms.manhattan.pathfinder.cuda_dijkstra - WARNING -   ROI 0: Near=1, Far=6206, Thresh=13.1, Sink_dist=inf
2025-10-07 23:04:22 - orthoroute.algorithms.manhattan.pathfinder.cuda_dijkstra - WARNING -   ROI 1: Near=1, Far=4347, Thresh=12.3, Sink_dist=inf
2025-10-07 23:04:22 - orthoroute.algorithms.manhattan.pathfinder.cuda_dijkstra - WARNING -   ROI 2: Near=1, Far=5890, Thresh=12.1, Sink_dist=inf
2025-10-07 23:04:22 - orthoroute.algorithms.manhattan.pathfinder.cuda_dijkstra - WARNING -   ROI 3: Near=1, Far=2615, Thresh=14.1, Sink_dist=inf
2025-10-07 23:04:22 - orthoroute.algorithms.manhattan.pathfinder.cuda_dijkstra - WARNING -   ROI 4: Near=1, Far=5818, Thresh=12.2, Sink_dist=inf
2025-10-07 23:04:22 - orthoroute.algorithms.manhattan.pathfinder.cuda_dijkstra - WARNING -   ROI 5: Near=1, Far=5697, Thresh=11.9, Sink_dist=inf
2025-10-07 23:04:22 - orthoroute.algorithms.manhattan.pathfinder.cuda_dijkstra - WARNING -   ROI 6: Near=1, Far=5232, Thresh=13.4, Sink_dist=inf
2025-10-07 23:04:22 - orthoroute.algorithms.manhattan.pathfinder.cuda_dijkstra - WARNING -   ROI 7: Near=1, Far=5852, Thresh=12.4, Sink_dist=inf
2025-10-07 23:04:22 - orthoroute.algorithms.manhattan.pathfinder.cuda_dijkstra - WARNING -   ROI 8: Near=1, Far=5918, Thresh=12.1, Sink_dist=inf
2025-10-07 23:04:22 - orthoroute.algorithms.manhattan.pathfinder.cuda_dijkstra - WARNING -   ROI 9: Near=1, Far=4991, Thresh=12.7, Sink_dist=inf
2025-10-07 23:04:22 - orthoroute.algorithms.manhattan.pathfinder.cuda_dijkstra - WARNING -   ROI 10: Near=1, Far=3342, Thresh=12.9, Sink_dist=inf
2025-10-07 23:04:22 - orthoroute.algorithms.manhattan.pathfinder.cuda_dijkstra - WARNING -   ROI 11: Near=1, Far=2839, Thresh=13.2, Sink_dist=inf
2025-10-07 23:04:22 - orthoroute.algorithms.manhattan.pathfinder.cuda_dijkstra - WARNING -   ROI 12: Near=1, Far=6894, Thresh=12.4, Sink_dist=inf
2025-10-07 23:04:22 - orthoroute.algorithms.manhattan.pathfinder.cuda_dijkstra - WARNING -   ROI 13: Near=1, Far=7958, Thresh=12.8, Sink_dist=inf
2025-10-07 23:04:22 - orthoroute.algorithms.manhattan.pathfinder.cuda_dijkstra - WARNING -   ROI 14: Near=1, Far=7957, Thresh=12.8, Sink_dist=inf
2025-10-07 23:04:22 - orthoroute.algorithms.manhattan.pathfinder.cuda_dijkstra - WARNING -   ROI 15: Near=2, Far=7948, Thresh=12.8, Sink_dist=inf
2025-10-07 23:04:22 - orthoroute.algorithms.manhattan.pathfinder.cuda_dijkstra - WARNING -   ROI 16: Near=1, Far=6910, Thresh=12.4, Sink_dist=inf
2025-10-07 23:04:22 - orthoroute.algorithms.manhattan.pathfinder.cuda_dijkstra - WARNING -   ROI 17: Near=1, Far=6989, Thresh=12.3, Sink_dist=inf
2025-10-07 23:04:22 - orthoroute.algorithms.manhattan.pathfinder.cuda_dijkstra - WARNING -   ROI 18: Near=1, Far=5816, Thresh=12.2, Sink_dist=inf
2025-10-07 23:04:22 - orthoroute.algorithms.manhattan.pathfinder.cuda_dijkstra - WARNING -   ROI 19: Near=1, Far=6765, Thresh=13.1, Sink_dist=inf
2025-10-07 23:04:22 - orthoroute.algorithms.manhattan.pathfinder.cuda_dijkstra - WARNING -   ROI 20: Near=1, Far=6919, Thresh=12.4, Sink_dist=inf
2025-10-07 23:04:22 - orthoroute.algorithms.manhattan.pathfinder.cuda_dijkstra - WARNING -   ROI 21: Near=1, Far=5893, Thresh=12.1, Sink_dist=inf
2025-10-07 23:04:22 - orthoroute.algorithms.manhattan.pathfinder.cuda_dijkstra - WARNING -   ROI 22: Near=1, Far=6981, Thresh=12.3, Sink_dist=inf
2025-10-07 23:04:22 - orthoroute.algorithms.manhattan.pathfinder.cuda_dijkstra - WARNING -   ROI 23: Near=1, Far=5729, Thresh=12.0, Sink_dist=inf
2025-10-07 23:04:22 - orthoroute.algorithms.manhattan.pathfinder.cuda_dijkstra - WARNING -   ROI 24: Near=1, Far=7962, Thresh=12.8, Sink_dist=inf
2025-10-07 23:04:22 - orthoroute.algorithms.manhattan.pathfinder.cuda_dijkstra - WARNING -   ROI 25: Near=1, Far=5717, Thresh=11.9, Sink_dist=inf
2025-10-07 23:04:22 - orthoroute.algorithms.manhattan.pathfinder.cuda_dijkstra - WARNING -   ROI 26: Near=1, Far=6924, Thresh=12.4, Sink_dist=inf
2025-10-07 23:04:22 - orthoroute.algorithms.manhattan.pathfinder.cuda_dijkstra - WARNING -   ROI 27: Near=1, Far=4854, Thresh=12.0, Sink_dist=inf
2025-10-07 23:04:22 - orthoroute.algorithms.manhattan.pathfinder.cuda_dijkstra - WARNING -   ROI 28: Near=1, Far=6917, Thresh=12.4, Sink_dist=inf
2025-10-07 23:04:22 - orthoroute.algorithms.manhattan.pathfinder.cuda_dijkstra - WARNING -   ROI 29: Near=1, Far=5824, Thresh=11.9, Sink_dist=inf
2025-10-07 23:04:22 - orthoroute.algorithms.manhattan.pathfinder.cuda_dijkstra - WARNING -   ROI 30: Near=1, Far=6753, Thresh=13.1, Sink_dist=inf
2025-10-07 23:04:22 - orthoroute.algorithms.manhattan.pathfinder.cuda_dijkstra - WARNING -   ROI 31: Near=1, Far=5806, Thresh=12.2, Sink_dist=inf
2025-10-07 23:04:24 - orthoroute.algorithms.manhattan.pathfinder.cuda_dijkstra - INFO - [DEBUG-GPU] Near-Far iteration 6600
2025-10-07 23:04:24 - orthoroute.algorithms.manhattan.pathfinder.cuda_dijkstra - WARNING - [CUDA-NF] Iteration 6600: 32/32 ROIs active, Near nodes=33, Far nodes=191465
2025-10-07 23:04:24 - orthoroute.algorithms.manhattan.pathfinder.cuda_dijkstra - WARNING -   ROI 0: Near=1, Far=6424, Thresh=13.2, Sink_dist=inf
2025-10-07 23:04:24 - orthoroute.algorithms.manhattan.pathfinder.cuda_dijkstra - WARNING -   ROI 1: Near=1, Far=4576, Thresh=12.4, Sink_dist=inf
2025-10-07 23:04:24 - orthoroute.algorithms.manhattan.pathfinder.cuda_dijkstra - WARNING -   ROI 2: Near=1, Far=5813, Thresh=12.2, Sink_dist=inf
2025-10-07 23:04:24 - orthoroute.algorithms.manhattan.pathfinder.cuda_dijkstra - WARNING -   ROI 3: Near=1, Far=2509, Thresh=14.1, Sink_dist=inf
2025-10-07 23:04:24 - orthoroute.algorithms.manhattan.pathfinder.cuda_dijkstra - WARNING -   ROI 4: Near=1, Far=5718, Thresh=12.3, Sink_dist=inf
2025-10-07 23:04:24 - orthoroute.algorithms.manhattan.pathfinder.cuda_dijkstra - WARNING -   ROI 5: Near=1, Far=5758, Thresh=12.0, Sink_dist=inf
2025-10-07 23:04:24 - orthoroute.algorithms.manhattan.pathfinder.cuda_dijkstra - WARNING -   ROI 6: Near=1, Far=5356, Thresh=13.6, Sink_dist=inf
2025-10-07 23:04:24 - orthoroute.algorithms.manhattan.pathfinder.cuda_dijkstra - WARNING -   ROI 7: Near=1, Far=5752, Thresh=12.5, Sink_dist=inf
2025-10-07 23:04:24 - orthoroute.algorithms.manhattan.pathfinder.cuda_dijkstra - WARNING -   ROI 8: Near=1, Far=5842, Thresh=12.2, Sink_dist=inf
2025-10-07 23:04:24 - orthoroute.algorithms.manhattan.pathfinder.cuda_dijkstra - WARNING -   ROI 9: Near=1, Far=5308, Thresh=12.7, Sink_dist=inf
2025-10-07 23:04:24 - orthoroute.algorithms.manhattan.pathfinder.cuda_dijkstra - WARNING -   ROI 10: Near=1, Far=3242, Thresh=12.9, Sink_dist=inf
2025-10-07 23:04:24 - orthoroute.algorithms.manhattan.pathfinder.cuda_dijkstra - WARNING -   ROI 11: Near=1, Far=2743, Thresh=13.3, Sink_dist=inf
2025-10-07 23:04:24 - orthoroute.algorithms.manhattan.pathfinder.cuda_dijkstra - WARNING -   ROI 12: Near=1, Far=6792, Thresh=12.5, Sink_dist=inf
2025-10-07 23:04:24 - orthoroute.algorithms.manhattan.pathfinder.cuda_dijkstra - WARNING -   ROI 13: Near=1, Far=7852, Thresh=12.9, Sink_dist=inf
2025-10-07 23:04:24 - orthoroute.algorithms.manhattan.pathfinder.cuda_dijkstra - WARNING -   ROI 14: Near=1, Far=7862, Thresh=12.9, Sink_dist=inf
2025-10-07 23:04:24 - orthoroute.algorithms.manhattan.pathfinder.cuda_dijkstra - WARNING -   ROI 15: Near=1, Far=7865, Thresh=12.9, Sink_dist=inf
2025-10-07 23:04:24 - orthoroute.algorithms.manhattan.pathfinder.cuda_dijkstra - WARNING -   ROI 16: Near=1, Far=6859, Thresh=12.4, Sink_dist=inf
2025-10-07 23:04:24 - orthoroute.algorithms.manhattan.pathfinder.cuda_dijkstra - WARNING -   ROI 17: Near=1, Far=6888, Thresh=12.4, Sink_dist=inf
2025-10-07 23:04:24 - orthoroute.algorithms.manhattan.pathfinder.cuda_dijkstra - WARNING -   ROI 18: Near=1, Far=5720, Thresh=12.3, Sink_dist=inf
2025-10-07 23:04:24 - orthoroute.algorithms.manhattan.pathfinder.cuda_dijkstra - WARNING -   ROI 19: Near=1, Far=6761, Thresh=13.1, Sink_dist=inf
2025-10-07 23:04:24 - orthoroute.algorithms.manhattan.pathfinder.cuda_dijkstra - WARNING -   ROI 20: Near=1, Far=6891, Thresh=12.4, Sink_dist=inf
2025-10-07 23:04:24 - orthoroute.algorithms.manhattan.pathfinder.cuda_dijkstra - WARNING -   ROI 21: Near=1, Far=5815, Thresh=12.2, Sink_dist=inf
2025-10-07 23:04:24 - orthoroute.algorithms.manhattan.pathfinder.cuda_dijkstra - WARNING -   ROI 22: Near=1, Far=6879, Thresh=12.4, Sink_dist=inf
2025-10-07 23:04:24 - orthoroute.algorithms.manhattan.pathfinder.cuda_dijkstra - WARNING -   ROI 23: Near=1, Far=5759, Thresh=12.0, Sink_dist=inf
2025-10-07 23:04:24 - orthoroute.algorithms.manhattan.pathfinder.cuda_dijkstra - WARNING -   ROI 24: Near=1, Far=7856, Thresh=12.9, Sink_dist=inf
2025-10-07 23:04:24 - orthoroute.algorithms.manhattan.pathfinder.cuda_dijkstra - WARNING -   ROI 25: Near=1, Far=5797, Thresh=11.9, Sink_dist=inf
2025-10-07 23:04:24 - orthoroute.algorithms.manhattan.pathfinder.cuda_dijkstra - WARNING -   ROI 26: Near=2, Far=6852, Thresh=12.4, Sink_dist=inf
2025-10-07 23:04:24 - orthoroute.algorithms.manhattan.pathfinder.cuda_dijkstra - WARNING -   ROI 27: Near=1, Far=4754, Thresh=12.0, Sink_dist=inf
2025-10-07 23:04:24 - orthoroute.algorithms.manhattan.pathfinder.cuda_dijkstra - WARNING -   ROI 28: Near=1, Far=6858, Thresh=12.4, Sink_dist=inf
2025-10-07 23:04:24 - orthoroute.algorithms.manhattan.pathfinder.cuda_dijkstra - WARNING -   ROI 29: Near=1, Far=5764, Thresh=12.0, Sink_dist=inf
2025-10-07 23:04:24 - orthoroute.algorithms.manhattan.pathfinder.cuda_dijkstra - WARNING -   ROI 30: Near=1, Far=6843, Thresh=13.1, Sink_dist=inf
2025-10-07 23:04:24 - orthoroute.algorithms.manhattan.pathfinder.cuda_dijkstra - WARNING -   ROI 31: Near=1, Far=5757, Thresh=12.3, Sink_dist=inf
2025-10-07 23:04:27 - orthoroute.algorithms.manhattan.pathfinder.cuda_dijkstra - INFO - [DEBUG-GPU] Near-Far iteration 6700
2025-10-07 23:04:27 - orthoroute.algorithms.manhattan.pathfinder.cuda_dijkstra - WARNING - [CUDA-NF] Iteration 6700: 32/32 ROIs active, Near nodes=32, Far nodes=193048
2025-10-07 23:04:27 - orthoroute.algorithms.manhattan.pathfinder.cuda_dijkstra - WARNING -   ROI 0: Near=1, Far=6321, Thresh=13.3, Sink_dist=inf
2025-10-07 23:04:27 - orthoroute.algorithms.manhattan.pathfinder.cuda_dijkstra - WARNING -   ROI 1: Near=1, Far=4534, Thresh=12.4, Sink_dist=inf
2025-10-07 23:04:27 - orthoroute.algorithms.manhattan.pathfinder.cuda_dijkstra - WARNING -   ROI 2: Near=1, Far=5874, Thresh=12.3, Sink_dist=inf
2025-10-07 23:04:27 - orthoroute.algorithms.manhattan.pathfinder.cuda_dijkstra - WARNING -   ROI 3: Near=1, Far=2755, Thresh=14.3, Sink_dist=inf
2025-10-07 23:04:27 - orthoroute.algorithms.manhattan.pathfinder.cuda_dijkstra - WARNING -   ROI 4: Near=1, Far=6227, Thresh=12.3, Sink_dist=inf
2025-10-07 23:04:27 - orthoroute.algorithms.manhattan.pathfinder.cuda_dijkstra - WARNING -   ROI 5: Near=1, Far=5660, Thresh=12.0, Sink_dist=inf
2025-10-07 23:04:27 - orthoroute.algorithms.manhattan.pathfinder.cuda_dijkstra - WARNING -   ROI 6: Near=1, Far=5850, Thresh=13.6, Sink_dist=inf
2025-10-07 23:04:27 - orthoroute.algorithms.manhattan.pathfinder.cuda_dijkstra - WARNING -   ROI 7: Near=1, Far=5650, Thresh=12.5, Sink_dist=inf
2025-10-07 23:04:27 - orthoroute.algorithms.manhattan.pathfinder.cuda_dijkstra - WARNING -   ROI 8: Near=1, Far=5863, Thresh=12.3, Sink_dist=inf
2025-10-07 23:04:27 - orthoroute.algorithms.manhattan.pathfinder.cuda_dijkstra - WARNING -   ROI 9: Near=1, Far=5462, Thresh=12.8, Sink_dist=inf
2025-10-07 23:04:27 - orthoroute.algorithms.manhattan.pathfinder.cuda_dijkstra - WARNING -   ROI 10: Near=1, Far=3149, Thresh=13.0, Sink_dist=inf
2025-10-07 23:04:27 - orthoroute.algorithms.manhattan.pathfinder.cuda_dijkstra - WARNING -   ROI 11: Near=1, Far=2641, Thresh=13.3, Sink_dist=inf
2025-10-07 23:04:27 - orthoroute.algorithms.manhattan.pathfinder.cuda_dijkstra - WARNING -   ROI 12: Near=1, Far=6692, Thresh=12.5, Sink_dist=inf
2025-10-07 23:04:27 - orthoroute.algorithms.manhattan.pathfinder.cuda_dijkstra - WARNING -   ROI 13: Near=1, Far=7767, Thresh=12.9, Sink_dist=inf
2025-10-07 23:04:27 - orthoroute.algorithms.manhattan.pathfinder.cuda_dijkstra - WARNING -   ROI 14: Near=1, Far=7756, Thresh=12.9, Sink_dist=inf
2025-10-07 23:04:27 - orthoroute.algorithms.manhattan.pathfinder.cuda_dijkstra - WARNING -   ROI 15: Near=1, Far=7759, Thresh=12.9, Sink_dist=inf
2025-10-07 23:04:27 - orthoroute.algorithms.manhattan.pathfinder.cuda_dijkstra - WARNING -   ROI 16: Near=1, Far=6759, Thresh=12.5, Sink_dist=inf
2025-10-07 23:04:27 - orthoroute.algorithms.manhattan.pathfinder.cuda_dijkstra - WARNING -   ROI 17: Near=1, Far=6785, Thresh=12.5, Sink_dist=inf
2025-10-07 23:04:27 - orthoroute.algorithms.manhattan.pathfinder.cuda_dijkstra - WARNING -   ROI 18: Near=1, Far=6174, Thresh=12.3, Sink_dist=inf
2025-10-07 23:04:27 - orthoroute.algorithms.manhattan.pathfinder.cuda_dijkstra - WARNING -   ROI 19: Near=1, Far=7123, Thresh=13.2, Sink_dist=inf
2025-10-07 23:04:27 - orthoroute.algorithms.manhattan.pathfinder.cuda_dijkstra - WARNING -   ROI 20: Near=1, Far=6791, Thresh=12.5, Sink_dist=inf
2025-10-07 23:04:27 - orthoroute.algorithms.manhattan.pathfinder.cuda_dijkstra - WARNING -   ROI 21: Near=1, Far=5832, Thresh=12.3, Sink_dist=inf
2025-10-07 23:04:27 - orthoroute.algorithms.manhattan.pathfinder.cuda_dijkstra - WARNING -   ROI 22: Near=1, Far=6776, Thresh=12.5, Sink_dist=inf
2025-10-07 23:04:27 - orthoroute.algorithms.manhattan.pathfinder.cuda_dijkstra - WARNING -   ROI 23: Near=1, Far=5658, Thresh=12.1, Sink_dist=inf
2025-10-07 23:04:27 - orthoroute.algorithms.manhattan.pathfinder.cuda_dijkstra - WARNING -   ROI 24: Near=1, Far=7771, Thresh=12.9, Sink_dist=inf
2025-10-07 23:04:27 - orthoroute.algorithms.manhattan.pathfinder.cuda_dijkstra - WARNING -   ROI 25: Near=1, Far=5697, Thresh=12.0, Sink_dist=inf
2025-10-07 23:04:27 - orthoroute.algorithms.manhattan.pathfinder.cuda_dijkstra - WARNING -   ROI 26: Near=1, Far=6752, Thresh=12.5, Sink_dist=inf
2025-10-07 23:04:27 - orthoroute.algorithms.manhattan.pathfinder.cuda_dijkstra - WARNING -   ROI 27: Near=1, Far=4652, Thresh=12.1, Sink_dist=inf
2025-10-07 23:04:27 - orthoroute.algorithms.manhattan.pathfinder.cuda_dijkstra - WARNING -   ROI 28: Near=1, Far=6758, Thresh=12.5, Sink_dist=inf
2025-10-07 23:04:27 - orthoroute.algorithms.manhattan.pathfinder.cuda_dijkstra - WARNING -   ROI 29: Near=1, Far=5662, Thresh=12.0, Sink_dist=inf
2025-10-07 23:04:27 - orthoroute.algorithms.manhattan.pathfinder.cuda_dijkstra - WARNING -   ROI 30: Near=1, Far=7634, Thresh=13.1, Sink_dist=inf
2025-10-07 23:04:27 - orthoroute.algorithms.manhattan.pathfinder.cuda_dijkstra - WARNING -   ROI 31: Near=1, Far=6264, Thresh=12.3, Sink_dist=inf
2025-10-07 23:04:30 - orthoroute.algorithms.manhattan.pathfinder.cuda_dijkstra - INFO - [DEBUG-GPU] Near-Far iteration 6800
2025-10-07 23:04:30 - orthoroute.algorithms.manhattan.pathfinder.cuda_dijkstra - WARNING - [CUDA-NF] Iteration 6800: 32/32 ROIs active, Near nodes=32, Far nodes=193789
2025-10-07 23:04:30 - orthoroute.algorithms.manhattan.pathfinder.cuda_dijkstra - WARNING -   ROI 0: Near=1, Far=6230, Thresh=13.3, Sink_dist=inf
2025-10-07 23:04:30 - orthoroute.algorithms.manhattan.pathfinder.cuda_dijkstra - WARNING -   ROI 1: Near=1, Far=4434, Thresh=12.5, Sink_dist=inf
2025-10-07 23:04:30 - orthoroute.algorithms.manhattan.pathfinder.cuda_dijkstra - WARNING -   ROI 2: Near=1, Far=6221, Thresh=12.3, Sink_dist=inf
2025-10-07 23:04:30 - orthoroute.algorithms.manhattan.pathfinder.cuda_dijkstra - WARNING -   ROI 3: Near=1, Far=2925, Thresh=14.4, Sink_dist=inf
2025-10-07 23:04:30 - orthoroute.algorithms.manhattan.pathfinder.cuda_dijkstra - WARNING -   ROI 4: Near=1, Far=6570, Thresh=12.3, Sink_dist=inf
2025-10-07 23:04:30 - orthoroute.algorithms.manhattan.pathfinder.cuda_dijkstra - WARNING -   ROI 5: Near=1, Far=5560, Thresh=12.1, Sink_dist=inf
2025-10-07 23:04:30 - orthoroute.algorithms.manhattan.pathfinder.cuda_dijkstra - WARNING -   ROI 6: Near=1, Far=5870, Thresh=13.7, Sink_dist=inf
2025-10-07 23:04:30 - orthoroute.algorithms.manhattan.pathfinder.cuda_dijkstra - WARNING -   ROI 7: Near=1, Far=5572, Thresh=12.6, Sink_dist=inf
2025-10-07 23:04:30 - orthoroute.algorithms.manhattan.pathfinder.cuda_dijkstra - WARNING -   ROI 8: Near=1, Far=6097, Thresh=12.3, Sink_dist=inf
2025-10-07 23:04:30 - orthoroute.algorithms.manhattan.pathfinder.cuda_dijkstra - WARNING -   ROI 9: Near=1, Far=5414, Thresh=12.8, Sink_dist=inf
2025-10-07 23:04:30 - orthoroute.algorithms.manhattan.pathfinder.cuda_dijkstra - WARNING -   ROI 10: Near=1, Far=3329, Thresh=13.2, Sink_dist=inf
2025-10-07 23:04:30 - orthoroute.algorithms.manhattan.pathfinder.cuda_dijkstra - WARNING -   ROI 11: Near=1, Far=2540, Thresh=13.3, Sink_dist=inf
2025-10-07 23:04:30 - orthoroute.algorithms.manhattan.pathfinder.cuda_dijkstra - WARNING -   ROI 12: Near=1, Far=6615, Thresh=12.6, Sink_dist=inf
2025-10-07 23:04:30 - orthoroute.algorithms.manhattan.pathfinder.cuda_dijkstra - WARNING -   ROI 13: Near=1, Far=7666, Thresh=13.0, Sink_dist=inf
2025-10-07 23:04:30 - orthoroute.algorithms.manhattan.pathfinder.cuda_dijkstra - WARNING -   ROI 14: Near=1, Far=7654, Thresh=13.0, Sink_dist=inf
2025-10-07 23:04:30 - orthoroute.algorithms.manhattan.pathfinder.cuda_dijkstra - WARNING -   ROI 15: Near=1, Far=7658, Thresh=13.0, Sink_dist=inf
2025-10-07 23:04:30 - orthoroute.algorithms.manhattan.pathfinder.cuda_dijkstra - WARNING -   ROI 16: Near=1, Far=6657, Thresh=12.5, Sink_dist=inf
2025-10-07 23:04:30 - orthoroute.algorithms.manhattan.pathfinder.cuda_dijkstra - WARNING -   ROI 17: Near=1, Far=6685, Thresh=12.5, Sink_dist=inf
2025-10-07 23:04:30 - orthoroute.algorithms.manhattan.pathfinder.cuda_dijkstra - WARNING -   ROI 18: Near=1, Far=6597, Thresh=12.3, Sink_dist=inf
2025-10-07 23:04:30 - orthoroute.algorithms.manhattan.pathfinder.cuda_dijkstra - WARNING -   ROI 19: Near=1, Far=7555, Thresh=13.3, Sink_dist=inf
2025-10-07 23:04:30 - orthoroute.algorithms.manhattan.pathfinder.cuda_dijkstra - WARNING -   ROI 20: Near=1, Far=6691, Thresh=12.5, Sink_dist=inf
2025-10-07 23:04:30 - orthoroute.algorithms.manhattan.pathfinder.cuda_dijkstra - WARNING -   ROI 21: Near=1, Far=6194, Thresh=12.3, Sink_dist=inf
2025-10-07 23:04:30 - orthoroute.algorithms.manhattan.pathfinder.cuda_dijkstra - WARNING -   ROI 22: Near=1, Far=6676, Thresh=12.5, Sink_dist=inf
2025-10-07 23:04:30 - orthoroute.algorithms.manhattan.pathfinder.cuda_dijkstra - WARNING -   ROI 23: Near=1, Far=5558, Thresh=12.1, Sink_dist=inf
2025-10-07 23:04:30 - orthoroute.algorithms.manhattan.pathfinder.cuda_dijkstra - WARNING -   ROI 24: Near=1, Far=7670, Thresh=13.0, Sink_dist=inf
2025-10-07 23:04:30 - orthoroute.algorithms.manhattan.pathfinder.cuda_dijkstra - WARNING -   ROI 25: Near=1, Far=5608, Thresh=12.0, Sink_dist=inf
2025-10-07 23:04:30 - orthoroute.algorithms.manhattan.pathfinder.cuda_dijkstra - WARNING -   ROI 26: Near=1, Far=6652, Thresh=12.5, Sink_dist=inf
2025-10-07 23:04:30 - orthoroute.algorithms.manhattan.pathfinder.cuda_dijkstra - WARNING -   ROI 27: Near=1, Far=4551, Thresh=12.1, Sink_dist=inf
2025-10-07 23:04:30 - orthoroute.algorithms.manhattan.pathfinder.cuda_dijkstra - WARNING -   ROI 28: Near=1, Far=6658, Thresh=12.5, Sink_dist=inf
2025-10-07 23:04:30 - orthoroute.algorithms.manhattan.pathfinder.cuda_dijkstra - WARNING -   ROI 29: Near=1, Far=5561, Thresh=12.1, Sink_dist=inf
2025-10-07 23:04:30 - orthoroute.algorithms.manhattan.pathfinder.cuda_dijkstra - WARNING -   ROI 30: Near=1, Far=7532, Thresh=13.2, Sink_dist=inf
2025-10-07 23:04:30 - orthoroute.algorithms.manhattan.pathfinder.cuda_dijkstra - WARNING -   ROI 31: Near=1, Far=6589, Thresh=12.3, Sink_dist=inf
2025-10-07 23:04:32 - orthoroute.algorithms.manhattan.pathfinder.cuda_dijkstra - INFO - [DEBUG-GPU] Near-Far iteration 6900
2025-10-07 23:04:32 - orthoroute.algorithms.manhattan.pathfinder.cuda_dijkstra - WARNING - [CUDA-NF] Iteration 6900: 32/32 ROIs active, Near nodes=34, Far nodes=193098
2025-10-07 23:04:32 - orthoroute.algorithms.manhattan.pathfinder.cuda_dijkstra - WARNING -   ROI 0: Near=1, Far=6125, Thresh=13.3, Sink_dist=inf
2025-10-07 23:04:32 - orthoroute.algorithms.manhattan.pathfinder.cuda_dijkstra - WARNING -   ROI 1: Near=1, Far=4334, Thresh=12.5, Sink_dist=inf
2025-10-07 23:04:32 - orthoroute.algorithms.manhattan.pathfinder.cuda_dijkstra - WARNING -   ROI 2: Near=1, Far=6466, Thresh=12.4, Sink_dist=inf
2025-10-07 23:04:32 - orthoroute.algorithms.manhattan.pathfinder.cuda_dijkstra - WARNING -   ROI 3: Near=1, Far=2882, Thresh=14.4, Sink_dist=inf
2025-10-07 23:04:32 - orthoroute.algorithms.manhattan.pathfinder.cuda_dijkstra - WARNING -   ROI 4: Near=1, Far=6503, Thresh=12.4, Sink_dist=inf
2025-10-07 23:04:32 - orthoroute.algorithms.manhattan.pathfinder.cuda_dijkstra - WARNING -   ROI 5: Near=1, Far=5458, Thresh=12.1, Sink_dist=inf
2025-10-07 23:04:32 - orthoroute.algorithms.manhattan.pathfinder.cuda_dijkstra - WARNING -   ROI 6: Near=1, Far=5767, Thresh=13.7, Sink_dist=inf
2025-10-07 23:04:32 - orthoroute.algorithms.manhattan.pathfinder.cuda_dijkstra - WARNING -   ROI 7: Near=1, Far=5597, Thresh=12.7, Sink_dist=inf
2025-10-07 23:04:32 - orthoroute.algorithms.manhattan.pathfinder.cuda_dijkstra - WARNING -   ROI 8: Near=1, Far=6411, Thresh=12.3, Sink_dist=inf
2025-10-07 23:04:32 - orthoroute.algorithms.manhattan.pathfinder.cuda_dijkstra - WARNING -   ROI 9: Near=1, Far=5314, Thresh=12.9, Sink_dist=inf
2025-10-07 23:04:32 - orthoroute.algorithms.manhattan.pathfinder.cuda_dijkstra - WARNING -   ROI 10: Near=1, Far=3616, Thresh=13.2, Sink_dist=inf
2025-10-07 23:04:32 - orthoroute.algorithms.manhattan.pathfinder.cuda_dijkstra - WARNING -   ROI 11: Near=1, Far=2652, Thresh=13.6, Sink_dist=inf
2025-10-07 23:04:32 - orthoroute.algorithms.manhattan.pathfinder.cuda_dijkstra - WARNING -   ROI 12: Near=1, Far=6568, Thresh=12.6, Sink_dist=inf
2025-10-07 23:04:32 - orthoroute.algorithms.manhattan.pathfinder.cuda_dijkstra - WARNING -   ROI 13: Near=1, Far=7566, Thresh=13.1, Sink_dist=inf
2025-10-07 23:04:32 - orthoroute.algorithms.manhattan.pathfinder.cuda_dijkstra - WARNING -   ROI 14: Near=1, Far=7784, Thresh=13.1, Sink_dist=inf
2025-10-07 23:04:32 - orthoroute.algorithms.manhattan.pathfinder.cuda_dijkstra - WARNING -   ROI 15: Near=1, Far=7764, Thresh=13.1, Sink_dist=inf
2025-10-07 23:04:32 - orthoroute.algorithms.manhattan.pathfinder.cuda_dijkstra - WARNING -   ROI 16: Near=1, Far=6581, Thresh=12.6, Sink_dist=inf
2025-10-07 23:04:32 - orthoroute.algorithms.manhattan.pathfinder.cuda_dijkstra - WARNING -   ROI 17: Near=1, Far=6609, Thresh=12.6, Sink_dist=inf
2025-10-07 23:04:32 - orthoroute.algorithms.manhattan.pathfinder.cuda_dijkstra - WARNING -   ROI 18: Near=1, Far=6500, Thresh=12.4, Sink_dist=inf
2025-10-07 23:04:32 - orthoroute.algorithms.manhattan.pathfinder.cuda_dijkstra - WARNING -   ROI 19: Near=2, Far=7453, Thresh=13.3, Sink_dist=inf
2025-10-07 23:04:32 - orthoroute.algorithms.manhattan.pathfinder.cuda_dijkstra - WARNING -   ROI 20: Near=1, Far=6589, Thresh=12.6, Sink_dist=inf
2025-10-07 23:04:32 - orthoroute.algorithms.manhattan.pathfinder.cuda_dijkstra - WARNING -   ROI 21: Near=1, Far=6406, Thresh=12.3, Sink_dist=inf
2025-10-07 23:04:32 - orthoroute.algorithms.manhattan.pathfinder.cuda_dijkstra - WARNING -   ROI 22: Near=1, Far=6598, Thresh=12.6, Sink_dist=inf
2025-10-07 23:04:32 - orthoroute.algorithms.manhattan.pathfinder.cuda_dijkstra - WARNING -   ROI 23: Near=1, Far=5458, Thresh=12.1, Sink_dist=inf
2025-10-07 23:04:32 - orthoroute.algorithms.manhattan.pathfinder.cuda_dijkstra - WARNING -   ROI 24: Near=1, Far=7570, Thresh=13.1, Sink_dist=inf
2025-10-07 23:04:32 - orthoroute.algorithms.manhattan.pathfinder.cuda_dijkstra - WARNING -   ROI 25: Near=1, Far=5520, Thresh=12.1, Sink_dist=inf
2025-10-07 23:04:32 - orthoroute.algorithms.manhattan.pathfinder.cuda_dijkstra - WARNING -   ROI 26: Near=1, Far=6574, Thresh=12.6, Sink_dist=inf
2025-10-07 23:04:32 - orthoroute.algorithms.manhattan.pathfinder.cuda_dijkstra - WARNING -   ROI 27: Near=1, Far=4472, Thresh=12.2, Sink_dist=inf
2025-10-07 23:04:32 - orthoroute.algorithms.manhattan.pathfinder.cuda_dijkstra - WARNING -   ROI 28: Near=1, Far=6581, Thresh=12.6, Sink_dist=inf
2025-10-07 23:04:32 - orthoroute.algorithms.manhattan.pathfinder.cuda_dijkstra - WARNING -   ROI 29: Near=1, Far=5460, Thresh=12.1, Sink_dist=inf
2025-10-07 23:04:32 - orthoroute.algorithms.manhattan.pathfinder.cuda_dijkstra - WARNING -   ROI 30: Near=2, Far=7431, Thresh=13.3, Sink_dist=inf
2025-10-07 23:04:32 - orthoroute.algorithms.manhattan.pathfinder.cuda_dijkstra - WARNING -   ROI 31: Near=1, Far=6489, Thresh=12.4, Sink_dist=inf
2025-10-07 23:04:34 - orthoroute.algorithms.manhattan.pathfinder.cuda_dijkstra - INFO - [DEBUG-GPU] Near-Far iteration 7000
2025-10-07 23:04:34 - orthoroute.algorithms.manhattan.pathfinder.cuda_dijkstra - WARNING - [CUDA-NF] Iteration 7000: 32/32 ROIs active, Near nodes=32, Far nodes=194388
2025-10-07 23:04:34 - orthoroute.algorithms.manhattan.pathfinder.cuda_dijkstra - WARNING -   ROI 0: Near=1, Far=6024, Thresh=13.4, Sink_dist=inf
2025-10-07 23:04:34 - orthoroute.algorithms.manhattan.pathfinder.cuda_dijkstra - WARNING -   ROI 1: Near=1, Far=4234, Thresh=12.5, Sink_dist=inf
2025-10-07 23:04:34 - orthoroute.algorithms.manhattan.pathfinder.cuda_dijkstra - WARNING -   ROI 2: Near=1, Far=6494, Thresh=12.4, Sink_dist=inf
2025-10-07 23:04:34 - orthoroute.algorithms.manhattan.pathfinder.cuda_dijkstra - WARNING -   ROI 3: Near=1, Far=2782, Thresh=14.5, Sink_dist=inf
2025-10-07 23:04:34 - orthoroute.algorithms.manhattan.pathfinder.cuda_dijkstra - WARNING -   ROI 4: Near=1, Far=6400, Thresh=12.5, Sink_dist=inf
2025-10-07 23:04:34 - orthoroute.algorithms.manhattan.pathfinder.cuda_dijkstra - WARNING -   ROI 5: Near=1, Far=5382, Thresh=12.2, Sink_dist=inf
2025-10-07 23:04:34 - orthoroute.algorithms.manhattan.pathfinder.cuda_dijkstra - WARNING -   ROI 6: Near=1, Far=5664, Thresh=13.7, Sink_dist=inf
2025-10-07 23:04:34 - orthoroute.algorithms.manhattan.pathfinder.cuda_dijkstra - WARNING -   ROI 7: Near=1, Far=5814, Thresh=12.7, Sink_dist=inf
2025-10-07 23:04:34 - orthoroute.algorithms.manhattan.pathfinder.cuda_dijkstra - WARNING -   ROI 8: Near=1, Far=6524, Thresh=12.4, Sink_dist=inf
2025-10-07 23:04:34 - orthoroute.algorithms.manhattan.pathfinder.cuda_dijkstra - WARNING -   ROI 9: Near=1, Far=5213, Thresh=12.9, Sink_dist=inf
2025-10-07 23:04:34 - orthoroute.algorithms.manhattan.pathfinder.cuda_dijkstra - WARNING -   ROI 10: Near=1, Far=3645, Thresh=13.3, Sink_dist=inf
2025-10-07 23:04:34 - orthoroute.algorithms.manhattan.pathfinder.cuda_dijkstra - WARNING -   ROI 11: Near=1, Far=2887, Thresh=13.6, Sink_dist=inf
2025-10-07 23:04:34 - orthoroute.algorithms.manhattan.pathfinder.cuda_dijkstra - WARNING -   ROI 12: Near=1, Far=6725, Thresh=12.7, Sink_dist=inf
2025-10-07 23:04:34 - orthoroute.algorithms.manhattan.pathfinder.cuda_dijkstra - WARNING -   ROI 13: Near=1, Far=8128, Thresh=13.1, Sink_dist=inf
2025-10-07 23:04:34 - orthoroute.algorithms.manhattan.pathfinder.cuda_dijkstra - WARNING -   ROI 14: Near=1, Far=8248, Thresh=13.1, Sink_dist=inf
2025-10-07 23:04:34 - orthoroute.algorithms.manhattan.pathfinder.cuda_dijkstra - WARNING -   ROI 15: Near=1, Far=8203, Thresh=13.1, Sink_dist=inf
2025-10-07 23:04:34 - orthoroute.algorithms.manhattan.pathfinder.cuda_dijkstra - WARNING -   ROI 16: Near=1, Far=6564, Thresh=12.7, Sink_dist=inf
2025-10-07 23:04:34 - orthoroute.algorithms.manhattan.pathfinder.cuda_dijkstra - WARNING -   ROI 17: Near=1, Far=6506, Thresh=12.7, Sink_dist=inf
2025-10-07 23:04:34 - orthoroute.algorithms.manhattan.pathfinder.cuda_dijkstra - WARNING -   ROI 18: Near=1, Far=6393, Thresh=12.5, Sink_dist=inf
2025-10-07 23:04:34 - orthoroute.algorithms.manhattan.pathfinder.cuda_dijkstra - WARNING -   ROI 19: Near=1, Far=7351, Thresh=13.3, Sink_dist=inf
2025-10-07 23:04:34 - orthoroute.algorithms.manhattan.pathfinder.cuda_dijkstra - WARNING -   ROI 20: Near=1, Far=6512, Thresh=12.7, Sink_dist=inf
2025-10-07 23:04:34 - orthoroute.algorithms.manhattan.pathfinder.cuda_dijkstra - WARNING -   ROI 21: Near=1, Far=6500, Thresh=12.4, Sink_dist=inf
2025-10-07 23:04:34 - orthoroute.algorithms.manhattan.pathfinder.cuda_dijkstra - WARNING -   ROI 22: Near=1, Far=6495, Thresh=12.7, Sink_dist=inf
2025-10-07 23:04:34 - orthoroute.algorithms.manhattan.pathfinder.cuda_dijkstra - WARNING -   ROI 23: Near=1, Far=5355, Thresh=12.2, Sink_dist=inf
2025-10-07 23:04:34 - orthoroute.algorithms.manhattan.pathfinder.cuda_dijkstra - WARNING -   ROI 24: Near=1, Far=8073, Thresh=13.1, Sink_dist=inf
2025-10-07 23:04:34 - orthoroute.algorithms.manhattan.pathfinder.cuda_dijkstra - WARNING -   ROI 25: Near=1, Far=5419, Thresh=12.1, Sink_dist=inf
2025-10-07 23:04:34 - orthoroute.algorithms.manhattan.pathfinder.cuda_dijkstra - WARNING -   ROI 26: Near=1, Far=6577, Thresh=12.7, Sink_dist=inf
2025-10-07 23:04:34 - orthoroute.algorithms.manhattan.pathfinder.cuda_dijkstra - WARNING -   ROI 27: Near=1, Far=4618, Thresh=12.3, Sink_dist=inf
2025-10-07 23:04:34 - orthoroute.algorithms.manhattan.pathfinder.cuda_dijkstra - WARNING -   ROI 28: Near=1, Far=6569, Thresh=12.7, Sink_dist=inf
2025-10-07 23:04:34 - orthoroute.algorithms.manhattan.pathfinder.cuda_dijkstra - WARNING -   ROI 29: Near=1, Far=5382, Thresh=12.2, Sink_dist=inf
2025-10-07 23:04:34 - orthoroute.algorithms.manhattan.pathfinder.cuda_dijkstra - WARNING -   ROI 30: Near=1, Far=7322, Thresh=13.3, Sink_dist=inf
2025-10-07 23:04:34 - orthoroute.algorithms.manhattan.pathfinder.cuda_dijkstra - WARNING -   ROI 31: Near=1, Far=6385, Thresh=12.5, Sink_dist=inf
2025-10-07 23:04:37 - orthoroute.algorithms.manhattan.pathfinder.cuda_dijkstra - INFO - [DEBUG-GPU] Near-Far iteration 7100
2025-10-07 23:04:37 - orthoroute.algorithms.manhattan.pathfinder.cuda_dijkstra - WARNING - [CUDA-NF] Iteration 7100: 32/32 ROIs active, Near nodes=33, Far nodes=197067
2025-10-07 23:04:37 - orthoroute.algorithms.manhattan.pathfinder.cuda_dijkstra - WARNING -   ROI 0: Near=1, Far=6007, Thresh=13.5, Sink_dist=inf
2025-10-07 23:04:37 - orthoroute.algorithms.manhattan.pathfinder.cuda_dijkstra - WARNING -   ROI 1: Near=1, Far=4182, Thresh=12.6, Sink_dist=inf
2025-10-07 23:04:37 - orthoroute.algorithms.manhattan.pathfinder.cuda_dijkstra - WARNING -   ROI 2: Near=1, Far=6394, Thresh=12.5, Sink_dist=inf
2025-10-07 23:04:37 - orthoroute.algorithms.manhattan.pathfinder.cuda_dijkstra - WARNING -   ROI 3: Near=2, Far=2675, Thresh=14.5, Sink_dist=inf
2025-10-07 23:04:37 - orthoroute.algorithms.manhattan.pathfinder.cuda_dijkstra - WARNING -   ROI 4: Near=1, Far=6293, Thresh=12.5, Sink_dist=inf
2025-10-07 23:04:37 - orthoroute.algorithms.manhattan.pathfinder.cuda_dijkstra - WARNING -   ROI 5: Near=1, Far=5359, Thresh=12.2, Sink_dist=inf
2025-10-07 23:04:37 - orthoroute.algorithms.manhattan.pathfinder.cuda_dijkstra - WARNING -   ROI 6: Near=1, Far=5563, Thresh=13.8, Sink_dist=inf
2025-10-07 23:04:37 - orthoroute.algorithms.manhattan.pathfinder.cuda_dijkstra - WARNING -   ROI 7: Near=1, Far=6102, Thresh=12.7, Sink_dist=inf
2025-10-07 23:04:37 - orthoroute.algorithms.manhattan.pathfinder.cuda_dijkstra - WARNING -   ROI 8: Near=1, Far=6424, Thresh=12.4, Sink_dist=inf
2025-10-07 23:04:37 - orthoroute.algorithms.manhattan.pathfinder.cuda_dijkstra - WARNING -   ROI 9: Near=1, Far=5133, Thresh=13.0, Sink_dist=inf
2025-10-07 23:04:37 - orthoroute.algorithms.manhattan.pathfinder.cuda_dijkstra - WARNING -   ROI 10: Near=1, Far=3545, Thresh=13.3, Sink_dist=inf
2025-10-07 23:04:37 - orthoroute.algorithms.manhattan.pathfinder.cuda_dijkstra - WARNING -   ROI 11: Near=1, Far=2957, Thresh=13.7, Sink_dist=inf
2025-10-07 23:04:37 - orthoroute.algorithms.manhattan.pathfinder.cuda_dijkstra - WARNING -   ROI 12: Near=1, Far=7023, Thresh=12.7, Sink_dist=inf
2025-10-07 23:04:37 - orthoroute.algorithms.manhattan.pathfinder.cuda_dijkstra - WARNING -   ROI 13: Near=1, Far=8544, Thresh=13.2, Sink_dist=inf
2025-10-07 23:04:37 - orthoroute.algorithms.manhattan.pathfinder.cuda_dijkstra - WARNING -   ROI 14: Near=1, Far=8531, Thresh=13.1, Sink_dist=inf
2025-10-07 23:04:37 - orthoroute.algorithms.manhattan.pathfinder.cuda_dijkstra - WARNING -   ROI 15: Near=1, Far=8534, Thresh=13.1, Sink_dist=inf
2025-10-07 23:04:37 - orthoroute.algorithms.manhattan.pathfinder.cuda_dijkstra - WARNING -   ROI 16: Near=1, Far=6838, Thresh=12.7, Sink_dist=inf
2025-10-07 23:04:37 - orthoroute.algorithms.manhattan.pathfinder.cuda_dijkstra - WARNING -   ROI 17: Near=1, Far=6768, Thresh=12.7, Sink_dist=inf
2025-10-07 23:04:37 - orthoroute.algorithms.manhattan.pathfinder.cuda_dijkstra - WARNING -   ROI 18: Near=1, Far=6309, Thresh=12.5, Sink_dist=inf
2025-10-07 23:04:37 - orthoroute.algorithms.manhattan.pathfinder.cuda_dijkstra - WARNING -   ROI 19: Near=1, Far=7249, Thresh=13.4, Sink_dist=inf
2025-10-07 23:04:37 - orthoroute.algorithms.manhattan.pathfinder.cuda_dijkstra - WARNING -   ROI 20: Near=1, Far=6685, Thresh=12.7, Sink_dist=inf
2025-10-07 23:04:37 - orthoroute.algorithms.manhattan.pathfinder.cuda_dijkstra - WARNING -   ROI 21: Near=1, Far=6400, Thresh=12.5, Sink_dist=inf
2025-10-07 23:04:37 - orthoroute.algorithms.manhattan.pathfinder.cuda_dijkstra - WARNING -   ROI 22: Near=1, Far=6837, Thresh=12.7, Sink_dist=inf
2025-10-07 23:04:37 - orthoroute.algorithms.manhattan.pathfinder.cuda_dijkstra - WARNING -   ROI 23: Near=1, Far=5311, Thresh=12.3, Sink_dist=inf
2025-10-07 23:04:37 - orthoroute.algorithms.manhattan.pathfinder.cuda_dijkstra - WARNING -   ROI 24: Near=1, Far=8549, Thresh=13.2, Sink_dist=inf
2025-10-07 23:04:37 - orthoroute.algorithms.manhattan.pathfinder.cuda_dijkstra - WARNING -   ROI 25: Near=1, Far=5319, Thresh=12.2, Sink_dist=inf
2025-10-07 23:04:37 - orthoroute.algorithms.manhattan.pathfinder.cuda_dijkstra - WARNING -   ROI 26: Near=1, Far=6832, Thresh=12.7, Sink_dist=inf
2025-10-07 23:04:37 - orthoroute.algorithms.manhattan.pathfinder.cuda_dijkstra - WARNING -   ROI 27: Near=1, Far=5023, Thresh=12.3, Sink_dist=inf
2025-10-07 23:04:37 - orthoroute.algorithms.manhattan.pathfinder.cuda_dijkstra - WARNING -   ROI 28: Near=1, Far=6824, Thresh=12.7, Sink_dist=inf
2025-10-07 23:04:37 - orthoroute.algorithms.manhattan.pathfinder.cuda_dijkstra - WARNING -   ROI 29: Near=1, Far=5311, Thresh=12.3, Sink_dist=inf
2025-10-07 23:04:37 - orthoroute.algorithms.manhattan.pathfinder.cuda_dijkstra - WARNING -   ROI 30: Near=1, Far=7240, Thresh=13.4, Sink_dist=inf
2025-10-07 23:04:37 - orthoroute.algorithms.manhattan.pathfinder.cuda_dijkstra - WARNING -   ROI 31: Near=1, Far=6306, Thresh=12.5, Sink_dist=inf
2025-10-07 23:04:39 - orthoroute.algorithms.manhattan.pathfinder.cuda_dijkstra - INFO - [DEBUG-GPU] Near-Far iteration 7200
2025-10-07 23:04:39 - orthoroute.algorithms.manhattan.pathfinder.cuda_dijkstra - WARNING - [CUDA-NF] Iteration 7200: 32/32 ROIs active, Near nodes=32, Far nodes=200764
2025-10-07 23:04:39 - orthoroute.algorithms.manhattan.pathfinder.cuda_dijkstra - WARNING -   ROI 0: Near=1, Far=6446, Thresh=13.5, Sink_dist=inf
2025-10-07 23:04:39 - orthoroute.algorithms.manhattan.pathfinder.cuda_dijkstra - WARNING -   ROI 1: Near=1, Far=4507, Thresh=12.7, Sink_dist=inf
2025-10-07 23:04:39 - orthoroute.algorithms.manhattan.pathfinder.cuda_dijkstra - WARNING -   ROI 2: Near=1, Far=6293, Thresh=12.5, Sink_dist=inf
2025-10-07 23:04:39 - orthoroute.algorithms.manhattan.pathfinder.cuda_dijkstra - WARNING -   ROI 3: Near=1, Far=2627, Thresh=14.7, Sink_dist=inf
2025-10-07 23:04:39 - orthoroute.algorithms.manhattan.pathfinder.cuda_dijkstra - WARNING -   ROI 4: Near=1, Far=6191, Thresh=12.6, Sink_dist=inf
2025-10-07 23:04:39 - orthoroute.algorithms.manhattan.pathfinder.cuda_dijkstra - WARNING -   ROI 5: Near=1, Far=5810, Thresh=12.3, Sink_dist=inf
2025-10-07 23:04:39 - orthoroute.algorithms.manhattan.pathfinder.cuda_dijkstra - WARNING -   ROI 6: Near=1, Far=5471, Thresh=13.9, Sink_dist=inf
2025-10-07 23:04:39 - orthoroute.algorithms.manhattan.pathfinder.cuda_dijkstra - WARNING -   ROI 7: Near=1, Far=6197, Thresh=12.8, Sink_dist=inf
2025-10-07 23:04:39 - orthoroute.algorithms.manhattan.pathfinder.cuda_dijkstra - WARNING -   ROI 8: Near=1, Far=6323, Thresh=12.5, Sink_dist=inf
2025-10-07 23:04:39 - orthoroute.algorithms.manhattan.pathfinder.cuda_dijkstra - WARNING -   ROI 9: Near=1, Far=5167, Thresh=13.1, Sink_dist=inf
2025-10-07 23:04:39 - orthoroute.algorithms.manhattan.pathfinder.cuda_dijkstra - WARNING -   ROI 10: Near=1, Far=3445, Thresh=13.3, Sink_dist=inf
2025-10-07 23:04:39 - orthoroute.algorithms.manhattan.pathfinder.cuda_dijkstra - WARNING -   ROI 11: Near=1, Far=2874, Thresh=13.7, Sink_dist=inf
2025-10-07 23:04:39 - orthoroute.algorithms.manhattan.pathfinder.cuda_dijkstra - WARNING -   ROI 12: Near=1, Far=7291, Thresh=12.8, Sink_dist=inf
2025-10-07 23:04:39 - orthoroute.algorithms.manhattan.pathfinder.cuda_dijkstra - WARNING -   ROI 13: Near=1, Far=8443, Thresh=13.2, Sink_dist=inf
2025-10-07 23:04:39 - orthoroute.algorithms.manhattan.pathfinder.cuda_dijkstra - WARNING -   ROI 14: Near=1, Far=8431, Thresh=13.2, Sink_dist=inf
2025-10-07 23:04:39 - orthoroute.algorithms.manhattan.pathfinder.cuda_dijkstra - WARNING -   ROI 15: Near=1, Far=8434, Thresh=13.2, Sink_dist=inf
2025-10-07 23:04:39 - orthoroute.algorithms.manhattan.pathfinder.cuda_dijkstra - WARNING -   ROI 16: Near=1, Far=7099, Thresh=12.7, Sink_dist=inf
2025-10-07 23:04:39 - orthoroute.algorithms.manhattan.pathfinder.cuda_dijkstra - WARNING -   ROI 17: Near=1, Far=7183, Thresh=12.7, Sink_dist=inf
2025-10-07 23:04:39 - orthoroute.algorithms.manhattan.pathfinder.cuda_dijkstra - WARNING -   ROI 18: Near=1, Far=6208, Thresh=12.6, Sink_dist=inf
2025-10-07 23:04:39 - orthoroute.algorithms.manhattan.pathfinder.cuda_dijkstra - WARNING -   ROI 19: Near=1, Far=7160, Thresh=13.5, Sink_dist=inf
2025-10-07 23:04:39 - orthoroute.algorithms.manhattan.pathfinder.cuda_dijkstra - WARNING -   ROI 20: Near=1, Far=7072, Thresh=12.8, Sink_dist=inf
2025-10-07 23:04:39 - orthoroute.algorithms.manhattan.pathfinder.cuda_dijkstra - WARNING -   ROI 21: Near=1, Far=6300, Thresh=12.5, Sink_dist=inf
2025-10-07 23:04:39 - orthoroute.algorithms.manhattan.pathfinder.cuda_dijkstra - WARNING -   ROI 22: Near=1, Far=7247, Thresh=12.7, Sink_dist=inf
2025-10-07 23:04:39 - orthoroute.algorithms.manhattan.pathfinder.cuda_dijkstra - WARNING -   ROI 23: Near=1, Far=5789, Thresh=12.3, Sink_dist=inf
2025-10-07 23:04:39 - orthoroute.algorithms.manhattan.pathfinder.cuda_dijkstra - WARNING -   ROI 24: Near=1, Far=8447, Thresh=13.2, Sink_dist=inf
2025-10-07 23:04:39 - orthoroute.algorithms.manhattan.pathfinder.cuda_dijkstra - WARNING -   ROI 25: Near=1, Far=5625, Thresh=12.3, Sink_dist=inf
2025-10-07 23:04:39 - orthoroute.algorithms.manhattan.pathfinder.cuda_dijkstra - WARNING -   ROI 26: Near=1, Far=7156, Thresh=12.7, Sink_dist=inf
2025-10-07 23:04:39 - orthoroute.algorithms.manhattan.pathfinder.cuda_dijkstra - WARNING -   ROI 27: Near=1, Far=5142, Thresh=12.4, Sink_dist=inf
2025-10-07 23:04:39 - orthoroute.algorithms.manhattan.pathfinder.cuda_dijkstra - WARNING -   ROI 28: Near=1, Far=7137, Thresh=12.7, Sink_dist=inf
2025-10-07 23:04:39 - orthoroute.algorithms.manhattan.pathfinder.cuda_dijkstra - WARNING -   ROI 29: Near=1, Far=5906, Thresh=12.3, Sink_dist=inf
2025-10-07 23:04:39 - orthoroute.algorithms.manhattan.pathfinder.cuda_dijkstra - WARNING -   ROI 30: Near=1, Far=7138, Thresh=13.4, Sink_dist=inf
2025-10-07 23:04:39 - orthoroute.algorithms.manhattan.pathfinder.cuda_dijkstra - WARNING -   ROI 31: Near=1, Far=6205, Thresh=12.6, Sink_dist=inf
2025-10-07 23:04:41 - orthoroute.algorithms.manhattan.pathfinder.cuda_dijkstra - INFO - [DEBUG-GPU] Near-Far iteration 7300
2025-10-07 23:04:41 - orthoroute.algorithms.manhattan.pathfinder.cuda_dijkstra - WARNING - [CUDA-NF] Iteration 7300: 32/32 ROIs active, Near nodes=33, Far nodes=202923
2025-10-07 23:04:41 - orthoroute.algorithms.manhattan.pathfinder.cuda_dijkstra - WARNING -   ROI 0: Near=1, Far=6744, Thresh=13.6, Sink_dist=inf
2025-10-07 23:04:41 - orthoroute.algorithms.manhattan.pathfinder.cuda_dijkstra - WARNING -   ROI 1: Near=1, Far=4780, Thresh=12.8, Sink_dist=inf
2025-10-07 23:04:41 - orthoroute.algorithms.manhattan.pathfinder.cuda_dijkstra - WARNING -   ROI 2: Near=1, Far=6203, Thresh=12.6, Sink_dist=inf
2025-10-07 23:04:41 - orthoroute.algorithms.manhattan.pathfinder.cuda_dijkstra - WARNING -   ROI 3: Near=1, Far=2945, Thresh=14.7, Sink_dist=inf
2025-10-07 23:04:41 - orthoroute.algorithms.manhattan.pathfinder.cuda_dijkstra - WARNING -   ROI 4: Near=1, Far=6115, Thresh=12.6, Sink_dist=inf
2025-10-07 23:04:41 - orthoroute.algorithms.manhattan.pathfinder.cuda_dijkstra - WARNING -   ROI 5: Near=1, Far=6038, Thresh=12.4, Sink_dist=inf
2025-10-07 23:04:41 - orthoroute.algorithms.manhattan.pathfinder.cuda_dijkstra - WARNING -   ROI 6: Near=1, Far=5667, Thresh=14.0, Sink_dist=inf
2025-10-07 23:04:41 - orthoroute.algorithms.manhattan.pathfinder.cuda_dijkstra - WARNING -   ROI 7: Near=1, Far=6110, Thresh=12.9, Sink_dist=inf
2025-10-07 23:04:41 - orthoroute.algorithms.manhattan.pathfinder.cuda_dijkstra - WARNING -   ROI 8: Near=1, Far=6222, Thresh=12.5, Sink_dist=inf
2025-10-07 23:04:41 - orthoroute.algorithms.manhattan.pathfinder.cuda_dijkstra - WARNING -   ROI 9: Near=1, Far=5517, Thresh=13.1, Sink_dist=inf
2025-10-07 23:04:41 - orthoroute.algorithms.manhattan.pathfinder.cuda_dijkstra - WARNING -   ROI 10: Near=1, Far=3343, Thresh=13.3, Sink_dist=inf
2025-10-07 23:04:41 - orthoroute.algorithms.manhattan.pathfinder.cuda_dijkstra - WARNING -   ROI 11: Near=1, Far=2772, Thresh=13.7, Sink_dist=inf
2025-10-07 23:04:41 - orthoroute.algorithms.manhattan.pathfinder.cuda_dijkstra - WARNING -   ROI 12: Near=1, Far=7244, Thresh=12.8, Sink_dist=inf
2025-10-07 23:04:41 - orthoroute.algorithms.manhattan.pathfinder.cuda_dijkstra - WARNING -   ROI 13: Near=1, Far=8342, Thresh=13.3, Sink_dist=inf
2025-10-07 23:04:41 - orthoroute.algorithms.manhattan.pathfinder.cuda_dijkstra - WARNING -   ROI 14: Near=1, Far=8339, Thresh=13.2, Sink_dist=inf
2025-10-07 23:04:41 - orthoroute.algorithms.manhattan.pathfinder.cuda_dijkstra - WARNING -   ROI 15: Near=1, Far=8341, Thresh=13.2, Sink_dist=inf
2025-10-07 23:04:41 - orthoroute.algorithms.manhattan.pathfinder.cuda_dijkstra - WARNING -   ROI 16: Near=1, Far=7299, Thresh=12.8, Sink_dist=inf
2025-10-07 23:04:41 - orthoroute.algorithms.manhattan.pathfinder.cuda_dijkstra - WARNING -   ROI 17: Near=1, Far=7338, Thresh=12.8, Sink_dist=inf
2025-10-07 23:04:41 - orthoroute.algorithms.manhattan.pathfinder.cuda_dijkstra - WARNING -   ROI 18: Near=1, Far=6108, Thresh=12.6, Sink_dist=inf
2025-10-07 23:04:41 - orthoroute.algorithms.manhattan.pathfinder.cuda_dijkstra - WARNING -   ROI 19: Near=1, Far=7068, Thresh=13.5, Sink_dist=inf
2025-10-07 23:04:41 - orthoroute.algorithms.manhattan.pathfinder.cuda_dijkstra - WARNING -   ROI 20: Near=1, Far=7344, Thresh=12.8, Sink_dist=inf
2025-10-07 23:04:41 - orthoroute.algorithms.manhattan.pathfinder.cuda_dijkstra - WARNING -   ROI 21: Near=1, Far=6198, Thresh=12.5, Sink_dist=inf
2025-10-07 23:04:41 - orthoroute.algorithms.manhattan.pathfinder.cuda_dijkstra - WARNING -   ROI 22: Near=1, Far=7328, Thresh=12.8, Sink_dist=inf
2025-10-07 23:04:41 - orthoroute.algorithms.manhattan.pathfinder.cuda_dijkstra - WARNING -   ROI 23: Near=1, Far=6107, Thresh=12.4, Sink_dist=inf
2025-10-07 23:04:41 - orthoroute.algorithms.manhattan.pathfinder.cuda_dijkstra - WARNING -   ROI 24: Near=1, Far=8347, Thresh=13.3, Sink_dist=inf
2025-10-07 23:04:41 - orthoroute.algorithms.manhattan.pathfinder.cuda_dijkstra - WARNING -   ROI 25: Near=1, Far=6111, Thresh=12.3, Sink_dist=inf
2025-10-07 23:04:41 - orthoroute.algorithms.manhattan.pathfinder.cuda_dijkstra - WARNING -   ROI 26: Near=1, Far=7292, Thresh=12.8, Sink_dist=inf
2025-10-07 23:04:41 - orthoroute.algorithms.manhattan.pathfinder.cuda_dijkstra - WARNING -   ROI 27: Near=1, Far=5064, Thresh=12.4, Sink_dist=inf
2025-10-07 23:04:41 - orthoroute.algorithms.manhattan.pathfinder.cuda_dijkstra - WARNING -   ROI 28: Near=2, Far=7295, Thresh=12.8, Sink_dist=inf
2025-10-07 23:04:41 - orthoroute.algorithms.manhattan.pathfinder.cuda_dijkstra - WARNING -   ROI 29: Near=1, Far=6160, Thresh=12.4, Sink_dist=inf
2025-10-07 23:04:41 - orthoroute.algorithms.manhattan.pathfinder.cuda_dijkstra - WARNING -   ROI 30: Near=1, Far=7037, Thresh=13.5, Sink_dist=inf
2025-10-07 23:04:41 - orthoroute.algorithms.manhattan.pathfinder.cuda_dijkstra - WARNING -   ROI 31: Near=1, Far=6105, Thresh=12.6, Sink_dist=inf
2025-10-07 23:04:43 - orthoroute.algorithms.manhattan.pathfinder.cuda_dijkstra - INFO - [DEBUG-GPU] Near-Far iteration 7400
2025-10-07 23:04:43 - orthoroute.algorithms.manhattan.pathfinder.cuda_dijkstra - WARNING - [CUDA-NF] Iteration 7400: 32/32 ROIs active, Near nodes=32, Far nodes=202477
2025-10-07 23:04:43 - orthoroute.algorithms.manhattan.pathfinder.cuda_dijkstra - WARNING -   ROI 0: Near=1, Far=6643, Thresh=13.7, Sink_dist=inf
2025-10-07 23:04:43 - orthoroute.algorithms.manhattan.pathfinder.cuda_dijkstra - WARNING -   ROI 1: Near=1, Far=4794, Thresh=12.8, Sink_dist=inf
2025-10-07 23:04:43 - orthoroute.algorithms.manhattan.pathfinder.cuda_dijkstra - WARNING -   ROI 2: Near=1, Far=6137, Thresh=12.6, Sink_dist=inf
2025-10-07 23:04:43 - orthoroute.algorithms.manhattan.pathfinder.cuda_dijkstra - WARNING -   ROI 3: Near=1, Far=3051, Thresh=14.8, Sink_dist=inf
2025-10-07 23:04:43 - orthoroute.algorithms.manhattan.pathfinder.cuda_dijkstra - WARNING -   ROI 4: Near=1, Far=6014, Thresh=12.7, Sink_dist=inf
2025-10-07 23:04:43 - orthoroute.algorithms.manhattan.pathfinder.cuda_dijkstra - WARNING -   ROI 5: Near=1, Far=6062, Thresh=12.4, Sink_dist=inf
2025-10-07 23:04:43 - orthoroute.algorithms.manhattan.pathfinder.cuda_dijkstra - WARNING -   ROI 6: Near=1, Far=6161, Thresh=14.0, Sink_dist=inf
2025-10-07 23:04:43 - orthoroute.algorithms.manhattan.pathfinder.cuda_dijkstra - WARNING -   ROI 7: Near=1, Far=6010, Thresh=12.9, Sink_dist=inf
2025-10-07 23:04:43 - orthoroute.algorithms.manhattan.pathfinder.cuda_dijkstra - WARNING -   ROI 8: Near=1, Far=6144, Thresh=12.6, Sink_dist=inf
2025-10-07 23:04:43 - orthoroute.algorithms.manhattan.pathfinder.cuda_dijkstra - WARNING -   ROI 9: Near=1, Far=5685, Thresh=13.2, Sink_dist=inf
2025-10-07 23:04:43 - orthoroute.algorithms.manhattan.pathfinder.cuda_dijkstra - WARNING -   ROI 10: Near=1, Far=3279, Thresh=13.5, Sink_dist=inf
2025-10-07 23:04:43 - orthoroute.algorithms.manhattan.pathfinder.cuda_dijkstra - WARNING -   ROI 11: Near=1, Far=2672, Thresh=13.7, Sink_dist=inf
2025-10-07 23:04:43 - orthoroute.algorithms.manhattan.pathfinder.cuda_dijkstra - WARNING -   ROI 12: Near=1, Far=7144, Thresh=12.9, Sink_dist=inf
2025-10-07 23:04:43 - orthoroute.algorithms.manhattan.pathfinder.cuda_dijkstra - WARNING -   ROI 13: Near=1, Far=8238, Thresh=13.3, Sink_dist=inf
2025-10-07 23:04:43 - orthoroute.algorithms.manhattan.pathfinder.cuda_dijkstra - WARNING -   ROI 14: Near=1, Far=8248, Thresh=13.3, Sink_dist=inf
2025-10-07 23:04:43 - orthoroute.algorithms.manhattan.pathfinder.cuda_dijkstra - WARNING -   ROI 15: Near=1, Far=8250, Thresh=13.3, Sink_dist=inf
2025-10-07 23:04:43 - orthoroute.algorithms.manhattan.pathfinder.cuda_dijkstra - WARNING -   ROI 16: Near=1, Far=7212, Thresh=12.8, Sink_dist=inf
2025-10-07 23:04:43 - orthoroute.algorithms.manhattan.pathfinder.cuda_dijkstra - WARNING -   ROI 17: Near=1, Far=7237, Thresh=12.8, Sink_dist=inf
2025-10-07 23:04:43 - orthoroute.algorithms.manhattan.pathfinder.cuda_dijkstra - WARNING -   ROI 18: Near=1, Far=6071, Thresh=12.7, Sink_dist=inf
2025-10-07 23:04:43 - orthoroute.algorithms.manhattan.pathfinder.cuda_dijkstra - WARNING -   ROI 19: Near=1, Far=7199, Thresh=13.6, Sink_dist=inf
2025-10-07 23:04:43 - orthoroute.algorithms.manhattan.pathfinder.cuda_dijkstra - WARNING -   ROI 20: Near=1, Far=7245, Thresh=12.8, Sink_dist=inf
2025-10-07 23:04:43 - orthoroute.algorithms.manhattan.pathfinder.cuda_dijkstra - WARNING -   ROI 21: Near=1, Far=6120, Thresh=12.6, Sink_dist=inf
2025-10-07 23:04:43 - orthoroute.algorithms.manhattan.pathfinder.cuda_dijkstra - WARNING -   ROI 22: Near=1, Far=7227, Thresh=12.8, Sink_dist=inf
2025-10-07 23:04:43 - orthoroute.algorithms.manhattan.pathfinder.cuda_dijkstra - WARNING -   ROI 23: Near=1, Far=6064, Thresh=12.4, Sink_dist=inf
2025-10-07 23:04:43 - orthoroute.algorithms.manhattan.pathfinder.cuda_dijkstra - WARNING -   ROI 24: Near=1, Far=8241, Thresh=13.3, Sink_dist=inf
2025-10-07 23:04:43 - orthoroute.algorithms.manhattan.pathfinder.cuda_dijkstra - WARNING -   ROI 25: Near=1, Far=6105, Thresh=12.4, Sink_dist=inf
2025-10-07 23:04:43 - orthoroute.algorithms.manhattan.pathfinder.cuda_dijkstra - WARNING -   ROI 26: Near=1, Far=7205, Thresh=12.8, Sink_dist=inf
2025-10-07 23:04:43 - orthoroute.algorithms.manhattan.pathfinder.cuda_dijkstra - WARNING -   ROI 27: Near=1, Far=4964, Thresh=12.5, Sink_dist=inf
2025-10-07 23:04:43 - orthoroute.algorithms.manhattan.pathfinder.cuda_dijkstra - WARNING -   ROI 28: Near=1, Far=7210, Thresh=12.8, Sink_dist=inf
2025-10-07 23:04:43 - orthoroute.algorithms.manhattan.pathfinder.cuda_dijkstra - WARNING -   ROI 29: Near=1, Far=6064, Thresh=12.4, Sink_dist=inf
2025-10-07 23:04:43 - orthoroute.algorithms.manhattan.pathfinder.cuda_dijkstra - WARNING -   ROI 30: Near=1, Far=7677, Thresh=13.5, Sink_dist=inf
2025-10-07 23:04:43 - orthoroute.algorithms.manhattan.pathfinder.cuda_dijkstra - WARNING -   ROI 31: Near=1, Far=6104, Thresh=12.7, Sink_dist=inf
2025-10-07 23:04:45 - orthoroute.algorithms.manhattan.pathfinder.cuda_dijkstra - INFO - [DEBUG-GPU] Near-Far iteration 7500
2025-10-07 23:04:46 - orthoroute.algorithms.manhattan.pathfinder.cuda_dijkstra - WARNING - [CUDA-NF] Iteration 7500: 32/32 ROIs active, Near nodes=33, Far nodes=203450
2025-10-07 23:04:46 - orthoroute.algorithms.manhattan.pathfinder.cuda_dijkstra - WARNING -   ROI 0: Near=1, Far=6547, Thresh=13.7, Sink_dist=inf
2025-10-07 23:04:46 - orthoroute.algorithms.manhattan.pathfinder.cuda_dijkstra - WARNING -   ROI 1: Near=1, Far=4690, Thresh=12.8, Sink_dist=inf
2025-10-07 23:04:46 - orthoroute.algorithms.manhattan.pathfinder.cuda_dijkstra - WARNING -   ROI 2: Near=1, Far=6210, Thresh=12.7, Sink_dist=inf
2025-10-07 23:04:46 - orthoroute.algorithms.manhattan.pathfinder.cuda_dijkstra - WARNING -   ROI 3: Near=1, Far=2964, Thresh=14.8, Sink_dist=inf
2025-10-07 23:04:46 - orthoroute.algorithms.manhattan.pathfinder.cuda_dijkstra - WARNING -   ROI 4: Near=1, Far=6549, Thresh=12.7, Sink_dist=inf
2025-10-07 23:04:46 - orthoroute.algorithms.manhattan.pathfinder.cuda_dijkstra - WARNING -   ROI 5: Near=1, Far=5963, Thresh=12.4, Sink_dist=inf
2025-10-07 23:04:46 - orthoroute.algorithms.manhattan.pathfinder.cuda_dijkstra - WARNING -   ROI 6: Near=1, Far=6136, Thresh=14.1, Sink_dist=inf
2025-10-07 23:04:46 - orthoroute.algorithms.manhattan.pathfinder.cuda_dijkstra - WARNING -   ROI 7: Near=1, Far=5920, Thresh=13.0, Sink_dist=inf
2025-10-07 23:04:46 - orthoroute.algorithms.manhattan.pathfinder.cuda_dijkstra - WARNING -   ROI 8: Near=1, Far=6177, Thresh=12.7, Sink_dist=inf
2025-10-07 23:04:46 - orthoroute.algorithms.manhattan.pathfinder.cuda_dijkstra - WARNING -   ROI 9: Near=1, Far=5718, Thresh=13.2, Sink_dist=inf
2025-10-07 23:04:46 - orthoroute.algorithms.manhattan.pathfinder.cuda_dijkstra - WARNING -   ROI 10: Near=1, Far=3599, Thresh=13.6, Sink_dist=inf
2025-10-07 23:04:46 - orthoroute.algorithms.manhattan.pathfinder.cuda_dijkstra - WARNING -   ROI 11: Near=1, Far=2705, Thresh=14.0, Sink_dist=inf
2025-10-07 23:04:46 - orthoroute.algorithms.manhattan.pathfinder.cuda_dijkstra - WARNING -   ROI 12: Near=1, Far=7043, Thresh=12.9, Sink_dist=inf
2025-10-07 23:04:46 - orthoroute.algorithms.manhattan.pathfinder.cuda_dijkstra - WARNING -   ROI 13: Near=1, Far=8159, Thresh=13.4, Sink_dist=inf
2025-10-07 23:04:46 - orthoroute.algorithms.manhattan.pathfinder.cuda_dijkstra - WARNING -   ROI 14: Near=1, Far=8146, Thresh=13.3, Sink_dist=inf
2025-10-07 23:04:46 - orthoroute.algorithms.manhattan.pathfinder.cuda_dijkstra - WARNING -   ROI 15: Near=1, Far=8148, Thresh=13.3, Sink_dist=inf
2025-10-07 23:04:46 - orthoroute.algorithms.manhattan.pathfinder.cuda_dijkstra - WARNING -   ROI 16: Near=1, Far=7112, Thresh=12.9, Sink_dist=inf
2025-10-07 23:04:46 - orthoroute.algorithms.manhattan.pathfinder.cuda_dijkstra - WARNING -   ROI 17: Near=1, Far=7137, Thresh=12.9, Sink_dist=inf
2025-10-07 23:04:46 - orthoroute.algorithms.manhattan.pathfinder.cuda_dijkstra - WARNING -   ROI 18: Near=1, Far=6601, Thresh=12.7, Sink_dist=inf
2025-10-07 23:04:46 - orthoroute.algorithms.manhattan.pathfinder.cuda_dijkstra - WARNING -   ROI 19: Near=1, Far=7760, Thresh=13.6, Sink_dist=inf
2025-10-07 23:04:46 - orthoroute.algorithms.manhattan.pathfinder.cuda_dijkstra - WARNING -   ROI 20: Near=1, Far=7145, Thresh=12.9, Sink_dist=inf
2025-10-07 23:04:46 - orthoroute.algorithms.manhattan.pathfinder.cuda_dijkstra - WARNING -   ROI 21: Near=1, Far=6149, Thresh=12.7, Sink_dist=inf
2025-10-07 23:04:46 - orthoroute.algorithms.manhattan.pathfinder.cuda_dijkstra - WARNING -   ROI 22: Near=1, Far=7127, Thresh=12.9, Sink_dist=inf
2025-10-07 23:04:46 - orthoroute.algorithms.manhattan.pathfinder.cuda_dijkstra - WARNING -   ROI 23: Near=2, Far=5961, Thresh=12.5, Sink_dist=inf
2025-10-07 23:04:46 - orthoroute.algorithms.manhattan.pathfinder.cuda_dijkstra - WARNING -   ROI 24: Near=1, Far=8156, Thresh=13.4, Sink_dist=inf
2025-10-07 23:04:46 - orthoroute.algorithms.manhattan.pathfinder.cuda_dijkstra - WARNING -   ROI 25: Near=1, Far=6005, Thresh=12.4, Sink_dist=inf
2025-10-07 23:04:46 - orthoroute.algorithms.manhattan.pathfinder.cuda_dijkstra - WARNING -   ROI 26: Near=1, Far=7105, Thresh=12.9, Sink_dist=inf
2025-10-07 23:04:46 - orthoroute.algorithms.manhattan.pathfinder.cuda_dijkstra - WARNING -   ROI 27: Near=1, Far=4863, Thresh=12.5, Sink_dist=inf
2025-10-07 23:04:46 - orthoroute.algorithms.manhattan.pathfinder.cuda_dijkstra - WARNING -   ROI 28: Near=1, Far=7110, Thresh=12.9, Sink_dist=inf
2025-10-07 23:04:46 - orthoroute.algorithms.manhattan.pathfinder.cuda_dijkstra - WARNING -   ROI 29: Near=1, Far=5962, Thresh=12.5, Sink_dist=inf
2025-10-07 23:04:46 - orthoroute.algorithms.manhattan.pathfinder.cuda_dijkstra - WARNING -   ROI 30: Near=1, Far=7962, Thresh=13.6, Sink_dist=inf
2025-10-07 23:04:46 - orthoroute.algorithms.manhattan.pathfinder.cuda_dijkstra - WARNING -   ROI 31: Near=1, Far=6621, Thresh=12.7, Sink_dist=inf
2025-10-07 23:04:48 - orthoroute.algorithms.manhattan.pathfinder.cuda_dijkstra - INFO - [DEBUG-GPU] Near-Far iteration 7600
2025-10-07 23:04:49 - orthoroute.algorithms.manhattan.pathfinder.cuda_dijkstra - WARNING - [CUDA-NF] Iteration 7600: 32/32 ROIs active, Near nodes=32, Far nodes=203745
2025-10-07 23:04:49 - orthoroute.algorithms.manhattan.pathfinder.cuda_dijkstra - WARNING -   ROI 0: Near=1, Far=6451, Thresh=13.7, Sink_dist=inf
2025-10-07 23:04:49 - orthoroute.algorithms.manhattan.pathfinder.cuda_dijkstra - WARNING -   ROI 1: Near=1, Far=4589, Thresh=12.9, Sink_dist=inf
2025-10-07 23:04:49 - orthoroute.algorithms.manhattan.pathfinder.cuda_dijkstra - WARNING -   ROI 2: Near=1, Far=6549, Thresh=12.7, Sink_dist=inf
2025-10-07 23:04:49 - orthoroute.algorithms.manhattan.pathfinder.cuda_dijkstra - WARNING -   ROI 3: Near=1, Far=2864, Thresh=14.9, Sink_dist=inf
2025-10-07 23:04:49 - orthoroute.algorithms.manhattan.pathfinder.cuda_dijkstra - WARNING -   ROI 4: Near=1, Far=6907, Thresh=12.8, Sink_dist=inf
2025-10-07 23:04:49 - orthoroute.algorithms.manhattan.pathfinder.cuda_dijkstra - WARNING -   ROI 5: Near=1, Far=5863, Thresh=12.5, Sink_dist=inf
2025-10-07 23:04:49 - orthoroute.algorithms.manhattan.pathfinder.cuda_dijkstra - WARNING -   ROI 6: Near=1, Far=6033, Thresh=14.1, Sink_dist=inf
2025-10-07 23:04:49 - orthoroute.algorithms.manhattan.pathfinder.cuda_dijkstra - WARNING -   ROI 7: Near=1, Far=5841, Thresh=13.0, Sink_dist=inf
2025-10-07 23:04:49 - orthoroute.algorithms.manhattan.pathfinder.cuda_dijkstra - WARNING -   ROI 8: Near=1, Far=6437, Thresh=12.7, Sink_dist=inf
2025-10-07 23:04:49 - orthoroute.algorithms.manhattan.pathfinder.cuda_dijkstra - WARNING -   ROI 9: Near=1, Far=5619, Thresh=13.3, Sink_dist=inf
2025-10-07 23:04:49 - orthoroute.algorithms.manhattan.pathfinder.cuda_dijkstra - WARNING -   ROI 10: Near=1, Far=3820, Thresh=13.6, Sink_dist=inf
2025-10-07 23:04:49 - orthoroute.algorithms.manhattan.pathfinder.cuda_dijkstra - WARNING -   ROI 11: Near=1, Far=2940, Thresh=14.0, Sink_dist=inf
2025-10-07 23:04:49 - orthoroute.algorithms.manhattan.pathfinder.cuda_dijkstra - WARNING -   ROI 12: Near=1, Far=6965, Thresh=13.0, Sink_dist=inf
2025-10-07 23:04:49 - orthoroute.algorithms.manhattan.pathfinder.cuda_dijkstra - WARNING -   ROI 13: Near=1, Far=8059, Thresh=13.4, Sink_dist=inf
2025-10-07 23:04:49 - orthoroute.algorithms.manhattan.pathfinder.cuda_dijkstra - WARNING -   ROI 14: Near=1, Far=8046, Thresh=13.4, Sink_dist=inf
2025-10-07 23:04:49 - orthoroute.algorithms.manhattan.pathfinder.cuda_dijkstra - WARNING -   ROI 15: Near=1, Far=8048, Thresh=13.4, Sink_dist=inf
2025-10-07 23:04:49 - orthoroute.algorithms.manhattan.pathfinder.cuda_dijkstra - WARNING -   ROI 16: Near=1, Far=7011, Thresh=12.9, Sink_dist=inf
2025-10-07 23:04:49 - orthoroute.algorithms.manhattan.pathfinder.cuda_dijkstra - WARNING -   ROI 17: Near=1, Far=7036, Thresh=12.9, Sink_dist=inf
2025-10-07 23:04:49 - orthoroute.algorithms.manhattan.pathfinder.cuda_dijkstra - WARNING -   ROI 18: Near=1, Far=6937, Thresh=12.7, Sink_dist=inf
2025-10-07 23:04:49 - orthoroute.algorithms.manhattan.pathfinder.cuda_dijkstra - WARNING -   ROI 19: Near=1, Far=7892, Thresh=13.7, Sink_dist=inf
2025-10-07 23:04:49 - orthoroute.algorithms.manhattan.pathfinder.cuda_dijkstra - WARNING -   ROI 20: Near=1, Far=7044, Thresh=12.9, Sink_dist=inf
2025-10-07 23:04:49 - orthoroute.algorithms.manhattan.pathfinder.cuda_dijkstra - WARNING -   ROI 21: Near=1, Far=6506, Thresh=12.7, Sink_dist=inf
2025-10-07 23:04:49 - orthoroute.algorithms.manhattan.pathfinder.cuda_dijkstra - WARNING -   ROI 22: Near=1, Far=7025, Thresh=12.9, Sink_dist=inf
2025-10-07 23:04:49 - orthoroute.algorithms.manhattan.pathfinder.cuda_dijkstra - WARNING -   ROI 23: Near=1, Far=5861, Thresh=12.5, Sink_dist=inf
2025-10-07 23:04:49 - orthoroute.algorithms.manhattan.pathfinder.cuda_dijkstra - WARNING -   ROI 24: Near=1, Far=8054, Thresh=13.4, Sink_dist=inf
2025-10-07 23:04:49 - orthoroute.algorithms.manhattan.pathfinder.cuda_dijkstra - WARNING -   ROI 25: Near=1, Far=5915, Thresh=12.5, Sink_dist=inf
2025-10-07 23:04:49 - orthoroute.algorithms.manhattan.pathfinder.cuda_dijkstra - WARNING -   ROI 26: Near=1, Far=7004, Thresh=12.9, Sink_dist=inf
2025-10-07 23:04:49 - orthoroute.algorithms.manhattan.pathfinder.cuda_dijkstra - WARNING -   ROI 27: Near=1, Far=4761, Thresh=12.5, Sink_dist=inf
2025-10-07 23:04:49 - orthoroute.algorithms.manhattan.pathfinder.cuda_dijkstra - WARNING -   ROI 28: Near=1, Far=7009, Thresh=12.9, Sink_dist=inf
2025-10-07 23:04:49 - orthoroute.algorithms.manhattan.pathfinder.cuda_dijkstra - WARNING -   ROI 29: Near=1, Far=5862, Thresh=12.5, Sink_dist=inf
2025-10-07 23:04:49 - orthoroute.algorithms.manhattan.pathfinder.cuda_dijkstra - WARNING -   ROI 30: Near=1, Far=7860, Thresh=13.6, Sink_dist=inf
2025-10-07 23:04:49 - orthoroute.algorithms.manhattan.pathfinder.cuda_dijkstra - WARNING -   ROI 31: Near=1, Far=6937, Thresh=12.7, Sink_dist=inf
2025-10-07 23:04:51 - orthoroute.algorithms.manhattan.pathfinder.cuda_dijkstra - INFO - [DEBUG-GPU] Near-Far iteration 7700
2025-10-07 23:04:51 - orthoroute.algorithms.manhattan.pathfinder.cuda_dijkstra - WARNING - [CUDA-NF] Iteration 7700: 32/32 ROIs active, Near nodes=32, Far nodes=202717
2025-10-07 23:04:51 - orthoroute.algorithms.manhattan.pathfinder.cuda_dijkstra - WARNING -   ROI 0: Near=1, Far=6350, Thresh=13.8, Sink_dist=inf
2025-10-07 23:04:51 - orthoroute.algorithms.manhattan.pathfinder.cuda_dijkstra - WARNING -   ROI 1: Near=1, Far=4489, Thresh=12.9, Sink_dist=inf
2025-10-07 23:04:51 - orthoroute.algorithms.manhattan.pathfinder.cuda_dijkstra - WARNING -   ROI 2: Near=1, Far=6803, Thresh=12.8, Sink_dist=inf
2025-10-07 23:04:51 - orthoroute.algorithms.manhattan.pathfinder.cuda_dijkstra - WARNING -   ROI 3: Near=1, Far=2751, Thresh=14.9, Sink_dist=inf
2025-10-07 23:04:51 - orthoroute.algorithms.manhattan.pathfinder.cuda_dijkstra - WARNING -   ROI 4: Near=1, Far=6842, Thresh=12.8, Sink_dist=inf
2025-10-07 23:04:51 - orthoroute.algorithms.manhattan.pathfinder.cuda_dijkstra - WARNING -   ROI 5: Near=1, Far=5763, Thresh=12.5, Sink_dist=inf
2025-10-07 23:04:51 - orthoroute.algorithms.manhattan.pathfinder.cuda_dijkstra - WARNING -   ROI 6: Near=1, Far=5927, Thresh=14.2, Sink_dist=inf
2025-10-07 23:04:51 - orthoroute.algorithms.manhattan.pathfinder.cuda_dijkstra - WARNING -   ROI 7: Near=1, Far=5899, Thresh=13.1, Sink_dist=inf
2025-10-07 23:04:51 - orthoroute.algorithms.manhattan.pathfinder.cuda_dijkstra - WARNING -   ROI 8: Near=1, Far=6726, Thresh=12.7, Sink_dist=inf
2025-10-07 23:04:51 - orthoroute.algorithms.manhattan.pathfinder.cuda_dijkstra - WARNING -   ROI 9: Near=1, Far=5519, Thresh=13.3, Sink_dist=inf
2025-10-07 23:04:51 - orthoroute.algorithms.manhattan.pathfinder.cuda_dijkstra - WARNING -   ROI 10: Near=1, Far=3780, Thresh=13.7, Sink_dist=inf
2025-10-07 23:04:51 - orthoroute.algorithms.manhattan.pathfinder.cuda_dijkstra - WARNING -   ROI 11: Near=1, Far=3076, Thresh=14.1, Sink_dist=inf
2025-10-07 23:04:51 - orthoroute.algorithms.manhattan.pathfinder.cuda_dijkstra - WARNING -   ROI 12: Near=1, Far=6931, Thresh=13.0, Sink_dist=inf
2025-10-07 23:04:51 - orthoroute.algorithms.manhattan.pathfinder.cuda_dijkstra - WARNING -   ROI 13: Near=1, Far=7958, Thresh=13.5, Sink_dist=inf
2025-10-07 23:04:51 - orthoroute.algorithms.manhattan.pathfinder.cuda_dijkstra - WARNING -   ROI 14: Near=1, Far=8177, Thresh=13.5, Sink_dist=inf
2025-10-07 23:04:51 - orthoroute.algorithms.manhattan.pathfinder.cuda_dijkstra - WARNING -   ROI 15: Near=1, Far=8155, Thresh=13.5, Sink_dist=inf
2025-10-07 23:04:51 - orthoroute.algorithms.manhattan.pathfinder.cuda_dijkstra - WARNING -   ROI 16: Near=1, Far=6934, Thresh=13.0, Sink_dist=inf
2025-10-07 23:04:51 - orthoroute.algorithms.manhattan.pathfinder.cuda_dijkstra - WARNING -   ROI 17: Near=1, Far=6958, Thresh=13.0, Sink_dist=inf
2025-10-07 23:04:51 - orthoroute.algorithms.manhattan.pathfinder.cuda_dijkstra - WARNING -   ROI 18: Near=1, Far=6836, Thresh=12.8, Sink_dist=inf
2025-10-07 23:04:51 - orthoroute.algorithms.manhattan.pathfinder.cuda_dijkstra - WARNING -   ROI 19: Near=1, Far=7789, Thresh=13.7, Sink_dist=inf
2025-10-07 23:04:51 - orthoroute.algorithms.manhattan.pathfinder.cuda_dijkstra - WARNING -   ROI 20: Near=1, Far=6943, Thresh=13.0, Sink_dist=inf
2025-10-07 23:04:51 - orthoroute.algorithms.manhattan.pathfinder.cuda_dijkstra - WARNING -   ROI 21: Near=1, Far=6729, Thresh=12.7, Sink_dist=inf
2025-10-07 23:04:51 - orthoroute.algorithms.manhattan.pathfinder.cuda_dijkstra - WARNING -   ROI 22: Near=1, Far=6948, Thresh=13.0, Sink_dist=inf
2025-10-07 23:04:51 - orthoroute.algorithms.manhattan.pathfinder.cuda_dijkstra - WARNING -   ROI 23: Near=1, Far=5759, Thresh=12.5, Sink_dist=inf
2025-10-07 23:04:51 - orthoroute.algorithms.manhattan.pathfinder.cuda_dijkstra - WARNING -   ROI 24: Near=1, Far=7953, Thresh=13.5, Sink_dist=inf
2025-10-07 23:04:51 - orthoroute.algorithms.manhattan.pathfinder.cuda_dijkstra - WARNING -   ROI 25: Near=1, Far=5827, Thresh=12.5, Sink_dist=inf
2025-10-07 23:04:51 - orthoroute.algorithms.manhattan.pathfinder.cuda_dijkstra - WARNING -   ROI 26: Near=1, Far=6927, Thresh=13.0, Sink_dist=inf
2025-10-07 23:04:51 - orthoroute.algorithms.manhattan.pathfinder.cuda_dijkstra - WARNING -   ROI 27: Near=1, Far=4683, Thresh=12.6, Sink_dist=inf
2025-10-07 23:04:51 - orthoroute.algorithms.manhattan.pathfinder.cuda_dijkstra - WARNING -   ROI 28: Near=1, Far=6932, Thresh=13.0, Sink_dist=inf
2025-10-07 23:04:51 - orthoroute.algorithms.manhattan.pathfinder.cuda_dijkstra - WARNING -   ROI 29: Near=1, Far=5762, Thresh=12.5, Sink_dist=inf
2025-10-07 23:04:51 - orthoroute.algorithms.manhattan.pathfinder.cuda_dijkstra - WARNING -   ROI 30: Near=1, Far=7755, Thresh=13.7, Sink_dist=inf
2025-10-07 23:04:51 - orthoroute.algorithms.manhattan.pathfinder.cuda_dijkstra - WARNING -   ROI 31: Near=1, Far=6836, Thresh=12.8, Sink_dist=inf
2025-10-07 23:04:53 - orthoroute.algorithms.manhattan.pathfinder.cuda_dijkstra - INFO - [DEBUG-GPU] Near-Far iteration 7800
2025-10-07 23:04:53 - orthoroute.algorithms.manhattan.pathfinder.cuda_dijkstra - WARNING - [CUDA-NF] Iteration 7800: 32/32 ROIs active, Near nodes=33, Far nodes=203679
2025-10-07 23:04:53 - orthoroute.algorithms.manhattan.pathfinder.cuda_dijkstra - WARNING -   ROI 0: Near=1, Far=6252, Thresh=13.9, Sink_dist=inf
2025-10-07 23:04:53 - orthoroute.algorithms.manhattan.pathfinder.cuda_dijkstra - WARNING -   ROI 1: Near=1, Far=4409, Thresh=13.0, Sink_dist=inf
2025-10-07 23:04:53 - orthoroute.algorithms.manhattan.pathfinder.cuda_dijkstra - WARNING -   ROI 2: Near=1, Far=6845, Thresh=12.8, Sink_dist=inf
2025-10-07 23:04:53 - orthoroute.algorithms.manhattan.pathfinder.cuda_dijkstra - WARNING -   ROI 3: Near=1, Far=2823, Thresh=15.1, Sink_dist=inf
2025-10-07 23:04:53 - orthoroute.algorithms.manhattan.pathfinder.cuda_dijkstra - WARNING -   ROI 4: Near=1, Far=6739, Thresh=12.9, Sink_dist=inf
2025-10-07 23:04:53 - orthoroute.algorithms.manhattan.pathfinder.cuda_dijkstra - WARNING -   ROI 5: Near=1, Far=5675, Thresh=12.6, Sink_dist=inf
2025-10-07 23:04:53 - orthoroute.algorithms.manhattan.pathfinder.cuda_dijkstra - WARNING -   ROI 6: Near=1, Far=5825, Thresh=14.2, Sink_dist=inf
2025-10-07 23:04:53 - orthoroute.algorithms.manhattan.pathfinder.cuda_dijkstra - WARNING -   ROI 7: Near=1, Far=6134, Thresh=13.1, Sink_dist=inf
2025-10-07 23:04:53 - orthoroute.algorithms.manhattan.pathfinder.cuda_dijkstra - WARNING -   ROI 8: Near=1, Far=6874, Thresh=12.8, Sink_dist=inf
2025-10-07 23:04:53 - orthoroute.algorithms.manhattan.pathfinder.cuda_dijkstra - WARNING -   ROI 9: Near=1, Far=5429, Thresh=13.4, Sink_dist=inf
2025-10-07 23:04:53 - orthoroute.algorithms.manhattan.pathfinder.cuda_dijkstra - WARNING -   ROI 10: Near=1, Far=3679, Thresh=13.7, Sink_dist=inf
2025-10-07 23:04:53 - orthoroute.algorithms.manhattan.pathfinder.cuda_dijkstra - WARNING -   ROI 11: Near=1, Far=3032, Thresh=14.1, Sink_dist=inf
2025-10-07 23:04:53 - orthoroute.algorithms.manhattan.pathfinder.cuda_dijkstra - WARNING -   ROI 12: Near=1, Far=7043, Thresh=13.1, Sink_dist=inf
2025-10-07 23:04:53 - orthoroute.algorithms.manhattan.pathfinder.cuda_dijkstra - WARNING -   ROI 13: Near=1, Far=8424, Thresh=13.5, Sink_dist=inf
2025-10-07 23:04:53 - orthoroute.algorithms.manhattan.pathfinder.cuda_dijkstra - WARNING -   ROI 14: Near=1, Far=8569, Thresh=13.5, Sink_dist=inf
2025-10-07 23:04:53 - orthoroute.algorithms.manhattan.pathfinder.cuda_dijkstra - WARNING -   ROI 15: Near=1, Far=8511, Thresh=13.5, Sink_dist=inf
2025-10-07 23:04:53 - orthoroute.algorithms.manhattan.pathfinder.cuda_dijkstra - WARNING -   ROI 16: Near=1, Far=6905, Thresh=13.1, Sink_dist=inf
2025-10-07 23:04:53 - orthoroute.algorithms.manhattan.pathfinder.cuda_dijkstra - WARNING -   ROI 17: Near=1, Far=6857, Thresh=13.1, Sink_dist=inf
2025-10-07 23:04:53 - orthoroute.algorithms.manhattan.pathfinder.cuda_dijkstra - WARNING -   ROI 18: Near=2, Far=6729, Thresh=12.9, Sink_dist=inf
2025-10-07 23:04:53 - orthoroute.algorithms.manhattan.pathfinder.cuda_dijkstra - WARNING -   ROI 19: Near=1, Far=7688, Thresh=13.7, Sink_dist=inf
2025-10-07 23:04:53 - orthoroute.algorithms.manhattan.pathfinder.cuda_dijkstra - WARNING -   ROI 20: Near=1, Far=6865, Thresh=13.1, Sink_dist=inf
2025-10-07 23:04:53 - orthoroute.algorithms.manhattan.pathfinder.cuda_dijkstra - WARNING -   ROI 21: Near=1, Far=6850, Thresh=12.8, Sink_dist=inf
2025-10-07 23:04:53 - orthoroute.algorithms.manhattan.pathfinder.cuda_dijkstra - WARNING -   ROI 22: Near=1, Far=6847, Thresh=13.1, Sink_dist=inf
2025-10-07 23:04:53 - orthoroute.algorithms.manhattan.pathfinder.cuda_dijkstra - WARNING -   ROI 23: Near=1, Far=5658, Thresh=12.6, Sink_dist=inf
2025-10-07 23:04:53 - orthoroute.algorithms.manhattan.pathfinder.cuda_dijkstra - WARNING -   ROI 24: Near=1, Far=8468, Thresh=13.5, Sink_dist=inf
2025-10-07 23:04:53 - orthoroute.algorithms.manhattan.pathfinder.cuda_dijkstra - WARNING -   ROI 25: Near=1, Far=5727, Thresh=12.5, Sink_dist=inf
2025-10-07 23:04:53 - orthoroute.algorithms.manhattan.pathfinder.cuda_dijkstra - WARNING -   ROI 26: Near=1, Far=6917, Thresh=13.1, Sink_dist=inf
2025-10-07 23:04:53 - orthoroute.algorithms.manhattan.pathfinder.cuda_dijkstra - WARNING -   ROI 27: Near=1, Far=4918, Thresh=12.7, Sink_dist=inf
2025-10-07 23:04:53 - orthoroute.algorithms.manhattan.pathfinder.cuda_dijkstra - WARNING -   ROI 28: Near=1, Far=6932, Thresh=13.1, Sink_dist=inf
2025-10-07 23:04:53 - orthoroute.algorithms.manhattan.pathfinder.cuda_dijkstra - WARNING -   ROI 29: Near=1, Far=5673, Thresh=12.6, Sink_dist=inf
2025-10-07 23:04:53 - orthoroute.algorithms.manhattan.pathfinder.cuda_dijkstra - WARNING -   ROI 30: Near=1, Far=7653, Thresh=13.7, Sink_dist=inf
2025-10-07 23:04:53 - orthoroute.algorithms.manhattan.pathfinder.cuda_dijkstra - WARNING -   ROI 31: Near=1, Far=6729, Thresh=12.9, Sink_dist=inf
2025-10-07 23:04:55 - orthoroute.algorithms.manhattan.pathfinder.cuda_dijkstra - INFO - [DEBUG-GPU] Near-Far iteration 7900
2025-10-07 23:04:55 - orthoroute.algorithms.manhattan.pathfinder.cuda_dijkstra - WARNING - [CUDA-NF] Iteration 7900: 32/32 ROIs active, Near nodes=32, Far nodes=206833
2025-10-07 23:04:55 - orthoroute.algorithms.manhattan.pathfinder.cuda_dijkstra - WARNING -   ROI 0: Near=1, Far=6492, Thresh=13.9, Sink_dist=inf
2025-10-07 23:04:55 - orthoroute.algorithms.manhattan.pathfinder.cuda_dijkstra - WARNING -   ROI 1: Near=1, Far=4455, Thresh=13.1, Sink_dist=inf
2025-10-07 23:04:55 - orthoroute.algorithms.manhattan.pathfinder.cuda_dijkstra - WARNING -   ROI 2: Near=1, Far=6745, Thresh=12.9, Sink_dist=inf
2025-10-07 23:04:55 - orthoroute.algorithms.manhattan.pathfinder.cuda_dijkstra - WARNING -   ROI 3: Near=1, Far=3093, Thresh=15.2, Sink_dist=inf
2025-10-07 23:04:55 - orthoroute.algorithms.manhattan.pathfinder.cuda_dijkstra - WARNING -   ROI 4: Near=1, Far=6633, Thresh=12.9, Sink_dist=inf
2025-10-07 23:04:55 - orthoroute.algorithms.manhattan.pathfinder.cuda_dijkstra - WARNING -   ROI 5: Near=1, Far=5620, Thresh=12.6, Sink_dist=inf
2025-10-07 23:04:55 - orthoroute.algorithms.manhattan.pathfinder.cuda_dijkstra - WARNING -   ROI 6: Near=1, Far=5725, Thresh=14.3, Sink_dist=inf
2025-10-07 23:04:55 - orthoroute.algorithms.manhattan.pathfinder.cuda_dijkstra - WARNING -   ROI 7: Near=1, Far=6407, Thresh=13.1, Sink_dist=inf
2025-10-07 23:04:55 - orthoroute.algorithms.manhattan.pathfinder.cuda_dijkstra - WARNING -   ROI 8: Near=1, Far=6778, Thresh=12.8, Sink_dist=inf
2025-10-07 23:04:55 - orthoroute.algorithms.manhattan.pathfinder.cuda_dijkstra - WARNING -   ROI 9: Near=1, Far=5357, Thresh=13.4, Sink_dist=inf
2025-10-07 23:04:55 - orthoroute.algorithms.manhattan.pathfinder.cuda_dijkstra - WARNING -   ROI 10: Near=1, Far=3578, Thresh=13.7, Sink_dist=inf
2025-10-07 23:04:55 - orthoroute.algorithms.manhattan.pathfinder.cuda_dijkstra - WARNING -   ROI 11: Near=1, Far=2930, Thresh=14.1, Sink_dist=inf
2025-10-07 23:04:55 - orthoroute.algorithms.manhattan.pathfinder.cuda_dijkstra - WARNING -   ROI 12: Near=1, Far=7329, Thresh=13.1, Sink_dist=inf
2025-10-07 23:04:55 - orthoroute.algorithms.manhattan.pathfinder.cuda_dijkstra - WARNING -   ROI 13: Near=1, Far=8984, Thresh=13.6, Sink_dist=inf
2025-10-07 23:04:55 - orthoroute.algorithms.manhattan.pathfinder.cuda_dijkstra - WARNING -   ROI 14: Near=1, Far=8959, Thresh=13.5, Sink_dist=inf
2025-10-07 23:04:55 - orthoroute.algorithms.manhattan.pathfinder.cuda_dijkstra - WARNING -   ROI 15: Near=1, Far=8938, Thresh=13.5, Sink_dist=inf
2025-10-07 23:04:55 - orthoroute.algorithms.manhattan.pathfinder.cuda_dijkstra - WARNING -   ROI 16: Near=1, Far=7144, Thresh=13.1, Sink_dist=inf
2025-10-07 23:04:55 - orthoroute.algorithms.manhattan.pathfinder.cuda_dijkstra - WARNING -   ROI 17: Near=1, Far=7042, Thresh=13.1, Sink_dist=inf
2025-10-07 23:04:55 - orthoroute.algorithms.manhattan.pathfinder.cuda_dijkstra - WARNING -   ROI 18: Near=1, Far=6647, Thresh=12.9, Sink_dist=inf
2025-10-07 23:04:55 - orthoroute.algorithms.manhattan.pathfinder.cuda_dijkstra - WARNING -   ROI 19: Near=1, Far=7587, Thresh=13.8, Sink_dist=inf
2025-10-07 23:04:55 - orthoroute.algorithms.manhattan.pathfinder.cuda_dijkstra - WARNING -   ROI 20: Near=1, Far=6929, Thresh=13.1, Sink_dist=inf
2025-10-07 23:04:55 - orthoroute.algorithms.manhattan.pathfinder.cuda_dijkstra - WARNING -   ROI 21: Near=1, Far=6750, Thresh=12.9, Sink_dist=inf
2025-10-07 23:04:55 - orthoroute.algorithms.manhattan.pathfinder.cuda_dijkstra - WARNING -   ROI 22: Near=1, Far=7111, Thresh=13.1, Sink_dist=inf
2025-10-07 23:04:55 - orthoroute.algorithms.manhattan.pathfinder.cuda_dijkstra - WARNING -   ROI 23: Near=1, Far=5580, Thresh=12.7, Sink_dist=inf
2025-10-07 23:04:55 - orthoroute.algorithms.manhattan.pathfinder.cuda_dijkstra - WARNING -   ROI 24: Near=1, Far=8979, Thresh=13.6, Sink_dist=inf
2025-10-07 23:04:55 - orthoroute.algorithms.manhattan.pathfinder.cuda_dijkstra - WARNING -   ROI 25: Near=1, Far=5626, Thresh=12.6, Sink_dist=inf
2025-10-07 23:04:55 - orthoroute.algorithms.manhattan.pathfinder.cuda_dijkstra - WARNING -   ROI 26: Near=1, Far=7160, Thresh=13.1, Sink_dist=inf
2025-10-07 23:04:55 - orthoroute.algorithms.manhattan.pathfinder.cuda_dijkstra - WARNING -   ROI 27: Near=1, Far=5320, Thresh=12.8, Sink_dist=inf
2025-10-07 23:04:55 - orthoroute.algorithms.manhattan.pathfinder.cuda_dijkstra - WARNING -   ROI 28: Near=1, Far=7131, Thresh=13.1, Sink_dist=inf
2025-10-07 23:04:55 - orthoroute.algorithms.manhattan.pathfinder.cuda_dijkstra - WARNING -   ROI 29: Near=1, Far=5583, Thresh=12.7, Sink_dist=inf
2025-10-07 23:04:55 - orthoroute.algorithms.manhattan.pathfinder.cuda_dijkstra - WARNING -   ROI 30: Near=1, Far=7571, Thresh=13.8, Sink_dist=inf
2025-10-07 23:04:55 - orthoroute.algorithms.manhattan.pathfinder.cuda_dijkstra - WARNING -   ROI 31: Near=1, Far=6650, Thresh=12.9, Sink_dist=inf
2025-10-07 23:04:57 - orthoroute.algorithms.manhattan.pathfinder.cuda_dijkstra - INFO - [DEBUG-GPU] Near-Far iteration 8000
2025-10-07 23:04:57 - orthoroute.algorithms.manhattan.pathfinder.cuda_dijkstra - WARNING - [CUDA-NF] Iteration 8000: 32/32 ROIs active, Near nodes=32, Far nodes=211181
2025-10-07 23:04:57 - orthoroute.algorithms.manhattan.pathfinder.cuda_dijkstra - WARNING -   ROI 0: Near=1, Far=7062, Thresh=13.9, Sink_dist=inf
2025-10-07 23:04:57 - orthoroute.algorithms.manhattan.pathfinder.cuda_dijkstra - WARNING -   ROI 1: Near=1, Far=4873, Thresh=13.1, Sink_dist=inf
2025-10-07 23:04:57 - orthoroute.algorithms.manhattan.pathfinder.cuda_dijkstra - WARNING -   ROI 2: Near=1, Far=6645, Thresh=12.9, Sink_dist=inf
2025-10-07 23:04:57 - orthoroute.algorithms.manhattan.pathfinder.cuda_dijkstra - WARNING -   ROI 3: Near=1, Far=3167, Thresh=15.2, Sink_dist=inf
2025-10-07 23:04:57 - orthoroute.algorithms.manhattan.pathfinder.cuda_dijkstra - WARNING -   ROI 4: Near=1, Far=6531, Thresh=13.0, Sink_dist=inf
2025-10-07 23:04:57 - orthoroute.algorithms.manhattan.pathfinder.cuda_dijkstra - WARNING -   ROI 5: Near=1, Far=6002, Thresh=12.7, Sink_dist=inf
2025-10-07 23:04:57 - orthoroute.algorithms.manhattan.pathfinder.cuda_dijkstra - WARNING -   ROI 6: Near=1, Far=5812, Thresh=14.4, Sink_dist=inf
2025-10-07 23:04:57 - orthoroute.algorithms.manhattan.pathfinder.cuda_dijkstra - WARNING -   ROI 7: Near=1, Far=6501, Thresh=13.2, Sink_dist=inf
2025-10-07 23:04:57 - orthoroute.algorithms.manhattan.pathfinder.cuda_dijkstra - WARNING -   ROI 8: Near=1, Far=6678, Thresh=12.9, Sink_dist=inf
2025-10-07 23:04:57 - orthoroute.algorithms.manhattan.pathfinder.cuda_dijkstra - WARNING -   ROI 9: Near=1, Far=5581, Thresh=13.5, Sink_dist=inf
2025-10-07 23:04:57 - orthoroute.algorithms.manhattan.pathfinder.cuda_dijkstra - WARNING -   ROI 10: Near=1, Far=3477, Thresh=13.7, Sink_dist=inf
2025-10-07 23:04:57 - orthoroute.algorithms.manhattan.pathfinder.cuda_dijkstra - WARNING -   ROI 11: Near=1, Far=2829, Thresh=14.1, Sink_dist=inf
2025-10-07 23:04:57 - orthoroute.algorithms.manhattan.pathfinder.cuda_dijkstra - WARNING -   ROI 12: Near=1, Far=7627, Thresh=13.2, Sink_dist=inf
2025-10-07 23:04:57 - orthoroute.algorithms.manhattan.pathfinder.cuda_dijkstra - WARNING -   ROI 13: Near=1, Far=8882, Thresh=13.6, Sink_dist=inf
2025-10-07 23:04:57 - orthoroute.algorithms.manhattan.pathfinder.cuda_dijkstra - WARNING -   ROI 14: Near=1, Far=8871, Thresh=13.6, Sink_dist=inf
2025-10-07 23:04:57 - orthoroute.algorithms.manhattan.pathfinder.cuda_dijkstra - WARNING -   ROI 15: Near=1, Far=8874, Thresh=13.6, Sink_dist=inf
2025-10-07 23:04:57 - orthoroute.algorithms.manhattan.pathfinder.cuda_dijkstra - WARNING -   ROI 16: Near=1, Far=7451, Thresh=13.1, Sink_dist=inf
2025-10-07 23:04:57 - orthoroute.algorithms.manhattan.pathfinder.cuda_dijkstra - WARNING -   ROI 17: Near=1, Far=7517, Thresh=13.1, Sink_dist=inf
2025-10-07 23:04:57 - orthoroute.algorithms.manhattan.pathfinder.cuda_dijkstra - WARNING -   ROI 18: Near=1, Far=6543, Thresh=12.9, Sink_dist=inf
2025-10-07 23:04:57 - orthoroute.algorithms.manhattan.pathfinder.cuda_dijkstra - WARNING -   ROI 19: Near=1, Far=7496, Thresh=13.9, Sink_dist=inf
2025-10-07 23:04:57 - orthoroute.algorithms.manhattan.pathfinder.cuda_dijkstra - WARNING -   ROI 20: Near=1, Far=7397, Thresh=13.2, Sink_dist=inf
2025-10-07 23:04:57 - orthoroute.algorithms.manhattan.pathfinder.cuda_dijkstra - WARNING -   ROI 21: Near=1, Far=6650, Thresh=12.9, Sink_dist=inf
2025-10-07 23:04:57 - orthoroute.algorithms.manhattan.pathfinder.cuda_dijkstra - WARNING -   ROI 22: Near=1, Far=7589, Thresh=13.1, Sink_dist=inf
2025-10-07 23:04:57 - orthoroute.algorithms.manhattan.pathfinder.cuda_dijkstra - WARNING -   ROI 23: Near=1, Far=5993, Thresh=12.7, Sink_dist=inf
2025-10-07 23:04:57 - orthoroute.algorithms.manhattan.pathfinder.cuda_dijkstra - WARNING -   ROI 24: Near=1, Far=8878, Thresh=13.6, Sink_dist=inf
2025-10-07 23:04:57 - orthoroute.algorithms.manhattan.pathfinder.cuda_dijkstra - WARNING -   ROI 25: Near=1, Far=5771, Thresh=12.7, Sink_dist=inf
2025-10-07 23:04:57 - orthoroute.algorithms.manhattan.pathfinder.cuda_dijkstra - WARNING -   ROI 26: Near=1, Far=7500, Thresh=13.1, Sink_dist=inf
2025-10-07 23:04:57 - orthoroute.algorithms.manhattan.pathfinder.cuda_dijkstra - WARNING -   ROI 27: Near=1, Far=5388, Thresh=12.8, Sink_dist=inf
2025-10-07 23:04:57 - orthoroute.algorithms.manhattan.pathfinder.cuda_dijkstra - WARNING -   ROI 28: Near=1, Far=7489, Thresh=13.1, Sink_dist=inf
2025-10-07 23:04:57 - orthoroute.algorithms.manhattan.pathfinder.cuda_dijkstra - WARNING -   ROI 29: Near=1, Far=6090, Thresh=12.7, Sink_dist=inf
2025-10-07 23:04:57 - orthoroute.algorithms.manhattan.pathfinder.cuda_dijkstra - WARNING -   ROI 30: Near=1, Far=7470, Thresh=13.9, Sink_dist=inf
2025-10-07 23:04:57 - orthoroute.algorithms.manhattan.pathfinder.cuda_dijkstra - WARNING -   ROI 31: Near=1, Far=6547, Thresh=12.9, Sink_dist=inf
2025-10-07 23:05:00 - orthoroute.algorithms.manhattan.pathfinder.cuda_dijkstra - INFO - [DEBUG-GPU] Near-Far iteration 8100
2025-10-07 23:05:00 - orthoroute.algorithms.manhattan.pathfinder.cuda_dijkstra - WARNING - [CUDA-NF] Iteration 8100: 32/32 ROIs active, Near nodes=32, Far nodes=213236
2025-10-07 23:05:00 - orthoroute.algorithms.manhattan.pathfinder.cuda_dijkstra - WARNING -   ROI 0: Near=1, Far=7010, Thresh=14.0, Sink_dist=inf
2025-10-07 23:05:00 - orthoroute.algorithms.manhattan.pathfinder.cuda_dijkstra - WARNING -   ROI 1: Near=1, Far=5039, Thresh=13.2, Sink_dist=inf
2025-10-07 23:05:00 - orthoroute.algorithms.manhattan.pathfinder.cuda_dijkstra - WARNING -   ROI 2: Near=1, Far=6543, Thresh=12.9, Sink_dist=inf
2025-10-07 23:05:00 - orthoroute.algorithms.manhattan.pathfinder.cuda_dijkstra - WARNING -   ROI 3: Near=1, Far=3067, Thresh=15.3, Sink_dist=inf
2025-10-07 23:05:00 - orthoroute.algorithms.manhattan.pathfinder.cuda_dijkstra - WARNING -   ROI 4: Near=1, Far=6455, Thresh=13.0, Sink_dist=inf
2025-10-07 23:05:00 - orthoroute.algorithms.manhattan.pathfinder.cuda_dijkstra - WARNING -   ROI 5: Near=1, Far=6314, Thresh=12.7, Sink_dist=inf
2025-10-07 23:05:00 - orthoroute.algorithms.manhattan.pathfinder.cuda_dijkstra - WARNING -   ROI 6: Near=1, Far=6268, Thresh=14.4, Sink_dist=inf
2025-10-07 23:05:00 - orthoroute.algorithms.manhattan.pathfinder.cuda_dijkstra - WARNING -   ROI 7: Near=1, Far=6414, Thresh=13.3, Sink_dist=inf
2025-10-07 23:05:00 - orthoroute.algorithms.manhattan.pathfinder.cuda_dijkstra - WARNING -   ROI 8: Near=1, Far=6577, Thresh=12.9, Sink_dist=inf
2025-10-07 23:05:00 - orthoroute.algorithms.manhattan.pathfinder.cuda_dijkstra - WARNING -   ROI 9: Near=1, Far=5840, Thresh=13.5, Sink_dist=inf
2025-10-07 23:05:00 - orthoroute.algorithms.manhattan.pathfinder.cuda_dijkstra - WARNING -   ROI 10: Near=1, Far=3477, Thresh=13.9, Sink_dist=inf
2025-10-07 23:05:00 - orthoroute.algorithms.manhattan.pathfinder.cuda_dijkstra - WARNING -   ROI 11: Near=1, Far=2728, Thresh=14.2, Sink_dist=inf
2025-10-07 23:05:00 - orthoroute.algorithms.manhattan.pathfinder.cuda_dijkstra - WARNING -   ROI 12: Near=1, Far=7639, Thresh=13.2, Sink_dist=inf
2025-10-07 23:05:00 - orthoroute.algorithms.manhattan.pathfinder.cuda_dijkstra - WARNING -   ROI 13: Near=1, Far=8782, Thresh=13.7, Sink_dist=inf
2025-10-07 23:05:00 - orthoroute.algorithms.manhattan.pathfinder.cuda_dijkstra - WARNING -   ROI 14: Near=1, Far=8781, Thresh=13.6, Sink_dist=inf
2025-10-07 23:05:00 - orthoroute.algorithms.manhattan.pathfinder.cuda_dijkstra - WARNING -   ROI 15: Near=1, Far=8785, Thresh=13.6, Sink_dist=inf
2025-10-07 23:05:00 - orthoroute.algorithms.manhattan.pathfinder.cuda_dijkstra - WARNING -   ROI 16: Near=1, Far=7665, Thresh=13.2, Sink_dist=inf
2025-10-07 23:05:00 - orthoroute.algorithms.manhattan.pathfinder.cuda_dijkstra - WARNING -   ROI 17: Near=1, Far=7738, Thresh=13.2, Sink_dist=inf
2025-10-07 23:05:00 - orthoroute.algorithms.manhattan.pathfinder.cuda_dijkstra - WARNING -   ROI 18: Near=1, Far=6443, Thresh=13.0, Sink_dist=inf
2025-10-07 23:05:00 - orthoroute.algorithms.manhattan.pathfinder.cuda_dijkstra - WARNING -   ROI 19: Near=1, Far=7405, Thresh=13.9, Sink_dist=inf
2025-10-07 23:05:00 - orthoroute.algorithms.manhattan.pathfinder.cuda_dijkstra - WARNING -   ROI 20: Near=1, Far=7676, Thresh=13.2, Sink_dist=inf
2025-10-07 23:05:00 - orthoroute.algorithms.manhattan.pathfinder.cuda_dijkstra - WARNING -   ROI 21: Near=1, Far=6549, Thresh=12.9, Sink_dist=inf
2025-10-07 23:05:00 - orthoroute.algorithms.manhattan.pathfinder.cuda_dijkstra - WARNING -   ROI 22: Near=1, Far=7726, Thresh=13.2, Sink_dist=inf
2025-10-07 23:05:00 - orthoroute.algorithms.manhattan.pathfinder.cuda_dijkstra - WARNING -   ROI 23: Near=1, Far=6323, Thresh=12.8, Sink_dist=inf
2025-10-07 23:05:00 - orthoroute.algorithms.manhattan.pathfinder.cuda_dijkstra - WARNING -   ROI 24: Near=1, Far=8778, Thresh=13.7, Sink_dist=inf
2025-10-07 23:05:00 - orthoroute.algorithms.manhattan.pathfinder.cuda_dijkstra - WARNING -   ROI 25: Near=1, Far=6285, Thresh=12.7, Sink_dist=inf
2025-10-07 23:05:00 - orthoroute.algorithms.manhattan.pathfinder.cuda_dijkstra - WARNING -   ROI 26: Near=1, Far=7676, Thresh=13.2, Sink_dist=inf
2025-10-07 23:05:00 - orthoroute.algorithms.manhattan.pathfinder.cuda_dijkstra - WARNING -   ROI 27: Near=1, Far=5320, Thresh=12.8, Sink_dist=inf
2025-10-07 23:05:00 - orthoroute.algorithms.manhattan.pathfinder.cuda_dijkstra - WARNING -   ROI 28: Near=1, Far=7670, Thresh=13.2, Sink_dist=inf
2025-10-07 23:05:00 - orthoroute.algorithms.manhattan.pathfinder.cuda_dijkstra - WARNING -   ROI 29: Near=1, Far=6447, Thresh=12.8, Sink_dist=inf
2025-10-07 23:05:00 - orthoroute.algorithms.manhattan.pathfinder.cuda_dijkstra - WARNING -   ROI 30: Near=1, Far=7370, Thresh=13.9, Sink_dist=inf
2025-10-07 23:05:00 - orthoroute.algorithms.manhattan.pathfinder.cuda_dijkstra - WARNING -   ROI 31: Near=1, Far=6446, Thresh=13.0, Sink_dist=inf
2025-10-07 23:05:02 - orthoroute.algorithms.manhattan.pathfinder.cuda_dijkstra - INFO - [DEBUG-GPU] Near-Far iteration 8200
2025-10-07 23:05:02 - orthoroute.algorithms.manhattan.pathfinder.cuda_dijkstra - WARNING - [CUDA-NF] Iteration 8200: 32/32 ROIs active, Near nodes=33, Far nodes=213401
2025-10-07 23:05:02 - orthoroute.algorithms.manhattan.pathfinder.cuda_dijkstra - WARNING -   ROI 0: Near=1, Far=6905, Thresh=14.1, Sink_dist=inf
2025-10-07 23:05:02 - orthoroute.algorithms.manhattan.pathfinder.cuda_dijkstra - WARNING -   ROI 1: Near=1, Far=4989, Thresh=13.2, Sink_dist=inf
2025-10-07 23:05:02 - orthoroute.algorithms.manhattan.pathfinder.cuda_dijkstra - WARNING -   ROI 2: Near=1, Far=6466, Thresh=13.0, Sink_dist=inf
2025-10-07 23:05:02 - orthoroute.algorithms.manhattan.pathfinder.cuda_dijkstra - WARNING -   ROI 3: Near=1, Far=2967, Thresh=15.3, Sink_dist=inf
2025-10-07 23:05:02 - orthoroute.algorithms.manhattan.pathfinder.cuda_dijkstra - WARNING -   ROI 4: Near=1, Far=6353, Thresh=13.1, Sink_dist=inf
2025-10-07 23:05:02 - orthoroute.algorithms.manhattan.pathfinder.cuda_dijkstra - WARNING -   ROI 5: Near=1, Far=6401, Thresh=12.8, Sink_dist=inf
2025-10-07 23:05:02 - orthoroute.algorithms.manhattan.pathfinder.cuda_dijkstra - WARNING -   ROI 6: Near=1, Far=6431, Thresh=14.5, Sink_dist=inf
2025-10-07 23:05:02 - orthoroute.algorithms.manhattan.pathfinder.cuda_dijkstra - WARNING -   ROI 7: Near=1, Far=6314, Thresh=13.3, Sink_dist=inf
2025-10-07 23:05:02 - orthoroute.algorithms.manhattan.pathfinder.cuda_dijkstra - WARNING -   ROI 8: Near=1, Far=6501, Thresh=13.0, Sink_dist=inf
2025-10-07 23:05:02 - orthoroute.algorithms.manhattan.pathfinder.cuda_dijkstra - WARNING -   ROI 9: Near=1, Far=6010, Thresh=13.6, Sink_dist=inf
2025-10-07 23:05:02 - orthoroute.algorithms.manhattan.pathfinder.cuda_dijkstra - WARNING -   ROI 10: Near=1, Far=3767, Thresh=14.0, Sink_dist=inf
2025-10-07 23:05:02 - orthoroute.algorithms.manhattan.pathfinder.cuda_dijkstra - WARNING -   ROI 11: Near=1, Far=2938, Thresh=14.4, Sink_dist=inf
2025-10-07 23:05:02 - orthoroute.algorithms.manhattan.pathfinder.cuda_dijkstra - WARNING -   ROI 12: Near=1, Far=7540, Thresh=13.3, Sink_dist=inf
2025-10-07 23:05:02 - orthoroute.algorithms.manhattan.pathfinder.cuda_dijkstra - WARNING -   ROI 13: Near=1, Far=8675, Thresh=13.7, Sink_dist=inf
2025-10-07 23:05:02 - orthoroute.algorithms.manhattan.pathfinder.cuda_dijkstra - WARNING -   ROI 14: Near=1, Far=8687, Thresh=13.7, Sink_dist=inf
2025-10-07 23:05:02 - orthoroute.algorithms.manhattan.pathfinder.cuda_dijkstra - WARNING -   ROI 15: Near=1, Far=8691, Thresh=13.7, Sink_dist=inf
2025-10-07 23:05:02 - orthoroute.algorithms.manhattan.pathfinder.cuda_dijkstra - WARNING -   ROI 16: Near=1, Far=7615, Thresh=13.2, Sink_dist=inf
2025-10-07 23:05:02 - orthoroute.algorithms.manhattan.pathfinder.cuda_dijkstra - WARNING -   ROI 17: Near=1, Far=7637, Thresh=13.2, Sink_dist=inf
2025-10-07 23:05:02 - orthoroute.algorithms.manhattan.pathfinder.cuda_dijkstra - WARNING -   ROI 18: Near=2, Far=6367, Thresh=13.1, Sink_dist=inf
2025-10-07 23:05:02 - orthoroute.algorithms.manhattan.pathfinder.cuda_dijkstra - WARNING -   ROI 19: Near=1, Far=7533, Thresh=14.0, Sink_dist=inf
2025-10-07 23:05:02 - orthoroute.algorithms.manhattan.pathfinder.cuda_dijkstra - WARNING -   ROI 20: Near=1, Far=7644, Thresh=13.2, Sink_dist=inf
2025-10-07 23:05:02 - orthoroute.algorithms.manhattan.pathfinder.cuda_dijkstra - WARNING -   ROI 21: Near=1, Far=6473, Thresh=13.0, Sink_dist=inf
2025-10-07 23:05:02 - orthoroute.algorithms.manhattan.pathfinder.cuda_dijkstra - WARNING -   ROI 22: Near=1, Far=7626, Thresh=13.2, Sink_dist=inf
2025-10-07 23:05:02 - orthoroute.algorithms.manhattan.pathfinder.cuda_dijkstra - WARNING -   ROI 23: Near=1, Far=6412, Thresh=12.8, Sink_dist=inf
2025-10-07 23:05:02 - orthoroute.algorithms.manhattan.pathfinder.cuda_dijkstra - WARNING -   ROI 24: Near=1, Far=8671, Thresh=13.7, Sink_dist=inf
2025-10-07 23:05:02 - orthoroute.algorithms.manhattan.pathfinder.cuda_dijkstra - WARNING -   ROI 25: Near=1, Far=6459, Thresh=12.7, Sink_dist=inf
2025-10-07 23:05:02 - orthoroute.algorithms.manhattan.pathfinder.cuda_dijkstra - WARNING -   ROI 26: Near=1, Far=7605, Thresh=13.2, Sink_dist=inf
2025-10-07 23:05:02 - orthoroute.algorithms.manhattan.pathfinder.cuda_dijkstra - WARNING -   ROI 27: Near=1, Far=5220, Thresh=12.9, Sink_dist=inf
2025-10-07 23:05:02 - orthoroute.algorithms.manhattan.pathfinder.cuda_dijkstra - WARNING -   ROI 28: Near=1, Far=7609, Thresh=13.2, Sink_dist=inf
2025-10-07 23:05:02 - orthoroute.algorithms.manhattan.pathfinder.cuda_dijkstra - WARNING -   ROI 29: Near=1, Far=6416, Thresh=12.8, Sink_dist=inf
2025-10-07 23:05:02 - orthoroute.algorithms.manhattan.pathfinder.cuda_dijkstra - WARNING -   ROI 30: Near=1, Far=8107, Thresh=13.9, Sink_dist=inf
2025-10-07 23:05:02 - orthoroute.algorithms.manhattan.pathfinder.cuda_dijkstra - WARNING -   ROI 31: Near=1, Far=6372, Thresh=13.1, Sink_dist=inf
2025-10-07 23:05:04 - orthoroute.algorithms.manhattan.pathfinder.cuda_dijkstra - INFO - [DEBUG-GPU] Near-Far iteration 8300
2025-10-07 23:05:05 - orthoroute.algorithms.manhattan.pathfinder.cuda_dijkstra - WARNING - [CUDA-NF] Iteration 8300: 32/32 ROIs active, Near nodes=32, Far nodes=213529
2025-10-07 23:05:05 - orthoroute.algorithms.manhattan.pathfinder.cuda_dijkstra - WARNING -   ROI 0: Near=1, Far=6824, Thresh=14.1, Sink_dist=inf
2025-10-07 23:05:05 - orthoroute.algorithms.manhattan.pathfinder.cuda_dijkstra - WARNING -   ROI 1: Near=1, Far=4889, Thresh=13.3, Sink_dist=inf
2025-10-07 23:05:05 - orthoroute.algorithms.manhattan.pathfinder.cuda_dijkstra - WARNING -   ROI 2: Near=1, Far=6447, Thresh=13.1, Sink_dist=inf
2025-10-07 23:05:05 - orthoroute.algorithms.manhattan.pathfinder.cuda_dijkstra - WARNING -   ROI 3: Near=1, Far=2857, Thresh=15.3, Sink_dist=inf
2025-10-07 23:05:05 - orthoroute.algorithms.manhattan.pathfinder.cuda_dijkstra - WARNING -   ROI 4: Near=1, Far=6721, Thresh=13.1, Sink_dist=inf
2025-10-07 23:05:05 - orthoroute.algorithms.manhattan.pathfinder.cuda_dijkstra - WARNING -   ROI 5: Near=1, Far=6316, Thresh=12.8, Sink_dist=inf
2025-10-07 23:05:05 - orthoroute.algorithms.manhattan.pathfinder.cuda_dijkstra - WARNING -   ROI 6: Near=1, Far=6330, Thresh=14.5, Sink_dist=inf
2025-10-07 23:05:05 - orthoroute.algorithms.manhattan.pathfinder.cuda_dijkstra - WARNING -   ROI 7: Near=1, Far=6214, Thresh=13.4, Sink_dist=inf
2025-10-07 23:05:05 - orthoroute.algorithms.manhattan.pathfinder.cuda_dijkstra - WARNING -   ROI 8: Near=1, Far=6466, Thresh=13.0, Sink_dist=inf
2025-10-07 23:05:05 - orthoroute.algorithms.manhattan.pathfinder.cuda_dijkstra - WARNING -   ROI 9: Near=1, Far=5962, Thresh=13.6, Sink_dist=inf
2025-10-07 23:05:05 - orthoroute.algorithms.manhattan.pathfinder.cuda_dijkstra - WARNING -   ROI 10: Near=1, Far=3978, Thresh=14.0, Sink_dist=inf
2025-10-07 23:05:05 - orthoroute.algorithms.manhattan.pathfinder.cuda_dijkstra - WARNING -   ROI 11: Near=1, Far=3138, Thresh=14.4, Sink_dist=inf
2025-10-07 23:05:05 - orthoroute.algorithms.manhattan.pathfinder.cuda_dijkstra - WARNING -   ROI 12: Near=1, Far=7439, Thresh=13.3, Sink_dist=inf
2025-10-07 23:05:05 - orthoroute.algorithms.manhattan.pathfinder.cuda_dijkstra - WARNING -   ROI 13: Near=1, Far=8580, Thresh=13.7, Sink_dist=inf
2025-10-07 23:05:05 - orthoroute.algorithms.manhattan.pathfinder.cuda_dijkstra - WARNING -   ROI 14: Near=1, Far=8579, Thresh=13.7, Sink_dist=inf
2025-10-07 23:05:05 - orthoroute.algorithms.manhattan.pathfinder.cuda_dijkstra - WARNING -   ROI 15: Near=1, Far=8583, Thresh=13.7, Sink_dist=inf
2025-10-07 23:05:05 - orthoroute.algorithms.manhattan.pathfinder.cuda_dijkstra - WARNING -   ROI 16: Near=1, Far=7514, Thresh=13.3, Sink_dist=inf
2025-10-07 23:05:05 - orthoroute.algorithms.manhattan.pathfinder.cuda_dijkstra - WARNING -   ROI 17: Near=1, Far=7537, Thresh=13.3, Sink_dist=inf
2025-10-07 23:05:05 - orthoroute.algorithms.manhattan.pathfinder.cuda_dijkstra - WARNING -   ROI 18: Near=1, Far=6751, Thresh=13.1, Sink_dist=inf
2025-10-07 23:05:05 - orthoroute.algorithms.manhattan.pathfinder.cuda_dijkstra - WARNING -   ROI 19: Near=1, Far=8137, Thresh=14.0, Sink_dist=inf
2025-10-07 23:05:05 - orthoroute.algorithms.manhattan.pathfinder.cuda_dijkstra - WARNING -   ROI 20: Near=1, Far=7542, Thresh=13.3, Sink_dist=inf
2025-10-07 23:05:05 - orthoroute.algorithms.manhattan.pathfinder.cuda_dijkstra - WARNING -   ROI 21: Near=1, Far=6441, Thresh=13.1, Sink_dist=inf
2025-10-07 23:05:05 - orthoroute.algorithms.manhattan.pathfinder.cuda_dijkstra - WARNING -   ROI 22: Near=1, Far=7526, Thresh=13.3, Sink_dist=inf
2025-10-07 23:05:05 - orthoroute.algorithms.manhattan.pathfinder.cuda_dijkstra - WARNING -   ROI 23: Near=1, Far=6312, Thresh=12.9, Sink_dist=inf
2025-10-07 23:05:05 - orthoroute.algorithms.manhattan.pathfinder.cuda_dijkstra - WARNING -   ROI 24: Near=1, Far=8563, Thresh=13.7, Sink_dist=inf
2025-10-07 23:05:05 - orthoroute.algorithms.manhattan.pathfinder.cuda_dijkstra - WARNING -   ROI 25: Near=1, Far=6358, Thresh=12.8, Sink_dist=inf
2025-10-07 23:05:05 - orthoroute.algorithms.manhattan.pathfinder.cuda_dijkstra - WARNING -   ROI 26: Near=1, Far=7505, Thresh=13.3, Sink_dist=inf
2025-10-07 23:05:05 - orthoroute.algorithms.manhattan.pathfinder.cuda_dijkstra - WARNING -   ROI 27: Near=1, Far=5120, Thresh=12.9, Sink_dist=inf
2025-10-07 23:05:05 - orthoroute.algorithms.manhattan.pathfinder.cuda_dijkstra - WARNING -   ROI 28: Near=1, Far=7509, Thresh=13.3, Sink_dist=inf
2025-10-07 23:05:05 - orthoroute.algorithms.manhattan.pathfinder.cuda_dijkstra - WARNING -   ROI 29: Near=1, Far=6315, Thresh=12.8, Sink_dist=inf
2025-10-07 23:05:05 - orthoroute.algorithms.manhattan.pathfinder.cuda_dijkstra - WARNING -   ROI 30: Near=1, Far=8335, Thresh=14.0, Sink_dist=inf
2025-10-07 23:05:05 - orthoroute.algorithms.manhattan.pathfinder.cuda_dijkstra - WARNING -   ROI 31: Near=1, Far=6741, Thresh=13.1, Sink_dist=inf
2025-10-07 23:05:08 - orthoroute.algorithms.manhattan.pathfinder.cuda_dijkstra - INFO - [DEBUG-GPU] Near-Far iteration 8400
2025-10-07 23:05:08 - orthoroute.algorithms.manhattan.pathfinder.cuda_dijkstra - WARNING - [CUDA-NF] Iteration 8400: 32/32 ROIs active, Near nodes=32, Far nodes=213548
2025-10-07 23:05:08 - orthoroute.algorithms.manhattan.pathfinder.cuda_dijkstra - WARNING -   ROI 0: Near=1, Far=6719, Thresh=14.2, Sink_dist=inf
2025-10-07 23:05:08 - orthoroute.algorithms.manhattan.pathfinder.cuda_dijkstra - WARNING -   ROI 1: Near=1, Far=4789, Thresh=13.3, Sink_dist=inf
2025-10-07 23:05:08 - orthoroute.algorithms.manhattan.pathfinder.cuda_dijkstra - WARNING -   ROI 2: Near=1, Far=6696, Thresh=13.1, Sink_dist=inf
2025-10-07 23:05:08 - orthoroute.algorithms.manhattan.pathfinder.cuda_dijkstra - WARNING -   ROI 3: Near=1, Far=2891, Thresh=15.5, Sink_dist=inf
2025-10-07 23:05:08 - orthoroute.algorithms.manhattan.pathfinder.cuda_dijkstra - WARNING -   ROI 4: Near=1, Far=7129, Thresh=13.2, Sink_dist=inf
2025-10-07 23:05:08 - orthoroute.algorithms.manhattan.pathfinder.cuda_dijkstra - WARNING -   ROI 5: Near=1, Far=6215, Thresh=12.9, Sink_dist=inf
2025-10-07 23:05:08 - orthoroute.algorithms.manhattan.pathfinder.cuda_dijkstra - WARNING -   ROI 6: Near=1, Far=6226, Thresh=14.5, Sink_dist=inf
2025-10-07 23:05:08 - orthoroute.algorithms.manhattan.pathfinder.cuda_dijkstra - WARNING -   ROI 7: Near=1, Far=6146, Thresh=13.4, Sink_dist=inf
2025-10-07 23:05:08 - orthoroute.algorithms.manhattan.pathfinder.cuda_dijkstra - WARNING -   ROI 8: Near=1, Far=6578, Thresh=13.1, Sink_dist=inf
2025-10-07 23:05:08 - orthoroute.algorithms.manhattan.pathfinder.cuda_dijkstra - WARNING -   ROI 9: Near=1, Far=5863, Thresh=13.7, Sink_dist=inf
2025-10-07 23:05:08 - orthoroute.algorithms.manhattan.pathfinder.cuda_dijkstra - WARNING -   ROI 10: Near=1, Far=3948, Thresh=14.1, Sink_dist=inf
2025-10-07 23:05:08 - orthoroute.algorithms.manhattan.pathfinder.cuda_dijkstra - WARNING -   ROI 11: Near=1, Far=3185, Thresh=14.5, Sink_dist=inf
2025-10-07 23:05:08 - orthoroute.algorithms.manhattan.pathfinder.cuda_dijkstra - WARNING -   ROI 12: Near=1, Far=7336, Thresh=13.4, Sink_dist=inf
2025-10-07 23:05:08 - orthoroute.algorithms.manhattan.pathfinder.cuda_dijkstra - WARNING -   ROI 13: Near=1, Far=8491, Thresh=13.8, Sink_dist=inf
2025-10-07 23:05:08 - orthoroute.algorithms.manhattan.pathfinder.cuda_dijkstra - WARNING -   ROI 14: Near=1, Far=8478, Thresh=13.8, Sink_dist=inf
2025-10-07 23:05:08 - orthoroute.algorithms.manhattan.pathfinder.cuda_dijkstra - WARNING -   ROI 15: Near=1, Far=8482, Thresh=13.8, Sink_dist=inf
2025-10-07 23:05:08 - orthoroute.algorithms.manhattan.pathfinder.cuda_dijkstra - WARNING -   ROI 16: Near=1, Far=7414, Thresh=13.3, Sink_dist=inf
2025-10-07 23:05:08 - orthoroute.algorithms.manhattan.pathfinder.cuda_dijkstra - WARNING -   ROI 17: Near=1, Far=7436, Thresh=13.3, Sink_dist=inf
2025-10-07 23:05:08 - orthoroute.algorithms.manhattan.pathfinder.cuda_dijkstra - WARNING -   ROI 18: Near=1, Far=7267, Thresh=13.1, Sink_dist=inf
2025-10-07 23:05:08 - orthoroute.algorithms.manhattan.pathfinder.cuda_dijkstra - WARNING -   ROI 19: Near=1, Far=8269, Thresh=14.1, Sink_dist=inf
2025-10-07 23:05:08 - orthoroute.algorithms.manhattan.pathfinder.cuda_dijkstra - WARNING -   ROI 20: Near=1, Far=7441, Thresh=13.3, Sink_dist=inf
2025-10-07 23:05:08 - orthoroute.algorithms.manhattan.pathfinder.cuda_dijkstra - WARNING -   ROI 21: Near=1, Far=6614, Thresh=13.1, Sink_dist=inf
2025-10-07 23:05:08 - orthoroute.algorithms.manhattan.pathfinder.cuda_dijkstra - WARNING -   ROI 22: Near=1, Far=7426, Thresh=13.3, Sink_dist=inf
2025-10-07 23:05:08 - orthoroute.algorithms.manhattan.pathfinder.cuda_dijkstra - WARNING -   ROI 23: Near=1, Far=6210, Thresh=12.9, Sink_dist=inf
2025-10-07 23:05:08 - orthoroute.algorithms.manhattan.pathfinder.cuda_dijkstra - WARNING -   ROI 24: Near=1, Far=8486, Thresh=13.8, Sink_dist=inf
2025-10-07 23:05:08 - orthoroute.algorithms.manhattan.pathfinder.cuda_dijkstra - WARNING -   ROI 25: Near=1, Far=6256, Thresh=12.8, Sink_dist=inf
2025-10-07 23:05:08 - orthoroute.algorithms.manhattan.pathfinder.cuda_dijkstra - WARNING -   ROI 26: Near=1, Far=7404, Thresh=13.3, Sink_dist=inf
2025-10-07 23:05:08 - orthoroute.algorithms.manhattan.pathfinder.cuda_dijkstra - WARNING -   ROI 27: Near=1, Far=5018, Thresh=12.9, Sink_dist=inf
2025-10-07 23:05:08 - orthoroute.algorithms.manhattan.pathfinder.cuda_dijkstra - WARNING -   ROI 28: Near=1, Far=7408, Thresh=13.3, Sink_dist=inf
2025-10-07 23:05:08 - orthoroute.algorithms.manhattan.pathfinder.cuda_dijkstra - WARNING -   ROI 29: Near=1, Far=6215, Thresh=12.9, Sink_dist=inf
2025-10-07 23:05:08 - orthoroute.algorithms.manhattan.pathfinder.cuda_dijkstra - WARNING -   ROI 30: Near=1, Far=8235, Thresh=14.0, Sink_dist=inf
2025-10-07 23:05:08 - orthoroute.algorithms.manhattan.pathfinder.cuda_dijkstra - WARNING -   ROI 31: Near=1, Far=7277, Thresh=13.1, Sink_dist=inf
2025-10-07 23:05:11 - orthoroute.algorithms.manhattan.pathfinder.cuda_dijkstra - INFO - [DEBUG-GPU] Near-Far iteration 8500
2025-10-07 23:05:11 - orthoroute.algorithms.manhattan.pathfinder.cuda_dijkstra - WARNING - [CUDA-NF] Iteration 8500: 32/32 ROIs active, Near nodes=32, Far nodes=212745
2025-10-07 23:05:11 - orthoroute.algorithms.manhattan.pathfinder.cuda_dijkstra - WARNING -   ROI 0: Near=1, Far=6619, Thresh=14.2, Sink_dist=inf
2025-10-07 23:05:11 - orthoroute.algorithms.manhattan.pathfinder.cuda_dijkstra - WARNING -   ROI 1: Near=1, Far=4689, Thresh=13.3, Sink_dist=inf
2025-10-07 23:05:11 - orthoroute.algorithms.manhattan.pathfinder.cuda_dijkstra - WARNING -   ROI 2: Near=1, Far=6989, Thresh=13.1, Sink_dist=inf
2025-10-07 23:05:11 - orthoroute.algorithms.manhattan.pathfinder.cuda_dijkstra - WARNING -   ROI 3: Near=1, Far=3177, Thresh=15.6, Sink_dist=inf
2025-10-07 23:05:11 - orthoroute.algorithms.manhattan.pathfinder.cuda_dijkstra - WARNING -   ROI 4: Near=1, Far=7233, Thresh=13.2, Sink_dist=inf
2025-10-07 23:05:11 - orthoroute.algorithms.manhattan.pathfinder.cuda_dijkstra - WARNING -   ROI 5: Near=1, Far=6112, Thresh=12.9, Sink_dist=inf
2025-10-07 23:05:11 - orthoroute.algorithms.manhattan.pathfinder.cuda_dijkstra - WARNING -   ROI 6: Near=1, Far=6125, Thresh=14.6, Sink_dist=inf
2025-10-07 23:05:11 - orthoroute.algorithms.manhattan.pathfinder.cuda_dijkstra - WARNING -   ROI 7: Near=1, Far=6172, Thresh=13.5, Sink_dist=inf
2025-10-07 23:05:11 - orthoroute.algorithms.manhattan.pathfinder.cuda_dijkstra - WARNING -   ROI 8: Near=1, Far=6910, Thresh=13.1, Sink_dist=inf
2025-10-07 23:05:11 - orthoroute.algorithms.manhattan.pathfinder.cuda_dijkstra - WARNING -   ROI 9: Near=1, Far=5762, Thresh=13.7, Sink_dist=inf
2025-10-07 23:05:11 - orthoroute.algorithms.manhattan.pathfinder.cuda_dijkstra - WARNING -   ROI 10: Near=1, Far=3847, Thresh=14.1, Sink_dist=inf
2025-10-07 23:05:11 - orthoroute.algorithms.manhattan.pathfinder.cuda_dijkstra - WARNING -   ROI 11: Near=1, Far=3119, Thresh=14.5, Sink_dist=inf
2025-10-07 23:05:11 - orthoroute.algorithms.manhattan.pathfinder.cuda_dijkstra - WARNING -   ROI 12: Near=1, Far=7281, Thresh=13.4, Sink_dist=inf
2025-10-07 23:05:11 - orthoroute.algorithms.manhattan.pathfinder.cuda_dijkstra - WARNING -   ROI 13: Near=1, Far=8389, Thresh=13.9, Sink_dist=inf
2025-10-07 23:05:11 - orthoroute.algorithms.manhattan.pathfinder.cuda_dijkstra - WARNING -   ROI 14: Near=1, Far=8442, Thresh=13.8, Sink_dist=inf
2025-10-07 23:05:11 - orthoroute.algorithms.manhattan.pathfinder.cuda_dijkstra - WARNING -   ROI 15: Near=1, Far=8421, Thresh=13.8, Sink_dist=inf
2025-10-07 23:05:11 - orthoroute.algorithms.manhattan.pathfinder.cuda_dijkstra - WARNING -   ROI 16: Near=1, Far=7326, Thresh=13.4, Sink_dist=inf
2025-10-07 23:05:11 - orthoroute.algorithms.manhattan.pathfinder.cuda_dijkstra - WARNING -   ROI 17: Near=1, Far=7333, Thresh=13.4, Sink_dist=inf
2025-10-07 23:05:11 - orthoroute.algorithms.manhattan.pathfinder.cuda_dijkstra - WARNING -   ROI 18: Near=1, Far=7223, Thresh=13.2, Sink_dist=inf
2025-10-07 23:05:11 - orthoroute.algorithms.manhattan.pathfinder.cuda_dijkstra - WARNING -   ROI 19: Near=1, Far=8167, Thresh=14.1, Sink_dist=inf
2025-10-07 23:05:11 - orthoroute.algorithms.manhattan.pathfinder.cuda_dijkstra - WARNING -   ROI 20: Near=1, Far=7340, Thresh=13.4, Sink_dist=inf
2025-10-07 23:05:11 - orthoroute.algorithms.manhattan.pathfinder.cuda_dijkstra - WARNING -   ROI 21: Near=1, Far=6993, Thresh=13.1, Sink_dist=inf
2025-10-07 23:05:11 - orthoroute.algorithms.manhattan.pathfinder.cuda_dijkstra - WARNING -   ROI 22: Near=1, Far=7335, Thresh=13.4, Sink_dist=inf
2025-10-07 23:05:11 - orthoroute.algorithms.manhattan.pathfinder.cuda_dijkstra - WARNING -   ROI 23: Near=1, Far=6110, Thresh=12.9, Sink_dist=inf
2025-10-07 23:05:11 - orthoroute.algorithms.manhattan.pathfinder.cuda_dijkstra - WARNING -   ROI 24: Near=1, Far=8384, Thresh=13.9, Sink_dist=inf
2025-10-07 23:05:11 - orthoroute.algorithms.manhattan.pathfinder.cuda_dijkstra - WARNING -   ROI 25: Near=1, Far=6180, Thresh=12.9, Sink_dist=inf
2025-10-07 23:05:11 - orthoroute.algorithms.manhattan.pathfinder.cuda_dijkstra - WARNING -   ROI 26: Near=1, Far=7327, Thresh=13.4, Sink_dist=inf
2025-10-07 23:05:11 - orthoroute.algorithms.manhattan.pathfinder.cuda_dijkstra - WARNING -   ROI 27: Near=1, Far=4939, Thresh=13.0, Sink_dist=inf
2025-10-07 23:05:11 - orthoroute.algorithms.manhattan.pathfinder.cuda_dijkstra - WARNING -   ROI 28: Near=1, Far=7331, Thresh=13.4, Sink_dist=inf
2025-10-07 23:05:11 - orthoroute.algorithms.manhattan.pathfinder.cuda_dijkstra - WARNING -   ROI 29: Near=1, Far=6115, Thresh=12.9, Sink_dist=inf
2025-10-07 23:05:11 - orthoroute.algorithms.manhattan.pathfinder.cuda_dijkstra - WARNING -   ROI 30: Near=1, Far=8132, Thresh=14.1, Sink_dist=inf
2025-10-07 23:05:11 - orthoroute.algorithms.manhattan.pathfinder.cuda_dijkstra - WARNING -   ROI 31: Near=1, Far=7223, Thresh=13.2, Sink_dist=inf
2025-10-07 23:05:14 - orthoroute.algorithms.manhattan.pathfinder.cuda_dijkstra - INFO - [DEBUG-GPU] Near-Far iteration 8600
2025-10-07 23:05:14 - orthoroute.algorithms.manhattan.pathfinder.cuda_dijkstra - WARNING - [CUDA-NF] Iteration 8600: 32/32 ROIs active, Near nodes=32, Far nodes=212470
2025-10-07 23:05:14 - orthoroute.algorithms.manhattan.pathfinder.cuda_dijkstra - WARNING -   ROI 0: Near=1, Far=6540, Thresh=14.3, Sink_dist=inf
2025-10-07 23:05:14 - orthoroute.algorithms.manhattan.pathfinder.cuda_dijkstra - WARNING -   ROI 1: Near=1, Far=4609, Thresh=13.4, Sink_dist=inf
2025-10-07 23:05:14 - orthoroute.algorithms.manhattan.pathfinder.cuda_dijkstra - WARNING -   ROI 2: Near=1, Far=7208, Thresh=13.2, Sink_dist=inf
2025-10-07 23:05:14 - orthoroute.algorithms.manhattan.pathfinder.cuda_dijkstra - WARNING -   ROI 3: Near=1, Far=3283, Thresh=15.6, Sink_dist=inf
2025-10-07 23:05:14 - orthoroute.algorithms.manhattan.pathfinder.cuda_dijkstra - WARNING -   ROI 4: Near=1, Far=7132, Thresh=13.3, Sink_dist=inf
2025-10-07 23:05:14 - orthoroute.algorithms.manhattan.pathfinder.cuda_dijkstra - WARNING -   ROI 5: Near=1, Far=6011, Thresh=12.9, Sink_dist=inf
2025-10-07 23:05:14 - orthoroute.algorithms.manhattan.pathfinder.cuda_dijkstra - WARNING -   ROI 6: Near=1, Far=6022, Thresh=14.6, Sink_dist=inf
2025-10-07 23:05:14 - orthoroute.algorithms.manhattan.pathfinder.cuda_dijkstra - WARNING -   ROI 7: Near=1, Far=6375, Thresh=13.5, Sink_dist=inf
2025-10-07 23:05:14 - orthoroute.algorithms.manhattan.pathfinder.cuda_dijkstra - WARNING -   ROI 8: Near=1, Far=7163, Thresh=13.2, Sink_dist=inf
2025-10-07 23:05:14 - orthoroute.algorithms.manhattan.pathfinder.cuda_dijkstra - WARNING -   ROI 9: Near=1, Far=5672, Thresh=13.8, Sink_dist=inf
2025-10-07 23:05:14 - orthoroute.algorithms.manhattan.pathfinder.cuda_dijkstra - WARNING -   ROI 10: Near=1, Far=3746, Thresh=14.1, Sink_dist=inf
2025-10-07 23:05:14 - orthoroute.algorithms.manhattan.pathfinder.cuda_dijkstra - WARNING -   ROI 11: Near=1, Far=3019, Thresh=14.5, Sink_dist=inf
2025-10-07 23:05:14 - orthoroute.algorithms.manhattan.pathfinder.cuda_dijkstra - WARNING -   ROI 12: Near=1, Far=7319, Thresh=13.5, Sink_dist=inf
2025-10-07 23:05:14 - orthoroute.algorithms.manhattan.pathfinder.cuda_dijkstra - WARNING -   ROI 13: Near=1, Far=8386, Thresh=13.9, Sink_dist=inf
2025-10-07 23:05:14 - orthoroute.algorithms.manhattan.pathfinder.cuda_dijkstra - WARNING -   ROI 14: Near=1, Far=8749, Thresh=13.9, Sink_dist=inf
2025-10-07 23:05:14 - orthoroute.algorithms.manhattan.pathfinder.cuda_dijkstra - WARNING -   ROI 15: Near=1, Far=8704, Thresh=13.9, Sink_dist=inf
2025-10-07 23:05:14 - orthoroute.algorithms.manhattan.pathfinder.cuda_dijkstra - WARNING -   ROI 16: Near=1, Far=7269, Thresh=13.4, Sink_dist=inf
2025-10-07 23:05:14 - orthoroute.algorithms.manhattan.pathfinder.cuda_dijkstra - WARNING -   ROI 17: Near=1, Far=7256, Thresh=13.4, Sink_dist=inf
2025-10-07 23:05:14 - orthoroute.algorithms.manhattan.pathfinder.cuda_dijkstra - WARNING -   ROI 18: Near=1, Far=7121, Thresh=13.3, Sink_dist=inf
2025-10-07 23:05:14 - orthoroute.algorithms.manhattan.pathfinder.cuda_dijkstra - WARNING -   ROI 19: Near=1, Far=8065, Thresh=14.1, Sink_dist=inf
2025-10-07 23:05:14 - orthoroute.algorithms.manhattan.pathfinder.cuda_dijkstra - WARNING -   ROI 20: Near=1, Far=7263, Thresh=13.4, Sink_dist=inf
2025-10-07 23:05:14 - orthoroute.algorithms.manhattan.pathfinder.cuda_dijkstra - WARNING -   ROI 21: Near=1, Far=7168, Thresh=13.2, Sink_dist=inf
2025-10-07 23:05:14 - orthoroute.algorithms.manhattan.pathfinder.cuda_dijkstra - WARNING -   ROI 22: Near=1, Far=7245, Thresh=13.5, Sink_dist=inf
2025-10-07 23:05:14 - orthoroute.algorithms.manhattan.pathfinder.cuda_dijkstra - WARNING -   ROI 23: Near=1, Far=6008, Thresh=13.0, Sink_dist=inf
2025-10-07 23:05:14 - orthoroute.algorithms.manhattan.pathfinder.cuda_dijkstra - WARNING -   ROI 24: Near=1, Far=8383, Thresh=13.9, Sink_dist=inf
2025-10-07 23:05:14 - orthoroute.algorithms.manhattan.pathfinder.cuda_dijkstra - WARNING -   ROI 25: Near=1, Far=6080, Thresh=12.9, Sink_dist=inf
2025-10-07 23:05:14 - orthoroute.algorithms.manhattan.pathfinder.cuda_dijkstra - WARNING -   ROI 26: Near=1, Far=7249, Thresh=13.4, Sink_dist=inf
2025-10-07 23:05:14 - orthoroute.algorithms.manhattan.pathfinder.cuda_dijkstra - WARNING -   ROI 27: Near=1, Far=5020, Thresh=13.1, Sink_dist=inf
2025-10-07 23:05:14 - orthoroute.algorithms.manhattan.pathfinder.cuda_dijkstra - WARNING -   ROI 28: Near=1, Far=7242, Thresh=13.4, Sink_dist=inf
2025-10-07 23:05:14 - orthoroute.algorithms.manhattan.pathfinder.cuda_dijkstra - WARNING -   ROI 29: Near=1, Far=6014, Thresh=12.9, Sink_dist=inf
2025-10-07 23:05:14 - orthoroute.algorithms.manhattan.pathfinder.cuda_dijkstra - WARNING -   ROI 30: Near=1, Far=8031, Thresh=14.1, Sink_dist=inf
2025-10-07 23:05:14 - orthoroute.algorithms.manhattan.pathfinder.cuda_dijkstra - WARNING -   ROI 31: Near=1, Far=7118, Thresh=13.3, Sink_dist=inf
2025-10-07 23:05:16 - orthoroute.algorithms.manhattan.pathfinder.cuda_dijkstra - INFO - [DEBUG-GPU] Near-Far iteration 8700
2025-10-07 23:05:16 - orthoroute.algorithms.manhattan.pathfinder.cuda_dijkstra - WARNING - [CUDA-NF] Iteration 8700: 32/32 ROIs active, Near nodes=34, Far nodes=215495
2025-10-07 23:05:16 - orthoroute.algorithms.manhattan.pathfinder.cuda_dijkstra - WARNING -   ROI 0: Near=1, Far=6792, Thresh=14.3, Sink_dist=inf
2025-10-07 23:05:16 - orthoroute.algorithms.manhattan.pathfinder.cuda_dijkstra - WARNING -   ROI 1: Near=1, Far=4683, Thresh=13.5, Sink_dist=inf
2025-10-07 23:05:16 - orthoroute.algorithms.manhattan.pathfinder.cuda_dijkstra - WARNING -   ROI 2: Near=1, Far=7147, Thresh=13.2, Sink_dist=inf
2025-10-07 23:05:16 - orthoroute.algorithms.manhattan.pathfinder.cuda_dijkstra - WARNING -   ROI 3: Near=1, Far=3201, Thresh=15.7, Sink_dist=inf
2025-10-07 23:05:16 - orthoroute.algorithms.manhattan.pathfinder.cuda_dijkstra - WARNING -   ROI 4: Near=1, Far=7029, Thresh=13.3, Sink_dist=inf
2025-10-07 23:05:16 - orthoroute.algorithms.manhattan.pathfinder.cuda_dijkstra - WARNING -   ROI 5: Near=1, Far=5935, Thresh=13.0, Sink_dist=inf
2025-10-07 23:05:16 - orthoroute.algorithms.manhattan.pathfinder.cuda_dijkstra - WARNING -   ROI 6: Near=1, Far=5939, Thresh=14.7, Sink_dist=inf
2025-10-07 23:05:16 - orthoroute.algorithms.manhattan.pathfinder.cuda_dijkstra - WARNING -   ROI 7: Near=2, Far=6657, Thresh=13.5, Sink_dist=inf
2025-10-07 23:05:16 - orthoroute.algorithms.manhattan.pathfinder.cuda_dijkstra - WARNING -   ROI 8: Near=1, Far=7181, Thresh=13.2, Sink_dist=inf
2025-10-07 23:05:16 - orthoroute.algorithms.manhattan.pathfinder.cuda_dijkstra - WARNING -   ROI 9: Near=1, Far=5618, Thresh=13.8, Sink_dist=inf
2025-10-07 23:05:16 - orthoroute.algorithms.manhattan.pathfinder.cuda_dijkstra - WARNING -   ROI 10: Near=1, Far=3646, Thresh=14.1, Sink_dist=inf
2025-10-07 23:05:16 - orthoroute.algorithms.manhattan.pathfinder.cuda_dijkstra - WARNING -   ROI 11: Near=2, Far=2918, Thresh=14.5, Sink_dist=inf
2025-10-07 23:05:16 - orthoroute.algorithms.manhattan.pathfinder.cuda_dijkstra - WARNING -   ROI 12: Near=1, Far=7547, Thresh=13.5, Sink_dist=inf
2025-10-07 23:05:16 - orthoroute.algorithms.manhattan.pathfinder.cuda_dijkstra - WARNING -   ROI 13: Near=1, Far=9320, Thresh=13.9, Sink_dist=inf
2025-10-07 23:05:16 - orthoroute.algorithms.manhattan.pathfinder.cuda_dijkstra - WARNING -   ROI 14: Near=1, Far=9321, Thresh=13.9, Sink_dist=inf
2025-10-07 23:05:16 - orthoroute.algorithms.manhattan.pathfinder.cuda_dijkstra - WARNING -   ROI 15: Near=1, Far=9288, Thresh=13.9, Sink_dist=inf
2025-10-07 23:05:16 - orthoroute.algorithms.manhattan.pathfinder.cuda_dijkstra - WARNING -   ROI 16: Near=1, Far=7355, Thresh=13.5, Sink_dist=inf
2025-10-07 23:05:16 - orthoroute.algorithms.manhattan.pathfinder.cuda_dijkstra - WARNING -   ROI 17: Near=1, Far=7155, Thresh=13.5, Sink_dist=inf
2025-10-07 23:05:16 - orthoroute.algorithms.manhattan.pathfinder.cuda_dijkstra - WARNING -   ROI 18: Near=1, Far=7031, Thresh=13.3, Sink_dist=inf
2025-10-07 23:05:16 - orthoroute.algorithms.manhattan.pathfinder.cuda_dijkstra - WARNING -   ROI 19: Near=1, Far=7965, Thresh=14.2, Sink_dist=inf
2025-10-07 23:05:16 - orthoroute.algorithms.manhattan.pathfinder.cuda_dijkstra - WARNING -   ROI 20: Near=1, Far=7161, Thresh=13.5, Sink_dist=inf
2025-10-07 23:05:16 - orthoroute.algorithms.manhattan.pathfinder.cuda_dijkstra - WARNING -   ROI 21: Near=1, Far=7151, Thresh=13.2, Sink_dist=inf
2025-10-07 23:05:16 - orthoroute.algorithms.manhattan.pathfinder.cuda_dijkstra - WARNING -   ROI 22: Near=1, Far=7144, Thresh=13.5, Sink_dist=inf
2025-10-07 23:05:16 - orthoroute.algorithms.manhattan.pathfinder.cuda_dijkstra - WARNING -   ROI 23: Near=1, Far=5908, Thresh=13.0, Sink_dist=inf
2025-10-07 23:05:16 - orthoroute.algorithms.manhattan.pathfinder.cuda_dijkstra - WARNING -   ROI 24: Near=1, Far=9374, Thresh=13.9, Sink_dist=inf
2025-10-07 23:05:16 - orthoroute.algorithms.manhattan.pathfinder.cuda_dijkstra - WARNING -   ROI 25: Near=1, Far=5978, Thresh=13.0, Sink_dist=inf
2025-10-07 23:05:16 - orthoroute.algorithms.manhattan.pathfinder.cuda_dijkstra - WARNING -   ROI 26: Near=1, Far=7335, Thresh=13.5, Sink_dist=inf
2025-10-07 23:05:16 - orthoroute.algorithms.manhattan.pathfinder.cuda_dijkstra - WARNING -   ROI 27: Near=1, Far=5479, Thresh=13.1, Sink_dist=inf
2025-10-07 23:05:16 - orthoroute.algorithms.manhattan.pathfinder.cuda_dijkstra - WARNING -   ROI 28: Near=1, Far=7328, Thresh=13.5, Sink_dist=inf
2025-10-07 23:05:16 - orthoroute.algorithms.manhattan.pathfinder.cuda_dijkstra - WARNING -   ROI 29: Near=1, Far=5937, Thresh=13.0, Sink_dist=inf
2025-10-07 23:05:16 - orthoroute.algorithms.manhattan.pathfinder.cuda_dijkstra - WARNING -   ROI 30: Near=1, Far=7950, Thresh=14.2, Sink_dist=inf
2025-10-07 23:05:16 - orthoroute.algorithms.manhattan.pathfinder.cuda_dijkstra - WARNING -   ROI 31: Near=1, Far=7022, Thresh=13.3, Sink_dist=inf
2025-10-07 23:05:18 - orthoroute.algorithms.manhattan.pathfinder.cuda_dijkstra - INFO - [DEBUG-GPU] Near-Far iteration 8800
2025-10-07 23:05:18 - orthoroute.algorithms.manhattan.pathfinder.cuda_dijkstra - WARNING - [CUDA-NF] Iteration 8800: 32/32 ROIs active, Near nodes=32, Far nodes=219083
2025-10-07 23:05:18 - orthoroute.algorithms.manhattan.pathfinder.cuda_dijkstra - WARNING -   ROI 0: Near=1, Far=7372, Thresh=14.3, Sink_dist=inf
2025-10-07 23:05:18 - orthoroute.algorithms.manhattan.pathfinder.cuda_dijkstra - WARNING -   ROI 1: Near=1, Far=5100, Thresh=13.5, Sink_dist=inf
2025-10-07 23:05:18 - orthoroute.algorithms.manhattan.pathfinder.cuda_dijkstra - WARNING -   ROI 2: Near=1, Far=7046, Thresh=13.3, Sink_dist=inf
2025-10-07 23:05:18 - orthoroute.algorithms.manhattan.pathfinder.cuda_dijkstra - WARNING -   ROI 3: Near=1, Far=3101, Thresh=15.7, Sink_dist=inf
2025-10-07 23:05:18 - orthoroute.algorithms.manhattan.pathfinder.cuda_dijkstra - WARNING -   ROI 4: Near=1, Far=6924, Thresh=13.3, Sink_dist=inf
2025-10-07 23:05:18 - orthoroute.algorithms.manhattan.pathfinder.cuda_dijkstra - WARNING -   ROI 5: Near=1, Far=5983, Thresh=13.1, Sink_dist=inf
2025-10-07 23:05:18 - orthoroute.algorithms.manhattan.pathfinder.cuda_dijkstra - WARNING -   ROI 6: Near=1, Far=6198, Thresh=14.8, Sink_dist=inf
2025-10-07 23:05:18 - orthoroute.algorithms.manhattan.pathfinder.cuda_dijkstra - WARNING -   ROI 7: Near=1, Far=6832, Thresh=13.6, Sink_dist=inf
2025-10-07 23:05:18 - orthoroute.algorithms.manhattan.pathfinder.cuda_dijkstra - WARNING -   ROI 8: Near=1, Far=7082, Thresh=13.3, Sink_dist=inf
2025-10-07 23:05:18 - orthoroute.algorithms.manhattan.pathfinder.cuda_dijkstra - WARNING -   ROI 9: Near=1, Far=5834, Thresh=13.9, Sink_dist=inf
2025-10-07 23:05:18 - orthoroute.algorithms.manhattan.pathfinder.cuda_dijkstra - WARNING -   ROI 10: Near=1, Far=3552, Thresh=14.2, Sink_dist=inf
2025-10-07 23:05:18 - orthoroute.algorithms.manhattan.pathfinder.cuda_dijkstra - WARNING -   ROI 11: Near=1, Far=2817, Thresh=14.6, Sink_dist=inf
2025-10-07 23:05:18 - orthoroute.algorithms.manhattan.pathfinder.cuda_dijkstra - WARNING -   ROI 12: Near=1, Far=7794, Thresh=13.5, Sink_dist=inf
2025-10-07 23:05:18 - orthoroute.algorithms.manhattan.pathfinder.cuda_dijkstra - WARNING -   ROI 13: Near=1, Far=9363, Thresh=14.0, Sink_dist=inf
2025-10-07 23:05:18 - orthoroute.algorithms.manhattan.pathfinder.cuda_dijkstra - WARNING -   ROI 14: Near=1, Far=9351, Thresh=14.0, Sink_dist=inf
2025-10-07 23:05:18 - orthoroute.algorithms.manhattan.pathfinder.cuda_dijkstra - WARNING -   ROI 15: Near=1, Far=9354, Thresh=14.0, Sink_dist=inf
2025-10-07 23:05:18 - orthoroute.algorithms.manhattan.pathfinder.cuda_dijkstra - WARNING -   ROI 16: Near=1, Far=7646, Thresh=13.5, Sink_dist=inf
2025-10-07 23:05:18 - orthoroute.algorithms.manhattan.pathfinder.cuda_dijkstra - WARNING -   ROI 17: Near=1, Far=7671, Thresh=13.5, Sink_dist=inf
2025-10-07 23:05:18 - orthoroute.algorithms.manhattan.pathfinder.cuda_dijkstra - WARNING -   ROI 18: Near=1, Far=6939, Thresh=13.3, Sink_dist=inf
2025-10-07 23:05:18 - orthoroute.algorithms.manhattan.pathfinder.cuda_dijkstra - WARNING -   ROI 19: Near=1, Far=7873, Thresh=14.3, Sink_dist=inf
2025-10-07 23:05:18 - orthoroute.algorithms.manhattan.pathfinder.cuda_dijkstra - WARNING -   ROI 20: Near=1, Far=7568, Thresh=13.5, Sink_dist=inf
2025-10-07 23:05:18 - orthoroute.algorithms.manhattan.pathfinder.cuda_dijkstra - WARNING -   ROI 21: Near=1, Far=7051, Thresh=13.3, Sink_dist=inf
2025-10-07 23:05:18 - orthoroute.algorithms.manhattan.pathfinder.cuda_dijkstra - WARNING -   ROI 22: Near=1, Far=7733, Thresh=13.5, Sink_dist=inf
2025-10-07 23:05:18 - orthoroute.algorithms.manhattan.pathfinder.cuda_dijkstra - WARNING -   ROI 23: Near=1, Far=5955, Thresh=13.1, Sink_dist=inf
2025-10-07 23:05:18 - orthoroute.algorithms.manhattan.pathfinder.cuda_dijkstra - WARNING -   ROI 24: Near=1, Far=9356, Thresh=14.0, Sink_dist=inf
2025-10-07 23:05:18 - orthoroute.algorithms.manhattan.pathfinder.cuda_dijkstra - WARNING -   ROI 25: Near=1, Far=5882, Thresh=13.0, Sink_dist=inf
2025-10-07 23:05:18 - orthoroute.algorithms.manhattan.pathfinder.cuda_dijkstra - WARNING -   ROI 26: Near=1, Far=7641, Thresh=13.5, Sink_dist=inf
2025-10-07 23:05:18 - orthoroute.algorithms.manhattan.pathfinder.cuda_dijkstra - WARNING -   ROI 27: Near=1, Far=5657, Thresh=13.2, Sink_dist=inf
2025-10-07 23:05:18 - orthoroute.algorithms.manhattan.pathfinder.cuda_dijkstra - WARNING -   ROI 28: Near=1, Far=7644, Thresh=13.5, Sink_dist=inf
2025-10-07 23:05:18 - orthoroute.algorithms.manhattan.pathfinder.cuda_dijkstra - WARNING -   ROI 29: Near=1, Far=5989, Thresh=13.1, Sink_dist=inf
2025-10-07 23:05:18 - orthoroute.algorithms.manhattan.pathfinder.cuda_dijkstra - WARNING -   ROI 30: Near=1, Far=7849, Thresh=14.2, Sink_dist=inf
2025-10-07 23:05:18 - orthoroute.algorithms.manhattan.pathfinder.cuda_dijkstra - WARNING -   ROI 31: Near=1, Far=6926, Thresh=13.3, Sink_dist=inf
2025-10-07 23:05:20 - orthoroute.algorithms.manhattan.pathfinder.cuda_dijkstra - INFO - [DEBUG-GPU] Near-Far iteration 8900
2025-10-07 23:05:20 - orthoroute.algorithms.manhattan.pathfinder.cuda_dijkstra - WARNING - [CUDA-NF] Iteration 8900: 32/32 ROIs active, Near nodes=32, Far nodes=222846
2025-10-07 23:05:20 - orthoroute.algorithms.manhattan.pathfinder.cuda_dijkstra - WARNING -   ROI 0: Near=1, Far=7320, Thresh=14.4, Sink_dist=inf
2025-10-07 23:05:20 - orthoroute.algorithms.manhattan.pathfinder.cuda_dijkstra - WARNING -   ROI 1: Near=1, Far=5261, Thresh=13.6, Sink_dist=inf
2025-10-07 23:05:20 - orthoroute.algorithms.manhattan.pathfinder.cuda_dijkstra - WARNING -   ROI 2: Near=1, Far=6945, Thresh=13.3, Sink_dist=inf
2025-10-07 23:05:20 - orthoroute.algorithms.manhattan.pathfinder.cuda_dijkstra - WARNING -   ROI 3: Near=1, Far=2997, Thresh=15.7, Sink_dist=inf
2025-10-07 23:05:20 - orthoroute.algorithms.manhattan.pathfinder.cuda_dijkstra - WARNING -   ROI 4: Near=1, Far=6822, Thresh=13.4, Sink_dist=inf
2025-10-07 23:05:20 - orthoroute.algorithms.manhattan.pathfinder.cuda_dijkstra - WARNING -   ROI 5: Near=1, Far=6411, Thresh=13.1, Sink_dist=inf
2025-10-07 23:05:20 - orthoroute.algorithms.manhattan.pathfinder.cuda_dijkstra - WARNING -   ROI 6: Near=1, Far=6764, Thresh=14.8, Sink_dist=inf
2025-10-07 23:05:20 - orthoroute.algorithms.manhattan.pathfinder.cuda_dijkstra - WARNING -   ROI 7: Near=1, Far=6759, Thresh=13.6, Sink_dist=inf
2025-10-07 23:05:20 - orthoroute.algorithms.manhattan.pathfinder.cuda_dijkstra - WARNING -   ROI 8: Near=1, Far=6982, Thresh=13.3, Sink_dist=inf
2025-10-07 23:05:20 - orthoroute.algorithms.manhattan.pathfinder.cuda_dijkstra - WARNING -   ROI 9: Near=1, Far=6115, Thresh=13.9, Sink_dist=inf
2025-10-07 23:05:20 - orthoroute.algorithms.manhattan.pathfinder.cuda_dijkstra - WARNING -   ROI 10: Near=1, Far=3851, Thresh=14.4, Sink_dist=inf
2025-10-07 23:05:20 - orthoroute.algorithms.manhattan.pathfinder.cuda_dijkstra - WARNING -   ROI 11: Near=1, Far=3091, Thresh=14.8, Sink_dist=inf
2025-10-07 23:05:20 - orthoroute.algorithms.manhattan.pathfinder.cuda_dijkstra - WARNING -   ROI 12: Near=1, Far=8058, Thresh=13.6, Sink_dist=inf
2025-10-07 23:05:20 - orthoroute.algorithms.manhattan.pathfinder.cuda_dijkstra - WARNING -   ROI 13: Near=1, Far=9261, Thresh=14.0, Sink_dist=inf
2025-10-07 23:05:20 - orthoroute.algorithms.manhattan.pathfinder.cuda_dijkstra - WARNING -   ROI 14: Near=1, Far=9251, Thresh=14.0, Sink_dist=inf
2025-10-07 23:05:20 - orthoroute.algorithms.manhattan.pathfinder.cuda_dijkstra - WARNING -   ROI 15: Near=1, Far=9254, Thresh=14.0, Sink_dist=inf
2025-10-07 23:05:20 - orthoroute.algorithms.manhattan.pathfinder.cuda_dijkstra - WARNING -   ROI 16: Near=1, Far=7861, Thresh=13.6, Sink_dist=inf
2025-10-07 23:05:20 - orthoroute.algorithms.manhattan.pathfinder.cuda_dijkstra - WARNING -   ROI 17: Near=1, Far=8015, Thresh=13.6, Sink_dist=inf
2025-10-07 23:05:20 - orthoroute.algorithms.manhattan.pathfinder.cuda_dijkstra - WARNING -   ROI 18: Near=1, Far=6838, Thresh=13.4, Sink_dist=inf
2025-10-07 23:05:20 - orthoroute.algorithms.manhattan.pathfinder.cuda_dijkstra - WARNING -   ROI 19: Near=1, Far=7771, Thresh=14.3, Sink_dist=inf
2025-10-07 23:05:20 - orthoroute.algorithms.manhattan.pathfinder.cuda_dijkstra - WARNING -   ROI 20: Near=1, Far=7867, Thresh=13.6, Sink_dist=inf
2025-10-07 23:05:20 - orthoroute.algorithms.manhattan.pathfinder.cuda_dijkstra - WARNING -   ROI 21: Near=1, Far=6951, Thresh=13.3, Sink_dist=inf
2025-10-07 23:05:20 - orthoroute.algorithms.manhattan.pathfinder.cuda_dijkstra - WARNING -   ROI 22: Near=1, Far=8073, Thresh=13.6, Sink_dist=inf
2025-10-07 23:05:20 - orthoroute.algorithms.manhattan.pathfinder.cuda_dijkstra - WARNING -   ROI 23: Near=1, Far=6364, Thresh=13.2, Sink_dist=inf
2025-10-07 23:05:20 - orthoroute.algorithms.manhattan.pathfinder.cuda_dijkstra - WARNING -   ROI 24: Near=1, Far=9255, Thresh=14.0, Sink_dist=inf
2025-10-07 23:05:20 - orthoroute.algorithms.manhattan.pathfinder.cuda_dijkstra - WARNING -   ROI 25: Near=1, Far=6212, Thresh=13.1, Sink_dist=inf
2025-10-07 23:05:20 - orthoroute.algorithms.manhattan.pathfinder.cuda_dijkstra - WARNING -   ROI 26: Near=1, Far=7906, Thresh=13.6, Sink_dist=inf
2025-10-07 23:05:20 - orthoroute.algorithms.manhattan.pathfinder.cuda_dijkstra - WARNING -   ROI 27: Near=1, Far=5621, Thresh=13.2, Sink_dist=inf
2025-10-07 23:05:20 - orthoroute.algorithms.manhattan.pathfinder.cuda_dijkstra - WARNING -   ROI 28: Near=1, Far=7897, Thresh=13.6, Sink_dist=inf
2025-10-07 23:05:20 - orthoroute.algorithms.manhattan.pathfinder.cuda_dijkstra - WARNING -   ROI 29: Near=1, Far=6498, Thresh=13.1, Sink_dist=inf
2025-10-07 23:05:20 - orthoroute.algorithms.manhattan.pathfinder.cuda_dijkstra - WARNING -   ROI 30: Near=1, Far=7749, Thresh=14.3, Sink_dist=inf
2025-10-07 23:05:20 - orthoroute.algorithms.manhattan.pathfinder.cuda_dijkstra - WARNING -   ROI 31: Near=1, Far=6826, Thresh=13.4, Sink_dist=inf
2025-10-07 23:05:22 - orthoroute.algorithms.manhattan.pathfinder.cuda_dijkstra - INFO - [DEBUG-GPU] Near-Far iteration 9000
2025-10-07 23:05:22 - orthoroute.algorithms.manhattan.pathfinder.cuda_dijkstra - WARNING - [CUDA-NF] Iteration 9000: 32/32 ROIs active, Near nodes=32, Far nodes=224415
2025-10-07 23:05:22 - orthoroute.algorithms.manhattan.pathfinder.cuda_dijkstra - WARNING -   ROI 0: Near=1, Far=7217, Thresh=14.5, Sink_dist=inf
2025-10-07 23:05:22 - orthoroute.algorithms.manhattan.pathfinder.cuda_dijkstra - WARNING -   ROI 1: Near=1, Far=5228, Thresh=13.6, Sink_dist=inf
2025-10-07 23:05:22 - orthoroute.algorithms.manhattan.pathfinder.cuda_dijkstra - WARNING -   ROI 2: Near=1, Far=6843, Thresh=13.4, Sink_dist=inf
2025-10-07 23:05:22 - orthoroute.algorithms.manhattan.pathfinder.cuda_dijkstra - WARNING -   ROI 3: Near=1, Far=2893, Thresh=15.7, Sink_dist=inf
2025-10-07 23:05:22 - orthoroute.algorithms.manhattan.pathfinder.cuda_dijkstra - WARNING -   ROI 4: Near=1, Far=6746, Thresh=13.4, Sink_dist=inf
2025-10-07 23:05:22 - orthoroute.algorithms.manhattan.pathfinder.cuda_dijkstra - WARNING -   ROI 5: Near=1, Far=6638, Thresh=13.2, Sink_dist=inf
2025-10-07 23:05:22 - orthoroute.algorithms.manhattan.pathfinder.cuda_dijkstra - WARNING -   ROI 6: Near=1, Far=6666, Thresh=14.9, Sink_dist=inf
2025-10-07 23:05:22 - orthoroute.algorithms.manhattan.pathfinder.cuda_dijkstra - WARNING -   ROI 7: Near=1, Far=6659, Thresh=13.7, Sink_dist=inf
2025-10-07 23:05:22 - orthoroute.algorithms.manhattan.pathfinder.cuda_dijkstra - WARNING -   ROI 8: Near=1, Far=6880, Thresh=13.3, Sink_dist=inf
2025-10-07 23:05:22 - orthoroute.algorithms.manhattan.pathfinder.cuda_dijkstra - WARNING -   ROI 9: Near=1, Far=6272, Thresh=14.0, Sink_dist=inf
2025-10-07 23:05:22 - orthoroute.algorithms.manhattan.pathfinder.cuda_dijkstra - WARNING -   ROI 10: Near=1, Far=4119, Thresh=14.4, Sink_dist=inf
2025-10-07 23:05:22 - orthoroute.algorithms.manhattan.pathfinder.cuda_dijkstra - WARNING -   ROI 11: Near=1, Far=3263, Thresh=14.9, Sink_dist=inf
2025-10-07 23:05:22 - orthoroute.algorithms.manhattan.pathfinder.cuda_dijkstra - WARNING -   ROI 12: Near=1, Far=7981, Thresh=13.6, Sink_dist=inf
2025-10-07 23:05:22 - orthoroute.algorithms.manhattan.pathfinder.cuda_dijkstra - WARNING -   ROI 13: Near=1, Far=9159, Thresh=14.1, Sink_dist=inf
2025-10-07 23:05:22 - orthoroute.algorithms.manhattan.pathfinder.cuda_dijkstra - WARNING -   ROI 14: Near=1, Far=9157, Thresh=14.1, Sink_dist=inf
2025-10-07 23:05:22 - orthoroute.algorithms.manhattan.pathfinder.cuda_dijkstra - WARNING -   ROI 15: Near=1, Far=9160, Thresh=14.1, Sink_dist=inf
2025-10-07 23:05:22 - orthoroute.algorithms.manhattan.pathfinder.cuda_dijkstra - WARNING -   ROI 16: Near=1, Far=8049, Thresh=13.6, Sink_dist=inf
2025-10-07 23:05:22 - orthoroute.algorithms.manhattan.pathfinder.cuda_dijkstra - WARNING -   ROI 17: Near=1, Far=8084, Thresh=13.6, Sink_dist=inf
2025-10-07 23:05:22 - orthoroute.algorithms.manhattan.pathfinder.cuda_dijkstra - WARNING -   ROI 18: Near=1, Far=6737, Thresh=13.4, Sink_dist=inf
2025-10-07 23:05:22 - orthoroute.algorithms.manhattan.pathfinder.cuda_dijkstra - WARNING -   ROI 19: Near=1, Far=7869, Thresh=14.4, Sink_dist=inf
2025-10-07 23:05:22 - orthoroute.algorithms.manhattan.pathfinder.cuda_dijkstra - WARNING -   ROI 20: Near=1, Far=8092, Thresh=13.6, Sink_dist=inf
2025-10-07 23:05:22 - orthoroute.algorithms.manhattan.pathfinder.cuda_dijkstra - WARNING -   ROI 21: Near=1, Far=6851, Thresh=13.3, Sink_dist=inf
2025-10-07 23:05:22 - orthoroute.algorithms.manhattan.pathfinder.cuda_dijkstra - WARNING -   ROI 22: Near=1, Far=8073, Thresh=13.6, Sink_dist=inf
2025-10-07 23:05:22 - orthoroute.algorithms.manhattan.pathfinder.cuda_dijkstra - WARNING -   ROI 23: Near=1, Far=6717, Thresh=13.2, Sink_dist=inf
2025-10-07 23:05:22 - orthoroute.algorithms.manhattan.pathfinder.cuda_dijkstra - WARNING -   ROI 24: Near=1, Far=9153, Thresh=14.1, Sink_dist=inf
2025-10-07 23:05:22 - orthoroute.algorithms.manhattan.pathfinder.cuda_dijkstra - WARNING -   ROI 25: Near=1, Far=6729, Thresh=13.1, Sink_dist=inf
2025-10-07 23:05:22 - orthoroute.algorithms.manhattan.pathfinder.cuda_dijkstra - WARNING -   ROI 26: Near=1, Far=8040, Thresh=13.6, Sink_dist=inf
2025-10-07 23:05:22 - orthoroute.algorithms.manhattan.pathfinder.cuda_dijkstra - WARNING -   ROI 27: Near=1, Far=5523, Thresh=13.3, Sink_dist=inf
2025-10-07 23:05:22 - orthoroute.algorithms.manhattan.pathfinder.cuda_dijkstra - WARNING -   ROI 28: Near=1, Far=8040, Thresh=13.6, Sink_dist=inf
2025-10-07 23:05:22 - orthoroute.algorithms.manhattan.pathfinder.cuda_dijkstra - WARNING -   ROI 29: Near=1, Far=6804, Thresh=13.2, Sink_dist=inf
2025-10-07 23:05:22 - orthoroute.algorithms.manhattan.pathfinder.cuda_dijkstra - WARNING -   ROI 30: Near=1, Far=8047, Thresh=14.3, Sink_dist=inf
2025-10-07 23:05:22 - orthoroute.algorithms.manhattan.pathfinder.cuda_dijkstra - WARNING -   ROI 31: Near=1, Far=6726, Thresh=13.4, Sink_dist=inf
2025-10-07 23:05:25 - orthoroute.algorithms.manhattan.pathfinder.cuda_dijkstra - INFO - [DEBUG-GPU] Near-Far iteration 9100
2025-10-07 23:05:25 - orthoroute.algorithms.manhattan.pathfinder.cuda_dijkstra - WARNING - [CUDA-NF] Iteration 9100: 32/32 ROIs active, Near nodes=34, Far nodes=223886
2025-10-07 23:05:25 - orthoroute.algorithms.manhattan.pathfinder.cuda_dijkstra - WARNING -   ROI 0: Near=1, Far=7128, Thresh=14.5, Sink_dist=inf
2025-10-07 23:05:25 - orthoroute.algorithms.manhattan.pathfinder.cuda_dijkstra - WARNING -   ROI 1: Near=1, Far=5131, Thresh=13.7, Sink_dist=inf
2025-10-07 23:05:25 - orthoroute.algorithms.manhattan.pathfinder.cuda_dijkstra - WARNING -   ROI 2: Near=1, Far=6776, Thresh=13.4, Sink_dist=inf
2025-10-07 23:05:25 - orthoroute.algorithms.manhattan.pathfinder.cuda_dijkstra - WARNING -   ROI 3: Near=1, Far=3223, Thresh=16.0, Sink_dist=inf
2025-10-07 23:05:25 - orthoroute.algorithms.manhattan.pathfinder.cuda_dijkstra - WARNING -   ROI 4: Near=1, Far=6645, Thresh=13.5, Sink_dist=inf
2025-10-07 23:05:25 - orthoroute.algorithms.manhattan.pathfinder.cuda_dijkstra - WARNING -   ROI 5: Near=1, Far=6708, Thresh=13.2, Sink_dist=inf
2025-10-07 23:05:25 - orthoroute.algorithms.manhattan.pathfinder.cuda_dijkstra - WARNING -   ROI 6: Near=1, Far=6561, Thresh=14.9, Sink_dist=inf
2025-10-07 23:05:25 - orthoroute.algorithms.manhattan.pathfinder.cuda_dijkstra - WARNING -   ROI 7: Near=1, Far=6558, Thresh=13.7, Sink_dist=inf
2025-10-07 23:05:25 - orthoroute.algorithms.manhattan.pathfinder.cuda_dijkstra - WARNING -   ROI 8: Near=1, Far=6804, Thresh=13.4, Sink_dist=inf
2025-10-07 23:05:25 - orthoroute.algorithms.manhattan.pathfinder.cuda_dijkstra - WARNING -   ROI 9: Near=1, Far=6243, Thresh=14.0, Sink_dist=inf
2025-10-07 23:05:25 - orthoroute.algorithms.manhattan.pathfinder.cuda_dijkstra - WARNING -   ROI 10: Near=1, Far=4117, Thresh=14.5, Sink_dist=inf
2025-10-07 23:05:25 - orthoroute.algorithms.manhattan.pathfinder.cuda_dijkstra - WARNING -   ROI 11: Near=1, Far=3300, Thresh=14.9, Sink_dist=inf
2025-10-07 23:05:25 - orthoroute.algorithms.manhattan.pathfinder.cuda_dijkstra - WARNING -   ROI 12: Near=1, Far=7881, Thresh=13.7, Sink_dist=inf
2025-10-07 23:05:25 - orthoroute.algorithms.manhattan.pathfinder.cuda_dijkstra - WARNING -   ROI 13: Near=1, Far=9052, Thresh=14.1, Sink_dist=inf
2025-10-07 23:05:25 - orthoroute.algorithms.manhattan.pathfinder.cuda_dijkstra - WARNING -   ROI 14: Near=1, Far=9059, Thresh=14.1, Sink_dist=inf
2025-10-07 23:05:25 - orthoroute.algorithms.manhattan.pathfinder.cuda_dijkstra - WARNING -   ROI 15: Near=1, Far=9063, Thresh=14.1, Sink_dist=inf
2025-10-07 23:05:25 - orthoroute.algorithms.manhattan.pathfinder.cuda_dijkstra - WARNING -   ROI 16: Near=1, Far=7963, Thresh=13.6, Sink_dist=inf
2025-10-07 23:05:25 - orthoroute.algorithms.manhattan.pathfinder.cuda_dijkstra - WARNING -   ROI 17: Near=2, Far=7982, Thresh=13.7, Sink_dist=inf
2025-10-07 23:05:25 - orthoroute.algorithms.manhattan.pathfinder.cuda_dijkstra - WARNING -   ROI 18: Near=1, Far=6701, Thresh=13.5, Sink_dist=inf
2025-10-07 23:05:25 - orthoroute.algorithms.manhattan.pathfinder.cuda_dijkstra - WARNING -   ROI 19: Near=1, Far=8174, Thresh=14.4, Sink_dist=inf
2025-10-07 23:05:25 - orthoroute.algorithms.manhattan.pathfinder.cuda_dijkstra - WARNING -   ROI 20: Near=1, Far=7991, Thresh=13.7, Sink_dist=inf
2025-10-07 23:05:25 - orthoroute.algorithms.manhattan.pathfinder.cuda_dijkstra - WARNING -   ROI 21: Near=1, Far=6773, Thresh=13.4, Sink_dist=inf
2025-10-07 23:05:25 - orthoroute.algorithms.manhattan.pathfinder.cuda_dijkstra - WARNING -   ROI 22: Near=1, Far=7971, Thresh=13.7, Sink_dist=inf
2025-10-07 23:05:25 - orthoroute.algorithms.manhattan.pathfinder.cuda_dijkstra - WARNING -   ROI 23: Near=1, Far=6710, Thresh=13.2, Sink_dist=inf
2025-10-07 23:05:25 - orthoroute.algorithms.manhattan.pathfinder.cuda_dijkstra - WARNING -   ROI 24: Near=1, Far=9048, Thresh=14.1, Sink_dist=inf
2025-10-07 23:05:25 - orthoroute.algorithms.manhattan.pathfinder.cuda_dijkstra - WARNING -   ROI 25: Near=1, Far=6759, Thresh=13.2, Sink_dist=inf
2025-10-07 23:05:25 - orthoroute.algorithms.manhattan.pathfinder.cuda_dijkstra - WARNING -   ROI 26: Near=1, Far=7954, Thresh=13.7, Sink_dist=inf
2025-10-07 23:05:25 - orthoroute.algorithms.manhattan.pathfinder.cuda_dijkstra - WARNING -   ROI 27: Near=1, Far=5423, Thresh=13.3, Sink_dist=inf
2025-10-07 23:05:25 - orthoroute.algorithms.manhattan.pathfinder.cuda_dijkstra - WARNING -   ROI 28: Near=1, Far=7956, Thresh=13.7, Sink_dist=inf
2025-10-07 23:05:25 - orthoroute.algorithms.manhattan.pathfinder.cuda_dijkstra - WARNING -   ROI 29: Near=1, Far=6713, Thresh=13.2, Sink_dist=inf
2025-10-07 23:05:25 - orthoroute.algorithms.manhattan.pathfinder.cuda_dijkstra - WARNING -   ROI 30: Near=1, Far=8761, Thresh=14.4, Sink_dist=inf
2025-10-07 23:05:25 - orthoroute.algorithms.manhattan.pathfinder.cuda_dijkstra - WARNING -   ROI 31: Near=2, Far=6758, Thresh=13.5, Sink_dist=inf
2025-10-07 23:05:27 - orthoroute.algorithms.manhattan.pathfinder.cuda_dijkstra - INFO - [DEBUG-GPU] Near-Far iteration 9200
2025-10-07 23:05:27 - orthoroute.algorithms.manhattan.pathfinder.cuda_dijkstra - WARNING - [CUDA-NF] Iteration 9200: 32/32 ROIs active, Near nodes=32, Far nodes=223550
2025-10-07 23:05:27 - orthoroute.algorithms.manhattan.pathfinder.cuda_dijkstra - WARNING -   ROI 0: Near=1, Far=7021, Thresh=14.5, Sink_dist=inf
2025-10-07 23:05:27 - orthoroute.algorithms.manhattan.pathfinder.cuda_dijkstra - WARNING -   ROI 1: Near=1, Far=5031, Thresh=13.7, Sink_dist=inf
2025-10-07 23:05:27 - orthoroute.algorithms.manhattan.pathfinder.cuda_dijkstra - WARNING -   ROI 2: Near=1, Far=6823, Thresh=13.5, Sink_dist=inf
2025-10-07 23:05:27 - orthoroute.algorithms.manhattan.pathfinder.cuda_dijkstra - WARNING -   ROI 3: Near=1, Far=3381, Thresh=16.0, Sink_dist=inf
2025-10-07 23:05:27 - orthoroute.algorithms.manhattan.pathfinder.cuda_dijkstra - WARNING -   ROI 4: Near=1, Far=7095, Thresh=13.5, Sink_dist=inf
2025-10-07 23:05:27 - orthoroute.algorithms.manhattan.pathfinder.cuda_dijkstra - WARNING -   ROI 5: Near=1, Far=6612, Thresh=13.2, Sink_dist=inf
2025-10-07 23:05:27 - orthoroute.algorithms.manhattan.pathfinder.cuda_dijkstra - WARNING -   ROI 6: Near=1, Far=6461, Thresh=15.0, Sink_dist=inf
2025-10-07 23:05:27 - orthoroute.algorithms.manhattan.pathfinder.cuda_dijkstra - WARNING -   ROI 7: Near=1, Far=6480, Thresh=13.8, Sink_dist=inf
2025-10-07 23:05:27 - orthoroute.algorithms.manhattan.pathfinder.cuda_dijkstra - WARNING -   ROI 8: Near=1, Far=6781, Thresh=13.5, Sink_dist=inf
2025-10-07 23:05:27 - orthoroute.algorithms.manhattan.pathfinder.cuda_dijkstra - WARNING -   ROI 9: Near=1, Far=6143, Thresh=14.1, Sink_dist=inf
2025-10-07 23:05:27 - orthoroute.algorithms.manhattan.pathfinder.cuda_dijkstra - WARNING -   ROI 10: Near=1, Far=4046, Thresh=14.5, Sink_dist=inf
2025-10-07 23:05:27 - orthoroute.algorithms.manhattan.pathfinder.cuda_dijkstra - WARNING -   ROI 11: Near=1, Far=3236, Thresh=14.9, Sink_dist=inf
2025-10-07 23:05:27 - orthoroute.algorithms.manhattan.pathfinder.cuda_dijkstra - WARNING -   ROI 12: Near=1, Far=7781, Thresh=13.7, Sink_dist=inf
2025-10-07 23:05:27 - orthoroute.algorithms.manhattan.pathfinder.cuda_dijkstra - WARNING -   ROI 13: Near=1, Far=8967, Thresh=14.1, Sink_dist=inf
2025-10-07 23:05:27 - orthoroute.algorithms.manhattan.pathfinder.cuda_dijkstra - WARNING -   ROI 14: Near=1, Far=8948, Thresh=14.1, Sink_dist=inf
2025-10-07 23:05:27 - orthoroute.algorithms.manhattan.pathfinder.cuda_dijkstra - WARNING -   ROI 15: Near=1, Far=8950, Thresh=14.1, Sink_dist=inf
2025-10-07 23:05:27 - orthoroute.algorithms.manhattan.pathfinder.cuda_dijkstra - WARNING -   ROI 16: Near=1, Far=7863, Thresh=13.7, Sink_dist=inf
2025-10-07 23:05:27 - orthoroute.algorithms.manhattan.pathfinder.cuda_dijkstra - WARNING -   ROI 17: Near=1, Far=7882, Thresh=13.7, Sink_dist=inf
2025-10-07 23:05:27 - orthoroute.algorithms.manhattan.pathfinder.cuda_dijkstra - WARNING -   ROI 18: Near=1, Far=7138, Thresh=13.5, Sink_dist=inf
2025-10-07 23:05:27 - orthoroute.algorithms.manhattan.pathfinder.cuda_dijkstra - WARNING -   ROI 19: Near=1, Far=8647, Thresh=14.5, Sink_dist=inf
2025-10-07 23:05:27 - orthoroute.algorithms.manhattan.pathfinder.cuda_dijkstra - WARNING -   ROI 20: Near=1, Far=7889, Thresh=13.7, Sink_dist=inf
2025-10-07 23:05:27 - orthoroute.algorithms.manhattan.pathfinder.cuda_dijkstra - WARNING -   ROI 21: Near=1, Far=6767, Thresh=13.5, Sink_dist=inf
2025-10-07 23:05:27 - orthoroute.algorithms.manhattan.pathfinder.cuda_dijkstra - WARNING -   ROI 22: Near=1, Far=7870, Thresh=13.7, Sink_dist=inf
2025-10-07 23:05:27 - orthoroute.algorithms.manhattan.pathfinder.cuda_dijkstra - WARNING -   ROI 23: Near=1, Far=6610, Thresh=13.3, Sink_dist=inf
2025-10-07 23:05:27 - orthoroute.algorithms.manhattan.pathfinder.cuda_dijkstra - WARNING -   ROI 24: Near=1, Far=8967, Thresh=14.1, Sink_dist=inf
2025-10-07 23:05:27 - orthoroute.algorithms.manhattan.pathfinder.cuda_dijkstra - WARNING -   ROI 25: Near=1, Far=6659, Thresh=13.2, Sink_dist=inf
2025-10-07 23:05:27 - orthoroute.algorithms.manhattan.pathfinder.cuda_dijkstra - WARNING -   ROI 26: Near=1, Far=7854, Thresh=13.7, Sink_dist=inf
2025-10-07 23:05:27 - orthoroute.algorithms.manhattan.pathfinder.cuda_dijkstra - WARNING -   ROI 27: Near=1, Far=5323, Thresh=13.3, Sink_dist=inf
2025-10-07 23:05:27 - orthoroute.algorithms.manhattan.pathfinder.cuda_dijkstra - WARNING -   ROI 28: Near=1, Far=7856, Thresh=13.7, Sink_dist=inf
2025-10-07 23:05:27 - orthoroute.algorithms.manhattan.pathfinder.cuda_dijkstra - WARNING -   ROI 29: Near=1, Far=6613, Thresh=13.2, Sink_dist=inf
2025-10-07 23:05:27 - orthoroute.algorithms.manhattan.pathfinder.cuda_dijkstra - WARNING -   ROI 30: Near=1, Far=8659, Thresh=14.4, Sink_dist=inf
2025-10-07 23:05:27 - orthoroute.algorithms.manhattan.pathfinder.cuda_dijkstra - WARNING -   ROI 31: Near=1, Far=7197, Thresh=13.5, Sink_dist=inf
2025-10-07 23:05:29 - orthoroute.algorithms.manhattan.pathfinder.cuda_dijkstra - INFO - [DEBUG-GPU] Near-Far iteration 9300
2025-10-07 23:05:29 - orthoroute.algorithms.manhattan.pathfinder.cuda_dijkstra - WARNING - [CUDA-NF] Iteration 9300: 32/32 ROIs active, Near nodes=32, Far nodes=222974
2025-10-07 23:05:29 - orthoroute.algorithms.manhattan.pathfinder.cuda_dijkstra - WARNING -   ROI 0: Near=1, Far=6920, Thresh=14.6, Sink_dist=inf
2025-10-07 23:05:29 - orthoroute.algorithms.manhattan.pathfinder.cuda_dijkstra - WARNING -   ROI 1: Near=1, Far=4931, Thresh=13.7, Sink_dist=inf
2025-10-07 23:05:29 - orthoroute.algorithms.manhattan.pathfinder.cuda_dijkstra - WARNING -   ROI 2: Near=1, Far=7032, Thresh=13.5, Sink_dist=inf
2025-10-07 23:05:29 - orthoroute.algorithms.manhattan.pathfinder.cuda_dijkstra - WARNING -   ROI 3: Near=1, Far=3360, Thresh=16.0, Sink_dist=inf
2025-10-07 23:05:29 - orthoroute.algorithms.manhattan.pathfinder.cuda_dijkstra - WARNING -   ROI 4: Near=1, Far=7493, Thresh=13.6, Sink_dist=inf
2025-10-07 23:05:29 - orthoroute.algorithms.manhattan.pathfinder.cuda_dijkstra - WARNING -   ROI 5: Near=1, Far=6510, Thresh=13.3, Sink_dist=inf
2025-10-07 23:05:29 - orthoroute.algorithms.manhattan.pathfinder.cuda_dijkstra - WARNING -   ROI 6: Near=1, Far=6357, Thresh=15.0, Sink_dist=inf
2025-10-07 23:05:29 - orthoroute.algorithms.manhattan.pathfinder.cuda_dijkstra - WARNING -   ROI 7: Near=1, Far=6420, Thresh=13.8, Sink_dist=inf
2025-10-07 23:05:29 - orthoroute.algorithms.manhattan.pathfinder.cuda_dijkstra - WARNING -   ROI 8: Near=1, Far=6915, Thresh=13.5, Sink_dist=inf
2025-10-07 23:05:29 - orthoroute.algorithms.manhattan.pathfinder.cuda_dijkstra - WARNING -   ROI 9: Near=1, Far=6041, Thresh=14.1, Sink_dist=inf
2025-10-07 23:05:29 - orthoroute.algorithms.manhattan.pathfinder.cuda_dijkstra - WARNING -   ROI 10: Near=1, Far=3946, Thresh=14.5, Sink_dist=inf
2025-10-07 23:05:29 - orthoroute.algorithms.manhattan.pathfinder.cuda_dijkstra - WARNING -   ROI 11: Near=1, Far=3135, Thresh=14.9, Sink_dist=inf
2025-10-07 23:05:29 - orthoroute.algorithms.manhattan.pathfinder.cuda_dijkstra - WARNING -   ROI 12: Near=1, Far=7692, Thresh=13.8, Sink_dist=inf
2025-10-07 23:05:29 - orthoroute.algorithms.manhattan.pathfinder.cuda_dijkstra - WARNING -   ROI 13: Near=1, Far=8864, Thresh=14.2, Sink_dist=inf
2025-10-07 23:05:29 - orthoroute.algorithms.manhattan.pathfinder.cuda_dijkstra - WARNING -   ROI 14: Near=1, Far=8848, Thresh=14.2, Sink_dist=inf
2025-10-07 23:05:29 - orthoroute.algorithms.manhattan.pathfinder.cuda_dijkstra - WARNING -   ROI 15: Near=1, Far=8849, Thresh=14.2, Sink_dist=inf
2025-10-07 23:05:29 - orthoroute.algorithms.manhattan.pathfinder.cuda_dijkstra - WARNING -   ROI 16: Near=1, Far=7762, Thresh=13.7, Sink_dist=inf
2025-10-07 23:05:29 - orthoroute.algorithms.manhattan.pathfinder.cuda_dijkstra - WARNING -   ROI 17: Near=1, Far=7781, Thresh=13.7, Sink_dist=inf
2025-10-07 23:05:29 - orthoroute.algorithms.manhattan.pathfinder.cuda_dijkstra - WARNING -   ROI 18: Near=1, Far=7621, Thresh=13.5, Sink_dist=inf
2025-10-07 23:05:29 - orthoroute.algorithms.manhattan.pathfinder.cuda_dijkstra - WARNING -   ROI 19: Near=1, Far=8592, Thresh=14.5, Sink_dist=inf
2025-10-07 23:05:29 - orthoroute.algorithms.manhattan.pathfinder.cuda_dijkstra - WARNING -   ROI 20: Near=1, Far=7789, Thresh=13.7, Sink_dist=inf
2025-10-07 23:05:29 - orthoroute.algorithms.manhattan.pathfinder.cuda_dijkstra - WARNING -   ROI 21: Near=1, Far=6972, Thresh=13.5, Sink_dist=inf
2025-10-07 23:05:29 - orthoroute.algorithms.manhattan.pathfinder.cuda_dijkstra - WARNING -   ROI 22: Near=1, Far=7770, Thresh=13.7, Sink_dist=inf
2025-10-07 23:05:29 - orthoroute.algorithms.manhattan.pathfinder.cuda_dijkstra - WARNING -   ROI 23: Near=1, Far=6510, Thresh=13.3, Sink_dist=inf
2025-10-07 23:05:29 - orthoroute.algorithms.manhattan.pathfinder.cuda_dijkstra - WARNING -   ROI 24: Near=1, Far=8867, Thresh=14.2, Sink_dist=inf
2025-10-07 23:05:29 - orthoroute.algorithms.manhattan.pathfinder.cuda_dijkstra - WARNING -   ROI 25: Near=1, Far=6557, Thresh=13.2, Sink_dist=inf
2025-10-07 23:05:29 - orthoroute.algorithms.manhattan.pathfinder.cuda_dijkstra - WARNING -   ROI 26: Near=1, Far=7752, Thresh=13.7, Sink_dist=inf
2025-10-07 23:05:29 - orthoroute.algorithms.manhattan.pathfinder.cuda_dijkstra - WARNING -   ROI 27: Near=1, Far=5221, Thresh=13.4, Sink_dist=inf
2025-10-07 23:05:29 - orthoroute.algorithms.manhattan.pathfinder.cuda_dijkstra - WARNING -   ROI 28: Near=1, Far=7755, Thresh=13.7, Sink_dist=inf
2025-10-07 23:05:29 - orthoroute.algorithms.manhattan.pathfinder.cuda_dijkstra - WARNING -   ROI 29: Near=1, Far=6513, Thresh=13.3, Sink_dist=inf
2025-10-07 23:05:29 - orthoroute.algorithms.manhattan.pathfinder.cuda_dijkstra - WARNING -   ROI 30: Near=1, Far=8559, Thresh=14.5, Sink_dist=inf
2025-10-07 23:05:29 - orthoroute.algorithms.manhattan.pathfinder.cuda_dijkstra - WARNING -   ROI 31: Near=1, Far=7640, Thresh=13.5, Sink_dist=inf
2025-10-07 23:05:32 - orthoroute.algorithms.manhattan.pathfinder.cuda_dijkstra - INFO - [DEBUG-GPU] Near-Far iteration 9400
2025-10-07 23:05:32 - orthoroute.algorithms.manhattan.pathfinder.cuda_dijkstra - WARNING - [CUDA-NF] Iteration 9400: 32/32 ROIs active, Near nodes=32, Far nodes=221872
2025-10-07 23:05:32 - orthoroute.algorithms.manhattan.pathfinder.cuda_dijkstra - WARNING -   ROI 0: Near=1, Far=6822, Thresh=14.7, Sink_dist=inf
2025-10-07 23:05:32 - orthoroute.algorithms.manhattan.pathfinder.cuda_dijkstra - WARNING -   ROI 1: Near=1, Far=4830, Thresh=13.8, Sink_dist=inf
2025-10-07 23:05:32 - orthoroute.algorithms.manhattan.pathfinder.cuda_dijkstra - WARNING -   ROI 2: Near=1, Far=7325, Thresh=13.5, Sink_dist=inf
2025-10-07 23:05:32 - orthoroute.algorithms.manhattan.pathfinder.cuda_dijkstra - WARNING -   ROI 3: Near=1, Far=3257, Thresh=16.1, Sink_dist=inf
2025-10-07 23:05:32 - orthoroute.algorithms.manhattan.pathfinder.cuda_dijkstra - WARNING -   ROI 4: Near=1, Far=7573, Thresh=13.6, Sink_dist=inf
2025-10-07 23:05:32 - orthoroute.algorithms.manhattan.pathfinder.cuda_dijkstra - WARNING -   ROI 5: Near=1, Far=6410, Thresh=13.3, Sink_dist=inf
2025-10-07 23:05:32 - orthoroute.algorithms.manhattan.pathfinder.cuda_dijkstra - WARNING -   ROI 6: Near=1, Far=6256, Thresh=15.1, Sink_dist=inf
2025-10-07 23:05:32 - orthoroute.algorithms.manhattan.pathfinder.cuda_dijkstra - WARNING -   ROI 7: Near=1, Far=6503, Thresh=13.9, Sink_dist=inf
2025-10-07 23:05:32 - orthoroute.algorithms.manhattan.pathfinder.cuda_dijkstra - WARNING -   ROI 8: Near=1, Far=7225, Thresh=13.5, Sink_dist=inf
2025-10-07 23:05:32 - orthoroute.algorithms.manhattan.pathfinder.cuda_dijkstra - WARNING -   ROI 9: Near=1, Far=5950, Thresh=14.2, Sink_dist=inf
2025-10-07 23:05:32 - orthoroute.algorithms.manhattan.pathfinder.cuda_dijkstra - WARNING -   ROI 10: Near=1, Far=3845, Thresh=14.5, Sink_dist=inf
2025-10-07 23:05:32 - orthoroute.algorithms.manhattan.pathfinder.cuda_dijkstra - WARNING -   ROI 11: Near=1, Far=3035, Thresh=14.9, Sink_dist=inf
2025-10-07 23:05:32 - orthoroute.algorithms.manhattan.pathfinder.cuda_dijkstra - WARNING -   ROI 12: Near=1, Far=7624, Thresh=13.8, Sink_dist=inf
2025-10-07 23:05:32 - orthoroute.algorithms.manhattan.pathfinder.cuda_dijkstra - WARNING -   ROI 13: Near=1, Far=8764, Thresh=14.3, Sink_dist=inf
2025-10-07 23:05:32 - orthoroute.algorithms.manhattan.pathfinder.cuda_dijkstra - WARNING -   ROI 14: Near=1, Far=8906, Thresh=14.3, Sink_dist=inf
2025-10-07 23:05:32 - orthoroute.algorithms.manhattan.pathfinder.cuda_dijkstra - WARNING -   ROI 15: Near=1, Far=8883, Thresh=14.3, Sink_dist=inf
2025-10-07 23:05:32 - orthoroute.algorithms.manhattan.pathfinder.cuda_dijkstra - WARNING -   ROI 16: Near=1, Far=7686, Thresh=13.8, Sink_dist=inf
2025-10-07 23:05:32 - orthoroute.algorithms.manhattan.pathfinder.cuda_dijkstra - WARNING -   ROI 17: Near=1, Far=7680, Thresh=13.8, Sink_dist=inf
2025-10-07 23:05:32 - orthoroute.algorithms.manhattan.pathfinder.cuda_dijkstra - WARNING -   ROI 18: Near=1, Far=7564, Thresh=13.6, Sink_dist=inf
2025-10-07 23:05:32 - orthoroute.algorithms.manhattan.pathfinder.cuda_dijkstra - WARNING -   ROI 19: Near=1, Far=8488, Thresh=14.5, Sink_dist=inf
2025-10-07 23:05:32 - orthoroute.algorithms.manhattan.pathfinder.cuda_dijkstra - WARNING -   ROI 20: Near=1, Far=7688, Thresh=13.8, Sink_dist=inf
2025-10-07 23:05:32 - orthoroute.algorithms.manhattan.pathfinder.cuda_dijkstra - WARNING -   ROI 21: Near=1, Far=7301, Thresh=13.5, Sink_dist=inf
2025-10-07 23:05:32 - orthoroute.algorithms.manhattan.pathfinder.cuda_dijkstra - WARNING -   ROI 22: Near=1, Far=7681, Thresh=13.8, Sink_dist=inf
2025-10-07 23:05:32 - orthoroute.algorithms.manhattan.pathfinder.cuda_dijkstra - WARNING -   ROI 23: Near=1, Far=6410, Thresh=13.3, Sink_dist=inf
2025-10-07 23:05:32 - orthoroute.algorithms.manhattan.pathfinder.cuda_dijkstra - WARNING -   ROI 24: Near=1, Far=8766, Thresh=14.3, Sink_dist=inf
2025-10-07 23:05:32 - orthoroute.algorithms.manhattan.pathfinder.cuda_dijkstra - WARNING -   ROI 25: Near=1, Far=6481, Thresh=13.3, Sink_dist=inf
2025-10-07 23:05:32 - orthoroute.algorithms.manhattan.pathfinder.cuda_dijkstra - WARNING -   ROI 26: Near=1, Far=7675, Thresh=13.8, Sink_dist=inf
2025-10-07 23:05:32 - orthoroute.algorithms.manhattan.pathfinder.cuda_dijkstra - WARNING -   ROI 27: Near=1, Far=5151, Thresh=13.4, Sink_dist=inf
2025-10-07 23:05:32 - orthoroute.algorithms.manhattan.pathfinder.cuda_dijkstra - WARNING -   ROI 28: Near=1, Far=7679, Thresh=13.8, Sink_dist=inf
2025-10-07 23:05:32 - orthoroute.algorithms.manhattan.pathfinder.cuda_dijkstra - WARNING -   ROI 29: Near=1, Far=6411, Thresh=13.3, Sink_dist=inf
2025-10-07 23:05:32 - orthoroute.algorithms.manhattan.pathfinder.cuda_dijkstra - WARNING -   ROI 30: Near=1, Far=8451, Thresh=14.5, Sink_dist=inf
2025-10-07 23:05:32 - orthoroute.algorithms.manhattan.pathfinder.cuda_dijkstra - WARNING -   ROI 31: Near=1, Far=7552, Thresh=13.6, Sink_dist=inf
2025-10-07 23:05:35 - orthoroute.algorithms.manhattan.pathfinder.cuda_dijkstra - INFO - [DEBUG-GPU] Near-Far iteration 9500
2025-10-07 23:05:35 - orthoroute.algorithms.manhattan.pathfinder.cuda_dijkstra - WARNING - [CUDA-NF] Iteration 9500: 32/32 ROIs active, Near nodes=33, Far nodes=222047
2025-10-07 23:05:35 - orthoroute.algorithms.manhattan.pathfinder.cuda_dijkstra - WARNING -   ROI 0: Near=1, Far=7014, Thresh=14.7, Sink_dist=inf
2025-10-07 23:05:35 - orthoroute.algorithms.manhattan.pathfinder.cuda_dijkstra - WARNING -   ROI 1: Near=1, Far=4810, Thresh=13.9, Sink_dist=inf
2025-10-07 23:05:35 - orthoroute.algorithms.manhattan.pathfinder.cuda_dijkstra - WARNING -   ROI 2: Near=1, Far=7531, Thresh=13.6, Sink_dist=inf
2025-10-07 23:05:35 - orthoroute.algorithms.manhattan.pathfinder.cuda_dijkstra - WARNING -   ROI 3: Near=2, Far=3156, Thresh=16.1, Sink_dist=inf
2025-10-07 23:05:35 - orthoroute.algorithms.manhattan.pathfinder.cuda_dijkstra - WARNING -   ROI 4: Near=1, Far=7472, Thresh=13.7, Sink_dist=inf
2025-10-07 23:05:35 - orthoroute.algorithms.manhattan.pathfinder.cuda_dijkstra - WARNING -   ROI 5: Near=1, Far=6310, Thresh=13.3, Sink_dist=inf
2025-10-07 23:05:35 - orthoroute.algorithms.manhattan.pathfinder.cuda_dijkstra - WARNING -   ROI 6: Near=1, Far=6173, Thresh=15.1, Sink_dist=inf
2025-10-07 23:05:35 - orthoroute.algorithms.manhattan.pathfinder.cuda_dijkstra - WARNING -   ROI 7: Near=1, Far=6722, Thresh=13.9, Sink_dist=inf
2025-10-07 23:05:35 - orthoroute.algorithms.manhattan.pathfinder.cuda_dijkstra - WARNING -   ROI 8: Near=1, Far=7478, Thresh=13.6, Sink_dist=inf
2025-10-07 23:05:35 - orthoroute.algorithms.manhattan.pathfinder.cuda_dijkstra - WARNING -   ROI 9: Near=1, Far=5869, Thresh=14.2, Sink_dist=inf
2025-10-07 23:05:35 - orthoroute.algorithms.manhattan.pathfinder.cuda_dijkstra - WARNING -   ROI 10: Near=1, Far=3752, Thresh=14.6, Sink_dist=inf
2025-10-07 23:05:35 - orthoroute.algorithms.manhattan.pathfinder.cuda_dijkstra - WARNING -   ROI 11: Near=1, Far=2933, Thresh=15.0, Sink_dist=inf
2025-10-07 23:05:35 - orthoroute.algorithms.manhattan.pathfinder.cuda_dijkstra - WARNING -   ROI 12: Near=1, Far=7673, Thresh=13.9, Sink_dist=inf
2025-10-07 23:05:35 - orthoroute.algorithms.manhattan.pathfinder.cuda_dijkstra - WARNING -   ROI 13: Near=1, Far=8811, Thresh=14.3, Sink_dist=inf
2025-10-07 23:05:35 - orthoroute.algorithms.manhattan.pathfinder.cuda_dijkstra - WARNING -   ROI 14: Near=1, Far=9202, Thresh=14.3, Sink_dist=inf
2025-10-07 23:05:35 - orthoroute.algorithms.manhattan.pathfinder.cuda_dijkstra - WARNING -   ROI 15: Near=1, Far=9190, Thresh=14.3, Sink_dist=inf
2025-10-07 23:05:35 - orthoroute.algorithms.manhattan.pathfinder.cuda_dijkstra - WARNING -   ROI 16: Near=1, Far=7630, Thresh=13.8, Sink_dist=inf
2025-10-07 23:05:35 - orthoroute.algorithms.manhattan.pathfinder.cuda_dijkstra - WARNING -   ROI 17: Near=1, Far=7602, Thresh=13.8, Sink_dist=inf
2025-10-07 23:05:35 - orthoroute.algorithms.manhattan.pathfinder.cuda_dijkstra - WARNING -   ROI 18: Near=1, Far=7462, Thresh=13.7, Sink_dist=inf
2025-10-07 23:05:35 - orthoroute.algorithms.manhattan.pathfinder.cuda_dijkstra - WARNING -   ROI 19: Near=1, Far=8386, Thresh=14.6, Sink_dist=inf
2025-10-07 23:05:35 - orthoroute.algorithms.manhattan.pathfinder.cuda_dijkstra - WARNING -   ROI 20: Near=1, Far=7598, Thresh=13.8, Sink_dist=inf
2025-10-07 23:05:35 - orthoroute.algorithms.manhattan.pathfinder.cuda_dijkstra - WARNING -   ROI 21: Near=1, Far=7502, Thresh=13.6, Sink_dist=inf
2025-10-07 23:05:35 - orthoroute.algorithms.manhattan.pathfinder.cuda_dijkstra - WARNING -   ROI 22: Near=1, Far=7590, Thresh=13.9, Sink_dist=inf
2025-10-07 23:05:35 - orthoroute.algorithms.manhattan.pathfinder.cuda_dijkstra - WARNING -   ROI 23: Near=1, Far=6309, Thresh=13.4, Sink_dist=inf
2025-10-07 23:05:35 - orthoroute.algorithms.manhattan.pathfinder.cuda_dijkstra - WARNING -   ROI 24: Near=1, Far=8789, Thresh=14.3, Sink_dist=inf
2025-10-07 23:05:35 - orthoroute.algorithms.manhattan.pathfinder.cuda_dijkstra - WARNING -   ROI 25: Near=1, Far=6381, Thresh=13.3, Sink_dist=inf
2025-10-07 23:05:35 - orthoroute.algorithms.manhattan.pathfinder.cuda_dijkstra - WARNING -   ROI 26: Near=1, Far=7618, Thresh=13.8, Sink_dist=inf
2025-10-07 23:05:35 - orthoroute.algorithms.manhattan.pathfinder.cuda_dijkstra - WARNING -   ROI 27: Near=1, Far=5365, Thresh=13.5, Sink_dist=inf
2025-10-07 23:05:35 - orthoroute.algorithms.manhattan.pathfinder.cuda_dijkstra - WARNING -   ROI 28: Near=1, Far=7611, Thresh=13.8, Sink_dist=inf
2025-10-07 23:05:35 - orthoroute.algorithms.manhattan.pathfinder.cuda_dijkstra - WARNING -   ROI 29: Near=1, Far=6310, Thresh=13.3, Sink_dist=inf
2025-10-07 23:05:35 - orthoroute.algorithms.manhattan.pathfinder.cuda_dijkstra - WARNING -   ROI 30: Near=1, Far=8348, Thresh=14.5, Sink_dist=inf
2025-10-07 23:05:35 - orthoroute.algorithms.manhattan.pathfinder.cuda_dijkstra - WARNING -   ROI 31: Near=1, Far=7450, Thresh=13.7, Sink_dist=inf
2025-10-07 23:05:37 - orthoroute.algorithms.manhattan.pathfinder.cuda_dijkstra - INFO - [DEBUG-GPU] Near-Far iteration 9600
2025-10-07 23:05:37 - orthoroute.algorithms.manhattan.pathfinder.cuda_dijkstra - WARNING - [CUDA-NF] Iteration 9600: 32/32 ROIs active, Near nodes=32, Far nodes=226579
2025-10-07 23:05:37 - orthoroute.algorithms.manhattan.pathfinder.cuda_dijkstra - WARNING -   ROI 0: Near=1, Far=7504, Thresh=14.7, Sink_dist=inf
2025-10-07 23:05:37 - orthoroute.algorithms.manhattan.pathfinder.cuda_dijkstra - WARNING -   ROI 1: Near=1, Far=5183, Thresh=13.9, Sink_dist=inf
2025-10-07 23:05:37 - orthoroute.algorithms.manhattan.pathfinder.cuda_dijkstra - WARNING -   ROI 2: Near=1, Far=7494, Thresh=13.6, Sink_dist=inf
2025-10-07 23:05:37 - orthoroute.algorithms.manhattan.pathfinder.cuda_dijkstra - WARNING -   ROI 3: Near=1, Far=3047, Thresh=16.1, Sink_dist=inf
2025-10-07 23:05:37 - orthoroute.algorithms.manhattan.pathfinder.cuda_dijkstra - WARNING -   ROI 4: Near=1, Far=7371, Thresh=13.7, Sink_dist=inf
2025-10-07 23:05:37 - orthoroute.algorithms.manhattan.pathfinder.cuda_dijkstra - WARNING -   ROI 5: Near=1, Far=6234, Thresh=13.4, Sink_dist=inf
2025-10-07 23:05:37 - orthoroute.algorithms.manhattan.pathfinder.cuda_dijkstra - WARNING -   ROI 6: Near=1, Far=6460, Thresh=15.2, Sink_dist=inf
2025-10-07 23:05:37 - orthoroute.algorithms.manhattan.pathfinder.cuda_dijkstra - WARNING -   ROI 7: Near=1, Far=6975, Thresh=14.0, Sink_dist=inf
2025-10-07 23:05:37 - orthoroute.algorithms.manhattan.pathfinder.cuda_dijkstra - WARNING -   ROI 8: Near=1, Far=7530, Thresh=13.6, Sink_dist=inf
2025-10-07 23:05:37 - orthoroute.algorithms.manhattan.pathfinder.cuda_dijkstra - WARNING -   ROI 9: Near=1, Far=5999, Thresh=14.3, Sink_dist=inf
2025-10-07 23:05:37 - orthoroute.algorithms.manhattan.pathfinder.cuda_dijkstra - WARNING -   ROI 10: Near=1, Far=3851, Thresh=14.8, Sink_dist=inf
2025-10-07 23:05:37 - orthoroute.algorithms.manhattan.pathfinder.cuda_dijkstra - WARNING -   ROI 11: Near=1, Far=3169, Thresh=15.2, Sink_dist=inf
2025-10-07 23:05:37 - orthoroute.algorithms.manhattan.pathfinder.cuda_dijkstra - WARNING -   ROI 12: Near=1, Far=7890, Thresh=13.9, Sink_dist=inf
2025-10-07 23:05:37 - orthoroute.algorithms.manhattan.pathfinder.cuda_dijkstra - WARNING -   ROI 13: Near=1, Far=9791, Thresh=14.3, Sink_dist=inf
2025-10-07 23:05:37 - orthoroute.algorithms.manhattan.pathfinder.cuda_dijkstra - WARNING -   ROI 14: Near=1, Far=9738, Thresh=14.3, Sink_dist=inf
2025-10-07 23:05:37 - orthoroute.algorithms.manhattan.pathfinder.cuda_dijkstra - WARNING -   ROI 15: Near=1, Far=9726, Thresh=14.3, Sink_dist=inf
2025-10-07 23:05:37 - orthoroute.algorithms.manhattan.pathfinder.cuda_dijkstra - WARNING -   ROI 16: Near=1, Far=7704, Thresh=13.9, Sink_dist=inf
2025-10-07 23:05:37 - orthoroute.algorithms.manhattan.pathfinder.cuda_dijkstra - WARNING -   ROI 17: Near=1, Far=7499, Thresh=13.9, Sink_dist=inf
2025-10-07 23:05:37 - orthoroute.algorithms.manhattan.pathfinder.cuda_dijkstra - WARNING -   ROI 18: Near=1, Far=7368, Thresh=13.7, Sink_dist=inf
2025-10-07 23:05:37 - orthoroute.algorithms.manhattan.pathfinder.cuda_dijkstra - WARNING -   ROI 19: Near=1, Far=8285, Thresh=14.6, Sink_dist=inf
2025-10-07 23:05:37 - orthoroute.algorithms.manhattan.pathfinder.cuda_dijkstra - WARNING -   ROI 20: Near=1, Far=7508, Thresh=13.9, Sink_dist=inf
2025-10-07 23:05:37 - orthoroute.algorithms.manhattan.pathfinder.cuda_dijkstra - WARNING -   ROI 21: Near=1, Far=7500, Thresh=13.6, Sink_dist=inf
2025-10-07 23:05:37 - orthoroute.algorithms.manhattan.pathfinder.cuda_dijkstra - WARNING -   ROI 22: Near=1, Far=7488, Thresh=13.9, Sink_dist=inf
2025-10-07 23:05:37 - orthoroute.algorithms.manhattan.pathfinder.cuda_dijkstra - WARNING -   ROI 23: Near=1, Far=6206, Thresh=13.4, Sink_dist=inf
2025-10-07 23:05:37 - orthoroute.algorithms.manhattan.pathfinder.cuda_dijkstra - WARNING -   ROI 24: Near=1, Far=9768, Thresh=14.3, Sink_dist=inf
2025-10-07 23:05:37 - orthoroute.algorithms.manhattan.pathfinder.cuda_dijkstra - WARNING -   ROI 25: Near=1, Far=6279, Thresh=13.4, Sink_dist=inf
2025-10-07 23:05:37 - orthoroute.algorithms.manhattan.pathfinder.cuda_dijkstra - WARNING -   ROI 26: Near=1, Far=7693, Thresh=13.9, Sink_dist=inf
2025-10-07 23:05:37 - orthoroute.algorithms.manhattan.pathfinder.cuda_dijkstra - WARNING -   ROI 27: Near=1, Far=5777, Thresh=13.5, Sink_dist=inf
2025-10-07 23:05:37 - orthoroute.algorithms.manhattan.pathfinder.cuda_dijkstra - WARNING -   ROI 28: Near=1, Far=7686, Thresh=13.9, Sink_dist=inf
2025-10-07 23:05:37 - orthoroute.algorithms.manhattan.pathfinder.cuda_dijkstra - WARNING -   ROI 29: Near=1, Far=6231, Thresh=13.4, Sink_dist=inf
2025-10-07 23:05:37 - orthoroute.algorithms.manhattan.pathfinder.cuda_dijkstra - WARNING -   ROI 30: Near=1, Far=8267, Thresh=14.6, Sink_dist=inf
2025-10-07 23:05:37 - orthoroute.algorithms.manhattan.pathfinder.cuda_dijkstra - WARNING -   ROI 31: Near=1, Far=7358, Thresh=13.7, Sink_dist=inf
2025-10-07 23:05:39 - orthoroute.algorithms.manhattan.pathfinder.cuda_dijkstra - INFO - [DEBUG-GPU] Near-Far iteration 9700
2025-10-07 23:05:39 - orthoroute.algorithms.manhattan.pathfinder.cuda_dijkstra - WARNING - [CUDA-NF] Iteration 9700: 32/32 ROIs active, Near nodes=33, Far nodes=230288
2025-10-07 23:05:39 - orthoroute.algorithms.manhattan.pathfinder.cuda_dijkstra - WARNING -   ROI 0: Near=1, Far=7661, Thresh=14.8, Sink_dist=inf
2025-10-07 23:05:39 - orthoroute.algorithms.manhattan.pathfinder.cuda_dijkstra - WARNING -   ROI 1: Near=1, Far=5424, Thresh=14.0, Sink_dist=inf
2025-10-07 23:05:39 - orthoroute.algorithms.manhattan.pathfinder.cuda_dijkstra - WARNING -   ROI 2: Near=1, Far=7394, Thresh=13.7, Sink_dist=inf
2025-10-07 23:05:39 - orthoroute.algorithms.manhattan.pathfinder.cuda_dijkstra - WARNING -   ROI 3: Near=1, Far=3131, Thresh=16.4, Sink_dist=inf
2025-10-07 23:05:39 - orthoroute.algorithms.manhattan.pathfinder.cuda_dijkstra - WARNING -   ROI 4: Near=1, Far=7266, Thresh=13.7, Sink_dist=inf
2025-10-07 23:05:39 - orthoroute.algorithms.manhattan.pathfinder.cuda_dijkstra - WARNING -   ROI 5: Near=1, Far=6234, Thresh=13.5, Sink_dist=inf
2025-10-07 23:05:39 - orthoroute.algorithms.manhattan.pathfinder.cuda_dijkstra - WARNING -   ROI 6: Near=2, Far=7017, Thresh=15.2, Sink_dist=inf
2025-10-07 23:05:39 - orthoroute.algorithms.manhattan.pathfinder.cuda_dijkstra - WARNING -   ROI 7: Near=1, Far=7124, Thresh=14.0, Sink_dist=inf
2025-10-07 23:05:39 - orthoroute.algorithms.manhattan.pathfinder.cuda_dijkstra - WARNING -   ROI 8: Near=1, Far=7432, Thresh=13.7, Sink_dist=inf
2025-10-07 23:05:39 - orthoroute.algorithms.manhattan.pathfinder.cuda_dijkstra - WARNING -   ROI 9: Near=1, Far=6264, Thresh=14.3, Sink_dist=inf
2025-10-07 23:05:39 - orthoroute.algorithms.manhattan.pathfinder.cuda_dijkstra - WARNING -   ROI 10: Near=1, Far=4132, Thresh=14.8, Sink_dist=inf
2025-10-07 23:05:39 - orthoroute.algorithms.manhattan.pathfinder.cuda_dijkstra - WARNING -   ROI 11: Near=1, Far=3363, Thresh=15.3, Sink_dist=inf
2025-10-07 23:05:39 - orthoroute.algorithms.manhattan.pathfinder.cuda_dijkstra - WARNING -   ROI 12: Near=1, Far=8158, Thresh=14.0, Sink_dist=inf
2025-10-07 23:05:39 - orthoroute.algorithms.manhattan.pathfinder.cuda_dijkstra - WARNING -   ROI 13: Near=1, Far=9786, Thresh=14.4, Sink_dist=inf
2025-10-07 23:05:39 - orthoroute.algorithms.manhattan.pathfinder.cuda_dijkstra - WARNING -   ROI 14: Near=1, Far=9769, Thresh=14.4, Sink_dist=inf
2025-10-07 23:05:39 - orthoroute.algorithms.manhattan.pathfinder.cuda_dijkstra - WARNING -   ROI 15: Near=1, Far=9769, Thresh=14.4, Sink_dist=inf
2025-10-07 23:05:39 - orthoroute.algorithms.manhattan.pathfinder.cuda_dijkstra - WARNING -   ROI 16: Near=1, Far=7961, Thresh=13.9, Sink_dist=inf
2025-10-07 23:05:39 - orthoroute.algorithms.manhattan.pathfinder.cuda_dijkstra - WARNING -   ROI 17: Near=1, Far=8005, Thresh=14.0, Sink_dist=inf
2025-10-07 23:05:39 - orthoroute.algorithms.manhattan.pathfinder.cuda_dijkstra - WARNING -   ROI 18: Near=1, Far=7276, Thresh=13.7, Sink_dist=inf
2025-10-07 23:05:39 - orthoroute.algorithms.manhattan.pathfinder.cuda_dijkstra - WARNING -   ROI 19: Near=1, Far=8195, Thresh=14.7, Sink_dist=inf
2025-10-07 23:05:39 - orthoroute.algorithms.manhattan.pathfinder.cuda_dijkstra - WARNING -   ROI 20: Near=1, Far=7880, Thresh=14.0, Sink_dist=inf
2025-10-07 23:05:39 - orthoroute.algorithms.manhattan.pathfinder.cuda_dijkstra - WARNING -   ROI 21: Near=1, Far=7400, Thresh=13.7, Sink_dist=inf
2025-10-07 23:05:39 - orthoroute.algorithms.manhattan.pathfinder.cuda_dijkstra - WARNING -   ROI 22: Near=1, Far=8076, Thresh=13.9, Sink_dist=inf
2025-10-07 23:05:39 - orthoroute.algorithms.manhattan.pathfinder.cuda_dijkstra - WARNING -   ROI 23: Near=1, Far=6151, Thresh=13.5, Sink_dist=inf
2025-10-07 23:05:39 - orthoroute.algorithms.manhattan.pathfinder.cuda_dijkstra - WARNING -   ROI 24: Near=1, Far=9786, Thresh=14.4, Sink_dist=inf
2025-10-07 23:05:39 - orthoroute.algorithms.manhattan.pathfinder.cuda_dijkstra - WARNING -   ROI 25: Near=1, Far=6178, Thresh=13.4, Sink_dist=inf
2025-10-07 23:05:39 - orthoroute.algorithms.manhattan.pathfinder.cuda_dijkstra - WARNING -   ROI 26: Near=1, Far=7976, Thresh=13.9, Sink_dist=inf
2025-10-07 23:05:39 - orthoroute.algorithms.manhattan.pathfinder.cuda_dijkstra - WARNING -   ROI 27: Near=1, Far=5910, Thresh=13.6, Sink_dist=inf
2025-10-07 23:05:39 - orthoroute.algorithms.manhattan.pathfinder.cuda_dijkstra - WARNING -   ROI 28: Near=1, Far=7979, Thresh=13.9, Sink_dist=inf
2025-10-07 23:05:39 - orthoroute.algorithms.manhattan.pathfinder.cuda_dijkstra - WARNING -   ROI 29: Near=1, Far=6163, Thresh=13.5, Sink_dist=inf
2025-10-07 23:05:39 - orthoroute.algorithms.manhattan.pathfinder.cuda_dijkstra - WARNING -   ROI 30: Near=1, Far=8167, Thresh=14.7, Sink_dist=inf
2025-10-07 23:05:39 - orthoroute.algorithms.manhattan.pathfinder.cuda_dijkstra - WARNING -   ROI 31: Near=1, Far=7261, Thresh=13.7, Sink_dist=inf
2025-10-07 23:05:42 - orthoroute.algorithms.manhattan.pathfinder.cuda_dijkstra - INFO - [DEBUG-GPU] Near-Far iteration 9800
2025-10-07 23:05:42 - orthoroute.algorithms.manhattan.pathfinder.cuda_dijkstra - WARNING - [CUDA-NF] Iteration 9800: 32/32 ROIs active, Near nodes=32, Far nodes=233266
2025-10-07 23:05:42 - orthoroute.algorithms.manhattan.pathfinder.cuda_dijkstra - WARNING -   ROI 0: Near=1, Far=7561, Thresh=14.9, Sink_dist=inf
2025-10-07 23:05:42 - orthoroute.algorithms.manhattan.pathfinder.cuda_dijkstra - WARNING -   ROI 1: Near=1, Far=5483, Thresh=14.0, Sink_dist=inf
2025-10-07 23:05:42 - orthoroute.algorithms.manhattan.pathfinder.cuda_dijkstra - WARNING -   ROI 2: Near=1, Far=7294, Thresh=13.7, Sink_dist=inf
2025-10-07 23:05:42 - orthoroute.algorithms.manhattan.pathfinder.cuda_dijkstra - WARNING -   ROI 3: Near=1, Far=3397, Thresh=16.4, Sink_dist=inf
2025-10-07 23:05:42 - orthoroute.algorithms.manhattan.pathfinder.cuda_dijkstra - WARNING -   ROI 4: Near=1, Far=7163, Thresh=13.8, Sink_dist=inf
2025-10-07 23:05:42 - orthoroute.algorithms.manhattan.pathfinder.cuda_dijkstra - WARNING -   ROI 5: Near=1, Far=6644, Thresh=13.5, Sink_dist=inf
2025-10-07 23:05:42 - orthoroute.algorithms.manhattan.pathfinder.cuda_dijkstra - WARNING -   ROI 6: Near=1, Far=6937, Thresh=15.3, Sink_dist=inf
2025-10-07 23:05:42 - orthoroute.algorithms.manhattan.pathfinder.cuda_dijkstra - WARNING -   ROI 7: Near=1, Far=7050, Thresh=14.1, Sink_dist=inf
2025-10-07 23:05:42 - orthoroute.algorithms.manhattan.pathfinder.cuda_dijkstra - WARNING -   ROI 8: Near=1, Far=7332, Thresh=13.7, Sink_dist=inf
2025-10-07 23:05:42 - orthoroute.algorithms.manhattan.pathfinder.cuda_dijkstra - WARNING -   ROI 9: Near=1, Far=6474, Thresh=14.4, Sink_dist=inf
2025-10-07 23:05:42 - orthoroute.algorithms.manhattan.pathfinder.cuda_dijkstra - WARNING -   ROI 10: Near=1, Far=4274, Thresh=14.9, Sink_dist=inf
2025-10-07 23:05:42 - orthoroute.algorithms.manhattan.pathfinder.cuda_dijkstra - WARNING -   ROI 11: Near=1, Far=3408, Thresh=15.3, Sink_dist=inf
2025-10-07 23:05:42 - orthoroute.algorithms.manhattan.pathfinder.cuda_dijkstra - WARNING -   ROI 12: Near=1, Far=8422, Thresh=14.0, Sink_dist=inf
2025-10-07 23:05:42 - orthoroute.algorithms.manhattan.pathfinder.cuda_dijkstra - WARNING -   ROI 13: Near=1, Far=9684, Thresh=14.4, Sink_dist=inf
2025-10-07 23:05:42 - orthoroute.algorithms.manhattan.pathfinder.cuda_dijkstra - WARNING -   ROI 14: Near=1, Far=9669, Thresh=14.4, Sink_dist=inf
2025-10-07 23:05:42 - orthoroute.algorithms.manhattan.pathfinder.cuda_dijkstra - WARNING -   ROI 15: Near=1, Far=9669, Thresh=14.4, Sink_dist=inf
2025-10-07 23:05:42 - orthoroute.algorithms.manhattan.pathfinder.cuda_dijkstra - WARNING -   ROI 16: Near=1, Far=8218, Thresh=14.0, Sink_dist=inf
2025-10-07 23:05:42 - orthoroute.algorithms.manhattan.pathfinder.cuda_dijkstra - WARNING -   ROI 17: Near=1, Far=8345, Thresh=14.0, Sink_dist=inf
2025-10-07 23:05:42 - orthoroute.algorithms.manhattan.pathfinder.cuda_dijkstra - WARNING -   ROI 18: Near=1, Far=7174, Thresh=13.8, Sink_dist=inf
2025-10-07 23:05:42 - orthoroute.algorithms.manhattan.pathfinder.cuda_dijkstra - WARNING -   ROI 19: Near=1, Far=8092, Thresh=14.7, Sink_dist=inf
2025-10-07 23:05:42 - orthoroute.algorithms.manhattan.pathfinder.cuda_dijkstra - WARNING -   ROI 20: Near=1, Far=8220, Thresh=14.0, Sink_dist=inf
2025-10-07 23:05:42 - orthoroute.algorithms.manhattan.pathfinder.cuda_dijkstra - WARNING -   ROI 21: Near=1, Far=7300, Thresh=13.7, Sink_dist=inf
2025-10-07 23:05:42 - orthoroute.algorithms.manhattan.pathfinder.cuda_dijkstra - WARNING -   ROI 22: Near=1, Far=8413, Thresh=14.0, Sink_dist=inf
2025-10-07 23:05:42 - orthoroute.algorithms.manhattan.pathfinder.cuda_dijkstra - WARNING -   ROI 23: Near=1, Far=6613, Thresh=13.6, Sink_dist=inf
2025-10-07 23:05:42 - orthoroute.algorithms.manhattan.pathfinder.cuda_dijkstra - WARNING -   ROI 24: Near=1, Far=9685, Thresh=14.4, Sink_dist=inf
2025-10-07 23:05:42 - orthoroute.algorithms.manhattan.pathfinder.cuda_dijkstra - WARNING -   ROI 25: Near=1, Far=6417, Thresh=13.5, Sink_dist=inf
2025-10-07 23:05:42 - orthoroute.algorithms.manhattan.pathfinder.cuda_dijkstra - WARNING -   ROI 26: Near=1, Far=8251, Thresh=14.0, Sink_dist=inf
2025-10-07 23:05:42 - orthoroute.algorithms.manhattan.pathfinder.cuda_dijkstra - WARNING -   ROI 27: Near=1, Far=5865, Thresh=13.6, Sink_dist=inf
2025-10-07 23:05:42 - orthoroute.algorithms.manhattan.pathfinder.cuda_dijkstra - WARNING -   ROI 28: Near=1, Far=8254, Thresh=14.0, Sink_dist=inf
2025-10-07 23:05:42 - orthoroute.algorithms.manhattan.pathfinder.cuda_dijkstra - WARNING -   ROI 29: Near=1, Far=6732, Thresh=13.6, Sink_dist=inf
2025-10-07 23:05:42 - orthoroute.algorithms.manhattan.pathfinder.cuda_dijkstra - WARNING -   ROI 30: Near=1, Far=8066, Thresh=14.7, Sink_dist=inf
2025-10-07 23:05:42 - orthoroute.algorithms.manhattan.pathfinder.cuda_dijkstra - WARNING -   ROI 31: Near=1, Far=7160, Thresh=13.8, Sink_dist=inf
2025-10-07 23:05:44 - orthoroute.algorithms.manhattan.pathfinder.cuda_dijkstra - INFO - [DEBUG-GPU] Near-Far iteration 9900
2025-10-07 23:05:44 - orthoroute.algorithms.manhattan.pathfinder.cuda_dijkstra - WARNING - [CUDA-NF] Iteration 9900: 32/32 ROIs active, Near nodes=33, Far nodes=235012
2025-10-07 23:05:44 - orthoroute.algorithms.manhattan.pathfinder.cuda_dijkstra - WARNING -   ROI 0: Near=1, Far=7461, Thresh=14.9, Sink_dist=inf
2025-10-07 23:05:44 - orthoroute.algorithms.manhattan.pathfinder.cuda_dijkstra - WARNING -   ROI 1: Near=1, Far=5407, Thresh=14.0, Sink_dist=inf
2025-10-07 23:05:44 - orthoroute.algorithms.manhattan.pathfinder.cuda_dijkstra - WARNING -   ROI 2: Near=1, Far=7192, Thresh=13.7, Sink_dist=inf
2025-10-07 23:05:44 - orthoroute.algorithms.manhattan.pathfinder.cuda_dijkstra - WARNING -   ROI 3: Near=1, Far=3515, Thresh=16.4, Sink_dist=inf
2025-10-07 23:05:44 - orthoroute.algorithms.manhattan.pathfinder.cuda_dijkstra - WARNING -   ROI 4: Near=1, Far=7087, Thresh=13.8, Sink_dist=inf
2025-10-07 23:05:44 - orthoroute.algorithms.manhattan.pathfinder.cuda_dijkstra - WARNING -   ROI 5: Near=1, Far=6920, Thresh=13.6, Sink_dist=inf
2025-10-07 23:05:44 - orthoroute.algorithms.manhattan.pathfinder.cuda_dijkstra - WARNING -   ROI 6: Near=1, Far=6832, Thresh=15.3, Sink_dist=inf
2025-10-07 23:05:44 - orthoroute.algorithms.manhattan.pathfinder.cuda_dijkstra - WARNING -   ROI 7: Near=1, Far=6950, Thresh=14.1, Sink_dist=inf
2025-10-07 23:05:44 - orthoroute.algorithms.manhattan.pathfinder.cuda_dijkstra - WARNING -   ROI 8: Near=1, Far=7231, Thresh=13.7, Sink_dist=inf
2025-10-07 23:05:44 - orthoroute.algorithms.manhattan.pathfinder.cuda_dijkstra - WARNING -   ROI 9: Near=1, Far=6539, Thresh=14.4, Sink_dist=inf
2025-10-07 23:05:44 - orthoroute.algorithms.manhattan.pathfinder.cuda_dijkstra - WARNING -   ROI 10: Near=1, Far=4256, Thresh=14.9, Sink_dist=inf
2025-10-07 23:05:44 - orthoroute.algorithms.manhattan.pathfinder.cuda_dijkstra - WARNING -   ROI 11: Near=1, Far=3379, Thresh=15.3, Sink_dist=inf
2025-10-07 23:05:44 - orthoroute.algorithms.manhattan.pathfinder.cuda_dijkstra - WARNING -   ROI 12: Near=1, Far=8370, Thresh=14.0, Sink_dist=inf
2025-10-07 23:05:44 - orthoroute.algorithms.manhattan.pathfinder.cuda_dijkstra - WARNING -   ROI 13: Near=1, Far=9583, Thresh=14.5, Sink_dist=inf
2025-10-07 23:05:44 - orthoroute.algorithms.manhattan.pathfinder.cuda_dijkstra - WARNING -   ROI 14: Near=1, Far=9577, Thresh=14.5, Sink_dist=inf
2025-10-07 23:05:44 - orthoroute.algorithms.manhattan.pathfinder.cuda_dijkstra - WARNING -   ROI 15: Near=2, Far=9576, Thresh=14.5, Sink_dist=inf
2025-10-07 23:05:44 - orthoroute.algorithms.manhattan.pathfinder.cuda_dijkstra - WARNING -   ROI 16: Near=1, Far=8408, Thresh=14.0, Sink_dist=inf
2025-10-07 23:05:44 - orthoroute.algorithms.manhattan.pathfinder.cuda_dijkstra - WARNING -   ROI 17: Near=1, Far=8478, Thresh=14.0, Sink_dist=inf
2025-10-07 23:05:44 - orthoroute.algorithms.manhattan.pathfinder.cuda_dijkstra - WARNING -   ROI 18: Near=1, Far=7073, Thresh=13.8, Sink_dist=inf
2025-10-07 23:05:44 - orthoroute.algorithms.manhattan.pathfinder.cuda_dijkstra - WARNING -   ROI 19: Near=1, Far=8234, Thresh=14.8, Sink_dist=inf
2025-10-07 23:05:44 - orthoroute.algorithms.manhattan.pathfinder.cuda_dijkstra - WARNING -   ROI 20: Near=1, Far=8484, Thresh=14.0, Sink_dist=inf
2025-10-07 23:05:44 - orthoroute.algorithms.manhattan.pathfinder.cuda_dijkstra - WARNING -   ROI 21: Near=1, Far=7199, Thresh=13.7, Sink_dist=inf
2025-10-07 23:05:44 - orthoroute.algorithms.manhattan.pathfinder.cuda_dijkstra - WARNING -   ROI 22: Near=1, Far=8466, Thresh=14.0, Sink_dist=inf
2025-10-07 23:05:44 - orthoroute.algorithms.manhattan.pathfinder.cuda_dijkstra - WARNING -   ROI 23: Near=1, Far=6943, Thresh=13.6, Sink_dist=inf
2025-10-07 23:05:44 - orthoroute.algorithms.manhattan.pathfinder.cuda_dijkstra - WARNING -   ROI 24: Near=1, Far=9584, Thresh=14.5, Sink_dist=inf
2025-10-07 23:05:44 - orthoroute.algorithms.manhattan.pathfinder.cuda_dijkstra - WARNING -   ROI 25: Near=1, Far=6943, Thresh=13.5, Sink_dist=inf
2025-10-07 23:05:44 - orthoroute.algorithms.manhattan.pathfinder.cuda_dijkstra - WARNING -   ROI 26: Near=1, Far=8420, Thresh=14.0, Sink_dist=inf
2025-10-07 23:05:44 - orthoroute.algorithms.manhattan.pathfinder.cuda_dijkstra - WARNING -   ROI 27: Near=1, Far=5767, Thresh=13.7, Sink_dist=inf
2025-10-07 23:05:44 - orthoroute.algorithms.manhattan.pathfinder.cuda_dijkstra - WARNING -   ROI 28: Near=1, Far=8415, Thresh=14.0, Sink_dist=inf
2025-10-07 23:05:44 - orthoroute.algorithms.manhattan.pathfinder.cuda_dijkstra - WARNING -   ROI 29: Near=1, Far=7057, Thresh=13.6, Sink_dist=inf
2025-10-07 23:05:44 - orthoroute.algorithms.manhattan.pathfinder.cuda_dijkstra - WARNING -   ROI 30: Near=1, Far=8606, Thresh=14.7, Sink_dist=inf
2025-10-07 23:05:44 - orthoroute.algorithms.manhattan.pathfinder.cuda_dijkstra - WARNING -   ROI 31: Near=1, Far=7060, Thresh=13.8, Sink_dist=inf
2025-10-07 23:05:46 - orthoroute.algorithms.manhattan.pathfinder.cuda_dijkstra - INFO - [CUDA-NF] Near-Far complete in 10000 iterations, 234691.6ms
2025-10-07 23:05:46 - orthoroute.algorithms.manhattan.pathfinder.cuda_dijkstra - INFO - [DEBUG-GPU] Reconstructing paths for 32 ROIs
2025-10-07 23:05:46 - orthoroute.algorithms.manhattan.pathfinder.cuda_dijkstra - INFO - [DEBUG-GPU] Path reconstruction complete
2025-10-07 23:05:46 - orthoroute.algorithms.manhattan.pathfinder.cuda_dijkstra - INFO - [DEBUG-GPU] Near-Far algorithm completed
2025-10-07 23:05:46 - orthoroute.algorithms.manhattan.pathfinder.cuda_dijkstra - INFO - [CUDA-ROI] Complete: 0/32 paths found using GPU
2025-10-07 23:05:46 - orthoroute.algorithms.manhattan.unified_pathfinder - INFO - [DEBUG] GPU solve complete, processing 32 results
2025-10-07 23:05:46 - orthoroute.algorithms.manhattan.unified_pathfinder - INFO - [DEBUG] Net B01B09_250: FAILED (no path found)
2025-10-07 23:05:46 - orthoroute.algorithms.manhattan.unified_pathfinder - INFO - [DEBUG] Net B01B09_254: FAILED (no path found)
2025-10-07 23:05:46 - orthoroute.algorithms.manhattan.unified_pathfinder - INFO - [DEBUG] Net B06B14_254: FAILED (no path found)
2025-10-07 23:05:46 - orthoroute.algorithms.manhattan.unified_pathfinder - INFO - [DEBUG] Net B02B10_250: FAILED (no path found)
2025-10-07 23:05:46 - orthoroute.algorithms.manhattan.unified_pathfinder - INFO - [DEBUG] Net B06B14_246: FAILED (no path found)
2025-10-07 23:05:46 - orthoroute.algorithms.manhattan.unified_pathfinder - INFO - [DEBUG] Net B05B13_254: FAILED (no path found)
2025-10-07 23:05:46 - orthoroute.algorithms.manhattan.unified_pathfinder - INFO - [DEBUG] Net B06B14_250: FAILED (no path found)
2025-10-07 23:05:46 - orthoroute.algorithms.manhattan.unified_pathfinder - INFO - [DEBUG] Net B03B11_250: FAILED (no path found)
2025-10-07 23:05:46 - orthoroute.algorithms.manhattan.unified_pathfinder - INFO - [DEBUG] Net B03B11_246: FAILED (no path found)
2025-10-07 23:05:46 - orthoroute.algorithms.manhattan.unified_pathfinder - INFO - [DEBUG] Net B05B13_246: FAILED (no path found)
2025-10-07 23:05:46 - orthoroute.algorithms.manhattan.unified_pathfinder - INFO - [DEBUG] Net B03B11_254: FAILED (no path found)
2025-10-07 23:05:46 - orthoroute.algorithms.manhattan.unified_pathfinder - INFO - [DEBUG] Net B05B13_250: FAILED (no path found)
2025-10-07 23:05:46 - orthoroute.algorithms.manhattan.unified_pathfinder - INFO - [DEBUG] Net B07B15_084: FAILED (no path found)
2025-10-07 23:05:46 - orthoroute.algorithms.manhattan.unified_pathfinder - INFO - [DEBUG] Net B07B15_248: FAILED (no path found)
2025-10-07 23:05:46 - orthoroute.algorithms.manhattan.unified_pathfinder - INFO - [DEBUG] Net B07B15_244: FAILED (no path found)
2025-10-07 23:05:46 - orthoroute.algorithms.manhattan.unified_pathfinder - INFO - [DEBUG] Net B07B15_082: FAILED (no path found)
2025-10-07 23:05:46 - orthoroute.algorithms.manhattan.unified_pathfinder - INFO - [DEBUG] Net B07B15_246: FAILED (no path found)
2025-10-07 23:05:46 - orthoroute.algorithms.manhattan.unified_pathfinder - INFO - [DEBUG] Net B07B15_237: FAILED (no path found)
2025-10-07 23:05:46 - orthoroute.algorithms.manhattan.unified_pathfinder - INFO - [DEBUG] Net B07B15_188: FAILED (no path found)
2025-10-07 23:05:46 - orthoroute.algorithms.manhattan.unified_pathfinder - INFO - [DEBUG] Net B07B15_160: FAILED (no path found)
2025-10-07 23:05:46 - orthoroute.algorithms.manhattan.unified_pathfinder - INFO - [DEBUG] Net B07B15_085: FAILED (no path found)
2025-10-07 23:05:46 - orthoroute.algorithms.manhattan.unified_pathfinder - INFO - [DEBUG] Net B07B15_040: FAILED (no path found)
2025-10-07 23:05:46 - orthoroute.algorithms.manhattan.unified_pathfinder - INFO - [DEBUG] Net B07B15_250: FAILED (no path found)
2025-10-07 23:05:46 - orthoroute.algorithms.manhattan.unified_pathfinder - INFO - [DEBUG] Net B07B15_245: FAILED (no path found)
2025-10-07 23:05:46 - orthoroute.algorithms.manhattan.unified_pathfinder - INFO - [DEBUG] Net B07B15_236: FAILED (no path found)
2025-10-07 23:05:46 - orthoroute.algorithms.manhattan.unified_pathfinder - INFO - [DEBUG] Net B07B15_232: FAILED (no path found)
2025-10-07 23:05:46 - orthoroute.algorithms.manhattan.unified_pathfinder - INFO - [DEBUG] Net B07B15_189: FAILED (no path found)
2025-10-07 23:05:46 - orthoroute.algorithms.manhattan.unified_pathfinder - INFO - [DEBUG] Net B07B15_178: FAILED (no path found)
2025-10-07 23:05:46 - orthoroute.algorithms.manhattan.unified_pathfinder - INFO - [DEBUG] Net B07B15_177: FAILED (no path found)
2025-10-07 23:05:46 - orthoroute.algorithms.manhattan.unified_pathfinder - INFO - [DEBUG] Net B07B15_073: FAILED (no path found)
2025-10-07 23:05:46 - orthoroute.algorithms.manhattan.unified_pathfinder - INFO - [DEBUG] Net B07B15_049: FAILED (no path found)
2025-10-07 23:05:46 - orthoroute.algorithms.manhattan.unified_pathfinder - INFO - [DEBUG] Net B07B15_038: FAILED (no path found)
2025-10-07 23:05:46 - orthoroute.algorithms.manhattan.unified_pathfinder - INFO - [DEBUG] Extracting ROI for net B07B15_249
2025-10-07 23:05:46 - orthoroute.algorithms.manhattan.unified_pathfinder - INFO - [DEBUG] ROI extracted for net B07B15_249: 1833720 nodes
2025-10-07 23:05:59 - orthoroute.algorithms.manhattan.pathfinder.cuda_dijkstra - DEBUG - [CSR-EXTRACT] ROI size=1833720, edges=23828964, edge_density=0.000
2025-10-07 23:05:59 - orthoroute.algorithms.manhattan.unified_pathfinder - INFO - [DEBUG] Extracting ROI for net B07B15_242
2025-10-07 23:06:00 - orthoroute.algorithms.manhattan.unified_pathfinder - INFO - [DEBUG] ROI extracted for net B07B15_242: 1828764 nodes
2025-10-07 23:06:11 - orthoroute.algorithms.manhattan.pathfinder.cuda_dijkstra - DEBUG - [CSR-EXTRACT] ROI size=1828764, edges=23764548, edge_density=0.000
2025-10-07 23:06:12 - orthoroute.algorithms.manhattan.unified_pathfinder - INFO - [DEBUG] Extracting ROI for net B07B15_185
2025-10-07 23:06:12 - orthoroute.algorithms.manhattan.unified_pathfinder - INFO - [DEBUG] ROI extracted for net B07B15_185: 1828764 nodes
2025-10-07 23:06:24 - orthoroute.algorithms.manhattan.pathfinder.cuda_dijkstra - DEBUG - [CSR-EXTRACT] ROI size=1828764, edges=23764548, edge_density=0.000
2025-10-07 23:06:25 - orthoroute.algorithms.manhattan.unified_pathfinder - INFO - [DEBUG] Extracting ROI for net B07B15_161
2025-10-07 23:06:25 - orthoroute.algorithms.manhattan.unified_pathfinder - INFO - [DEBUG] ROI extracted for net B07B15_161: 1828764 nodes
2025-10-07 23:06:37 - orthoroute.algorithms.manhattan.pathfinder.cuda_dijkstra - DEBUG - [CSR-EXTRACT] ROI size=1828764, edges=23764548, edge_density=0.000
2025-10-07 23:06:37 - orthoroute.algorithms.manhattan.unified_pathfinder - INFO - [DEBUG] Extracting ROI for net B07B15_088
2025-10-07 23:06:37 - orthoroute.algorithms.manhattan.unified_pathfinder - INFO - [DEBUG] ROI extracted for net B07B15_088: 1532230 nodes
2025-10-07 23:06:46 - orthoroute.algorithms.manhattan.pathfinder.cuda_dijkstra - DEBUG - [CSR-EXTRACT] ROI size=1532230, edges=16846690, edge_density=0.000
2025-10-07 23:06:47 - orthoroute.algorithms.manhattan.unified_pathfinder - INFO - [DEBUG] Extracting ROI for net B07B15_072
2025-10-07 23:06:47 - orthoroute.algorithms.manhattan.unified_pathfinder - INFO - [DEBUG] ROI extracted for net B07B15_072: 1379007 nodes
2025-10-07 23:06:55 - orthoroute.algorithms.manhattan.pathfinder.cuda_dijkstra - DEBUG - [CSR-EXTRACT] ROI size=1379007, edges=13783056, edge_density=0.000
2025-10-07 23:06:55 - orthoroute.algorithms.manhattan.unified_pathfinder - INFO - [DEBUG] Extracting ROI for net B07B15_050
2025-10-07 23:06:55 - orthoroute.algorithms.manhattan.unified_pathfinder - INFO - [DEBUG] ROI extracted for net B07B15_050: 1828764 nodes
2025-10-07 23:07:07 - orthoroute.algorithms.manhattan.pathfinder.cuda_dijkstra - DEBUG - [CSR-EXTRACT] ROI size=1828764, edges=23764548, edge_density=0.000
2025-10-07 23:07:08 - orthoroute.algorithms.manhattan.unified_pathfinder - INFO - [DEBUG] Extracting ROI for net B07B15_045
2025-10-07 23:07:08 - orthoroute.algorithms.manhattan.unified_pathfinder - INFO - [DEBUG] ROI extracted for net B07B15_045: 1676367 nodes
2025-10-07 23:07:18 - orthoroute.algorithms.manhattan.pathfinder.cuda_dijkstra - DEBUG - [CSR-EXTRACT] ROI size=1676367, edges=20107846, edge_density=0.000
2025-10-07 23:07:19 - orthoroute.algorithms.manhattan.unified_pathfinder - INFO - [DEBUG] Extracting ROI for net B03B11_251
2025-10-07 23:07:19 - orthoroute.algorithms.manhattan.unified_pathfinder - INFO - [DEBUG] ROI extracted for net B03B11_251: 1824336 nodes
2025-10-07 23:07:31 - orthoroute.algorithms.manhattan.pathfinder.cuda_dijkstra - DEBUG - [CSR-EXTRACT] ROI size=1824336, edges=23706996, edge_density=0.000
2025-10-07 23:07:32 - orthoroute.algorithms.manhattan.unified_pathfinder - INFO - [DEBUG] Extracting ROI for net B01B09_246
2025-10-07 23:07:32 - orthoroute.algorithms.manhattan.unified_pathfinder - INFO - [DEBUG] ROI extracted for net B01B09_246: 1340235 nodes
2025-10-07 23:07:39 - orthoroute.algorithms.manhattan.pathfinder.cuda_dijkstra - DEBUG - [CSR-EXTRACT] ROI size=1340235, edges=13395384, edge_density=0.000
2025-10-07 23:07:40 - orthoroute.algorithms.manhattan.unified_pathfinder - INFO - [DEBUG] Extracting ROI for net B01B09_238
2025-10-07 23:07:40 - orthoroute.algorithms.manhattan.unified_pathfinder - INFO - [DEBUG] ROI extracted for net B01B09_238: 1764192 nodes
2025-10-07 23:07:51 - orthoroute.algorithms.manhattan.pathfinder.cuda_dijkstra - DEBUG - [CSR-EXTRACT] ROI size=1764192, edges=22925292, edge_density=0.000
2025-10-07 23:07:52 - orthoroute.algorithms.manhattan.unified_pathfinder - INFO - [DEBUG] Extracting ROI for net B07B15_240
2025-10-07 23:07:52 - orthoroute.algorithms.manhattan.unified_pathfinder - INFO - [DEBUG] ROI extracted for net B07B15_240: 1833720 nodes
2025-10-07 23:08:05 - orthoroute.algorithms.manhattan.pathfinder.cuda_dijkstra - DEBUG - [CSR-EXTRACT] ROI size=1833720, edges=23828964, edge_density=0.000
2025-10-07 23:08:06 - orthoroute.algorithms.manhattan.unified_pathfinder - INFO - [DEBUG] Extracting ROI for net B07B15_234
2025-10-07 23:08:06 - orthoroute.algorithms.manhattan.unified_pathfinder - INFO - [DEBUG] ROI extracted for net B07B15_234: 1671824 nodes
2025-10-07 23:08:18 - orthoroute.algorithms.manhattan.pathfinder.cuda_dijkstra - DEBUG - [CSR-EXTRACT] ROI size=1671824, edges=20053342, edge_density=0.000
2025-10-07 23:08:19 - orthoroute.algorithms.manhattan.unified_pathfinder - INFO - [DEBUG] Extracting ROI for net B07B15_142
2025-10-07 23:08:19 - orthoroute.algorithms.manhattan.unified_pathfinder - INFO - [DEBUG] ROI extracted for net B07B15_142: 1828764 nodes
